Archive member included to satisfy reference by file (symbol)

.\CortexM3\ARM_GCC_541\Debug\HighFSKRx.a(Out_Comp.o)
                              .\CortexM3\ARM_GCC_541\Debug\main.o (Out_Comp_Stop)
.\CortexM3\ARM_GCC_541\Debug\HighFSKRx.a(Count_Out.o)
                              .\CortexM3\ARM_GCC_541\Debug\main.o (Count_Out_Write)
.\CortexM3\ARM_GCC_541\Debug\HighFSKRx.a(Shift_Reg.o)
                              .\CortexM3\ARM_GCC_541\Debug\main.o (Shift_Reg_Stop)
.\CortexM3\ARM_GCC_541\Debug\HighFSKRx.a(PWM_Recon.o)
                              .\CortexM3\ARM_GCC_541\Debug\main.o (PWM_Recon_Stop)
.\CortexM3\ARM_GCC_541\Debug\HighFSKRx.a(LCD_Char.o)
                              .\CortexM3\ARM_GCC_541\Debug\main.o (LCD_Char_PrintString)
.\CortexM3\ARM_GCC_541\Debug\HighFSKRx.a(Timer_ISR.o)
                              .\CortexM3\ARM_GCC_541\Debug\main.o (Timer_ISR_Enable)
.\CortexM3\ARM_GCC_541\Debug\HighFSKRx.a(Bit_Timer.o)
                              .\CortexM3\ARM_GCC_541\Debug\main.o (Bit_Timer_Stop)
.\CortexM3\ARM_GCC_541\Debug\HighFSKRx.a(CyLib.o)
                              .\CortexM3\ARM_GCC_541\Debug\Cm3Start.o (CyHalt)
.\CortexM3\ARM_GCC_541\Debug\HighFSKRx.a(cyPm.o)
                              .\CortexM3\ARM_GCC_541\Debug\main.o (CyPmSleep)
.\CortexM3\ARM_GCC_541\Debug\HighFSKRx.a(checkWatchDogTimer.o)
                              .\CortexM3\ARM_GCC_541\Debug\main.o (checkWatchDogTimer_Stop)
.\CortexM3\ARM_GCC_541\Debug\HighFSKRx.a(watchDogCheck.o)
                              .\CortexM3\ARM_GCC_541\Debug\main.o (watchDogCheck_StartEx)
.\CortexM3\ARM_GCC_541\Debug\HighFSKRx.a(UART.o)
                              .\CortexM3\ARM_GCC_541\Debug\main.o (UART_Start)
.\CortexM3\ARM_GCC_541\Debug\HighFSKRx.a(UART_IntClock.o)
                              .\CortexM3\ARM_GCC_541\Debug\HighFSKRx.a(UART.o) (UART_IntClock_Start)
.\CortexM3\ARM_GCC_541\Debug\HighFSKRx.a(Sleep_ISR.o)
                              .\CortexM3\ARM_GCC_541\Debug\main.o (Sleep_ISR_StartEx)
.\CortexM3\ARM_GCC_541\Debug\HighFSKRx.a(SleepTimer.o)
                              .\CortexM3\ARM_GCC_541\Debug\main.o (SleepTimer_Stop)
.\CortexM3\ARM_GCC_541\Debug\HighFSKRx.a(sleepToggle.o)
                              .\CortexM3\ARM_GCC_541\Debug\main.o (sleepToggle_Write)
.\CortexM3\ARM_GCC_541\Debug\HighFSKRx.a(Power_Toggle.o)
                              .\CortexM3\ARM_GCC_541\Debug\main.o (Power_Toggle_Write)
.\CortexM3\ARM_GCC_541\Debug\HighFSKRx.a(CyBootAsmGnu.o)
                              .\CortexM3\ARM_GCC_541\Debug\cyfitter_cfg.o (CyDelayCycles)
.\CortexM3\ARM_GCC_541\Debug\HighFSKRx.a(CyFlash.o)
                              .\CortexM3\ARM_GCC_541\Debug\HighFSKRx.a(cyPm.o) (CyFlash_SetWaitCycles)
.\CortexM3\ARM_GCC_541\Debug\HighFSKRx.a(CySpc.o)
                              .\CortexM3\ARM_GCC_541\Debug\HighFSKRx.a(CyFlash.o) (CySpcStart)
c:/program files (x86)/cypress/psoc creator/4.1/psoc creator/import/gnu/arm/5.4.1/bin/../lib/gcc/arm-none-eabi/5.4.1/../../../../arm-none-eabi/lib/armv7-m\libg_nano.a(lib_a-errno.o)
                              .\CortexM3\ARM_GCC_541\Debug\Cm3Start.o (__errno)
c:/program files (x86)/cypress/psoc creator/4.1/psoc creator/import/gnu/arm/5.4.1/bin/../lib/gcc/arm-none-eabi/5.4.1/../../../../arm-none-eabi/lib/armv7-m\libg_nano.a(lib_a-exit.o)
                              c:/program files (x86)/cypress/psoc creator/4.1/psoc creator/import/gnu/arm/5.4.1/bin/../lib/gcc/arm-none-eabi/5.4.1/../../../../arm-none-eabi/lib/armv7-m/crt0.o (exit)
c:/program files (x86)/cypress/psoc creator/4.1/psoc creator/import/gnu/arm/5.4.1/bin/../lib/gcc/arm-none-eabi/5.4.1/../../../../arm-none-eabi/lib/armv7-m\libg_nano.a(lib_a-impure.o)
                              c:/program files (x86)/cypress/psoc creator/4.1/psoc creator/import/gnu/arm/5.4.1/bin/../lib/gcc/arm-none-eabi/5.4.1/../../../../arm-none-eabi/lib/armv7-m\libg_nano.a(lib_a-exit.o) (_global_impure_ptr)
c:/program files (x86)/cypress/psoc creator/4.1/psoc creator/import/gnu/arm/5.4.1/bin/../lib/gcc/arm-none-eabi/5.4.1/../../../../arm-none-eabi/lib/armv7-m\libg_nano.a(lib_a-init.o)
                              c:/program files (x86)/cypress/psoc creator/4.1/psoc creator/import/gnu/arm/5.4.1/bin/../lib/gcc/arm-none-eabi/5.4.1/../../../../arm-none-eabi/lib/armv7-m/crt0.o (__libc_init_array)
c:/program files (x86)/cypress/psoc creator/4.1/psoc creator/import/gnu/arm/5.4.1/bin/../lib/gcc/arm-none-eabi/5.4.1/../../../../arm-none-eabi/lib/armv7-m\libg_nano.a(lib_a-memcpy-stub.o)
                              .\CortexM3\ARM_GCC_541\Debug\cyfitter_cfg.o (memcpy)
c:/program files (x86)/cypress/psoc creator/4.1/psoc creator/import/gnu/arm/5.4.1/bin/../lib/gcc/arm-none-eabi/5.4.1/../../../../arm-none-eabi/lib/armv7-m\libg_nano.a(lib_a-memset.o)
                              c:/program files (x86)/cypress/psoc creator/4.1/psoc creator/import/gnu/arm/5.4.1/bin/../lib/gcc/arm-none-eabi/5.4.1/../../../../arm-none-eabi/lib/armv7-m/crt0.o (memset)
[...]
Memory Configuration

Name             Origin             Length             Attributes
rom              0x00000000         0x00040000         xr
ram              0x1fff8000         0x00010000         xrw
*default*        0x00000000         0xffffffff

Linker script and memory map

LOAD c:/program files (x86)/cypress/psoc creator/4.1/psoc creator/import/gnu/arm/5.4.1/bin/../lib/gcc/arm-none-eabi/5.4.1/armv7-m/crti.o
LOAD c:/program files (x86)/cypress/psoc creator/4.1/psoc creator/import/gnu/arm/5.4.1/bin/../lib/gcc/arm-none-eabi/5.4.1/armv7-m/crtbegin.o
LOAD c:/program files (x86)/cypress/psoc creator/4.1/psoc creator/import/gnu/arm/5.4.1/bin/../lib/gcc/arm-none-eabi/5.4.1/../../../../arm-none-eabi/lib/armv7-m/crt0.o
START GROUP
LOAD .\CortexM3\ARM_GCC_541\Debug\main.o
LOAD .\CortexM3\ARM_GCC_541\Debug\cyfitter_cfg.o
LOAD .\CortexM3\ARM_GCC_541\Debug\cymetadata.o
LOAD .\CortexM3\ARM_GCC_541\Debug\Cm3Start.o
LOAD .\CortexM3\ARM_GCC_541\Debug\HighFSKRx.a
LOAD C:\Program Files (x86)\Cypress\PSoC Creator\4.1\PSoC Creator\psoc\content\cycomponentlibrary\CyComponentLibrary.cylib\CortexM3\ARM_GCC_541\Debug\CyComponentLibrary.a
END GROUP
START GROUP
LOAD c:/program files (x86)/cypress/psoc creator/4.1/psoc creator/import/gnu/arm/5.4.1/bin/../lib/gcc/arm-none-eabi/5.4.1/armv7-m\libgcc.a
LOAD c:/program files (x86)/cypress/psoc creator/4.1/psoc creator/import/gnu/arm/5.4.1/bin/../lib/gcc/arm-none-eabi/5.4.1/../../../../arm-none-eabi/lib/armv7-m\libg_nano.a
LOAD c:/program files (x86)/cypress/psoc creator/4.1/psoc creator/import/gnu/arm/5.4.1/bin/../lib/gcc/arm-none-eabi/5.4.1/../../../../arm-none-eabi/lib/armv7-m\libc_nano.a
END GROUP
START GROUP
LOAD c:/program files (x86)/cypress/psoc creator/4.1/psoc creator/import/gnu/arm/5.4.1/bin/../lib/gcc/arm-none-eabi/5.4.1/armv7-m\libgcc.a
LOAD c:/program files (x86)/cypress/psoc creator/4.1/psoc creator/import/gnu/arm/5.4.1/bin/../lib/gcc/arm-none-eabi/5.4.1/../../../../arm-none-eabi/lib/armv7-m\libc_nano.a
END GROUP
LOAD c:/program files (x86)/cypress/psoc creator/4.1/psoc creator/import/gnu/arm/5.4.1/bin/../lib/gcc/arm-none-eabi/5.4.1/armv7-m/crtend.o
LOAD c:/program files (x86)/cypress/psoc creator/4.1/psoc creator/import/gnu/arm/5.4.1/bin/../lib/gcc/arm-none-eabi/5.4.1/armv7-m/crtn.o
START GROUP
LOAD c:/program files (x86)/cypress/psoc creator/4.1/psoc creator/import/gnu/arm/5.4.1/bin/../lib/gcc/arm-none-eabi/5.4.1/armv7-m\libgcc.a
LOAD c:/program files (x86)/cypress/psoc creator/4.1/psoc creator/import/gnu/arm/5.4.1/bin/../lib/gcc/arm-none-eabi/5.4.1/../../../../arm-none-eabi/lib/armv7-m\libc.a
LOAD c:/program files (x86)/cypress/psoc creator/4.1/psoc creator/import/gnu/arm/5.4.1/bin/../lib/gcc/arm-none-eabi/5.4.1/../../../../arm-none-eabi/lib/armv7-m\libnosys.a
END GROUP
                0x00000000                CY_APPL_ORIGIN = 0x0
                0x00000100                CY_FLASH_ROW_SIZE = 0x100
                0x00000020                CY_ECC_ROW_SIZE = 0x20
                0x00000000                CY_EE_IN_BTLDR = 0x0
                0x00000000                CY_APPL_LOADABLE = 0x0
                0x00000800                CY_EE_SIZE = 0x800
                0x00000001                CY_APPL_NUM = 0x1
                0x00000001                CY_APPL_MAX = 0x1
                0x00000040                CY_METADATA_SIZE = 0x40
                0x00000000                CY_APPL_LOADABLE = 0x0
                0x00000000                CY_CHECKSUM_EXCLUDE_SIZE = ALIGN (0x0, CY_FLASH_ROW_SIZE)
                [!provide]                PROVIDE (__cy_heap_start, _end)
                0x00000001                PROVIDE (__cy_region_num, ((__cy_regions_end - __cy_regions) / 0x10))
                0x20008000                PROVIDE (__cy_stack, (ORIGIN (ram) + LENGTH (ram)))
                [!provide]                PROVIDE (__cy_heap_end, (__cy_stack - 0x800))

.cybootloader   0x00000000        0x0
 *(.cybootloader)
                0x00000000                appl1_start = CY_APPL_ORIGIN?CY_APPL_ORIGIN:ALIGN (CY_FLASH_ROW_SIZE)
                0x0001ff00                appl2_start = (appl1_start + ALIGN ((((LENGTH (rom) - appl1_start) - (0x2 * CY_FLASH_ROW_SIZE)) / 0x2), CY_FLASH_ROW_SIZE))
                0x00000000                appl_start = (CY_APPL_NUM == 0x1)?appl1_start:appl2_start
                0x00000000                ecc_offset = ((appl_start / CY_FLASH_ROW_SIZE) * CY_ECC_ROW_SIZE)
                0x00000000                ee_offset = (CY_APPL_LOADABLE && ! (CY_EE_IN_BTLDR))?((CY_EE_SIZE / CY_APPL_MAX) * (CY_APPL_NUM - 0x1)):0x0
                0x00000800                ee_size = (CY_APPL_LOADABLE && ! (CY_EE_IN_BTLDR))?(CY_EE_SIZE / CY_APPL_MAX):CY_EE_SIZE
                [!provide]                PROVIDE (CY_ECC_OFFSET, ecc_offset)

.text           0x00000000     0x1e68
 CREATE_OBJECT_SYMBOLS
                0x00000000                PROVIDE (__cy_interrupt_vector, RomVectors)
 *(.romvectors)
 .romvectors    0x00000000       0x10 .\CortexM3\ARM_GCC_541\Debug\Cm3Start.o
                0x00000000                RomVectors
                0x00000001                ASSERT ((. != __cy_interrupt_vector), No interrupt vector)
                0x00000001                ASSERT (CY_APPL_ORIGIN?(SIZEOF (.cybootloader) <= CY_APPL_ORIGIN):0x1, Wrong image location)
                0x00000010                PROVIDE (__cy_reset, Reset)
 *(.text.Reset)
 .text.Reset    0x00000010       0x18 .\CortexM3\ARM_GCC_541\Debug\Cm3Start.o
                0x00000010                Reset
                0x00000001                ASSERT ((. != __cy_reset), No reset code)
 *(.dma_init)
                0x00000001                ASSERT ((((appl_start + .) <= 0x10000) || 0x1), DMA Init must be within the first 64k of flash)
 *(.text .text.* .gnu.linkonce.t.*)
 .text          0x00000028       0x5c c:/program files (x86)/cypress/psoc creator/4.1/psoc creator/import/gnu/arm/5.4.1/bin/../lib/gcc/arm-none-eabi/5.4.1/armv7-m/crtbegin.o
 .text.Bit_Timer
                0x00000084      0x128 .\CortexM3\ARM_GCC_541\Debug\main.o
                0x00000084                Bit_Timer
 .text.watchDogCheck
                0x000001ac        0x8 .\CortexM3\ARM_GCC_541\Debug\main.o
                0x000001ac                watchDogCheck
 .text.CheckParity
                0x000001b4       0x2c .\CortexM3\ARM_GCC_541\Debug\main.o
                0x000001b4                CheckParity
 .text.Display  0x000001e0       0xd0 .\CortexM3\ARM_GCC_541\Debug\main.o
                0x000001e0                Display
 .text.stopModules
                0x000002b0       0x20 .\CortexM3\ARM_GCC_541\Debug\main.o
                0x000002b0                stopModules
 .text.startModules
                0x000002d0       0x1c .\CortexM3\ARM_GCC_541\Debug\main.o
                0x000002d0                startModules
 .text.main     0x000002ec       0xd0 .\CortexM3\ARM_GCC_541\Debug\main.o
                0x000002ec                main
 .text.wakeUp_ISR
                0x000003bc       0x34 .\CortexM3\ARM_GCC_541\Debug\main.o
                0x000003bc                wakeUp_ISR
 .text.CyClockStartupError
                0x000003f0        0x4 .\CortexM3\ARM_GCC_541\Debug\cyfitter_cfg.o
 .text.cfg_write_bytes32
                0x000003f4       0x34 .\CortexM3\ARM_GCC_541\Debug\cyfitter_cfg.o
 .text.AnalogSetDefault
                0x00000428       0x40 .\CortexM3\ARM_GCC_541\Debug\cyfitter_cfg.o
 .text.CYMEMZERO
                0x00000468        0xc .\CortexM3\ARM_GCC_541\Debug\cyfitter_cfg.o
 .text.ClockSetup
                0x00000474       0xd8 .\CortexM3\ARM_GCC_541\Debug\cyfitter_cfg.o
 .text.CYCONFIGCPY
                0x0000054c        0x8 .\CortexM3\ARM_GCC_541\Debug\cyfitter_cfg.o
 .text.cyfitter_cfg
                0x00000554      0x120 .\CortexM3\ARM_GCC_541\Debug\cyfitter_cfg.o
                0x00000554                cyfitter_cfg
 .text.IntDefaultHandler
                0x00000674       0x10 .\CortexM3\ARM_GCC_541\Debug\Cm3Start.o
                0x00000674                IntDefaultHandler
 .text._sbrk    0x00000684       0x30 .\CortexM3\ARM_GCC_541\Debug\Cm3Start.o
                0x00000684                _sbrk
 .text.Start_c  0x000006b4       0x4c .\CortexM3\ARM_GCC_541\Debug\Cm3Start.o
                0x000006b4                Start_c
 .text.initialize_psoc
                0x00000700       0x68 .\CortexM3\ARM_GCC_541\Debug\Cm3Start.o
                0x00000700                initialize_psoc
 .text.Out_Comp_Enable
                0x00000768       0x1c .\CortexM3\ARM_GCC_541\Debug\HighFSKRx.a(Out_Comp.o)
                0x00000768                Out_Comp_Enable
 .text.Out_Comp_Stop
                0x00000784       0x1c .\CortexM3\ARM_GCC_541\Debug\HighFSKRx.a(Out_Comp.o)
                0x00000784                Out_Comp_Stop
 .text.Out_Comp_SetSpeed
                0x000007a0       0x58 .\CortexM3\ARM_GCC_541\Debug\HighFSKRx.a(Out_Comp.o)
                0x000007a0                Out_Comp_SetSpeed
 .text.Out_Comp_Init
                0x000007f8       0x3c .\CortexM3\ARM_GCC_541\Debug\HighFSKRx.a(Out_Comp.o)
                0x000007f8                Out_Comp_Init
 .text.Out_Comp_Start
                0x00000834       0x1c .\CortexM3\ARM_GCC_541\Debug\HighFSKRx.a(Out_Comp.o)
                0x00000834                Out_Comp_Start
 .text.Out_Comp_GetCompare
                0x00000850       0x10 .\CortexM3\ARM_GCC_541\Debug\HighFSKRx.a(Out_Comp.o)
                0x00000850                Out_Comp_GetCompare
 .text.Count_Out_Write
                0x00000860       0x18 .\CortexM3\ARM_GCC_541\Debug\HighFSKRx.a(Count_Out.o)
                0x00000860                Count_Out_Write
 .text.Shift_Reg_EnableInt
                0x00000878       0x1c .\CortexM3\ARM_GCC_541\Debug\HighFSKRx.a(Shift_Reg.o)
                0x00000878                Shift_Reg_EnableInt
 .text.Shift_Reg_Enable
                0x00000894       0x18 .\CortexM3\ARM_GCC_541\Debug\HighFSKRx.a(Shift_Reg.o)
                0x00000894                Shift_Reg_Enable
 .text.Shift_Reg_DisableInt
                0x000008ac       0x1c .\CortexM3\ARM_GCC_541\Debug\HighFSKRx.a(Shift_Reg.o)
                0x000008ac                Shift_Reg_DisableInt
 .text.Shift_Reg_Stop
                0x000008c8       0x18 .\CortexM3\ARM_GCC_541\Debug\HighFSKRx.a(Shift_Reg.o)
                0x000008c8                Shift_Reg_Stop
 .text.Shift_Reg_SetIntMode
                0x000008e0       0x1c .\CortexM3\ARM_GCC_541\Debug\HighFSKRx.a(Shift_Reg.o)
                0x000008e0                Shift_Reg_SetIntMode
 .text.Shift_Reg_Init
                0x000008fc        0xc .\CortexM3\ARM_GCC_541\Debug\HighFSKRx.a(Shift_Reg.o)
                0x000008fc                Shift_Reg_Init
 .text.Shift_Reg_Start
                0x00000908       0x1c .\CortexM3\ARM_GCC_541\Debug\HighFSKRx.a(Shift_Reg.o)
                0x00000908                Shift_Reg_Start
 .text.PWM_Recon_Enable
                0x00000924       0x10 .\CortexM3\ARM_GCC_541\Debug\HighFSKRx.a(PWM_Recon.o)
                0x00000924                PWM_Recon_Enable
 .text.PWM_Recon_Stop
                0x00000934       0x10 .\CortexM3\ARM_GCC_541\Debug\HighFSKRx.a(PWM_Recon.o)
                0x00000934                PWM_Recon_Stop
 .text.PWM_Recon_WriteCounter
                0x00000944        0xc .\CortexM3\ARM_GCC_541\Debug\HighFSKRx.a(PWM_Recon.o)
                0x00000944                PWM_Recon_WriteCounter
 .text.PWM_Recon_WritePeriod
                0x00000950        0xc .\CortexM3\ARM_GCC_541\Debug\HighFSKRx.a(PWM_Recon.o)
                0x00000950                PWM_Recon_WritePeriod
 .text.PWM_Recon_WriteCompare
                0x0000095c        0xc .\CortexM3\ARM_GCC_541\Debug\HighFSKRx.a(PWM_Recon.o)
                0x0000095c                PWM_Recon_WriteCompare
 .text.PWM_Recon_SetInterruptMode
                0x00000968        0xc .\CortexM3\ARM_GCC_541\Debug\HighFSKRx.a(PWM_Recon.o)
                0x00000968                PWM_Recon_SetInterruptMode
 .text.PWM_Recon_ReadStatusRegister
                0x00000974        0xc .\CortexM3\ARM_GCC_541\Debug\HighFSKRx.a(PWM_Recon.o)
                0x00000974                PWM_Recon_ReadStatusRegister
 .text.PWM_Recon_ReadCapture
                0x00000980        0xc .\CortexM3\ARM_GCC_541\Debug\HighFSKRx.a(PWM_Recon.o)
                0x00000980                PWM_Recon_ReadCapture
 .text.PWM_Recon_ClearFIFO
                0x0000098c       0x14 .\CortexM3\ARM_GCC_541\Debug\HighFSKRx.a(PWM_Recon.o)
                0x0000098c                PWM_Recon_ClearFIFO
 .text.PWM_Recon_Init
                0x000009a0       0x5c .\CortexM3\ARM_GCC_541\Debug\HighFSKRx.a(PWM_Recon.o)
                0x000009a0                PWM_Recon_Init
 .text.PWM_Recon_Start
                0x000009fc       0x1c .\CortexM3\ARM_GCC_541\Debug\HighFSKRx.a(PWM_Recon.o)
                0x000009fc                PWM_Recon_Start
 .text.LCD_Char_WrCntrlNib
                0x00000a18       0x34 .\CortexM3\ARM_GCC_541\Debug\HighFSKRx.a(LCD_Char.o)
 .text.LCD_Char_WrDatNib
                0x00000a4c       0x44 .\CortexM3\ARM_GCC_541\Debug\HighFSKRx.a(LCD_Char.o)
 .text.LCD_Char_IsReady
                0x00000a90       0xe4 .\CortexM3\ARM_GCC_541\Debug\HighFSKRx.a(LCD_Char.o)
                0x00000a90                LCD_Char_IsReady
 .text.LCD_Char_WriteData
                0x00000b74       0x18 .\CortexM3\ARM_GCC_541\Debug\HighFSKRx.a(LCD_Char.o)
                0x00000b74                LCD_Char_WriteData
 .text.LCD_Char_PrintString
                0x00000b8c       0x1c .\CortexM3\ARM_GCC_541\Debug\HighFSKRx.a(LCD_Char.o)
                0x00000b8c                LCD_Char_PrintString
 .text.LCD_Char_WriteControl
                0x00000ba8       0x18 .\CortexM3\ARM_GCC_541\Debug\HighFSKRx.a(LCD_Char.o)
                0x00000ba8                LCD_Char_WriteControl
 .text.LCD_Char_Init
                0x00000bc0       0x6c .\CortexM3\ARM_GCC_541\Debug\HighFSKRx.a(LCD_Char.o)
                0x00000bc0                LCD_Char_Init
 .text.LCD_Char_Enable
                0x00000c2c       0x14 .\CortexM3\ARM_GCC_541\Debug\HighFSKRx.a(LCD_Char.o)
                0x00000c2c                LCD_Char_Enable
 .text.LCD_Char_Start
                0x00000c40       0x1c .\CortexM3\ARM_GCC_541\Debug\HighFSKRx.a(LCD_Char.o)
                0x00000c40                LCD_Char_Start
 .text.LCD_Char_Stop
                0x00000c5c       0x14 .\CortexM3\ARM_GCC_541\Debug\HighFSKRx.a(LCD_Char.o)
                0x00000c5c                LCD_Char_Stop
 .text.LCD_Char_Position
                0x00000c70       0x3c .\CortexM3\ARM_GCC_541\Debug\HighFSKRx.a(LCD_Char.o)
                0x00000c70                LCD_Char_Position
 .text.Timer_ISR_SetVector
                0x00000cac        0xc .\CortexM3\ARM_GCC_541\Debug\HighFSKRx.a(Timer_ISR.o)
                0x00000cac                Timer_ISR_SetVector
 .text.Timer_ISR_SetPriority
                0x00000cb8       0x10 .\CortexM3\ARM_GCC_541\Debug\HighFSKRx.a(Timer_ISR.o)
                0x00000cb8                Timer_ISR_SetPriority
 .text.Timer_ISR_Enable
                0x00000cc8        0xc .\CortexM3\ARM_GCC_541\Debug\HighFSKRx.a(Timer_ISR.o)
                0x00000cc8                Timer_ISR_Enable
 .text.Timer_ISR_Disable
                0x00000cd4        0xc .\CortexM3\ARM_GCC_541\Debug\HighFSKRx.a(Timer_ISR.o)
                0x00000cd4                Timer_ISR_Disable
 .text.Timer_ISR_StartEx
                0x00000ce0       0x1c .\CortexM3\ARM_GCC_541\Debug\HighFSKRx.a(Timer_ISR.o)
                0x00000ce0                Timer_ISR_StartEx
 .text.Bit_Timer_Enable
                0x00000cfc       0x10 .\CortexM3\ARM_GCC_541\Debug\HighFSKRx.a(Bit_Timer.o)
                0x00000cfc                Bit_Timer_Enable
 .text.Bit_Timer_Stop
                0x00000d0c       0x10 .\CortexM3\ARM_GCC_541\Debug\HighFSKRx.a(Bit_Timer.o)
                0x00000d0c                Bit_Timer_Stop
 .text.Bit_Timer_SetInterruptMode
                0x00000d1c        0xc .\CortexM3\ARM_GCC_541\Debug\HighFSKRx.a(Bit_Timer.o)
                0x00000d1c                Bit_Timer_SetInterruptMode
 .text.Bit_Timer_ReadStatusRegister
                0x00000d28        0xc .\CortexM3\ARM_GCC_541\Debug\HighFSKRx.a(Bit_Timer.o)
                0x00000d28                Bit_Timer_ReadStatusRegister
 .text.Bit_Timer_WritePeriod
                0x00000d34        0xc .\CortexM3\ARM_GCC_541\Debug\HighFSKRx.a(Bit_Timer.o)
                0x00000d34                Bit_Timer_WritePeriod
 .text.Bit_Timer_ReadCapture
                0x00000d40        0xc .\CortexM3\ARM_GCC_541\Debug\HighFSKRx.a(Bit_Timer.o)
                0x00000d40                Bit_Timer_ReadCapture
 .text.Bit_Timer_WriteCounter
                0x00000d4c        0xc .\CortexM3\ARM_GCC_541\Debug\HighFSKRx.a(Bit_Timer.o)
                0x00000d4c                Bit_Timer_WriteCounter
 .text.Bit_Timer_ClearFIFO
                0x00000d58       0x14 .\CortexM3\ARM_GCC_541\Debug\HighFSKRx.a(Bit_Timer.o)
                0x00000d58                Bit_Timer_ClearFIFO
 .text.Bit_Timer_Init
                0x00000d6c       0x30 .\CortexM3\ARM_GCC_541\Debug\HighFSKRx.a(Bit_Timer.o)
                0x00000d6c                Bit_Timer_Init
 .text.Bit_Timer_Start
                0x00000d9c       0x1c .\CortexM3\ARM_GCC_541\Debug\HighFSKRx.a(Bit_Timer.o)
                0x00000d9c                Bit_Timer_Start
 .text.CyHalt   0x00000db8        0x4 .\CortexM3\ARM_GCC_541\Debug\HighFSKRx.a(CyLib.o)
                0x00000db8                CyHalt
 .text.CyDelay  0x00000dbc       0x2c .\CortexM3\ARM_GCC_541\Debug\HighFSKRx.a(CyLib.o)
                0x00000dbc                CyDelay
 .text.CyDelayUs
                0x00000de8       0x14 .\CortexM3\ARM_GCC_541\Debug\HighFSKRx.a(CyLib.o)
                0x00000de8                CyDelayUs
 .text.CyWdtStart
                0x00000dfc       0x40 .\CortexM3\ARM_GCC_541\Debug\HighFSKRx.a(CyLib.o)
                0x00000dfc                CyWdtStart
 .text.CyWdtClear
                0x00000e3c        0xc .\CortexM3\ARM_GCC_541\Debug\HighFSKRx.a(CyLib.o)
                0x00000e3c                CyWdtClear
 .text.CyPmHibSlpSaveSet
                0x00000e48      0x1dc .\CortexM3\ARM_GCC_541\Debug\HighFSKRx.a(cyPm.o)
 .text.CyPmHibSlpRestore
                0x00001024       0xd8 .\CortexM3\ARM_GCC_541\Debug\HighFSKRx.a(cyPm.o)
 .text.CyPmSleep
                0x000010fc       0xf4 .\CortexM3\ARM_GCC_541\Debug\HighFSKRx.a(cyPm.o)
                0x000010fc                CyPmSleep
 .text.CyPmReadStatus
                0x000011f0       0x30 .\CortexM3\ARM_GCC_541\Debug\HighFSKRx.a(cyPm.o)
                0x000011f0                CyPmReadStatus
 .text.checkWatchDogTimer_Enable
                0x00001220       0x10 .\CortexM3\ARM_GCC_541\Debug\HighFSKRx.a(checkWatchDogTimer.o)
                0x00001220                checkWatchDogTimer_Enable
 .text.checkWatchDogTimer_Stop
                0x00001230       0x10 .\CortexM3\ARM_GCC_541\Debug\HighFSKRx.a(checkWatchDogTimer.o)
                0x00001230                checkWatchDogTimer_Stop
 .text.checkWatchDogTimer_SetInterruptMode
                0x00001240        0xc .\CortexM3\ARM_GCC_541\Debug\HighFSKRx.a(checkWatchDogTimer.o)
                0x00001240                checkWatchDogTimer_SetInterruptMode
 .text.checkWatchDogTimer_ReadStatusRegister
                0x0000124c        0xc .\CortexM3\ARM_GCC_541\Debug\HighFSKRx.a(checkWatchDogTimer.o)
                0x0000124c                checkWatchDogTimer_ReadStatusRegister
 .text.checkWatchDogTimer_WritePeriod
                0x00001258        0xc .\CortexM3\ARM_GCC_541\Debug\HighFSKRx.a(checkWatchDogTimer.o)
                0x00001258                checkWatchDogTimer_WritePeriod
 .text.checkWatchDogTimer_ReadCapture
                0x00001264        0xc .\CortexM3\ARM_GCC_541\Debug\HighFSKRx.a(checkWatchDogTimer.o)
                0x00001264                checkWatchDogTimer_ReadCapture
 .text.checkWatchDogTimer_WriteCounter
                0x00001270        0xc .\CortexM3\ARM_GCC_541\Debug\HighFSKRx.a(checkWatchDogTimer.o)
                0x00001270                checkWatchDogTimer_WriteCounter
 .text.checkWatchDogTimer_ClearFIFO
                0x0000127c       0x14 .\CortexM3\ARM_GCC_541\Debug\HighFSKRx.a(checkWatchDogTimer.o)
                0x0000127c                checkWatchDogTimer_ClearFIFO
 .text.checkWatchDogTimer_Init
                0x00001290       0x38 .\CortexM3\ARM_GCC_541\Debug\HighFSKRx.a(checkWatchDogTimer.o)
                0x00001290                checkWatchDogTimer_Init
 .text.checkWatchDogTimer_Start
                0x000012c8       0x1c .\CortexM3\ARM_GCC_541\Debug\HighFSKRx.a(checkWatchDogTimer.o)
                0x000012c8                checkWatchDogTimer_Start
 .text.watchDogCheck_SetVector
                0x000012e4        0xc .\CortexM3\ARM_GCC_541\Debug\HighFSKRx.a(watchDogCheck.o)
                0x000012e4                watchDogCheck_SetVector
 .text.watchDogCheck_SetPriority
                0x000012f0       0x10 .\CortexM3\ARM_GCC_541\Debug\HighFSKRx.a(watchDogCheck.o)
                0x000012f0                watchDogCheck_SetPriority
 .text.watchDogCheck_Enable
                0x00001300        0xc .\CortexM3\ARM_GCC_541\Debug\HighFSKRx.a(watchDogCheck.o)
                0x00001300                watchDogCheck_Enable
 .text.watchDogCheck_Disable
                0x0000130c        0xc .\CortexM3\ARM_GCC_541\Debug\HighFSKRx.a(watchDogCheck.o)
                0x0000130c                watchDogCheck_Disable
 .text.watchDogCheck_StartEx
                0x00001318       0x1c .\CortexM3\ARM_GCC_541\Debug\HighFSKRx.a(watchDogCheck.o)
                0x00001318                watchDogCheck_StartEx
 .text.UART_Init
                0x00001334       0x24 .\CortexM3\ARM_GCC_541\Debug\HighFSKRx.a(UART.o)
                0x00001334                UART_Init
 .text.UART_Enable
                0x00001358       0x38 .\CortexM3\ARM_GCC_541\Debug\HighFSKRx.a(UART.o)
                0x00001358                UART_Enable
 .text.UART_Start
                0x00001390       0x1c .\CortexM3\ARM_GCC_541\Debug\HighFSKRx.a(UART.o)
                0x00001390                UART_Start
 .text.UART_Stop
                0x000013ac       0x3c .\CortexM3\ARM_GCC_541\Debug\HighFSKRx.a(UART.o)
                0x000013ac                UART_Stop
 .text.UART_IntClock_Start
                0x000013e8       0x1c .\CortexM3\ARM_GCC_541\Debug\HighFSKRx.a(UART_IntClock.o)
                0x000013e8                UART_IntClock_Start
 .text.UART_IntClock_Stop
                0x00001404       0x1c .\CortexM3\ARM_GCC_541\Debug\HighFSKRx.a(UART_IntClock.o)
                0x00001404                UART_IntClock_Stop
 .text.Sleep_ISR_SetVector
                0x00001420        0xc .\CortexM3\ARM_GCC_541\Debug\HighFSKRx.a(Sleep_ISR.o)
                0x00001420                Sleep_ISR_SetVector
 .text.Sleep_ISR_SetPriority
                0x0000142c       0x10 .\CortexM3\ARM_GCC_541\Debug\HighFSKRx.a(Sleep_ISR.o)
                0x0000142c                Sleep_ISR_SetPriority
 .text.Sleep_ISR_Enable
                0x0000143c        0xc .\CortexM3\ARM_GCC_541\Debug\HighFSKRx.a(Sleep_ISR.o)
                0x0000143c                Sleep_ISR_Enable
 .text.Sleep_ISR_Disable
                0x00001448        0xc .\CortexM3\ARM_GCC_541\Debug\HighFSKRx.a(Sleep_ISR.o)
                0x00001448                Sleep_ISR_Disable
 .text.Sleep_ISR_StartEx
                0x00001454       0x1c .\CortexM3\ARM_GCC_541\Debug\HighFSKRx.a(Sleep_ISR.o)
                0x00001454                Sleep_ISR_StartEx
 .text.SleepTimer_Enable
                0x00001470       0x48 .\CortexM3\ARM_GCC_541\Debug\HighFSKRx.a(SleepTimer.o)
                0x00001470                SleepTimer_Enable
 .text.SleepTimer_Stop
                0x000014b8       0x1c .\CortexM3\ARM_GCC_541\Debug\HighFSKRx.a(SleepTimer.o)
                0x000014b8                SleepTimer_Stop
 .text.SleepTimer_EnableInt
                0x000014d4       0x1c .\CortexM3\ARM_GCC_541\Debug\HighFSKRx.a(SleepTimer.o)
                0x000014d4                SleepTimer_EnableInt
 .text.SleepTimer_SetInterval
                0x000014f0       0x24 .\CortexM3\ARM_GCC_541\Debug\HighFSKRx.a(SleepTimer.o)
                0x000014f0                SleepTimer_SetInterval
 .text.SleepTimer_Init
                0x00001514       0x10 .\CortexM3\ARM_GCC_541\Debug\HighFSKRx.a(SleepTimer.o)
                0x00001514                SleepTimer_Init
 .text.SleepTimer_Start
                0x00001524       0x1c .\CortexM3\ARM_GCC_541\Debug\HighFSKRx.a(SleepTimer.o)
                0x00001524                SleepTimer_Start
 .text.SleepTimer_GetStatus
                0x00001540        0xc .\CortexM3\ARM_GCC_541\Debug\HighFSKRx.a(SleepTimer.o)
                0x00001540                SleepTimer_GetStatus
 .text.sleepToggle_Write
                0x0000154c       0x18 .\CortexM3\ARM_GCC_541\Debug\HighFSKRx.a(sleepToggle.o)
                0x0000154c                sleepToggle_Write
 .text.Power_Toggle_Write
                0x00001564       0x18 .\CortexM3\ARM_GCC_541\Debug\HighFSKRx.a(Power_Toggle.o)
                0x00001564                Power_Toggle_Write
 *fill*         0x0000157c        0x4 
 .text          0x00001580       0x20 .\CortexM3\ARM_GCC_541\Debug\HighFSKRx.a(CyBootAsmGnu.o)
                0x00001580                CyDelayCycles
                0x00001590                CyEnterCriticalSection
                0x00001598                CyExitCriticalSection
 .text.__errno  0x000015a0        0xc c:/program files (x86)/cypress/psoc creator/4.1/psoc creator/import/gnu/arm/5.4.1/bin/../lib/gcc/arm-none-eabi/5.4.1/../../../../arm-none-eabi/lib/armv7-m\libg_nano.a(lib_a-errno.o)
                0x000015a0                __errno
 .text.__libc_init_array
                0x000015ac       0x4c c:/program files (x86)/cypress/psoc creator/4.1/psoc creator/import/gnu/arm/5.4.1/bin/../lib/gcc/arm-none-eabi/5.4.1/../../../../arm-none-eabi/lib/armv7-m\libg_nano.a(lib_a-init.o)
                0x000015ac                __libc_init_array
 .text.memcpy   0x000015f8       0x16 c:/program files (x86)/cypress/psoc creator/4.1/psoc creator/import/gnu/arm/5.4.1/bin/../lib/gcc/arm-none-eabi/5.4.1/../../../../arm-none-eabi/lib/armv7-m\libg_nano.a(lib_a-memcpy-stub.o)
                0x000015f8                memcpy
 .text.memset   0x0000160e       0x10 c:/program files (x86)/cypress/psoc creator/4.1/psoc creator/import/gnu/arm/5.4.1/bin/../lib/gcc/arm-none-eabi/5.4.1/../../../../arm-none-eabi/lib/armv7-m\libg_nano.a(lib_a-memset.o)
                0x0000160e                memset
 *fill*         0x0000161e        0x2 
 .text.sprintf  0x00001620       0x48 c:/program files (x86)/cypress/psoc creator/4.1/psoc creator/import/gnu/arm/5.4.1/bin/../lib/gcc/arm-none-eabi/5.4.1/../../../../arm-none-eabi/lib/armv7-m\libg_nano.a(lib_a-sprintf.o)
                0x00001620                siprintf
                0x00001620                sprintf
 .text.__ssputs_r
                0x00001668       0xb2 c:/program files (x86)/cypress/psoc creator/4.1/psoc creator/import/gnu/arm/5.4.1/bin/../lib/gcc/arm-none-eabi/5.4.1/../../../../arm-none-eabi/lib/armv7-m\libg_nano.a(lib_a-nano-svfprintf.o)
                0x00001668                __ssputs_r
 *fill*         0x0000171a        0x2 
 .text._svfprintf_r
                0x0000171c      0x1e8 c:/program files (x86)/cypress/psoc creator/4.1/psoc creator/import/gnu/arm/5.4.1/bin/../lib/gcc/arm-none-eabi/5.4.1/../../../../arm-none-eabi/lib/armv7-m\libg_nano.a(lib_a-nano-svfprintf.o)
                0x0000171c                _svfiprintf_r
                0x0000171c                _svfprintf_r
 .text._printf_common
                0x00001904       0xec c:/program files (x86)/cypress/psoc creator/4.1/psoc creator/import/gnu/arm/5.4.1/bin/../lib/gcc/arm-none-eabi/5.4.1/../../../../arm-none-eabi/lib/armv7-m\libg_nano.a(lib_a-nano-vfprintf_i.o)
                0x00001904                _printf_common
 .text._printf_i
                0x000019f0      0x24c c:/program files (x86)/cypress/psoc creator/4.1/psoc creator/import/gnu/arm/5.4.1/bin/../lib/gcc/arm-none-eabi/5.4.1/../../../../arm-none-eabi/lib/armv7-m\libg_nano.a(lib_a-nano-vfprintf_i.o)
                0x000019f0                _printf_i
 .text.memchr   0x00001c3c       0x1c c:/program files (x86)/cypress/psoc creator/4.1/psoc creator/import/gnu/arm/5.4.1/bin/../lib/gcc/arm-none-eabi/5.4.1/../../../../arm-none-eabi/lib/armv7-m\libg_nano.a(lib_a-memchr-stub.o)
                0x00001c3c                memchr
 .text.memmove  0x00001c58       0x36 c:/program files (x86)/cypress/psoc creator/4.1/psoc creator/import/gnu/arm/5.4.1/bin/../lib/gcc/arm-none-eabi/5.4.1/../../../../arm-none-eabi/lib/armv7-m\libg_nano.a(lib_a-memmove.o)
                0x00001c58                memmove
 *fill*         0x00001c8e        0x2 
 .text._free_r  0x00001c90       0x98 c:/program files (x86)/cypress/psoc creator/4.1/psoc creator/import/gnu/arm/5.4.1/bin/../lib/gcc/arm-none-eabi/5.4.1/../../../../arm-none-eabi/lib/armv7-m\libg_nano.a(lib_a-nano-freer.o)
                0x00001c90                _free_r
 .text._malloc_r
                0x00001d28       0xbc c:/program files (x86)/cypress/psoc creator/4.1/psoc creator/import/gnu/arm/5.4.1/bin/../lib/gcc/arm-none-eabi/5.4.1/../../../../arm-none-eabi/lib/armv7-m\libg_nano.a(lib_a-nano-mallocr.o)
                0x00001d28                _malloc_r
 .text._realloc_r
                0x00001de4       0x4c c:/program files (x86)/cypress/psoc creator/4.1/psoc creator/import/gnu/arm/5.4.1/bin/../lib/gcc/arm-none-eabi/5.4.1/../../../../arm-none-eabi/lib/armv7-m\libg_nano.a(lib_a-nano-reallocr.o)
                0x00001de4                _realloc_r
 .text._sbrk_r  0x00001e30       0x20 c:/program files (x86)/cypress/psoc creator/4.1/psoc creator/import/gnu/arm/5.4.1/bin/../lib/gcc/arm-none-eabi/5.4.1/../../../../arm-none-eabi/lib/armv7-m\libg_nano.a(lib_a-sbrkr.o)
                0x00001e30                _sbrk_r
 .text.__malloc_lock
                0x00001e50        0x2 c:/program files (x86)/cypress/psoc creator/4.1/psoc creator/import/gnu/arm/5.4.1/bin/../lib/gcc/arm-none-eabi/5.4.1/../../../../arm-none-eabi/lib/armv7-m\libg_nano.a(lib_a-mlock.o)
                0x00001e50                __malloc_lock
 .text.__malloc_unlock
                0x00001e52        0x2 c:/program files (x86)/cypress/psoc creator/4.1/psoc creator/import/gnu/arm/5.4.1/bin/../lib/gcc/arm-none-eabi/5.4.1/../../../../arm-none-eabi/lib/armv7-m\libg_nano.a(lib_a-mlock.o)
                0x00001e52                __malloc_unlock
 .text._malloc_usable_size_r
                0x00001e54       0x14 c:/program files (x86)/cypress/psoc creator/4.1/psoc creator/import/gnu/arm/5.4.1/bin/../lib/gcc/arm-none-eabi/5.4.1/../../../../arm-none-eabi/lib/armv7-m\libg_nano.a(lib_a-nano-msizer.o)
                0x00001e54                _malloc_usable_size_r
 *(.plt)
 *(.gnu.warning)
 *(.glue_7t)
 .glue_7t       0x00001e68        0x0 linker stubs
 *(.glue_7)
 .glue_7        0x00001e68        0x0 linker stubs
 *(.vfp11_veneer)
 .vfp11_veneer  0x00001e68        0x0 linker stubs
 *(.bootloader)
 *(.ARM.extab* .gnu.linkonce.armextab.*)
 *(.gcc_except_table)

.v4_bx          0x00001e68        0x0
 .v4_bx         0x00001e68        0x0 linker stubs

.iplt           0x00001e68        0x0
 .iplt          0x00001e68        0x0 c:/program files (x86)/cypress/psoc creator/4.1/psoc creator/import/gnu/arm/5.4.1/bin/../lib/gcc/arm-none-eabi/5.4.1/armv7-m/crtbegin.o

.eh_frame_hdr
 *(.eh_frame_hdr)

.eh_frame       0x00001e68        0x4
 *(.eh_frame)
 .eh_frame      0x00001e68        0x0 c:/program files (x86)/cypress/psoc creator/4.1/psoc creator/import/gnu/arm/5.4.1/bin/../lib/gcc/arm-none-eabi/5.4.1/armv7-m/crtbegin.o
 .eh_frame      0x00001e68        0x4 c:/program files (x86)/cypress/psoc creator/4.1/psoc creator/import/gnu/arm/5.4.1/bin/../lib/gcc/arm-none-eabi/5.4.1/armv7-m/crtend.o
                [!provide]                PROVIDE (__exidx_start, .)

.ARM.exidx
 *(.ARM.exidx* .gnu.linkonce.armexidx.*)
                0x00001e6c                __exidx_end = .

.rodata         0x00001e6c       0xe4
 *(.rodata .rodata.* .gnu.linkonce.r.*)
 .rodata.str1.4
                0x00001e6c       0x50 .\CortexM3\ARM_GCC_541\Debug\main.o
                                 0x4e (size before relaxing)
 .rodata        0x00001ebc       0x2a .\CortexM3\ARM_GCC_541\Debug\cyfitter_cfg.o
 .rodata.str1.1
                0x00001ee6        0x2 c:/program files (x86)/cypress/psoc creator/4.1/psoc creator/import/gnu/arm/5.4.1/bin/../lib/gcc/arm-none-eabi/5.4.1/../../../../arm-none-eabi/lib/armv7-m\libg_nano.a(lib_a-impure.o)
 .rodata.str1.1
                0x00001ee8       0x11 c:/program files (x86)/cypress/psoc creator/4.1/psoc creator/import/gnu/arm/5.4.1/bin/../lib/gcc/arm-none-eabi/5.4.1/../../../../arm-none-eabi/lib/armv7-m\libg_nano.a(lib_a-nano-svfprintf.o)
 .rodata.str1.1
                0x00001ef9       0x22 c:/program files (x86)/cypress/psoc creator/4.1/psoc creator/import/gnu/arm/5.4.1/bin/../lib/gcc/arm-none-eabi/5.4.1/../../../../arm-none-eabi/lib/armv7-m\libg_nano.a(lib_a-nano-vfprintf_i.o)
                0x00001f1c                . = ALIGN (0x4)
 *fill*         0x00001f1b        0x1 
 *(.init)
 .init          0x00001f1c        0x4 c:/program files (x86)/cypress/psoc creator/4.1/psoc creator/import/gnu/arm/5.4.1/bin/../lib/gcc/arm-none-eabi/5.4.1/armv7-m/crti.o
                0x00001f1c                _init
 .init          0x00001f20        0x8 c:/program files (x86)/cypress/psoc creator/4.1/psoc creator/import/gnu/arm/5.4.1/bin/../lib/gcc/arm-none-eabi/5.4.1/armv7-m/crtn.o
                0x00001f28                . = ALIGN (0x4)
                0x00001f28                __preinit_array_start = .
 *(.preinit_array)
                0x00001f28                __preinit_array_end = .
                0x00001f28                . = ALIGN (0x4)
                0x00001f28                __init_array_start = .
 *(SORT(.init_array.*))
 *(.init_array)
 .init_array    0x00001f28        0x4 c:/program files (x86)/cypress/psoc creator/4.1/psoc creator/import/gnu/arm/5.4.1/bin/../lib/gcc/arm-none-eabi/5.4.1/armv7-m/crtbegin.o
 .init_array    0x00001f2c        0x4 .\CortexM3\ARM_GCC_541\Debug\Cm3Start.o
                0x00001f30                __init_array_end = .
                0x00001f30                . = ALIGN (0x4)
 *(.fini)
 .fini          0x00001f30        0x4 c:/program files (x86)/cypress/psoc creator/4.1/psoc creator/import/gnu/arm/5.4.1/bin/../lib/gcc/arm-none-eabi/5.4.1/armv7-m/crti.o
                0x00001f30                _fini
 .fini          0x00001f34        0x8 c:/program files (x86)/cypress/psoc creator/4.1/psoc creator/import/gnu/arm/5.4.1/bin/../lib/gcc/arm-none-eabi/5.4.1/armv7-m/crtn.o
                0x00001f3c                . = ALIGN (0x4)
                0x00001f3c                __fini_array_start = .
 *(.fini_array)
 .fini_array    0x00001f3c        0x4 c:/program files (x86)/cypress/psoc creator/4.1/psoc creator/import/gnu/arm/5.4.1/bin/../lib/gcc/arm-none-eabi/5.4.1/armv7-m/crtbegin.o
 *(SORT(.fini_array.*))
                0x00001f40                __fini_array_end = .
                0x00001f40                . = ALIGN (0x4)
 *crtbegin.o(.ctors)
 *(EXCLUDE_FILE(*crtend.o) .ctors)
 *(SORT(.ctors.*))
 *crtend.o(.ctors)
                0x00001f40                . = ALIGN (0x4)
 *crtbegin.o(.dtors)
 *(EXCLUDE_FILE(*crtend.o) .dtors)
 *(SORT(.dtors.*))
 *crtend.o(.dtors)
                0x00001f40                . = ALIGN (0x4)
                0x00001f40                __cy_regions = .
                0x00001f40        0x4 LONG 0x1f50 __cy_region_init_ram
                0x00001f44        0x4 LONG 0x1fff80c8 __cy_region_start_data
                0x00001f48        0x4 LONG 0x80 __cy_region_init_size_ram
                0x00001f4c        0x4 LONG 0xa8 __cy_region_zero_size_ram
                0x00001f50                __cy_regions_end = .
                0x00001f50                . = ALIGN (0x8)
                0x00001f50                _etext = .

.cy_checksum_exclude
                0x00001f50        0x0
 *(.cy_checksum_exclude)

.ramvectors     0x1fff8000       0xc0
                0x1fff8000                __cy_region_start_ram = .
 *(.ramvectors)
 .ramvectors    0x1fff8000       0xc0 .\CortexM3\ARM_GCC_541\Debug\Cm3Start.o
                0x1fff8000                CyRamVectors

.noinit         0x1fff80c0        0x1
 *(.noinit)
 .noinit        0x1fff80c0        0x1 .\CortexM3\ARM_GCC_541\Debug\HighFSKRx.a(CyLib.o)
                0x1fff80c0                CyResetStatus

.data           0x1fff80c8       0x80 load address 0x00001f50
                0x1fff80c8                __cy_region_start_data = .
 *(.jcr)
 .jcr           0x1fff80c8        0x0 c:/program files (x86)/cypress/psoc creator/4.1/psoc creator/import/gnu/arm/5.4.1/bin/../lib/gcc/arm-none-eabi/5.4.1/armv7-m/crtbegin.o
 .jcr           0x1fff80c8        0x4 c:/program files (x86)/cypress/psoc creator/4.1/psoc creator/import/gnu/arm/5.4.1/bin/../lib/gcc/arm-none-eabi/5.4.1/armv7-m/crtend.o
 *(.got.plt)
 *(.got)
 *(.shdata)
 *(.data .data.* .gnu.linkonce.d.*)
 .data          0x1fff80cc        0x4 .\CortexM3\ARM_GCC_541\Debug\Cm3Start.o
 .data          0x1fff80d0       0x10 .\CortexM3\ARM_GCC_541\Debug\HighFSKRx.a(CyLib.o)
                0x1fff80d0                cydelay_32k_ms
                0x1fff80d4                cydelay_freq_khz
                0x1fff80d8                cydelay_freq_mhz
                0x1fff80dc                cydelay_freq_hz
 .data.impure_data
                0x1fff80e0       0x60 c:/program files (x86)/cypress/psoc creator/4.1/psoc creator/import/gnu/arm/5.4.1/bin/../lib/gcc/arm-none-eabi/5.4.1/../../../../arm-none-eabi/lib/armv7-m\libg_nano.a(lib_a-impure.o)
 .data._impure_ptr
                0x1fff8140        0x4 c:/program files (x86)/cypress/psoc creator/4.1/psoc creator/import/gnu/arm/5.4.1/bin/../lib/gcc/arm-none-eabi/5.4.1/../../../../arm-none-eabi/lib/armv7-m\libg_nano.a(lib_a-impure.o)
                0x1fff8140                _impure_ptr
                0x1fff8148                . = ALIGN (0x8)
 *fill*         0x1fff8144        0x4 
 *(.ram)
                0x1fff8148                _edata = .

.igot.plt       0x1fff8148        0x0 load address 0x00001fd0
 .igot.plt      0x1fff8148        0x0 c:/program files (x86)/cypress/psoc creator/4.1/psoc creator/import/gnu/arm/5.4.1/bin/../lib/gcc/arm-none-eabi/5.4.1/armv7-m/crtbegin.o

.bss            0x1fff8148       0xa8 load address 0x00001fd0
                0x1fff8148                PROVIDE (__bss_start__, .)
 *(.shbss)
 *(.bss .bss.* .gnu.linkonce.b.*)
 .bss           0x1fff8148       0x1c c:/program files (x86)/cypress/psoc creator/4.1/psoc creator/import/gnu/arm/5.4.1/bin/../lib/gcc/arm-none-eabi/5.4.1/armv7-m/crtbegin.o
 .bss           0x1fff8164       0x19 .\CortexM3\ARM_GCC_541\Debug\main.o
 .bss           0x1fff817d        0x1 .\CortexM3\ARM_GCC_541\Debug\HighFSKRx.a(Out_Comp.o)
                0x1fff817d                Out_Comp_initVar
 .bss           0x1fff817e        0x1 .\CortexM3\ARM_GCC_541\Debug\HighFSKRx.a(Shift_Reg.o)
                0x1fff817e                Shift_Reg_initVar
 .bss           0x1fff817f        0x1 .\CortexM3\ARM_GCC_541\Debug\HighFSKRx.a(PWM_Recon.o)
                0x1fff817f                PWM_Recon_initVar
 .bss           0x1fff8180        0x2 .\CortexM3\ARM_GCC_541\Debug\HighFSKRx.a(LCD_Char.o)
                0x1fff8180                LCD_Char_enableState
                0x1fff8181                LCD_Char_initVar
 .bss           0x1fff8182        0x1 .\CortexM3\ARM_GCC_541\Debug\HighFSKRx.a(Bit_Timer.o)
                0x1fff8182                Bit_Timer_initVar
 *fill*         0x1fff8183        0x1 
 .bss           0x1fff8184       0x43 .\CortexM3\ARM_GCC_541\Debug\HighFSKRx.a(cyPm.o)
 .bss           0x1fff81c7        0x1 .\CortexM3\ARM_GCC_541\Debug\HighFSKRx.a(checkWatchDogTimer.o)
                0x1fff81c7                checkWatchDogTimer_initVar
 .bss           0x1fff81c8        0x2 .\CortexM3\ARM_GCC_541\Debug\HighFSKRx.a(UART.o)
                0x1fff81c8                UART_initVar
 .bss           0x1fff81ca        0x1 .\CortexM3\ARM_GCC_541\Debug\HighFSKRx.a(SleepTimer.o)
                0x1fff81ca                SleepTimer_initVar
 *fill*         0x1fff81cb        0x1 
 .bss.__malloc_sbrk_start
                0x1fff81cc        0x4 c:/program files (x86)/cypress/psoc creator/4.1/psoc creator/import/gnu/arm/5.4.1/bin/../lib/gcc/arm-none-eabi/5.4.1/../../../../arm-none-eabi/lib/armv7-m\libg_nano.a(lib_a-nano-mallocr.o)
                0x1fff81cc                __malloc_sbrk_start
 .bss.__malloc_free_list
                0x1fff81d0        0x4 c:/program files (x86)/cypress/psoc creator/4.1/psoc creator/import/gnu/arm/5.4.1/bin/../lib/gcc/arm-none-eabi/5.4.1/../../../../arm-none-eabi/lib/armv7-m\libg_nano.a(lib_a-nano-mallocr.o)
                0x1fff81d0                __malloc_free_list
 *(COMMON)
 COMMON         0x1fff81d4       0x18 .\CortexM3\ARM_GCC_541\Debug\main.o
                0x1fff81d4                display
                0x1fff81e0                OutputString
 COMMON         0x1fff81ec        0x4 c:/program files (x86)/cypress/psoc creator/4.1/psoc creator/import/gnu/arm/5.4.1/bin/../lib/gcc/arm-none-eabi/5.4.1/../../../../arm-none-eabi/lib/armv7-m\libg_nano.a(lib_a-reent.o)
                0x1fff81ec                errno
                0x1fff81f0                . = ALIGN (0x8)
 *(.ram.b)
                0x1fff81f0                _end = .
                0x1fff81f0                __end = .
                0x1fff81f0                PROVIDE (end, .)
                0x1fff81f0                PROVIDE (__bss_end__, .)
                0x00001f50                __cy_region_init_ram = LOADADDR (.data)
                0x00000080                __cy_region_init_size_ram = (_edata - ADDR (.data))
                0x000000a8                __cy_region_zero_size_ram = (_end - _edata)

.heap           0x1fff81f0       0x80 load address 0x00001fd0
                0x1fff81f0                . = _end
                0x1fff8270                . = (. + 0x80)
 *fill*         0x1fff81f0       0x80 
                0x1fff8270                __cy_heap_limit = .

.stack          0x20007800      0x800
                0x20007800                __cy_stack_limit = .
                0x20008000                . = (. + 0x800)
 *fill*         0x20007800      0x800 
                0x00000001                ASSERT ((__cy_stack_limit >= __cy_heap_limit), region RAM overflowed with stack)
                0x00000000                cy_checksum_exclude_size = (CY_APPL_LOADABLE == 0x1)?SIZEOF (.cy_checksum_exclude):0x0
                0x00000001                ASSERT ((cy_checksum_exclude_size <= CY_CHECKSUM_EXCLUDE_SIZE), CY_BOOT: Section .cy_checksum_exclude size exceedes specified limit.)

.cyloadermeta
 *(.cyloadermeta)

.cyloadablemeta
 *(.cyloadablemeta)

.cyconfigecc    0x80000000      0x834
 *(.cyconfigecc)
 .cyconfigecc   0x80000000      0x834 .\CortexM3\ARM_GCC_541\Debug\cymetadata.o
                0x80000000                cy_meta_configecc

.cycustnvl      0x90000000        0x4
 *(.cycustnvl)
 .cycustnvl     0x90000000        0x4 .\CortexM3\ARM_GCC_541\Debug\cymetadata.o
                0x90000000                cy_meta_custnvl

.cywolatch      0x90100000        0x4
 *(.cywolatch)
 .cywolatch     0x90100000        0x4 .\CortexM3\ARM_GCC_541\Debug\cymetadata.o
                0x90100000                cy_meta_wonvl

.cyeeprom       0x90200000        0x0
 *(.cyeeprom)
                0x00000001                ASSERT ((. <= ((0x90200000 + ee_offset) + ee_size)), .cyeeprom data will not fit in EEPROM)

.cyflashprotect
                0x90400000      0x100
 *(.cyflashprotect)
 .cyflashprotect
                0x90400000      0x100 .\CortexM3\ARM_GCC_541\Debug\cymetadata.o
                0x90400000                cy_meta_flashprotect

.cymeta         0x90500000        0xc
 *(.cymeta)
 .cymeta        0x90500000        0xc .\CortexM3\ARM_GCC_541\Debug\cymetadata.o
                0x90500000                cy_metadata

.rel.dyn        0x00001fd0        0x0 load address 0x9050000c
 .rel.iplt      0x00001fd0        0x0 c:/program files (x86)/cypress/psoc creator/4.1/psoc creator/import/gnu/arm/5.4.1/bin/../lib/gcc/arm-none-eabi/5.4.1/armv7-m/crtbegin.o

.stab
 *(.stab)

.stabstr
 *(.stabstr)

.debug
 *(.debug)

.line
 *(.line)

.debug_srcinfo
 *(.debug_srcinfo)

.debug_sfnames
 *(.debug_sfnames)

.debug_aranges  0x00000000      0xc78
 *(.debug_aranges)
 .debug_aranges
                0x00000000       0x60 .\CortexM3\ARM_GCC_541\Debug\main.o
 .debug_aranges
                0x00000060       0x58 .\CortexM3\ARM_GCC_541\Debug\cyfitter_cfg.o
 .debug_aranges
                0x000000b8       0x18 .\CortexM3\ARM_GCC_541\Debug\cymetadata.o
 .debug_aranges
                0x000000d0       0x48 .\CortexM3\ARM_GCC_541\Debug\Cm3Start.o
 .debug_aranges
                0x00000118       0x70 .\CortexM3\ARM_GCC_541\Debug\HighFSKRx.a(Out_Comp.o)
 .debug_aranges
                0x00000188       0x38 .\CortexM3\ARM_GCC_541\Debug\HighFSKRx.a(Count_Out.o)
 .debug_aranges
                0x000001c0       0x70 .\CortexM3\ARM_GCC_541\Debug\HighFSKRx.a(Shift_Reg.o)
 .debug_aranges
                0x00000230       0x98 .\CortexM3\ARM_GCC_541\Debug\HighFSKRx.a(PWM_Recon.o)
 .debug_aranges
                0x000002c8       0x98 .\CortexM3\ARM_GCC_541\Debug\HighFSKRx.a(LCD_Char.o)
 .debug_aranges
                0x00000360       0x80 .\CortexM3\ARM_GCC_541\Debug\HighFSKRx.a(Timer_ISR.o)
 .debug_aranges
                0x000003e0       0x90 .\CortexM3\ARM_GCC_541\Debug\HighFSKRx.a(Bit_Timer.o)
 .debug_aranges
                0x00000470      0x2a0 .\CortexM3\ARM_GCC_541\Debug\HighFSKRx.a(CyLib.o)
 .debug_aranges
                0x00000710       0x98 .\CortexM3\ARM_GCC_541\Debug\HighFSKRx.a(cyPm.o)
 .debug_aranges
                0x000007a8       0x90 .\CortexM3\ARM_GCC_541\Debug\HighFSKRx.a(checkWatchDogTimer.o)
 .debug_aranges
                0x00000838       0x80 .\CortexM3\ARM_GCC_541\Debug\HighFSKRx.a(watchDogCheck.o)
 .debug_aranges
                0x000008b8       0xf0 .\CortexM3\ARM_GCC_541\Debug\HighFSKRx.a(UART.o)
 .debug_aranges
                0x000009a8       0x70 .\CortexM3\ARM_GCC_541\Debug\HighFSKRx.a(UART_IntClock.o)
 .debug_aranges
                0x00000a18       0x80 .\CortexM3\ARM_GCC_541\Debug\HighFSKRx.a(Sleep_ISR.o)
 .debug_aranges
                0x00000a98       0x58 .\CortexM3\ARM_GCC_541\Debug\HighFSKRx.a(SleepTimer.o)
 .debug_aranges
                0x00000af0       0x38 .\CortexM3\ARM_GCC_541\Debug\HighFSKRx.a(sleepToggle.o)
 .debug_aranges
                0x00000b28       0x38 .\CortexM3\ARM_GCC_541\Debug\HighFSKRx.a(Power_Toggle.o)
 .debug_aranges
                0x00000b60       0x20 .\CortexM3\ARM_GCC_541\Debug\HighFSKRx.a(CyBootAsmGnu.o)
 .debug_aranges
                0x00000b80       0x80 .\CortexM3\ARM_GCC_541\Debug\HighFSKRx.a(CyFlash.o)
 .debug_aranges
                0x00000c00       0x78 .\CortexM3\ARM_GCC_541\Debug\HighFSKRx.a(CySpc.o)

.debug_pubnames
 *(.debug_pubnames)

.debug_info     0x00000000     0x6837
 *(.debug_info .gnu.linkonce.wi.*)
 .debug_info    0x00000000      0x8c6 .\CortexM3\ARM_GCC_541\Debug\main.o
 .debug_info    0x000008c6      0x513 .\CortexM3\ARM_GCC_541\Debug\cyfitter_cfg.o
 .debug_info    0x00000dd9      0x139 .\CortexM3\ARM_GCC_541\Debug\cymetadata.o
 .debug_info    0x00000f12      0x3bb .\CortexM3\ARM_GCC_541\Debug\Cm3Start.o
 .debug_info    0x000012cd      0x2c8 .\CortexM3\ARM_GCC_541\Debug\HighFSKRx.a(Out_Comp.o)
 .debug_info    0x00001595      0x11f .\CortexM3\ARM_GCC_541\Debug\HighFSKRx.a(Count_Out.o)
 .debug_info    0x000016b4      0x2bb .\CortexM3\ARM_GCC_541\Debug\HighFSKRx.a(Shift_Reg.o)
 .debug_info    0x0000196f      0x351 .\CortexM3\ARM_GCC_541\Debug\HighFSKRx.a(PWM_Recon.o)
 .debug_info    0x00001cc0      0x715 .\CortexM3\ARM_GCC_541\Debug\HighFSKRx.a(LCD_Char.o)
 .debug_info    0x000023d5      0x2d2 .\CortexM3\ARM_GCC_541\Debug\HighFSKRx.a(Timer_ISR.o)
 .debug_info    0x000026a7      0x2ee .\CortexM3\ARM_GCC_541\Debug\HighFSKRx.a(Bit_Timer.o)
 .debug_info    0x00002995     0x1374 .\CortexM3\ARM_GCC_541\Debug\HighFSKRx.a(CyLib.o)
 .debug_info    0x00003d09      0xa2a .\CortexM3\ARM_GCC_541\Debug\HighFSKRx.a(cyPm.o)
 .debug_info    0x00004733      0x2ee .\CortexM3\ARM_GCC_541\Debug\HighFSKRx.a(checkWatchDogTimer.o)
 .debug_info    0x00004a21      0x2d2 .\CortexM3\ARM_GCC_541\Debug\HighFSKRx.a(watchDogCheck.o)
 .debug_info    0x00004cf3      0x60c .\CortexM3\ARM_GCC_541\Debug\HighFSKRx.a(UART.o)
 .debug_info    0x000052ff      0x283 .\CortexM3\ARM_GCC_541\Debug\HighFSKRx.a(UART_IntClock.o)
 .debug_info    0x00005582      0x2d2 .\CortexM3\ARM_GCC_541\Debug\HighFSKRx.a(Sleep_ISR.o)
 .debug_info    0x00005854      0x277 .\CortexM3\ARM_GCC_541\Debug\HighFSKRx.a(SleepTimer.o)
 .debug_info    0x00005acb      0x11f .\CortexM3\ARM_GCC_541\Debug\HighFSKRx.a(sleepToggle.o)
 .debug_info    0x00005bea      0x11f .\CortexM3\ARM_GCC_541\Debug\HighFSKRx.a(Power_Toggle.o)
 .debug_info    0x00005d09       0x8d .\CortexM3\ARM_GCC_541\Debug\HighFSKRx.a(CyBootAsmGnu.o)
 .debug_info    0x00005d96      0x5b8 .\CortexM3\ARM_GCC_541\Debug\HighFSKRx.a(CyFlash.o)
 .debug_info    0x0000634e      0x4e9 .\CortexM3\ARM_GCC_541\Debug\HighFSKRx.a(CySpc.o)

.debug_abbrev   0x00000000     0x1e75
 *(.debug_abbrev)
 .debug_abbrev  0x00000000      0x184 .\CortexM3\ARM_GCC_541\Debug\main.o
 .debug_abbrev  0x00000184      0x1fe .\CortexM3\ARM_GCC_541\Debug\cyfitter_cfg.o
 .debug_abbrev  0x00000382       0x77 .\CortexM3\ARM_GCC_541\Debug\cymetadata.o
 .debug_abbrev  0x000003f9      0x1e8 .\CortexM3\ARM_GCC_541\Debug\Cm3Start.o
 .debug_abbrev  0x000005e1      0x16e .\CortexM3\ARM_GCC_541\Debug\HighFSKRx.a(Out_Comp.o)
 .debug_abbrev  0x0000074f       0x90 .\CortexM3\ARM_GCC_541\Debug\HighFSKRx.a(Count_Out.o)
 .debug_abbrev  0x000007df      0x153 .\CortexM3\ARM_GCC_541\Debug\HighFSKRx.a(Shift_Reg.o)
 .debug_abbrev  0x00000932      0x133 .\CortexM3\ARM_GCC_541\Debug\HighFSKRx.a(PWM_Recon.o)
 .debug_abbrev  0x00000a65      0x157 .\CortexM3\ARM_GCC_541\Debug\HighFSKRx.a(LCD_Char.o)
 .debug_abbrev  0x00000bbc      0x173 .\CortexM3\ARM_GCC_541\Debug\HighFSKRx.a(Timer_ISR.o)
 .debug_abbrev  0x00000d2f      0x12b .\CortexM3\ARM_GCC_541\Debug\HighFSKRx.a(Bit_Timer.o)
 .debug_abbrev  0x00000e5a      0x254 .\CortexM3\ARM_GCC_541\Debug\HighFSKRx.a(CyLib.o)
 .debug_abbrev  0x000010ae      0x1ab .\CortexM3\ARM_GCC_541\Debug\HighFSKRx.a(cyPm.o)
 .debug_abbrev  0x00001259      0x12b .\CortexM3\ARM_GCC_541\Debug\HighFSKRx.a(checkWatchDogTimer.o)
 .debug_abbrev  0x00001384      0x173 .\CortexM3\ARM_GCC_541\Debug\HighFSKRx.a(watchDogCheck.o)
 .debug_abbrev  0x000014f7      0x175 .\CortexM3\ARM_GCC_541\Debug\HighFSKRx.a(UART.o)
 .debug_abbrev  0x0000166c      0x139 .\CortexM3\ARM_GCC_541\Debug\HighFSKRx.a(UART_IntClock.o)
 .debug_abbrev  0x000017a5      0x173 .\CortexM3\ARM_GCC_541\Debug\HighFSKRx.a(Sleep_ISR.o)
 .debug_abbrev  0x00001918       0xfd .\CortexM3\ARM_GCC_541\Debug\HighFSKRx.a(SleepTimer.o)
 .debug_abbrev  0x00001a15       0x90 .\CortexM3\ARM_GCC_541\Debug\HighFSKRx.a(sleepToggle.o)
 .debug_abbrev  0x00001aa5       0x90 .\CortexM3\ARM_GCC_541\Debug\HighFSKRx.a(Power_Toggle.o)
 .debug_abbrev  0x00001b35       0x14 .\CortexM3\ARM_GCC_541\Debug\HighFSKRx.a(CyBootAsmGnu.o)
 .debug_abbrev  0x00001b49      0x198 .\CortexM3\ARM_GCC_541\Debug\HighFSKRx.a(CyFlash.o)
 .debug_abbrev  0x00001ce1      0x194 .\CortexM3\ARM_GCC_541\Debug\HighFSKRx.a(CySpc.o)

.debug_line     0x00000000     0x2d0d
 *(.debug_line)
 .debug_line    0x00000000      0x40e .\CortexM3\ARM_GCC_541\Debug\main.o
 .debug_line    0x0000040e      0x1e1 .\CortexM3\ARM_GCC_541\Debug\cyfitter_cfg.o
 .debug_line    0x000005ef      0x141 .\CortexM3\ARM_GCC_541\Debug\cymetadata.o
 .debug_line    0x00000730      0x234 .\CortexM3\ARM_GCC_541\Debug\Cm3Start.o
 .debug_line    0x00000964      0x167 .\CortexM3\ARM_GCC_541\Debug\HighFSKRx.a(Out_Comp.o)
 .debug_line    0x00000acb       0x96 .\CortexM3\ARM_GCC_541\Debug\HighFSKRx.a(Count_Out.o)
 .debug_line    0x00000b61      0x134 .\CortexM3\ARM_GCC_541\Debug\HighFSKRx.a(Shift_Reg.o)
 .debug_line    0x00000c95      0x18c .\CortexM3\ARM_GCC_541\Debug\HighFSKRx.a(PWM_Recon.o)
 .debug_line    0x00000e21      0x1e1 .\CortexM3\ARM_GCC_541\Debug\HighFSKRx.a(LCD_Char.o)
 .debug_line    0x00001002      0x136 .\CortexM3\ARM_GCC_541\Debug\HighFSKRx.a(Timer_ISR.o)
 .debug_line    0x00001138      0x174 .\CortexM3\ARM_GCC_541\Debug\HighFSKRx.a(Bit_Timer.o)
 .debug_line    0x000012ac      0x816 .\CortexM3\ARM_GCC_541\Debug\HighFSKRx.a(CyLib.o)
 .debug_line    0x00001ac2      0x367 .\CortexM3\ARM_GCC_541\Debug\HighFSKRx.a(cyPm.o)
 .debug_line    0x00001e29      0x17d .\CortexM3\ARM_GCC_541\Debug\HighFSKRx.a(checkWatchDogTimer.o)
 .debug_line    0x00001fa6      0x13a .\CortexM3\ARM_GCC_541\Debug\HighFSKRx.a(watchDogCheck.o)
 .debug_line    0x000020e0      0x2bc .\CortexM3\ARM_GCC_541\Debug\HighFSKRx.a(UART.o)
 .debug_line    0x0000239c      0x17c .\CortexM3\ARM_GCC_541\Debug\HighFSKRx.a(UART_IntClock.o)
 .debug_line    0x00002518      0x136 .\CortexM3\ARM_GCC_541\Debug\HighFSKRx.a(Sleep_ISR.o)
 .debug_line    0x0000264e      0x103 .\CortexM3\ARM_GCC_541\Debug\HighFSKRx.a(SleepTimer.o)
 .debug_line    0x00002751       0x98 .\CortexM3\ARM_GCC_541\Debug\HighFSKRx.a(sleepToggle.o)
 .debug_line    0x000027e9       0x99 .\CortexM3\ARM_GCC_541\Debug\HighFSKRx.a(Power_Toggle.o)
 .debug_line    0x00002882       0x66 .\CortexM3\ARM_GCC_541\Debug\HighFSKRx.a(CyBootAsmGnu.o)
 .debug_line    0x000028e8      0x1e9 .\CortexM3\ARM_GCC_541\Debug\HighFSKRx.a(CyFlash.o)
 .debug_line    0x00002ad1      0x23c .\CortexM3\ARM_GCC_541\Debug\HighFSKRx.a(CySpc.o)

.debug_frame    0x00000000     0x2228
 *(.debug_frame)
 .debug_frame   0x00000000      0x114 .\CortexM3\ARM_GCC_541\Debug\main.o
 .debug_frame   0x00000114       0xe4 .\CortexM3\ARM_GCC_541\Debug\cyfitter_cfg.o
 .debug_frame   0x000001f8       0xb8 .\CortexM3\ARM_GCC_541\Debug\Cm3Start.o
 .debug_frame   0x000002b0      0x108 .\CortexM3\ARM_GCC_541\Debug\HighFSKRx.a(Out_Comp.o)
 .debug_frame   0x000003b8       0x50 .\CortexM3\ARM_GCC_541\Debug\HighFSKRx.a(Count_Out.o)
 .debug_frame   0x00000408      0x114 .\CortexM3\ARM_GCC_541\Debug\HighFSKRx.a(Shift_Reg.o)
 .debug_frame   0x0000051c      0x134 .\CortexM3\ARM_GCC_541\Debug\HighFSKRx.a(PWM_Recon.o)
 .debug_frame   0x00000650      0x1e8 .\CortexM3\ARM_GCC_541\Debug\HighFSKRx.a(LCD_Char.o)
 .debug_frame   0x00000838      0x104 .\CortexM3\ARM_GCC_541\Debug\HighFSKRx.a(Timer_ISR.o)
 .debug_frame   0x0000093c      0x124 .\CortexM3\ARM_GCC_541\Debug\HighFSKRx.a(Bit_Timer.o)
 .debug_frame   0x00000a60      0x738 .\CortexM3\ARM_GCC_541\Debug\HighFSKRx.a(CyLib.o)
 .debug_frame   0x00001198      0x1f8 .\CortexM3\ARM_GCC_541\Debug\HighFSKRx.a(cyPm.o)
 .debug_frame   0x00001390      0x124 .\CortexM3\ARM_GCC_541\Debug\HighFSKRx.a(checkWatchDogTimer.o)
 .debug_frame   0x000014b4      0x104 .\CortexM3\ARM_GCC_541\Debug\HighFSKRx.a(watchDogCheck.o)
 .debug_frame   0x000015b8      0x250 .\CortexM3\ARM_GCC_541\Debug\HighFSKRx.a(UART.o)
 .debug_frame   0x00001808       0xe0 .\CortexM3\ARM_GCC_541\Debug\HighFSKRx.a(UART_IntClock.o)
 .debug_frame   0x000018e8      0x104 .\CortexM3\ARM_GCC_541\Debug\HighFSKRx.a(Sleep_ISR.o)
 .debug_frame   0x000019ec       0xe4 .\CortexM3\ARM_GCC_541\Debug\HighFSKRx.a(SleepTimer.o)
 .debug_frame   0x00001ad0       0x50 .\CortexM3\ARM_GCC_541\Debug\HighFSKRx.a(sleepToggle.o)
 .debug_frame   0x00001b20       0x50 .\CortexM3\ARM_GCC_541\Debug\HighFSKRx.a(Power_Toggle.o)
 .debug_frame   0x00001b70      0x174 .\CortexM3\ARM_GCC_541\Debug\HighFSKRx.a(CyFlash.o)
 .debug_frame   0x00001ce4      0x160 .\CortexM3\ARM_GCC_541\Debug\HighFSKRx.a(CySpc.o)
 .debug_frame   0x00001e44       0x20 c:/program files (x86)/cypress/psoc creator/4.1/psoc creator/import/gnu/arm/5.4.1/bin/../lib/gcc/arm-none-eabi/5.4.1/../../../../arm-none-eabi/lib/armv7-m\libg_nano.a(lib_a-errno.o)
 .debug_frame   0x00001e64       0x28 c:/program files (x86)/cypress/psoc creator/4.1/psoc creator/import/gnu/arm/5.4.1/bin/../lib/gcc/arm-none-eabi/5.4.1/../../../../arm-none-eabi/lib/armv7-m\libg_nano.a(lib_a-exit.o)
 .debug_frame   0x00001e8c       0x2c c:/program files (x86)/cypress/psoc creator/4.1/psoc creator/import/gnu/arm/5.4.1/bin/../lib/gcc/arm-none-eabi/5.4.1/../../../../arm-none-eabi/lib/armv7-m\libg_nano.a(lib_a-init.o)
 .debug_frame   0x00001eb8       0x28 c:/program files (x86)/cypress/psoc creator/4.1/psoc creator/import/gnu/arm/5.4.1/bin/../lib/gcc/arm-none-eabi/5.4.1/../../../../arm-none-eabi/lib/armv7-m\libg_nano.a(lib_a-memcpy-stub.o)
 .debug_frame   0x00001ee0       0x20 c:/program files (x86)/cypress/psoc creator/4.1/psoc creator/import/gnu/arm/5.4.1/bin/../lib/gcc/arm-none-eabi/5.4.1/../../../../arm-none-eabi/lib/armv7-m\libg_nano.a(lib_a-memset.o)
 .debug_frame   0x00001f00       0x70 c:/program files (x86)/cypress/psoc creator/4.1/psoc creator/import/gnu/arm/5.4.1/bin/../lib/gcc/arm-none-eabi/5.4.1/../../../../arm-none-eabi/lib/armv7-m\libg_nano.a(lib_a-sprintf.o)
 .debug_frame   0x00001f70       0x90 c:/program files (x86)/cypress/psoc creator/4.1/psoc creator/import/gnu/arm/5.4.1/bin/../lib/gcc/arm-none-eabi/5.4.1/../../../../arm-none-eabi/lib/armv7-m\libg_nano.a(lib_a-nano-svfprintf.o)
 .debug_frame   0x00002000       0x60 c:/program files (x86)/cypress/psoc creator/4.1/psoc creator/import/gnu/arm/5.4.1/bin/../lib/gcc/arm-none-eabi/5.4.1/../../../../arm-none-eabi/lib/armv7-m\libg_nano.a(lib_a-nano-vfprintf_i.o)
 .debug_frame   0x00002060       0x28 c:/program files (x86)/cypress/psoc creator/4.1/psoc creator/import/gnu/arm/5.4.1/bin/../lib/gcc/arm-none-eabi/5.4.1/../../../../arm-none-eabi/lib/armv7-m\libg_nano.a(lib_a-memchr-stub.o)
 .debug_frame   0x00002088       0x28 c:/program files (x86)/cypress/psoc creator/4.1/psoc creator/import/gnu/arm/5.4.1/bin/../lib/gcc/arm-none-eabi/5.4.1/../../../../arm-none-eabi/lib/armv7-m\libg_nano.a(lib_a-memmove.o)
 .debug_frame   0x000020b0       0x38 c:/program files (x86)/cypress/psoc creator/4.1/psoc creator/import/gnu/arm/5.4.1/bin/../lib/gcc/arm-none-eabi/5.4.1/../../../../arm-none-eabi/lib/armv7-m\libg_nano.a(lib_a-nano-freer.o)
 .debug_frame   0x000020e8       0x2c c:/program files (x86)/cypress/psoc creator/4.1/psoc creator/import/gnu/arm/5.4.1/bin/../lib/gcc/arm-none-eabi/5.4.1/../../../../arm-none-eabi/lib/armv7-m\libg_nano.a(lib_a-nano-mallocr.o)
 .debug_frame   0x00002114       0x3c c:/program files (x86)/cypress/psoc creator/4.1/psoc creator/import/gnu/arm/5.4.1/bin/../lib/gcc/arm-none-eabi/5.4.1/../../../../arm-none-eabi/lib/armv7-m\libg_nano.a(lib_a-nano-reallocr.o)
 .debug_frame   0x00002150       0x2c c:/program files (x86)/cypress/psoc creator/4.1/psoc creator/import/gnu/arm/5.4.1/bin/../lib/gcc/arm-none-eabi/5.4.1/../../../../arm-none-eabi/lib/armv7-m\libg_nano.a(lib_a-sbrkr.o)
 .debug_frame   0x0000217c       0x30 c:/program files (x86)/cypress/psoc creator/4.1/psoc creator/import/gnu/arm/5.4.1/bin/../lib/gcc/arm-none-eabi/5.4.1/../../../../arm-none-eabi/lib/armv7-m\libg_nano.a(lib_a-mlock.o)
 .debug_frame   0x000021ac       0x20 c:/program files (x86)/cypress/psoc creator/4.1/psoc creator/import/gnu/arm/5.4.1/bin/../lib/gcc/arm-none-eabi/5.4.1/../../../../arm-none-eabi/lib/armv7-m\libg_nano.a(lib_a-nano-msizer.o)
 .debug_frame   0x000021cc       0x5c c:/program files (x86)/cypress/psoc creator/4.1/psoc creator/import/gnu/arm/5.4.1/bin/../lib/gcc/arm-none-eabi/5.4.1/../../../../arm-none-eabi/lib/armv7-m\libg_nano.a(lib_a-reent.o)

.debug_str      0x00000000     0x27f2
 *(.debug_str)
 .debug_str     0x00000000      0x4e2 .\CortexM3\ARM_GCC_541\Debug\main.o
                                0x52f (size before relaxing)
 .debug_str     0x000004e2      0x17a .\CortexM3\ARM_GCC_541\Debug\cyfitter_cfg.o
                                0x30c (size before relaxing)
 .debug_str     0x0000065c       0x7f .\CortexM3\ARM_GCC_541\Debug\cymetadata.o
                                0x1e1 (size before relaxing)
 .debug_str     0x000006db      0x144 .\CortexM3\ARM_GCC_541\Debug\Cm3Start.o
                                0x307 (size before relaxing)
 .debug_str     0x0000081f      0x12d .\CortexM3\ARM_GCC_541\Debug\HighFSKRx.a(Out_Comp.o)
                                0x2ef (size before relaxing)
 .debug_str     0x0000094c       0x6f .\CortexM3\ARM_GCC_541\Debug\HighFSKRx.a(Count_Out.o)
                                0x1f3 (size before relaxing)
 .debug_str     0x000009bb      0x146 .\CortexM3\ARM_GCC_541\Debug\HighFSKRx.a(Shift_Reg.o)
                                0x304 (size before relaxing)
 .debug_str     0x00000b01      0x1c4 .\CortexM3\ARM_GCC_541\Debug\HighFSKRx.a(PWM_Recon.o)
                                0x3a7 (size before relaxing)
 .debug_str     0x00000cc5      0x174 .\CortexM3\ARM_GCC_541\Debug\HighFSKRx.a(LCD_Char.o)
                                0x38c (size before relaxing)
 .debug_str     0x00000e39      0x113 .\CortexM3\ARM_GCC_541\Debug\HighFSKRx.a(Timer_ISR.o)
                                0x2db (size before relaxing)
 .debug_str     0x00000f4c      0x17f .\CortexM3\ARM_GCC_541\Debug\HighFSKRx.a(Bit_Timer.o)
                                0x380 (size before relaxing)
 .debug_str     0x000010cb      0x7c4 .\CortexM3\ARM_GCC_541\Debug\HighFSKRx.a(CyLib.o)
                                0xa44 (size before relaxing)
 .debug_str     0x0000188f      0x35b .\CortexM3\ARM_GCC_541\Debug\HighFSKRx.a(cyPm.o)
                                0x730 (size before relaxing)
 .debug_str     0x00001bea      0x20f .\CortexM3\ARM_GCC_541\Debug\HighFSKRx.a(checkWatchDogTimer.o)
                                0x422 (size before relaxing)
 .debug_str     0x00001df9      0x140 .\CortexM3\ARM_GCC_541\Debug\HighFSKRx.a(watchDogCheck.o)
                                0x313 (size before relaxing)
 .debug_str     0x00001f39      0x26c .\CortexM3\ARM_GCC_541\Debug\HighFSKRx.a(UART.o)
                                0x472 (size before relaxing)
 .debug_str     0x000021a5      0x183 .\CortexM3\ARM_GCC_541\Debug\HighFSKRx.a(UART_IntClock.o)
                                0x333 (size before relaxing)
 .debug_str     0x00002328      0x10c .\CortexM3\ARM_GCC_541\Debug\HighFSKRx.a(Sleep_ISR.o)
                                0x2db (size before relaxing)
 .debug_str     0x00002434       0xa4 .\CortexM3\ARM_GCC_541\Debug\HighFSKRx.a(SleepTimer.o)
                                0x2a8 (size before relaxing)
 .debug_str     0x000024d8       0x67 .\CortexM3\ARM_GCC_541\Debug\HighFSKRx.a(sleepToggle.o)
                                0x1fd (size before relaxing)
 .debug_str     0x0000253f       0x6b .\CortexM3\ARM_GCC_541\Debug\HighFSKRx.a(Power_Toggle.o)
                                0x202 (size before relaxing)
 .debug_str     0x000025aa      0x19c .\CortexM3\ARM_GCC_541\Debug\HighFSKRx.a(CyFlash.o)
                                0x39e (size before relaxing)
 .debug_str     0x00002746       0xac .\CortexM3\ARM_GCC_541\Debug\HighFSKRx.a(CySpc.o)
                                0x327 (size before relaxing)

.debug_loc      0x00000000     0x247c
 *(.debug_loc)
 .debug_loc     0x00000000       0x7e .\CortexM3\ARM_GCC_541\Debug\main.o
 .debug_loc     0x0000007e      0x1d7 .\CortexM3\ARM_GCC_541\Debug\cyfitter_cfg.o
 .debug_loc     0x00000255      0x144 .\CortexM3\ARM_GCC_541\Debug\Cm3Start.o
 .debug_loc     0x00000399       0xed .\CortexM3\ARM_GCC_541\Debug\HighFSKRx.a(Out_Comp.o)
 .debug_loc     0x00000486       0x42 .\CortexM3\ARM_GCC_541\Debug\HighFSKRx.a(Count_Out.o)
 .debug_loc     0x000004c8       0xec .\CortexM3\ARM_GCC_541\Debug\HighFSKRx.a(Shift_Reg.o)
 .debug_loc     0x000005b4       0x26 .\CortexM3\ARM_GCC_541\Debug\HighFSKRx.a(PWM_Recon.o)
 .debug_loc     0x000005da      0x3c6 .\CortexM3\ARM_GCC_541\Debug\HighFSKRx.a(LCD_Char.o)
 .debug_loc     0x000009a0       0x56 .\CortexM3\ARM_GCC_541\Debug\HighFSKRx.a(Timer_ISR.o)
 .debug_loc     0x000009f6       0x13 .\CortexM3\ARM_GCC_541\Debug\HighFSKRx.a(Bit_Timer.o)
 .debug_loc     0x00000a09      0xa11 .\CortexM3\ARM_GCC_541\Debug\HighFSKRx.a(CyLib.o)
 .debug_loc     0x0000141a      0x1e4 .\CortexM3\ARM_GCC_541\Debug\HighFSKRx.a(cyPm.o)
 .debug_loc     0x000015fe       0x13 .\CortexM3\ARM_GCC_541\Debug\HighFSKRx.a(checkWatchDogTimer.o)
 .debug_loc     0x00001611       0x56 .\CortexM3\ARM_GCC_541\Debug\HighFSKRx.a(watchDogCheck.o)
 .debug_loc     0x00001667      0x258 .\CortexM3\ARM_GCC_541\Debug\HighFSKRx.a(UART.o)
 .debug_loc     0x000018bf      0x12c .\CortexM3\ARM_GCC_541\Debug\HighFSKRx.a(UART_IntClock.o)
 .debug_loc     0x000019eb       0x56 .\CortexM3\ARM_GCC_541\Debug\HighFSKRx.a(Sleep_ISR.o)
 .debug_loc     0x00001a41       0x78 .\CortexM3\ARM_GCC_541\Debug\HighFSKRx.a(SleepTimer.o)
 .debug_loc     0x00001ab9       0x42 .\CortexM3\ARM_GCC_541\Debug\HighFSKRx.a(sleepToggle.o)
 .debug_loc     0x00001afb       0x42 .\CortexM3\ARM_GCC_541\Debug\HighFSKRx.a(Power_Toggle.o)
 .debug_loc     0x00001b3d      0x2f2 .\CortexM3\ARM_GCC_541\Debug\HighFSKRx.a(CyFlash.o)
 .debug_loc     0x00001e2f      0x64d .\CortexM3\ARM_GCC_541\Debug\HighFSKRx.a(CySpc.o)

.debug_macinfo
 *(.debug_macinfo)

.debug_ranges   0x00000000      0xae0
 *(.debug_ranges)
 .debug_ranges  0x00000000       0x50 .\CortexM3\ARM_GCC_541\Debug\main.o
 .debug_ranges  0x00000050       0x48 .\CortexM3\ARM_GCC_541\Debug\cyfitter_cfg.o
 .debug_ranges  0x00000098       0x38 .\CortexM3\ARM_GCC_541\Debug\Cm3Start.o
 .debug_ranges  0x000000d0       0x60 .\CortexM3\ARM_GCC_541\Debug\HighFSKRx.a(Out_Comp.o)
 .debug_ranges  0x00000130       0x28 .\CortexM3\ARM_GCC_541\Debug\HighFSKRx.a(Count_Out.o)
 .debug_ranges  0x00000158       0x60 .\CortexM3\ARM_GCC_541\Debug\HighFSKRx.a(Shift_Reg.o)
 .debug_ranges  0x000001b8       0x88 .\CortexM3\ARM_GCC_541\Debug\HighFSKRx.a(PWM_Recon.o)
 .debug_ranges  0x00000240       0x88 .\CortexM3\ARM_GCC_541\Debug\HighFSKRx.a(LCD_Char.o)
 .debug_ranges  0x000002c8       0x70 .\CortexM3\ARM_GCC_541\Debug\HighFSKRx.a(Timer_ISR.o)
 .debug_ranges  0x00000338       0x80 .\CortexM3\ARM_GCC_541\Debug\HighFSKRx.a(Bit_Timer.o)
 .debug_ranges  0x000003b8      0x290 .\CortexM3\ARM_GCC_541\Debug\HighFSKRx.a(CyLib.o)
 .debug_ranges  0x00000648       0x88 .\CortexM3\ARM_GCC_541\Debug\HighFSKRx.a(cyPm.o)
 .debug_ranges  0x000006d0       0x80 .\CortexM3\ARM_GCC_541\Debug\HighFSKRx.a(checkWatchDogTimer.o)
 .debug_ranges  0x00000750       0x70 .\CortexM3\ARM_GCC_541\Debug\HighFSKRx.a(watchDogCheck.o)
 .debug_ranges  0x000007c0       0xe0 .\CortexM3\ARM_GCC_541\Debug\HighFSKRx.a(UART.o)
 .debug_ranges  0x000008a0       0x60 .\CortexM3\ARM_GCC_541\Debug\HighFSKRx.a(UART_IntClock.o)
 .debug_ranges  0x00000900       0x70 .\CortexM3\ARM_GCC_541\Debug\HighFSKRx.a(Sleep_ISR.o)
 .debug_ranges  0x00000970       0x48 .\CortexM3\ARM_GCC_541\Debug\HighFSKRx.a(SleepTimer.o)
 .debug_ranges  0x000009b8       0x28 .\CortexM3\ARM_GCC_541\Debug\HighFSKRx.a(sleepToggle.o)
 .debug_ranges  0x000009e0       0x28 .\CortexM3\ARM_GCC_541\Debug\HighFSKRx.a(Power_Toggle.o)
 .debug_ranges  0x00000a08       0x70 .\CortexM3\ARM_GCC_541\Debug\HighFSKRx.a(CyFlash.o)
 .debug_ranges  0x00000a78       0x68 .\CortexM3\ARM_GCC_541\Debug\HighFSKRx.a(CySpc.o)

.comment        0x00000000       0x6e
 .comment       0x00000000       0x6e .\CortexM3\ARM_GCC_541\Debug\main.o
                                 0x6f (size before relaxing)
 .comment       0x0000006e       0x6f .\CortexM3\ARM_GCC_541\Debug\cyfitter_cfg.o
 .comment       0x0000006e       0x6f .\CortexM3\ARM_GCC_541\Debug\cymetadata.o
 .comment       0x0000006e       0x6f .\CortexM3\ARM_GCC_541\Debug\Cm3Start.o
 .comment       0x0000006e       0x6f .\CortexM3\ARM_GCC_541\Debug\HighFSKRx.a(Out_Comp.o)
 .comment       0x0000006e       0x6f .\CortexM3\ARM_GCC_541\Debug\HighFSKRx.a(Count_Out.o)
 .comment       0x0000006e       0x6f .\CortexM3\ARM_GCC_541\Debug\HighFSKRx.a(Shift_Reg.o)
 .comment       0x0000006e       0x6f .\CortexM3\ARM_GCC_541\Debug\HighFSKRx.a(PWM_Recon.o)
 .comment       0x0000006e       0x6f .\CortexM3\ARM_GCC_541\Debug\HighFSKRx.a(LCD_Char.o)
 .comment       0x0000006e       0x6f .\CortexM3\ARM_GCC_541\Debug\HighFSKRx.a(Timer_ISR.o)
 .comment       0x0000006e       0x6f .\CortexM3\ARM_GCC_541\Debug\HighFSKRx.a(Bit_Timer.o)
 .comment       0x0000006e       0x6f .\CortexM3\ARM_GCC_541\Debug\HighFSKRx.a(CyLib.o)
 .comment       0x0000006e       0x6f .\CortexM3\ARM_GCC_541\Debug\HighFSKRx.a(cyPm.o)
 .comment       0x0000006e       0x6f .\CortexM3\ARM_GCC_541\Debug\HighFSKRx.a(checkWatchDogTimer.o)
 .comment       0x0000006e       0x6f .\CortexM3\ARM_GCC_541\Debug\HighFSKRx.a(watchDogCheck.o)
 .comment       0x0000006e       0x6f .\CortexM3\ARM_GCC_541\Debug\HighFSKRx.a(UART.o)
 .comment       0x0000006e       0x6f .\CortexM3\ARM_GCC_541\Debug\HighFSKRx.a(UART_IntClock.o)
 .comment       0x0000006e       0x6f .\CortexM3\ARM_GCC_541\Debug\HighFSKRx.a(Sleep_ISR.o)
 .comment       0x0000006e       0x6f .\CortexM3\ARM_GCC_541\Debug\HighFSKRx.a(SleepTimer.o)
 .comment       0x0000006e       0x6f .\CortexM3\ARM_GCC_541\Debug\HighFSKRx.a(sleepToggle.o)
 .comment       0x0000006e       0x6f .\CortexM3\ARM_GCC_541\Debug\HighFSKRx.a(Power_Toggle.o)
 .comment       0x0000006e       0x6f .\CortexM3\ARM_GCC_541\Debug\HighFSKRx.a(CyFlash.o)
 .comment       0x0000006e       0x6f .\CortexM3\ARM_GCC_541\Debug\HighFSKRx.a(CySpc.o)

.debug_weaknames
 *(.debug_weaknames)

.debug_funcnames
 *(.debug_funcnames)

.debug_typenames
 *(.debug_typenames)

.debug_varnames
 *(.debug_varnames)

.note.gnu.arm.ident
 *(.note.gnu.arm.ident)

.ARM.attributes
                0x00000000       0x29
 *(.ARM.attributes)
 .ARM.attributes
                0x00000000       0x1d c:/program files (x86)/cypress/psoc creator/4.1/psoc creator/import/gnu/arm/5.4.1/bin/../lib/gcc/arm-none-eabi/5.4.1/armv7-m/crti.o
 .ARM.attributes
                0x0000001d       0x2d c:/program files (x86)/cypress/psoc creator/4.1/psoc creator/import/gnu/arm/5.4.1/bin/../lib/gcc/arm-none-eabi/5.4.1/armv7-m/crtbegin.o
 .ARM.attributes
                0x0000004a       0x1b c:/program files (x86)/cypress/psoc creator/4.1/psoc creator/import/gnu/arm/5.4.1/bin/../lib/gcc/arm-none-eabi/5.4.1/../../../../arm-none-eabi/lib/armv7-m/crt0.o
 .ARM.attributes
                0x00000065       0x33 .\CortexM3\ARM_GCC_541\Debug\main.o
 .ARM.attributes
                0x00000098       0x33 .\CortexM3\ARM_GCC_541\Debug\cyfitter_cfg.o
 .ARM.attributes
                0x000000cb       0x33 .\CortexM3\ARM_GCC_541\Debug\cymetadata.o
 .ARM.attributes
                0x000000fe       0x33 .\CortexM3\ARM_GCC_541\Debug\Cm3Start.o
 .ARM.attributes
                0x00000131       0x33 .\CortexM3\ARM_GCC_541\Debug\HighFSKRx.a(Out_Comp.o)
 .ARM.attributes
                0x00000164       0x33 .\CortexM3\ARM_GCC_541\Debug\HighFSKRx.a(Count_Out.o)
 .ARM.attributes
                0x00000197       0x33 .\CortexM3\ARM_GCC_541\Debug\HighFSKRx.a(Shift_Reg.o)
 .ARM.attributes
                0x000001ca       0x33 .\CortexM3\ARM_GCC_541\Debug\HighFSKRx.a(PWM_Recon.o)
 .ARM.attributes
                0x000001fd       0x33 .\CortexM3\ARM_GCC_541\Debug\HighFSKRx.a(LCD_Char.o)
 .ARM.attributes
                0x00000230       0x33 .\CortexM3\ARM_GCC_541\Debug\HighFSKRx.a(Timer_ISR.o)
 .ARM.attributes
                0x00000263       0x33 .\CortexM3\ARM_GCC_541\Debug\HighFSKRx.a(Bit_Timer.o)
 .ARM.attributes
                0x00000296       0x33 .\CortexM3\ARM_GCC_541\Debug\HighFSKRx.a(CyLib.o)
 .ARM.attributes
                0x000002c9       0x33 .\CortexM3\ARM_GCC_541\Debug\HighFSKRx.a(cyPm.o)
 .ARM.attributes
                0x000002fc       0x33 .\CortexM3\ARM_GCC_541\Debug\HighFSKRx.a(checkWatchDogTimer.o)
 .ARM.attributes
                0x0000032f       0x33 .\CortexM3\ARM_GCC_541\Debug\HighFSKRx.a(watchDogCheck.o)
 .ARM.attributes
                0x00000362       0x33 .\CortexM3\ARM_GCC_541\Debug\HighFSKRx.a(UART.o)
 .ARM.attributes
                0x00000395       0x33 .\CortexM3\ARM_GCC_541\Debug\HighFSKRx.a(UART_IntClock.o)
 .ARM.attributes
                0x000003c8       0x33 .\CortexM3\ARM_GCC_541\Debug\HighFSKRx.a(Sleep_ISR.o)
 .ARM.attributes
                0x000003fb       0x33 .\CortexM3\ARM_GCC_541\Debug\HighFSKRx.a(SleepTimer.o)
 .ARM.attributes
                0x0000042e       0x33 .\CortexM3\ARM_GCC_541\Debug\HighFSKRx.a(sleepToggle.o)
 .ARM.attributes
                0x00000461       0x33 .\CortexM3\ARM_GCC_541\Debug\HighFSKRx.a(Power_Toggle.o)
 .ARM.attributes
                0x00000494       0x21 .\CortexM3\ARM_GCC_541\Debug\HighFSKRx.a(CyBootAsmGnu.o)
 .ARM.attributes
                0x000004b5       0x33 .\CortexM3\ARM_GCC_541\Debug\HighFSKRx.a(CyFlash.o)
 .ARM.attributes
                0x000004e8       0x33 .\CortexM3\ARM_GCC_541\Debug\HighFSKRx.a(CySpc.o)
 .ARM.attributes
                0x0000051b       0x2d c:/program files (x86)/cypress/psoc creator/4.1/psoc creator/import/gnu/arm/5.4.1/bin/../lib/gcc/arm-none-eabi/5.4.1/../../../../arm-none-eabi/lib/armv7-m\libg_nano.a(lib_a-errno.o)
 .ARM.attributes
                0x00000548       0x2d c:/program files (x86)/cypress/psoc creator/4.1/psoc creator/import/gnu/arm/5.4.1/bin/../lib/gcc/arm-none-eabi/5.4.1/../../../../arm-none-eabi/lib/armv7-m\libg_nano.a(lib_a-exit.o)
 .ARM.attributes
                0x00000575       0x2d c:/program files (x86)/cypress/psoc creator/4.1/psoc creator/import/gnu/arm/5.4.1/bin/../lib/gcc/arm-none-eabi/5.4.1/../../../../arm-none-eabi/lib/armv7-m\libg_nano.a(lib_a-impure.o)
 .ARM.attributes
                0x000005a2       0x2d c:/program files (x86)/cypress/psoc creator/4.1/psoc creator/import/gnu/arm/5.4.1/bin/../lib/gcc/arm-none-eabi/5.4.1/../../../../arm-none-eabi/lib/armv7-m\libg_nano.a(lib_a-init.o)
 .ARM.attributes
                0x000005cf       0x2d c:/program files (x86)/cypress/psoc creator/4.1/psoc creator/import/gnu/arm/5.4.1/bin/../lib/gcc/arm-none-eabi/5.4.1/../../../../arm-none-eabi/lib/armv7-m\libg_nano.a(lib_a-memcpy-stub.o)
 .ARM.attributes
                0x000005fc       0x2d c:/program files (x86)/cypress/psoc creator/4.1/psoc creator/import/gnu/arm/5.4.1/bin/../lib/gcc/arm-none-eabi/5.4.1/../../../../arm-none-eabi/lib/armv7-m\libg_nano.a(lib_a-memset.o)
 .ARM.attributes
                0x00000629       0x2d c:/program files (x86)/cypress/psoc creator/4.1/psoc creator/import/gnu/arm/5.4.1/bin/../lib/gcc/arm-none-eabi/5.4.1/../../../../arm-none-eabi/lib/armv7-m\libg_nano.a(lib_a-sprintf.o)
 .ARM.attributes
                0x00000656       0x2d c:/program files (x86)/cypress/psoc creator/4.1/psoc creator/import/gnu/arm/5.4.1/bin/../lib/gcc/arm-none-eabi/5.4.1/../../../../arm-none-eabi/lib/armv7-m\libg_nano.a(lib_a-nano-svfprintf.o)
 .ARM.attributes
                0x00000683       0x2d c:/program files (x86)/cypress/psoc creator/4.1/psoc creator/import/gnu/arm/5.4.1/bin/../lib/gcc/arm-none-eabi/5.4.1/../../../../arm-none-eabi/lib/armv7-m\libg_nano.a(lib_a-nano-vfprintf_i.o)
 .ARM.attributes
                0x000006b0       0x2d c:/program files (x86)/cypress/psoc creator/4.1/psoc creator/import/gnu/arm/5.4.1/bin/../lib/gcc/arm-none-eabi/5.4.1/../../../../arm-none-eabi/lib/armv7-m\libg_nano.a(lib_a-memchr-stub.o)
 .ARM.attributes
                0x000006dd       0x2d c:/program files (x86)/cypress/psoc creator/4.1/psoc creator/import/gnu/arm/5.4.1/bin/../lib/gcc/arm-none-eabi/5.4.1/../../../../arm-none-eabi/lib/armv7-m\libg_nano.a(lib_a-memmove.o)
 .ARM.attributes
                0x0000070a       0x2d c:/program files (x86)/cypress/psoc creator/4.1/psoc creator/import/gnu/arm/5.4.1/bin/../lib/gcc/arm-none-eabi/5.4.1/../../../../arm-none-eabi/lib/armv7-m\libg_nano.a(lib_a-nano-freer.o)
 .ARM.attributes
                0x00000737       0x2d c:/program files (x86)/cypress/psoc creator/4.1/psoc creator/import/gnu/arm/5.4.1/bin/../lib/gcc/arm-none-eabi/5.4.1/../../../../arm-none-eabi/lib/armv7-m\libg_nano.a(lib_a-nano-mallocr.o)
 .ARM.attributes
                0x00000764       0x2d c:/program files (x86)/cypress/psoc creator/4.1/psoc creator/import/gnu/arm/5.4.1/bin/../lib/gcc/arm-none-eabi/5.4.1/../../../../arm-none-eabi/lib/armv7-m\libg_nano.a(lib_a-nano-reallocr.o)
 .ARM.attributes
                0x00000791       0x2d c:/program files (x86)/cypress/psoc creator/4.1/psoc creator/import/gnu/arm/5.4.1/bin/../lib/gcc/arm-none-eabi/5.4.1/../../../../arm-none-eabi/lib/armv7-m\libg_nano.a(lib_a-sbrkr.o)
 .ARM.attributes
                0x000007be       0x2d c:/program files (x86)/cypress/psoc creator/4.1/psoc creator/import/gnu/arm/5.4.1/bin/../lib/gcc/arm-none-eabi/5.4.1/../../../../arm-none-eabi/lib/armv7-m\libg_nano.a(lib_a-mlock.o)
 .ARM.attributes
                0x000007eb       0x2d c:/program files (x86)/cypress/psoc creator/4.1/psoc creator/import/gnu/arm/5.4.1/bin/../lib/gcc/arm-none-eabi/5.4.1/../../../../arm-none-eabi/lib/armv7-m\libg_nano.a(lib_a-nano-msizer.o)
 .ARM.attributes
                0x00000818       0x2d c:/program files (x86)/cypress/psoc creator/4.1/psoc creator/import/gnu/arm/5.4.1/bin/../lib/gcc/arm-none-eabi/5.4.1/../../../../arm-none-eabi/lib/armv7-m\libg_nano.a(lib_a-reent.o)
 .ARM.attributes
                0x00000845       0x2d c:/program files (x86)/cypress/psoc creator/4.1/psoc creator/import/gnu/arm/5.4.1/bin/../lib/gcc/arm-none-eabi/5.4.1/armv7-m/crtend.o
 .ARM.attributes
                0x00000872       0x1d c:/program files (x86)/cypress/psoc creator/4.1/psoc creator/import/gnu/arm/5.4.1/bin/../lib/gcc/arm-none-eabi/5.4.1/armv7-m/crtn.o

/DISCARD/
 *(.note.GNU-stack)
OUTPUT(C:\SPB_Data\Documents\UACSCode\UACS\Spring2018\HighFSKRx.cydsn\CortexM3\ARM_GCC_541\Debug\HighFSKRx.elf elf32-littlearm)
