Archive member included to satisfy reference by file (symbol)

.\CortexM3\ARM_GCC_541\Debug\DFT.a(ADC_DelSig_1.o)
                              .\CortexM3\ARM_GCC_541\Debug\main.o (ADC_DelSig_1_Start)
.\CortexM3\ARM_GCC_541\Debug\DFT.a(ADC_DelSig_1_INT.o)
                              .\CortexM3\ARM_GCC_541\Debug\DFT.a(ADC_DelSig_1.o) (ADC_DelSig_1_ISR1)
.\CortexM3\ARM_GCC_541\Debug\DFT.a(ADC_SAR_1.o)
                              .\CortexM3\ARM_GCC_541\Debug\main.o (ADC_SAR_1_Start)
.\CortexM3\ARM_GCC_541\Debug\DFT.a(ADC_SAR_1_INT.o)
                              .\CortexM3\ARM_GCC_541\Debug\DFT.a(ADC_SAR_1.o) (ADC_SAR_1_ISR)
.\CortexM3\ARM_GCC_541\Debug\DFT.a(ADC_DelSig_1_AMux.o)
                              .\CortexM3\ARM_GCC_541\Debug\DFT.a(ADC_DelSig_1.o) (ADC_DelSig_1_AMux_Select)
.\CortexM3\ARM_GCC_541\Debug\DFT.a(ADC_DelSig_1_Ext_CP_Clk.o)
                              .\CortexM3\ARM_GCC_541\Debug\DFT.a(ADC_DelSig_1.o) (ADC_DelSig_1_Ext_CP_Clk_SetModeRegister)
.\CortexM3\ARM_GCC_541\Debug\DFT.a(ADC_DelSig_1_theACLK.o)
                              .\CortexM3\ARM_GCC_541\Debug\DFT.a(ADC_DelSig_1.o) (ADC_DelSig_1_theACLK_SetModeRegister)
.\CortexM3\ARM_GCC_541\Debug\DFT.a(ADC_SAR_1_theACLK.o)
                              .\CortexM3\ARM_GCC_541\Debug\DFT.a(ADC_SAR_1.o) (ADC_SAR_1_theACLK_SetModeRegister)
.\CortexM3\ARM_GCC_541\Debug\DFT.a(CyLib.o)
                              .\CortexM3\ARM_GCC_541\Debug\Cm3Start.o (CyHalt)
.\CortexM3\ARM_GCC_541\Debug\DFT.a(cyPm.o)
                              .\CortexM3\ARM_GCC_541\Debug\DFT.a(CyLib.o) (CyPmReadStatus)
.\CortexM3\ARM_GCC_541\Debug\DFT.a(VDAC8_DELSIG.o)
                              .\CortexM3\ARM_GCC_541\Debug\main.o (VDAC8_DELSIG_SetValue)
.\CortexM3\ARM_GCC_541\Debug\DFT.a(VDAC8_SAR.o)
                              .\CortexM3\ARM_GCC_541\Debug\main.o (VDAC8_SAR_Start)
.\CortexM3\ARM_GCC_541\Debug\DFT.a(Sar_ISR.o)
                              .\CortexM3\ARM_GCC_541\Debug\main.o (Sar_ISR_StartEx)
.\CortexM3\ARM_GCC_541\Debug\DFT.a(ADC_ISR.o)
                              .\CortexM3\ARM_GCC_541\Debug\main.o (ADC_ISR_StartEx)
.\CortexM3\ARM_GCC_541\Debug\DFT.a(CyBootAsmGnu.o)
                              .\CortexM3\ARM_GCC_541\Debug\cyfitter_cfg.o (CyDelayCycles)
.\CortexM3\ARM_GCC_541\Debug\DFT.a(CyFlash.o)
                              .\CortexM3\ARM_GCC_541\Debug\DFT.a(cyPm.o) (CyFlash_SetWaitCycles)
.\CortexM3\ARM_GCC_541\Debug\DFT.a(CySpc.o)
                              .\CortexM3\ARM_GCC_541\Debug\DFT.a(CyFlash.o) (CySpcStart)
c:/program files (x86)/cypress/psoc creator/4.1/psoc creator/import/gnu/arm/5.4.1/bin/../lib/gcc/arm-none-eabi/5.4.1/armv7-m\libgcc.a(_arm_addsubdf3.o)
                              .\CortexM3\ARM_GCC_541\Debug\DFT.a(ADC_DelSig_1.o) (__aeabi_f2d)
c:/program files (x86)/cypress/psoc creator/4.1/psoc creator/import/gnu/arm/5.4.1/bin/../lib/gcc/arm-none-eabi/5.4.1/armv7-m\libgcc.a(_arm_cmpdf2.o)
                              .\CortexM3\ARM_GCC_541\Debug\DFT.a(ADC_DelSig_1.o) (__aeabi_dcmpgt)
c:/program files (x86)/cypress/psoc creator/4.1/psoc creator/import/gnu/arm/5.4.1/bin/../lib/gcc/arm-none-eabi/5.4.1/armv7-m\libgcc.a(_arm_addsubsf3.o)
                              .\CortexM3\ARM_GCC_541\Debug\DFT.a(ADC_DelSig_1.o) (__aeabi_ui2f)
c:/program files (x86)/cypress/psoc creator/4.1/psoc creator/import/gnu/arm/5.4.1/bin/../lib/gcc/arm-none-eabi/5.4.1/armv7-m\libgcc.a(_arm_muldivsf3.o)
                              .\CortexM3\ARM_GCC_541\Debug\DFT.a(ADC_DelSig_1.o) (__aeabi_fmul)
c:/program files (x86)/cypress/psoc creator/4.1/psoc creator/import/gnu/arm/5.4.1/bin/../lib/gcc/arm-none-eabi/5.4.1/armv7-m\libgcc.a(_arm_fixunssfsi.o)
                              .\CortexM3\ARM_GCC_541\Debug\DFT.a(ADC_DelSig_1.o) (__aeabi_f2uiz)
c:/program files (x86)/cypress/psoc creator/4.1/psoc creator/import/gnu/arm/5.4.1/bin/../lib/gcc/arm-none-eabi/5.4.1/armv7-m\libgcc.a(_aeabi_ldivmod.o)
                              .\CortexM3\ARM_GCC_541\Debug\DFT.a(ADC_SAR_1.o) (__aeabi_ldivmod)
c:/program files (x86)/cypress/psoc creator/4.1/psoc creator/import/gnu/arm/5.4.1/bin/../lib/gcc/arm-none-eabi/5.4.1/armv7-m\libgcc.a(_udivmoddi4.o)
                              c:/program files (x86)/cypress/psoc creator/4.1/psoc creator/import/gnu/arm/5.4.1/bin/../lib/gcc/arm-none-eabi/5.4.1/armv7-m\libgcc.a(_aeabi_ldivmod.o) (__udivmoddi4)
c:/program files (x86)/cypress/psoc creator/4.1/psoc creator/import/gnu/arm/5.4.1/bin/../lib/gcc/arm-none-eabi/5.4.1/armv7-m\libgcc.a(_dvmd_tls.o)
                              c:/program files (x86)/cypress/psoc creator/4.1/psoc creator/import/gnu/arm/5.4.1/bin/../lib/gcc/arm-none-eabi/5.4.1/armv7-m\libgcc.a(_aeabi_ldivmod.o) (__aeabi_ldiv0)
c:/program files (x86)/cypress/psoc creator/4.1/psoc creator/import/gnu/arm/5.4.1/bin/../lib/gcc/arm-none-eabi/5.4.1/../../../../arm-none-eabi/lib/armv7-m\libg_nano.a(lib_a-errno.o)
                              .\CortexM3\ARM_GCC_541\Debug\Cm3Start.o (__errno)
[...]
Memory Configuration

Name             Origin             Length             Attributes
rom              0x00000000         0x00040000         xr
ram              0x1fff8000         0x00010000         xrw
*default*        0x00000000         0xffffffff

Linker script and memory map

LOAD c:/program files (x86)/cypress/psoc creator/4.1/psoc creator/import/gnu/arm/5.4.1/bin/../lib/gcc/arm-none-eabi/5.4.1/armv7-m/crti.o
LOAD c:/program files (x86)/cypress/psoc creator/4.1/psoc creator/import/gnu/arm/5.4.1/bin/../lib/gcc/arm-none-eabi/5.4.1/armv7-m/crtbegin.o
LOAD c:/program files (x86)/cypress/psoc creator/4.1/psoc creator/import/gnu/arm/5.4.1/bin/../lib/gcc/arm-none-eabi/5.4.1/../../../../arm-none-eabi/lib/armv7-m/crt0.o
START GROUP
LOAD .\CortexM3\ARM_GCC_541\Debug\main.o
LOAD .\CortexM3\ARM_GCC_541\Debug\cyfitter_cfg.o
LOAD .\CortexM3\ARM_GCC_541\Debug\cymetadata.o
LOAD .\CortexM3\ARM_GCC_541\Debug\Cm3Start.o
LOAD .\CortexM3\ARM_GCC_541\Debug\DFT.a
LOAD C:\Program Files (x86)\Cypress\PSoC Creator\4.1\PSoC Creator\psoc\content\cycomponentlibrary\CyComponentLibrary.cylib\CortexM3\ARM_GCC_541\Debug\CyComponentLibrary.a
END GROUP
START GROUP
LOAD c:/program files (x86)/cypress/psoc creator/4.1/psoc creator/import/gnu/arm/5.4.1/bin/../lib/gcc/arm-none-eabi/5.4.1/armv7-m\libgcc.a
LOAD c:/program files (x86)/cypress/psoc creator/4.1/psoc creator/import/gnu/arm/5.4.1/bin/../lib/gcc/arm-none-eabi/5.4.1/../../../../arm-none-eabi/lib/armv7-m\libg_nano.a
LOAD c:/program files (x86)/cypress/psoc creator/4.1/psoc creator/import/gnu/arm/5.4.1/bin/../lib/gcc/arm-none-eabi/5.4.1/../../../../arm-none-eabi/lib/armv7-m\libc_nano.a
END GROUP
START GROUP
LOAD c:/program files (x86)/cypress/psoc creator/4.1/psoc creator/import/gnu/arm/5.4.1/bin/../lib/gcc/arm-none-eabi/5.4.1/armv7-m\libgcc.a
LOAD c:/program files (x86)/cypress/psoc creator/4.1/psoc creator/import/gnu/arm/5.4.1/bin/../lib/gcc/arm-none-eabi/5.4.1/../../../../arm-none-eabi/lib/armv7-m\libc_nano.a
END GROUP
LOAD c:/program files (x86)/cypress/psoc creator/4.1/psoc creator/import/gnu/arm/5.4.1/bin/../lib/gcc/arm-none-eabi/5.4.1/armv7-m/crtend.o
LOAD c:/program files (x86)/cypress/psoc creator/4.1/psoc creator/import/gnu/arm/5.4.1/bin/../lib/gcc/arm-none-eabi/5.4.1/armv7-m/crtn.o
START GROUP
LOAD c:/program files (x86)/cypress/psoc creator/4.1/psoc creator/import/gnu/arm/5.4.1/bin/../lib/gcc/arm-none-eabi/5.4.1/armv7-m\libgcc.a
LOAD c:/program files (x86)/cypress/psoc creator/4.1/psoc creator/import/gnu/arm/5.4.1/bin/../lib/gcc/arm-none-eabi/5.4.1/../../../../arm-none-eabi/lib/armv7-m\libc.a
LOAD c:/program files (x86)/cypress/psoc creator/4.1/psoc creator/import/gnu/arm/5.4.1/bin/../lib/gcc/arm-none-eabi/5.4.1/../../../../arm-none-eabi/lib/armv7-m\libnosys.a
END GROUP
                0x00000000                CY_APPL_ORIGIN = 0x0
                0x00000100                CY_FLASH_ROW_SIZE = 0x100
                0x00000020                CY_ECC_ROW_SIZE = 0x20
                0x00000000                CY_EE_IN_BTLDR = 0x0
                0x00000000                CY_APPL_LOADABLE = 0x0
                0x00000800                CY_EE_SIZE = 0x800
                0x00000001                CY_APPL_NUM = 0x1
                0x00000001                CY_APPL_MAX = 0x1
                0x00000040                CY_METADATA_SIZE = 0x40
                0x00000000                CY_APPL_LOADABLE = 0x0
                0x00000000                CY_CHECKSUM_EXCLUDE_SIZE = ALIGN (0x0, CY_FLASH_ROW_SIZE)
                [!provide]                PROVIDE (__cy_heap_start, _end)
                0x00000001                PROVIDE (__cy_region_num, ((__cy_regions_end - __cy_regions) / 0x10))
                0x20008000                PROVIDE (__cy_stack, (ORIGIN (ram) + LENGTH (ram)))
                [!provide]                PROVIDE (__cy_heap_end, (__cy_stack - 0x800))

.cybootloader   0x00000000        0x0
 *(.cybootloader)
                0x00000000                appl1_start = CY_APPL_ORIGIN?CY_APPL_ORIGIN:ALIGN (CY_FLASH_ROW_SIZE)
                0x0001ff00                appl2_start = (appl1_start + ALIGN ((((LENGTH (rom) - appl1_start) - (0x2 * CY_FLASH_ROW_SIZE)) / 0x2), CY_FLASH_ROW_SIZE))
                0x00000000                appl_start = (CY_APPL_NUM == 0x1)?appl1_start:appl2_start
                0x00000000                ecc_offset = ((appl_start / CY_FLASH_ROW_SIZE) * CY_ECC_ROW_SIZE)
                0x00000000                ee_offset = (CY_APPL_LOADABLE && ! (CY_EE_IN_BTLDR))?((CY_EE_SIZE / CY_APPL_MAX) * (CY_APPL_NUM - 0x1)):0x0
                0x00000800                ee_size = (CY_APPL_LOADABLE && ! (CY_EE_IN_BTLDR))?(CY_EE_SIZE / CY_APPL_MAX):CY_EE_SIZE
                [!provide]                PROVIDE (CY_ECC_OFFSET, ecc_offset)

.text           0x00000000     0x128e
 CREATE_OBJECT_SYMBOLS
                0x00000000                PROVIDE (__cy_interrupt_vector, RomVectors)
 *(.romvectors)
 .romvectors    0x00000000       0x10 .\CortexM3\ARM_GCC_541\Debug\Cm3Start.o
                0x00000000                RomVectors
                0x00000001                ASSERT ((. != __cy_interrupt_vector), No interrupt vector)
                0x00000001                ASSERT (CY_APPL_ORIGIN?(SIZEOF (.cybootloader) <= CY_APPL_ORIGIN):0x1, Wrong image location)
                0x00000010                PROVIDE (__cy_reset, Reset)
 *(.text.Reset)
 .text.Reset    0x00000010       0x18 .\CortexM3\ARM_GCC_541\Debug\Cm3Start.o
                0x00000010                Reset
                0x00000001                ASSERT ((. != __cy_reset), No reset code)
 *(.dma_init)
                0x00000001                ASSERT ((((appl_start + .) <= 0x10000) || 0x1), DMA Init must be within the first 64k of flash)
 *(.text .text.* .gnu.linkonce.t.*)
 .text          0x00000028       0x5c c:/program files (x86)/cypress/psoc creator/4.1/psoc creator/import/gnu/arm/5.4.1/bin/../lib/gcc/arm-none-eabi/5.4.1/armv7-m/crtbegin.o
 .text.SAR_Output
                0x00000084        0x4 .\CortexM3\ARM_GCC_541\Debug\main.o
                0x00000084                SAR_Output
 .text.ADC_Output
                0x00000088       0x10 .\CortexM3\ARM_GCC_541\Debug\main.o
                0x00000088                ADC_Output
 .text.main     0x00000098       0x34 .\CortexM3\ARM_GCC_541\Debug\main.o
                0x00000098                main
 .text.CyClockStartupError
                0x000000cc        0x4 .\CortexM3\ARM_GCC_541\Debug\cyfitter_cfg.o
 .text.cfg_write_bytes32
                0x000000d0       0x34 .\CortexM3\ARM_GCC_541\Debug\cyfitter_cfg.o
 .text.CYMEMZERO
                0x00000104        0xc .\CortexM3\ARM_GCC_541\Debug\cyfitter_cfg.o
 .text.AnalogSetDefault
                0x00000110       0x98 .\CortexM3\ARM_GCC_541\Debug\cyfitter_cfg.o
 .text.CYCONFIGCPY
                0x000001a8        0x8 .\CortexM3\ARM_GCC_541\Debug\cyfitter_cfg.o
 .text.ClockSetup
                0x000001b0       0xec .\CortexM3\ARM_GCC_541\Debug\cyfitter_cfg.o
 .text.ADC_DelSig_1_AMux_Set
                0x0000029c       0x1c .\CortexM3\ARM_GCC_541\Debug\cyfitter_cfg.o
                0x0000029c                ADC_DelSig_1_AMux_Set
 .text.ADC_DelSig_1_AMux_Unset
                0x000002b8       0x1c .\CortexM3\ARM_GCC_541\Debug\cyfitter_cfg.o
                0x000002b8                ADC_DelSig_1_AMux_Unset
 .text.cyfitter_cfg
                0x000002d4       0xe4 .\CortexM3\ARM_GCC_541\Debug\cyfitter_cfg.o
                0x000002d4                cyfitter_cfg
 .text.IntDefaultHandler
                0x000003b8       0x10 .\CortexM3\ARM_GCC_541\Debug\Cm3Start.o
                0x000003b8                IntDefaultHandler
 .text.Start_c  0x000003c8       0x4c .\CortexM3\ARM_GCC_541\Debug\Cm3Start.o
                0x000003c8                Start_c
 .text.initialize_psoc
                0x00000414       0x68 .\CortexM3\ARM_GCC_541\Debug\Cm3Start.o
                0x00000414                initialize_psoc
 .text.ADC_DelSig_1_GainCompensation
                0x0000047c       0xe0 .\CortexM3\ARM_GCC_541\Debug\DFT.a(ADC_DelSig_1.o)
 .text.ADC_DelSig_1_SetDSMRef0Reg
                0x0000055c       0x4c .\CortexM3\ARM_GCC_541\Debug\DFT.a(ADC_DelSig_1.o)
 .text.ADC_DelSig_1_InitConfig
                0x000005a8      0x32c .\CortexM3\ARM_GCC_541\Debug\DFT.a(ADC_DelSig_1.o)
 .text.ADC_DelSig_1_Init
                0x000008d4      0x108 .\CortexM3\ARM_GCC_541\Debug\DFT.a(ADC_DelSig_1.o)
                0x000008d4                ADC_DelSig_1_Init
 .text.ADC_DelSig_1_Enable
                0x000009dc       0xd4 .\CortexM3\ARM_GCC_541\Debug\DFT.a(ADC_DelSig_1.o)
                0x000009dc                ADC_DelSig_1_Enable
 .text.ADC_DelSig_1_Start
                0x00000ab0       0x28 .\CortexM3\ARM_GCC_541\Debug\DFT.a(ADC_DelSig_1.o)
                0x00000ab0                ADC_DelSig_1_Start
 .text.ADC_DelSig_1_StartConvert
                0x00000ad8       0x10 .\CortexM3\ARM_GCC_541\Debug\DFT.a(ADC_DelSig_1.o)
                0x00000ad8                ADC_DelSig_1_StartConvert
 .text.ADC_DelSig_1_GetResult8
                0x00000ae8       0x48 .\CortexM3\ARM_GCC_541\Debug\DFT.a(ADC_DelSig_1.o)
                0x00000ae8                ADC_DelSig_1_GetResult8
 .text.ADC_DelSig_1_ISR1
                0x00000b30        0x4 .\CortexM3\ARM_GCC_541\Debug\DFT.a(ADC_DelSig_1_INT.o)
                0x00000b30                ADC_DelSig_1_ISR1
 .text.ADC_DelSig_1_ISR2
                0x00000b34        0x4 .\CortexM3\ARM_GCC_541\Debug\DFT.a(ADC_DelSig_1_INT.o)
                0x00000b34                ADC_DelSig_1_ISR2
 .text.ADC_DelSig_1_ISR3
                0x00000b38        0x4 .\CortexM3\ARM_GCC_541\Debug\DFT.a(ADC_DelSig_1_INT.o)
                0x00000b38                ADC_DelSig_1_ISR3
 .text.ADC_DelSig_1_ISR4
                0x00000b3c        0x4 .\CortexM3\ARM_GCC_541\Debug\DFT.a(ADC_DelSig_1_INT.o)
                0x00000b3c                ADC_DelSig_1_ISR4
 .text.ADC_SAR_1_CalcGain
                0x00000b40       0x64 .\CortexM3\ARM_GCC_541\Debug\DFT.a(ADC_SAR_1.o)
 .text.ADC_SAR_1_Enable
                0x00000ba4       0x94 .\CortexM3\ARM_GCC_541\Debug\DFT.a(ADC_SAR_1.o)
                0x00000ba4                ADC_SAR_1_Enable
 .text.ADC_SAR_1_SetResolution
                0x00000c38       0x38 .\CortexM3\ARM_GCC_541\Debug\DFT.a(ADC_SAR_1.o)
                0x00000c38                ADC_SAR_1_SetResolution
 .text.ADC_SAR_1_Init
                0x00000c70       0x3c .\CortexM3\ARM_GCC_541\Debug\DFT.a(ADC_SAR_1.o)
                0x00000c70                ADC_SAR_1_Init
 .text.ADC_SAR_1_Start
                0x00000cac       0x1c .\CortexM3\ARM_GCC_541\Debug\DFT.a(ADC_SAR_1.o)
                0x00000cac                ADC_SAR_1_Start
 .text.ADC_SAR_1_StartConvert
                0x00000cc8       0x10 .\CortexM3\ARM_GCC_541\Debug\DFT.a(ADC_SAR_1.o)
                0x00000cc8                ADC_SAR_1_StartConvert
 .text.ADC_SAR_1_ISR
                0x00000cd8        0x4 .\CortexM3\ARM_GCC_541\Debug\DFT.a(ADC_SAR_1_INT.o)
                0x00000cd8                ADC_SAR_1_ISR
 .text.ADC_DelSig_1_AMux_Start
                0x00000cdc       0x20 .\CortexM3\ARM_GCC_541\Debug\DFT.a(ADC_DelSig_1_AMux.o)
                0x00000cdc                ADC_DelSig_1_AMux_Start
 .text.ADC_DelSig_1_AMux_Select
                0x00000cfc       0x18 .\CortexM3\ARM_GCC_541\Debug\DFT.a(ADC_DelSig_1_AMux.o)
                0x00000cfc                ADC_DelSig_1_AMux_Select
 .text.ADC_DelSig_1_Ext_CP_Clk_GetDividerRegister
                0x00000d14        0xc .\CortexM3\ARM_GCC_541\Debug\DFT.a(ADC_DelSig_1_Ext_CP_Clk.o)
                0x00000d14                ADC_DelSig_1_Ext_CP_Clk_GetDividerRegister
 .text.ADC_DelSig_1_Ext_CP_Clk_SetModeRegister
                0x00000d20       0x14 .\CortexM3\ARM_GCC_541\Debug\DFT.a(ADC_DelSig_1_Ext_CP_Clk.o)
                0x00000d20                ADC_DelSig_1_Ext_CP_Clk_SetModeRegister
 .text.ADC_DelSig_1_Ext_CP_Clk_GetSourceRegister
                0x00000d34       0x10 .\CortexM3\ARM_GCC_541\Debug\DFT.a(ADC_DelSig_1_Ext_CP_Clk.o)
                0x00000d34                ADC_DelSig_1_Ext_CP_Clk_GetSourceRegister
 .text.ADC_DelSig_1_Ext_CP_Clk_SetDividerRegister
                0x00000d44       0xd8 .\CortexM3\ARM_GCC_541\Debug\DFT.a(ADC_DelSig_1_Ext_CP_Clk.o)
                0x00000d44                ADC_DelSig_1_Ext_CP_Clk_SetDividerRegister
 .text.ADC_DelSig_1_theACLK_GetDividerRegister
                0x00000e1c        0xc .\CortexM3\ARM_GCC_541\Debug\DFT.a(ADC_DelSig_1_theACLK.o)
                0x00000e1c                ADC_DelSig_1_theACLK_GetDividerRegister
 .text.ADC_DelSig_1_theACLK_SetModeRegister
                0x00000e28       0x14 .\CortexM3\ARM_GCC_541\Debug\DFT.a(ADC_DelSig_1_theACLK.o)
                0x00000e28                ADC_DelSig_1_theACLK_SetModeRegister
 .text.ADC_DelSig_1_theACLK_GetSourceRegister
                0x00000e3c       0x10 .\CortexM3\ARM_GCC_541\Debug\DFT.a(ADC_DelSig_1_theACLK.o)
                0x00000e3c                ADC_DelSig_1_theACLK_GetSourceRegister
 .text.ADC_DelSig_1_theACLK_SetDividerRegister
                0x00000e4c       0xd8 .\CortexM3\ARM_GCC_541\Debug\DFT.a(ADC_DelSig_1_theACLK.o)
                0x00000e4c                ADC_DelSig_1_theACLK_SetDividerRegister
 .text.ADC_SAR_1_theACLK_SetModeRegister
                0x00000f24       0x14 .\CortexM3\ARM_GCC_541\Debug\DFT.a(ADC_SAR_1_theACLK.o)
                0x00000f24                ADC_SAR_1_theACLK_SetModeRegister
 .text.CyHalt   0x00000f38        0x4 .\CortexM3\ARM_GCC_541\Debug\DFT.a(CyLib.o)
                0x00000f38                CyHalt
 .text.CyDelayUs
                0x00000f3c       0x14 .\CortexM3\ARM_GCC_541\Debug\DFT.a(CyLib.o)
                0x00000f3c                CyDelayUs
 .text.CyIntSetVector
                0x00000f50       0x28 .\CortexM3\ARM_GCC_541\Debug\DFT.a(CyLib.o)
                0x00000f50                CyIntSetVector
 .text.CyIntSetPriority
                0x00000f78       0x30 .\CortexM3\ARM_GCC_541\Debug\DFT.a(CyLib.o)
                0x00000f78                CyIntSetPriority
 .text.VDAC8_DELSIG_Enable
                0x00000fa8       0x1c .\CortexM3\ARM_GCC_541\Debug\DFT.a(VDAC8_DELSIG.o)
                0x00000fa8                VDAC8_DELSIG_Enable
 .text.VDAC8_DELSIG_SetSpeed
                0x00000fc4       0x1c .\CortexM3\ARM_GCC_541\Debug\DFT.a(VDAC8_DELSIG.o)
                0x00000fc4                VDAC8_DELSIG_SetSpeed
 .text.VDAC8_DELSIG_SetValue
                0x00000fe0        0xc .\CortexM3\ARM_GCC_541\Debug\DFT.a(VDAC8_DELSIG.o)
                0x00000fe0                VDAC8_DELSIG_SetValue
 .text.VDAC8_DELSIG_DacTrim
                0x00000fec       0x24 .\CortexM3\ARM_GCC_541\Debug\DFT.a(VDAC8_DELSIG.o)
                0x00000fec                VDAC8_DELSIG_DacTrim
 .text.VDAC8_DELSIG_SetRange
                0x00001010       0x20 .\CortexM3\ARM_GCC_541\Debug\DFT.a(VDAC8_DELSIG.o)
                0x00001010                VDAC8_DELSIG_SetRange
 .text.VDAC8_DELSIG_Init
                0x00001030       0x20 .\CortexM3\ARM_GCC_541\Debug\DFT.a(VDAC8_DELSIG.o)
                0x00001030                VDAC8_DELSIG_Init
 .text.VDAC8_DELSIG_Start
                0x00001050       0x24 .\CortexM3\ARM_GCC_541\Debug\DFT.a(VDAC8_DELSIG.o)
                0x00001050                VDAC8_DELSIG_Start
 .text.VDAC8_SAR_Enable
                0x00001074       0x1c .\CortexM3\ARM_GCC_541\Debug\DFT.a(VDAC8_SAR.o)
                0x00001074                VDAC8_SAR_Enable
 .text.VDAC8_SAR_SetSpeed
                0x00001090       0x1c .\CortexM3\ARM_GCC_541\Debug\DFT.a(VDAC8_SAR.o)
                0x00001090                VDAC8_SAR_SetSpeed
 .text.VDAC8_SAR_SetValue
                0x000010ac        0xc .\CortexM3\ARM_GCC_541\Debug\DFT.a(VDAC8_SAR.o)
                0x000010ac                VDAC8_SAR_SetValue
 .text.VDAC8_SAR_DacTrim
                0x000010b8       0x24 .\CortexM3\ARM_GCC_541\Debug\DFT.a(VDAC8_SAR.o)
                0x000010b8                VDAC8_SAR_DacTrim
 .text.VDAC8_SAR_SetRange
                0x000010dc       0x20 .\CortexM3\ARM_GCC_541\Debug\DFT.a(VDAC8_SAR.o)
                0x000010dc                VDAC8_SAR_SetRange
 .text.VDAC8_SAR_Init
                0x000010fc       0x20 .\CortexM3\ARM_GCC_541\Debug\DFT.a(VDAC8_SAR.o)
                0x000010fc                VDAC8_SAR_Init
 .text.VDAC8_SAR_Start
                0x0000111c       0x24 .\CortexM3\ARM_GCC_541\Debug\DFT.a(VDAC8_SAR.o)
                0x0000111c                VDAC8_SAR_Start
 .text.Sar_ISR_SetVector
                0x00001140        0xc .\CortexM3\ARM_GCC_541\Debug\DFT.a(Sar_ISR.o)
                0x00001140                Sar_ISR_SetVector
 .text.Sar_ISR_SetPriority
                0x0000114c       0x10 .\CortexM3\ARM_GCC_541\Debug\DFT.a(Sar_ISR.o)
                0x0000114c                Sar_ISR_SetPriority
 .text.Sar_ISR_Enable
                0x0000115c        0xc .\CortexM3\ARM_GCC_541\Debug\DFT.a(Sar_ISR.o)
                0x0000115c                Sar_ISR_Enable
 .text.Sar_ISR_Disable
                0x00001168        0xc .\CortexM3\ARM_GCC_541\Debug\DFT.a(Sar_ISR.o)
                0x00001168                Sar_ISR_Disable
 .text.Sar_ISR_StartEx
                0x00001174       0x1c .\CortexM3\ARM_GCC_541\Debug\DFT.a(Sar_ISR.o)
                0x00001174                Sar_ISR_StartEx
 .text.ADC_ISR_SetVector
                0x00001190       0x10 .\CortexM3\ARM_GCC_541\Debug\DFT.a(ADC_ISR.o)
                0x00001190                ADC_ISR_SetVector
 .text.ADC_ISR_SetPriority
                0x000011a0       0x10 .\CortexM3\ARM_GCC_541\Debug\DFT.a(ADC_ISR.o)
                0x000011a0                ADC_ISR_SetPriority
 .text.ADC_ISR_Enable
                0x000011b0       0x10 .\CortexM3\ARM_GCC_541\Debug\DFT.a(ADC_ISR.o)
                0x000011b0                ADC_ISR_Enable
 .text.ADC_ISR_Disable
                0x000011c0       0x10 .\CortexM3\ARM_GCC_541\Debug\DFT.a(ADC_ISR.o)
                0x000011c0                ADC_ISR_Disable
 .text.ADC_ISR_StartEx
                0x000011d0       0x1c .\CortexM3\ARM_GCC_541\Debug\DFT.a(ADC_ISR.o)
                0x000011d0                ADC_ISR_StartEx
 *fill*         0x000011ec        0x4 
 .text          0x000011f0       0x20 .\CortexM3\ARM_GCC_541\Debug\DFT.a(CyBootAsmGnu.o)
                0x000011f0                CyDelayCycles
                0x00001200                CyEnterCriticalSection
                0x00001208                CyExitCriticalSection
 .text.__errno  0x00001210        0xc c:/program files (x86)/cypress/psoc creator/4.1/psoc creator/import/gnu/arm/5.4.1/bin/../lib/gcc/arm-none-eabi/5.4.1/../../../../arm-none-eabi/lib/armv7-m\libg_nano.a(lib_a-errno.o)
                0x00001210                __errno
 .text.__libc_init_array
                0x0000121c       0x4c c:/program files (x86)/cypress/psoc creator/4.1/psoc creator/import/gnu/arm/5.4.1/bin/../lib/gcc/arm-none-eabi/5.4.1/../../../../arm-none-eabi/lib/armv7-m\libg_nano.a(lib_a-init.o)
                0x0000121c                __libc_init_array
 .text.memcpy   0x00001268       0x16 c:/program files (x86)/cypress/psoc creator/4.1/psoc creator/import/gnu/arm/5.4.1/bin/../lib/gcc/arm-none-eabi/5.4.1/../../../../arm-none-eabi/lib/armv7-m\libg_nano.a(lib_a-memcpy-stub.o)
                0x00001268                memcpy
 .text.memset   0x0000127e       0x10 c:/program files (x86)/cypress/psoc creator/4.1/psoc creator/import/gnu/arm/5.4.1/bin/../lib/gcc/arm-none-eabi/5.4.1/../../../../arm-none-eabi/lib/armv7-m\libg_nano.a(lib_a-memset.o)
                0x0000127e                memset
 *(.plt)
 *(.gnu.warning)
 *(.glue_7t)
 .glue_7t       0x0000128e        0x0 linker stubs
 *(.glue_7)
 .glue_7        0x0000128e        0x0 linker stubs
 *(.vfp11_veneer)
 .vfp11_veneer  0x0000128e        0x0 linker stubs
 *(.bootloader)
 *(.ARM.extab* .gnu.linkonce.armextab.*)
 *(.gcc_except_table)

.v4_bx          0x00001290        0x0
 .v4_bx         0x00001290        0x0 linker stubs

.iplt           0x00001290        0x0
 .iplt          0x00001290        0x0 c:/program files (x86)/cypress/psoc creator/4.1/psoc creator/import/gnu/arm/5.4.1/bin/../lib/gcc/arm-none-eabi/5.4.1/armv7-m/crtbegin.o

.eh_frame_hdr
 *(.eh_frame_hdr)

.eh_frame       0x00001290        0x4
 *(.eh_frame)
 .eh_frame      0x00001290        0x0 c:/program files (x86)/cypress/psoc creator/4.1/psoc creator/import/gnu/arm/5.4.1/bin/../lib/gcc/arm-none-eabi/5.4.1/armv7-m/crtbegin.o
 .eh_frame      0x00001290        0x4 c:/program files (x86)/cypress/psoc creator/4.1/psoc creator/import/gnu/arm/5.4.1/bin/../lib/gcc/arm-none-eabi/5.4.1/armv7-m/crtend.o
                [!provide]                PROVIDE (__exidx_start, .)

.ARM.exidx
 *(.ARM.exidx* .gnu.linkonce.armexidx.*)
                0x00001294                __exidx_end = .

.rodata         0x00001294       0x74
 *(.rodata .rodata.* .gnu.linkonce.r.*)
 .rodata        0x00001294       0x3c .\CortexM3\ARM_GCC_541\Debug\cyfitter_cfg.o
                0x00001294                ADC_DelSig_1_AMux__addrTable
                0x0000129c                ADC_DelSig_1_AMux__maskTable
 .rodata.str1.1
                0x000012d0        0x2 c:/program files (x86)/cypress/psoc creator/4.1/psoc creator/import/gnu/arm/5.4.1/bin/../lib/gcc/arm-none-eabi/5.4.1/../../../../arm-none-eabi/lib/armv7-m\libg_nano.a(lib_a-impure.o)
                0x000012d4                . = ALIGN (0x4)
 *fill*         0x000012d2        0x2 
 *(.init)
 .init          0x000012d4        0x4 c:/program files (x86)/cypress/psoc creator/4.1/psoc creator/import/gnu/arm/5.4.1/bin/../lib/gcc/arm-none-eabi/5.4.1/armv7-m/crti.o
                0x000012d4                _init
 .init          0x000012d8        0x8 c:/program files (x86)/cypress/psoc creator/4.1/psoc creator/import/gnu/arm/5.4.1/bin/../lib/gcc/arm-none-eabi/5.4.1/armv7-m/crtn.o
                0x000012e0                . = ALIGN (0x4)
                0x000012e0                __preinit_array_start = .
 *(.preinit_array)
                0x000012e0                __preinit_array_end = .
                0x000012e0                . = ALIGN (0x4)
                0x000012e0                __init_array_start = .
 *(SORT(.init_array.*))
 *(.init_array)
 .init_array    0x000012e0        0x4 c:/program files (x86)/cypress/psoc creator/4.1/psoc creator/import/gnu/arm/5.4.1/bin/../lib/gcc/arm-none-eabi/5.4.1/armv7-m/crtbegin.o
 .init_array    0x000012e4        0x4 .\CortexM3\ARM_GCC_541\Debug\Cm3Start.o
                0x000012e8                __init_array_end = .
                0x000012e8                . = ALIGN (0x4)
 *(.fini)
 .fini          0x000012e8        0x4 c:/program files (x86)/cypress/psoc creator/4.1/psoc creator/import/gnu/arm/5.4.1/bin/../lib/gcc/arm-none-eabi/5.4.1/armv7-m/crti.o
                0x000012e8                _fini
 .fini          0x000012ec        0x8 c:/program files (x86)/cypress/psoc creator/4.1/psoc creator/import/gnu/arm/5.4.1/bin/../lib/gcc/arm-none-eabi/5.4.1/armv7-m/crtn.o
                0x000012f4                . = ALIGN (0x4)
                0x000012f4                __fini_array_start = .
 *(.fini_array)
 .fini_array    0x000012f4        0x4 c:/program files (x86)/cypress/psoc creator/4.1/psoc creator/import/gnu/arm/5.4.1/bin/../lib/gcc/arm-none-eabi/5.4.1/armv7-m/crtbegin.o
 *(SORT(.fini_array.*))
                0x000012f8                __fini_array_end = .
                0x000012f8                . = ALIGN (0x4)
 *crtbegin.o(.ctors)
 *(EXCLUDE_FILE(*crtend.o) .ctors)
 *(SORT(.ctors.*))
 *crtend.o(.ctors)
                0x000012f8                . = ALIGN (0x4)
 *crtbegin.o(.dtors)
 *(EXCLUDE_FILE(*crtend.o) .dtors)
 *(SORT(.dtors.*))
 *crtend.o(.dtors)
                0x000012f8                . = ALIGN (0x4)
                0x000012f8                __cy_regions = .
                0x000012f8        0x4 LONG 0x1308 __cy_region_init_ram
                0x000012fc        0x4 LONG 0x1fff80c8 __cy_region_start_data
                0x00001300        0x4 LONG 0x80 __cy_region_init_size_ram
                0x00001304        0x4 LONG 0x48 __cy_region_zero_size_ram
                0x00001308                __cy_regions_end = .
                0x00001308                . = ALIGN (0x8)
                0x00001308                _etext = .

.cy_checksum_exclude
                0x00001308        0x0
 *(.cy_checksum_exclude)

.ramvectors     0x1fff8000       0xc0
                0x1fff8000                __cy_region_start_ram = .
 *(.ramvectors)
 .ramvectors    0x1fff8000       0xc0 .\CortexM3\ARM_GCC_541\Debug\Cm3Start.o
                0x1fff8000                CyRamVectors

.noinit         0x1fff80c0        0x1
 *(.noinit)
 .noinit        0x1fff80c0        0x1 .\CortexM3\ARM_GCC_541\Debug\DFT.a(CyLib.o)
                0x1fff80c0                CyResetStatus

.data           0x1fff80c8       0x80 load address 0x00001308
                0x1fff80c8                __cy_region_start_data = .
 *(.jcr)
 .jcr           0x1fff80c8        0x0 c:/program files (x86)/cypress/psoc creator/4.1/psoc creator/import/gnu/arm/5.4.1/bin/../lib/gcc/arm-none-eabi/5.4.1/armv7-m/crtbegin.o
 .jcr           0x1fff80c8        0x4 c:/program files (x86)/cypress/psoc creator/4.1/psoc creator/import/gnu/arm/5.4.1/bin/../lib/gcc/arm-none-eabi/5.4.1/armv7-m/crtend.o
 *(.got.plt)
 *(.got)
 *(.shdata)
 *(.data .data.* .gnu.linkonce.d.*)
 .data          0x1fff80cc        0x1 .\CortexM3\ARM_GCC_541\Debug\DFT.a(ADC_DelSig_1.o)
                0x1fff80cc                ADC_DelSig_1_Config
 .data          0x1fff80cd        0x1 .\CortexM3\ARM_GCC_541\Debug\DFT.a(ADC_DelSig_1_AMux.o)
 *fill*         0x1fff80ce        0x2 
 .data          0x1fff80d0       0x10 .\CortexM3\ARM_GCC_541\Debug\DFT.a(CyLib.o)
                0x1fff80d0                cydelay_32k_ms
                0x1fff80d4                cydelay_freq_khz
                0x1fff80d8                cydelay_freq_mhz
                0x1fff80dc                cydelay_freq_hz
 .data.impure_data
                0x1fff80e0       0x60 c:/program files (x86)/cypress/psoc creator/4.1/psoc creator/import/gnu/arm/5.4.1/bin/../lib/gcc/arm-none-eabi/5.4.1/../../../../arm-none-eabi/lib/armv7-m\libg_nano.a(lib_a-impure.o)
 .data._impure_ptr
                0x1fff8140        0x4 c:/program files (x86)/cypress/psoc creator/4.1/psoc creator/import/gnu/arm/5.4.1/bin/../lib/gcc/arm-none-eabi/5.4.1/../../../../arm-none-eabi/lib/armv7-m\libg_nano.a(lib_a-impure.o)
                0x1fff8140                _impure_ptr
                0x1fff8148                . = ALIGN (0x8)
 *fill*         0x1fff8144        0x4 
 *(.ram)
                0x1fff8148                _edata = .

.igot.plt       0x1fff8148        0x0 load address 0x00001388
 .igot.plt      0x1fff8148        0x0 c:/program files (x86)/cypress/psoc creator/4.1/psoc creator/import/gnu/arm/5.4.1/bin/../lib/gcc/arm-none-eabi/5.4.1/armv7-m/crtbegin.o

.bss            0x1fff8148       0x48 load address 0x00001388
                0x1fff8148                PROVIDE (__bss_start__, .)
 *(.shbss)
 *(.bss .bss.* .gnu.linkonce.b.*)
 .bss           0x1fff8148       0x1c c:/program files (x86)/cypress/psoc creator/4.1/psoc creator/import/gnu/arm/5.4.1/bin/../lib/gcc/arm-none-eabi/5.4.1/armv7-m/crtbegin.o
 .bss           0x1fff8164       0x14 .\CortexM3\ARM_GCC_541\Debug\DFT.a(ADC_DelSig_1.o)
                0x1fff8174                ADC_DelSig_1_stopConversion
                0x1fff8175                ADC_DelSig_1_convDone
                0x1fff8176                ADC_DelSig_1_initVar
                0x1fff8177                ADC_DelSig_1_started
 .bss           0x1fff8178        0x1 .\CortexM3\ARM_GCC_541\Debug\DFT.a(ADC_SAR_1.o)
                0x1fff8178                ADC_SAR_1_initVar
 .bss           0x1fff8179        0x1 .\CortexM3\ARM_GCC_541\Debug\DFT.a(VDAC8_DELSIG.o)
                0x1fff8179                VDAC8_DELSIG_initVar
 .bss           0x1fff817a        0x1 .\CortexM3\ARM_GCC_541\Debug\DFT.a(VDAC8_SAR.o)
                0x1fff817a                VDAC8_SAR_initVar
 *(COMMON)
 *fill*         0x1fff817b        0x1 
 COMMON         0x1fff817c        0x8 .\CortexM3\ARM_GCC_541\Debug\DFT.a(ADC_DelSig_1.o)
                0x1fff817c                ADC_DelSig_1_CountsPerVolt
                0x1fff8180                ADC_DelSig_1_Offset
 COMMON         0x1fff8184        0xa .\CortexM3\ARM_GCC_541\Debug\DFT.a(ADC_SAR_1.o)
                0x1fff8184                ADC_SAR_1_countsPerVolt
                0x1fff8186                ADC_SAR_1_shift
                0x1fff8188                ADC_SAR_1_countsPer10Volt
                0x1fff818c                ADC_SAR_1_offset
                0x1fff8190                . = ALIGN (0x8)
 *fill*         0x1fff818e        0x2 
 *(.ram.b)
                0x1fff8190                _end = .
                0x1fff8190                __end = .
                0x1fff8190                PROVIDE (end, .)
                0x1fff8190                PROVIDE (__bss_end__, .)
                0x00001308                __cy_region_init_ram = LOADADDR (.data)
                0x00000080                __cy_region_init_size_ram = (_edata - ADDR (.data))
                0x00000048                __cy_region_zero_size_ram = (_end - _edata)

.heap           0x1fff8190       0x80 load address 0x00001388
                0x1fff8190                . = _end
                0x1fff8210                . = (. + 0x80)
 *fill*         0x1fff8190       0x80 
                0x1fff8210                __cy_heap_limit = .

.stack          0x20007800      0x800
                0x20007800                __cy_stack_limit = .
                0x20008000                . = (. + 0x800)
 *fill*         0x20007800      0x800 
                0x00000001                ASSERT ((__cy_stack_limit >= __cy_heap_limit), region RAM overflowed with stack)
                0x00000000                cy_checksum_exclude_size = (CY_APPL_LOADABLE == 0x1)?SIZEOF (.cy_checksum_exclude):0x0
                0x00000001                ASSERT ((cy_checksum_exclude_size <= CY_CHECKSUM_EXCLUDE_SIZE), CY_BOOT: Section .cy_checksum_exclude size exceedes specified limit.)

.cyloadermeta
 *(.cyloadermeta)

.cyloadablemeta
 *(.cyloadablemeta)

.cyconfigecc    0x80000000       0xc8
 *(.cyconfigecc)
 .cyconfigecc   0x80000000       0xc8 .\CortexM3\ARM_GCC_541\Debug\cymetadata.o
                0x80000000                cy_meta_configecc

.cycustnvl      0x90000000        0x4
 *(.cycustnvl)
 .cycustnvl     0x90000000        0x4 .\CortexM3\ARM_GCC_541\Debug\cymetadata.o
                0x90000000                cy_meta_custnvl

.cywolatch      0x90100000        0x4
 *(.cywolatch)
 .cywolatch     0x90100000        0x4 .\CortexM3\ARM_GCC_541\Debug\cymetadata.o
                0x90100000                cy_meta_wonvl

.cyeeprom       0x90200000        0x0
 *(.cyeeprom)
                0x00000001                ASSERT ((. <= ((0x90200000 + ee_offset) + ee_size)), .cyeeprom data will not fit in EEPROM)

.cyflashprotect
                0x90400000      0x100
 *(.cyflashprotect)
 .cyflashprotect
                0x90400000      0x100 .\CortexM3\ARM_GCC_541\Debug\cymetadata.o
                0x90400000                cy_meta_flashprotect

.cymeta         0x90500000        0xc
 *(.cymeta)
 .cymeta        0x90500000        0xc .\CortexM3\ARM_GCC_541\Debug\cymetadata.o
                0x90500000                cy_metadata

.rel.dyn        0x00001388        0x0 load address 0x9050000c
 .rel.iplt      0x00001388        0x0 c:/program files (x86)/cypress/psoc creator/4.1/psoc creator/import/gnu/arm/5.4.1/bin/../lib/gcc/arm-none-eabi/5.4.1/armv7-m/crtbegin.o

.stab
 *(.stab)

.stabstr
 *(.stabstr)

.debug
 *(.debug)

.line
 *(.line)

.debug_srcinfo
 *(.debug_srcinfo)

.debug_sfnames
 *(.debug_sfnames)

.debug_aranges  0x00000000      0xa70
 *(.debug_aranges)
 .debug_aranges
                0x00000000       0x30 .\CortexM3\ARM_GCC_541\Debug\main.o
 .debug_aranges
                0x00000030       0x68 .\CortexM3\ARM_GCC_541\Debug\cyfitter_cfg.o
 .debug_aranges
                0x00000098       0x18 .\CortexM3\ARM_GCC_541\Debug\cymetadata.o
 .debug_aranges
                0x000000b0       0x48 .\CortexM3\ARM_GCC_541\Debug\Cm3Start.o
 .debug_aranges
                0x000000f8       0xe8 .\CortexM3\ARM_GCC_541\Debug\DFT.a(ADC_DelSig_1.o)
 .debug_aranges
                0x000001e0       0x38 .\CortexM3\ARM_GCC_541\Debug\DFT.a(ADC_DelSig_1_INT.o)
 .debug_aranges
                0x00000218       0xa8 .\CortexM3\ARM_GCC_541\Debug\DFT.a(ADC_SAR_1.o)
 .debug_aranges
                0x000002c0       0x20 .\CortexM3\ARM_GCC_541\Debug\DFT.a(ADC_SAR_1_INT.o)
 .debug_aranges
                0x000002e0       0x30 .\CortexM3\ARM_GCC_541\Debug\DFT.a(ADC_DelSig_1_AMux.o)
 .debug_aranges
                0x00000310       0x70 .\CortexM3\ARM_GCC_541\Debug\DFT.a(ADC_DelSig_1_Ext_CP_Clk.o)
 .debug_aranges
                0x00000380       0x80 .\CortexM3\ARM_GCC_541\Debug\DFT.a(ADC_DelSig_1_theACLK.o)
 .debug_aranges
                0x00000400       0x70 .\CortexM3\ARM_GCC_541\Debug\DFT.a(ADC_SAR_1_theACLK.o)
 .debug_aranges
                0x00000470      0x2a0 .\CortexM3\ARM_GCC_541\Debug\DFT.a(CyLib.o)
 .debug_aranges
                0x00000710       0x98 .\CortexM3\ARM_GCC_541\Debug\DFT.a(cyPm.o)
 .debug_aranges
                0x000007a8       0x58 .\CortexM3\ARM_GCC_541\Debug\DFT.a(VDAC8_DELSIG.o)
 .debug_aranges
                0x00000800       0x58 .\CortexM3\ARM_GCC_541\Debug\DFT.a(VDAC8_SAR.o)
 .debug_aranges
                0x00000858       0x80 .\CortexM3\ARM_GCC_541\Debug\DFT.a(Sar_ISR.o)
 .debug_aranges
                0x000008d8       0x80 .\CortexM3\ARM_GCC_541\Debug\DFT.a(ADC_ISR.o)
 .debug_aranges
                0x00000958       0x20 .\CortexM3\ARM_GCC_541\Debug\DFT.a(CyBootAsmGnu.o)
 .debug_aranges
                0x00000978       0x80 .\CortexM3\ARM_GCC_541\Debug\DFT.a(CyFlash.o)
 .debug_aranges
                0x000009f8       0x78 .\CortexM3\ARM_GCC_541\Debug\DFT.a(CySpc.o)

.debug_pubnames
 *(.debug_pubnames)

.debug_info     0x00000000     0x5ae1
 *(.debug_info .gnu.linkonce.wi.*)
 .debug_info    0x00000000      0x1e3 .\CortexM3\ARM_GCC_541\Debug\main.o
 .debug_info    0x000001e3      0x5af .\CortexM3\ARM_GCC_541\Debug\cyfitter_cfg.o
 .debug_info    0x00000792      0x134 .\CortexM3\ARM_GCC_541\Debug\cymetadata.o
 .debug_info    0x000008c6      0x3bb .\CortexM3\ARM_GCC_541\Debug\Cm3Start.o
 .debug_info    0x00000c81      0xbf3 .\CortexM3\ARM_GCC_541\Debug\DFT.a(ADC_DelSig_1.o)
 .debug_info    0x00001874       0xd3 .\CortexM3\ARM_GCC_541\Debug\DFT.a(ADC_DelSig_1_INT.o)
 .debug_info    0x00001947      0x5c0 .\CortexM3\ARM_GCC_541\Debug\DFT.a(ADC_SAR_1.o)
 .debug_info    0x00001f07       0x92 .\CortexM3\ARM_GCC_541\Debug\DFT.a(ADC_SAR_1_INT.o)
 .debug_info    0x00001f99      0x165 .\CortexM3\ARM_GCC_541\Debug\DFT.a(ADC_DelSig_1_AMux.o)
 .debug_info    0x000020fe      0x283 .\CortexM3\ARM_GCC_541\Debug\DFT.a(ADC_DelSig_1_Ext_CP_Clk.o)
 .debug_info    0x00002381      0x2c4 .\CortexM3\ARM_GCC_541\Debug\DFT.a(ADC_DelSig_1_theACLK.o)
 .debug_info    0x00002645      0x283 .\CortexM3\ARM_GCC_541\Debug\DFT.a(ADC_SAR_1_theACLK.o)
 .debug_info    0x000028c8     0x1374 .\CortexM3\ARM_GCC_541\Debug\DFT.a(CyLib.o)
 .debug_info    0x00003c3c      0xa2a .\CortexM3\ARM_GCC_541\Debug\DFT.a(cyPm.o)
 .debug_info    0x00004666      0x1e0 .\CortexM3\ARM_GCC_541\Debug\DFT.a(VDAC8_DELSIG.o)
 .debug_info    0x00004846      0x1e0 .\CortexM3\ARM_GCC_541\Debug\DFT.a(VDAC8_SAR.o)
 .debug_info    0x00004a26      0x2d2 .\CortexM3\ARM_GCC_541\Debug\DFT.a(Sar_ISR.o)
 .debug_info    0x00004cf8      0x2d2 .\CortexM3\ARM_GCC_541\Debug\DFT.a(ADC_ISR.o)
 .debug_info    0x00004fca       0x76 .\CortexM3\ARM_GCC_541\Debug\DFT.a(CyBootAsmGnu.o)
 .debug_info    0x00005040      0x5b8 .\CortexM3\ARM_GCC_541\Debug\DFT.a(CyFlash.o)
 .debug_info    0x000055f8      0x4e9 .\CortexM3\ARM_GCC_541\Debug\DFT.a(CySpc.o)

.debug_abbrev   0x00000000     0x19a4
 *(.debug_abbrev)
 .debug_abbrev  0x00000000       0xed .\CortexM3\ARM_GCC_541\Debug\main.o
 .debug_abbrev  0x000000ed      0x21e .\CortexM3\ARM_GCC_541\Debug\cyfitter_cfg.o
 .debug_abbrev  0x0000030b       0x5d .\CortexM3\ARM_GCC_541\Debug\cymetadata.o
 .debug_abbrev  0x00000368      0x1e8 .\CortexM3\ARM_GCC_541\Debug\Cm3Start.o
 .debug_abbrev  0x00000550      0x1cd .\CortexM3\ARM_GCC_541\Debug\DFT.a(ADC_DelSig_1.o)
 .debug_abbrev  0x0000071d       0x42 .\CortexM3\ARM_GCC_541\Debug\DFT.a(ADC_DelSig_1_INT.o)
 .debug_abbrev  0x0000075f      0x1ac .\CortexM3\ARM_GCC_541\Debug\DFT.a(ADC_SAR_1.o)
 .debug_abbrev  0x0000090b       0x42 .\CortexM3\ARM_GCC_541\Debug\DFT.a(ADC_SAR_1_INT.o)
 .debug_abbrev  0x0000094d       0xb1 .\CortexM3\ARM_GCC_541\Debug\DFT.a(ADC_DelSig_1_AMux.o)
 .debug_abbrev  0x000009fe      0x139 .\CortexM3\ARM_GCC_541\Debug\DFT.a(ADC_DelSig_1_Ext_CP_Clk.o)
 .debug_abbrev  0x00000b37      0x121 .\CortexM3\ARM_GCC_541\Debug\DFT.a(ADC_DelSig_1_theACLK.o)
 .debug_abbrev  0x00000c58      0x139 .\CortexM3\ARM_GCC_541\Debug\DFT.a(ADC_SAR_1_theACLK.o)
 .debug_abbrev  0x00000d91      0x254 .\CortexM3\ARM_GCC_541\Debug\DFT.a(CyLib.o)
 .debug_abbrev  0x00000fe5      0x1ab .\CortexM3\ARM_GCC_541\Debug\DFT.a(cyPm.o)
 .debug_abbrev  0x00001190       0xf7 .\CortexM3\ARM_GCC_541\Debug\DFT.a(VDAC8_DELSIG.o)
 .debug_abbrev  0x00001287       0xf7 .\CortexM3\ARM_GCC_541\Debug\DFT.a(VDAC8_SAR.o)
 .debug_abbrev  0x0000137e      0x173 .\CortexM3\ARM_GCC_541\Debug\DFT.a(Sar_ISR.o)
 .debug_abbrev  0x000014f1      0x173 .\CortexM3\ARM_GCC_541\Debug\DFT.a(ADC_ISR.o)
 .debug_abbrev  0x00001664       0x14 .\CortexM3\ARM_GCC_541\Debug\DFT.a(CyBootAsmGnu.o)
 .debug_abbrev  0x00001678      0x198 .\CortexM3\ARM_GCC_541\Debug\DFT.a(CyFlash.o)
 .debug_abbrev  0x00001810      0x194 .\CortexM3\ARM_GCC_541\Debug\DFT.a(CySpc.o)

.debug_line     0x00000000     0x2808
 *(.debug_line)
 .debug_line    0x00000000      0x1ea .\CortexM3\ARM_GCC_541\Debug\main.o
 .debug_line    0x000001ea      0x211 .\CortexM3\ARM_GCC_541\Debug\cyfitter_cfg.o
 .debug_line    0x000003fb      0x141 .\CortexM3\ARM_GCC_541\Debug\cymetadata.o
 .debug_line    0x0000053c      0x234 .\CortexM3\ARM_GCC_541\Debug\Cm3Start.o
 .debug_line    0x00000770      0x3fb .\CortexM3\ARM_GCC_541\Debug\DFT.a(ADC_DelSig_1.o)
 .debug_line    0x00000b6b       0x89 .\CortexM3\ARM_GCC_541\Debug\DFT.a(ADC_DelSig_1_INT.o)
 .debug_line    0x00000bf4      0x21e .\CortexM3\ARM_GCC_541\Debug\DFT.a(ADC_SAR_1.o)
 .debug_line    0x00000e12       0x56 .\CortexM3\ARM_GCC_541\Debug\DFT.a(ADC_SAR_1_INT.o)
 .debug_line    0x00000e68       0xb5 .\CortexM3\ARM_GCC_541\Debug\DFT.a(ADC_DelSig_1_AMux.o)
 .debug_line    0x00000f1d      0x186 .\CortexM3\ARM_GCC_541\Debug\DFT.a(ADC_DelSig_1_Ext_CP_Clk.o)
 .debug_line    0x000010a3      0x1a6 .\CortexM3\ARM_GCC_541\Debug\DFT.a(ADC_DelSig_1_theACLK.o)
 .debug_line    0x00001249      0x180 .\CortexM3\ARM_GCC_541\Debug\DFT.a(ADC_SAR_1_theACLK.o)
 .debug_line    0x000013c9      0x816 .\CortexM3\ARM_GCC_541\Debug\DFT.a(CyLib.o)
 .debug_line    0x00001bdf      0x367 .\CortexM3\ARM_GCC_541\Debug\DFT.a(cyPm.o)
 .debug_line    0x00001f46       0xe9 .\CortexM3\ARM_GCC_541\Debug\DFT.a(VDAC8_DELSIG.o)
 .debug_line    0x0000202f       0xe6 .\CortexM3\ARM_GCC_541\Debug\DFT.a(VDAC8_SAR.o)
 .debug_line    0x00002115      0x134 .\CortexM3\ARM_GCC_541\Debug\DFT.a(Sar_ISR.o)
 .debug_line    0x00002249      0x134 .\CortexM3\ARM_GCC_541\Debug\DFT.a(ADC_ISR.o)
 .debug_line    0x0000237d       0x66 .\CortexM3\ARM_GCC_541\Debug\DFT.a(CyBootAsmGnu.o)
 .debug_line    0x000023e3      0x1e9 .\CortexM3\ARM_GCC_541\Debug\DFT.a(CyFlash.o)
 .debug_line    0x000025cc      0x23c .\CortexM3\ARM_GCC_541\Debug\DFT.a(CySpc.o)

.debug_frame    0x00000000     0x1aa0
 *(.debug_frame)
 .debug_frame   0x00000000       0x58 .\CortexM3\ARM_GCC_541\Debug\main.o
 .debug_frame   0x00000058      0x118 .\CortexM3\ARM_GCC_541\Debug\cyfitter_cfg.o
 .debug_frame   0x00000170       0xb8 .\CortexM3\ARM_GCC_541\Debug\Cm3Start.o
 .debug_frame   0x00000228      0x284 .\CortexM3\ARM_GCC_541\Debug\DFT.a(ADC_DelSig_1.o)
 .debug_frame   0x000004ac       0x50 .\CortexM3\ARM_GCC_541\Debug\DFT.a(ADC_DelSig_1_INT.o)
 .debug_frame   0x000004fc      0x1b4 .\CortexM3\ARM_GCC_541\Debug\DFT.a(ADC_SAR_1.o)
 .debug_frame   0x000006b0       0x20 .\CortexM3\ARM_GCC_541\Debug\DFT.a(ADC_SAR_1_INT.o)
 .debug_frame   0x000006d0       0x64 .\CortexM3\ARM_GCC_541\Debug\DFT.a(ADC_DelSig_1_AMux.o)
 .debug_frame   0x00000734       0xe0 .\CortexM3\ARM_GCC_541\Debug\DFT.a(ADC_DelSig_1_Ext_CP_Clk.o)
 .debug_frame   0x00000814      0x100 .\CortexM3\ARM_GCC_541\Debug\DFT.a(ADC_DelSig_1_theACLK.o)
 .debug_frame   0x00000914       0xe0 .\CortexM3\ARM_GCC_541\Debug\DFT.a(ADC_SAR_1_theACLK.o)
 .debug_frame   0x000009f4      0x738 .\CortexM3\ARM_GCC_541\Debug\DFT.a(CyLib.o)
 .debug_frame   0x0000112c      0x1f8 .\CortexM3\ARM_GCC_541\Debug\DFT.a(cyPm.o)
 .debug_frame   0x00001324       0xb4 .\CortexM3\ARM_GCC_541\Debug\DFT.a(VDAC8_DELSIG.o)
 .debug_frame   0x000013d8       0xb4 .\CortexM3\ARM_GCC_541\Debug\DFT.a(VDAC8_SAR.o)
 .debug_frame   0x0000148c      0x104 .\CortexM3\ARM_GCC_541\Debug\DFT.a(Sar_ISR.o)
 .debug_frame   0x00001590      0x104 .\CortexM3\ARM_GCC_541\Debug\DFT.a(ADC_ISR.o)
 .debug_frame   0x00001694      0x174 .\CortexM3\ARM_GCC_541\Debug\DFT.a(CyFlash.o)
 .debug_frame   0x00001808      0x160 .\CortexM3\ARM_GCC_541\Debug\DFT.a(CySpc.o)
 .debug_frame   0x00001968       0x44 c:/program files (x86)/cypress/psoc creator/4.1/psoc creator/import/gnu/arm/5.4.1/bin/../lib/gcc/arm-none-eabi/5.4.1/armv7-m\libgcc.a(_aeabi_ldivmod.o)
 .debug_frame   0x000019ac       0x38 c:/program files (x86)/cypress/psoc creator/4.1/psoc creator/import/gnu/arm/5.4.1/bin/../lib/gcc/arm-none-eabi/5.4.1/armv7-m\libgcc.a(_udivmoddi4.o)
 .debug_frame   0x000019e4       0x20 c:/program files (x86)/cypress/psoc creator/4.1/psoc creator/import/gnu/arm/5.4.1/bin/../lib/gcc/arm-none-eabi/5.4.1/../../../../arm-none-eabi/lib/armv7-m\libg_nano.a(lib_a-errno.o)
 .debug_frame   0x00001a04       0x28 c:/program files (x86)/cypress/psoc creator/4.1/psoc creator/import/gnu/arm/5.4.1/bin/../lib/gcc/arm-none-eabi/5.4.1/../../../../arm-none-eabi/lib/armv7-m\libg_nano.a(lib_a-exit.o)
 .debug_frame   0x00001a2c       0x2c c:/program files (x86)/cypress/psoc creator/4.1/psoc creator/import/gnu/arm/5.4.1/bin/../lib/gcc/arm-none-eabi/5.4.1/../../../../arm-none-eabi/lib/armv7-m\libg_nano.a(lib_a-init.o)
 .debug_frame   0x00001a58       0x28 c:/program files (x86)/cypress/psoc creator/4.1/psoc creator/import/gnu/arm/5.4.1/bin/../lib/gcc/arm-none-eabi/5.4.1/../../../../arm-none-eabi/lib/armv7-m\libg_nano.a(lib_a-memcpy-stub.o)
 .debug_frame   0x00001a80       0x20 c:/program files (x86)/cypress/psoc creator/4.1/psoc creator/import/gnu/arm/5.4.1/bin/../lib/gcc/arm-none-eabi/5.4.1/../../../../arm-none-eabi/lib/armv7-m\libg_nano.a(lib_a-memset.o)

.debug_str      0x00000000     0x2407
 *(.debug_str)
 .debug_str     0x00000000      0x225 .\CortexM3\ARM_GCC_541\Debug\main.o
                                0x26d (size before relaxing)
 .debug_str     0x00000225      0x1f4 .\CortexM3\ARM_GCC_541\Debug\cyfitter_cfg.o
                                0x36f (size before relaxing)
 .debug_str     0x00000419       0x7f .\CortexM3\ARM_GCC_541\Debug\cymetadata.o
                                0x1ca (size before relaxing)
 .debug_str     0x00000498      0x144 .\CortexM3\ARM_GCC_541\Debug\Cm3Start.o
                                0x2f0 (size before relaxing)
 .debug_str     0x000005dc      0x4ff .\CortexM3\ARM_GCC_541\Debug\DFT.a(ADC_DelSig_1.o)
                                0x720 (size before relaxing)
 .debug_str     0x00000adb       0x72 .\CortexM3\ARM_GCC_541\Debug\DFT.a(ADC_DelSig_1_INT.o)
                                0x1d3 (size before relaxing)
 .debug_str     0x00000b4d      0x216 .\CortexM3\ARM_GCC_541\Debug\DFT.a(ADC_SAR_1.o)
                                0x4a3 (size before relaxing)
 .debug_str     0x00000d63       0x35 .\CortexM3\ARM_GCC_541\Debug\DFT.a(ADC_SAR_1_INT.o)
                                0x181 (size before relaxing)
 .debug_str     0x00000d98       0x83 .\CortexM3\ARM_GCC_541\Debug\DFT.a(ADC_DelSig_1_AMux.o)
                                0x224 (size before relaxing)
 .debug_str     0x00000e1b      0x1cd .\CortexM3\ARM_GCC_541\Debug\DFT.a(ADC_DelSig_1_Ext_CP_Clk.o)
                                0x394 (size before relaxing)
 .debug_str     0x00000fe8      0x1bb .\CortexM3\ARM_GCC_541\Debug\DFT.a(ADC_DelSig_1_theACLK.o)
                                0x3c5 (size before relaxing)
 .debug_str     0x000011a3      0x16d .\CortexM3\ARM_GCC_541\Debug\DFT.a(ADC_SAR_1_theACLK.o)
                                0x34c (size before relaxing)
 .debug_str     0x00001310      0x7f7 .\CortexM3\ARM_GCC_541\Debug\DFT.a(CyLib.o)
                                0xa2d (size before relaxing)
 .debug_str     0x00001b07      0x365 .\CortexM3\ARM_GCC_541\Debug\DFT.a(cyPm.o)
                                0x719 (size before relaxing)
 .debug_str     0x00001e6c       0xc0 .\CortexM3\ARM_GCC_541\Debug\DFT.a(VDAC8_DELSIG.o)
                                0x24b (size before relaxing)
 .debug_str     0x00001f2c       0xaf .\CortexM3\ARM_GCC_541\Debug\DFT.a(VDAC8_SAR.o)
                                0x22d (size before relaxing)
 .debug_str     0x00001fdb       0xf2 .\CortexM3\ARM_GCC_541\Debug\DFT.a(Sar_ISR.o)
                                0x2a8 (size before relaxing)
 .debug_str     0x000020cd       0xf2 .\CortexM3\ARM_GCC_541\Debug\DFT.a(ADC_ISR.o)
                                0x2a8 (size before relaxing)
 .debug_str     0x000021bf      0x19c .\CortexM3\ARM_GCC_541\Debug\DFT.a(CyFlash.o)
                                0x387 (size before relaxing)
 .debug_str     0x0000235b       0xac .\CortexM3\ARM_GCC_541\Debug\DFT.a(CySpc.o)
                                0x310 (size before relaxing)

.debug_loc      0x00000000     0x2786
 *(.debug_loc)
 .debug_loc     0x00000000      0x23f .\CortexM3\ARM_GCC_541\Debug\cyfitter_cfg.o
 .debug_loc     0x0000023f      0x144 .\CortexM3\ARM_GCC_541\Debug\Cm3Start.o
 .debug_loc     0x00000383      0x692 .\CortexM3\ARM_GCC_541\Debug\DFT.a(ADC_DelSig_1.o)
 .debug_loc     0x00000a15      0x292 .\CortexM3\ARM_GCC_541\Debug\DFT.a(ADC_SAR_1.o)
 .debug_loc     0x00000ca7       0x6c .\CortexM3\ARM_GCC_541\Debug\DFT.a(ADC_DelSig_1_AMux.o)
 .debug_loc     0x00000d13      0x12c .\CortexM3\ARM_GCC_541\Debug\DFT.a(ADC_DelSig_1_Ext_CP_Clk.o)
 .debug_loc     0x00000e3f      0x14d .\CortexM3\ARM_GCC_541\Debug\DFT.a(ADC_DelSig_1_theACLK.o)
 .debug_loc     0x00000f8c      0x128 .\CortexM3\ARM_GCC_541\Debug\DFT.a(ADC_SAR_1_theACLK.o)
 .debug_loc     0x000010b4      0xa11 .\CortexM3\ARM_GCC_541\Debug\DFT.a(CyLib.o)
 .debug_loc     0x00001ac5      0x1e4 .\CortexM3\ARM_GCC_541\Debug\DFT.a(cyPm.o)
 .debug_loc     0x00001ca9       0x79 .\CortexM3\ARM_GCC_541\Debug\DFT.a(VDAC8_DELSIG.o)
 .debug_loc     0x00001d22       0x79 .\CortexM3\ARM_GCC_541\Debug\DFT.a(VDAC8_SAR.o)
 .debug_loc     0x00001d9b       0x56 .\CortexM3\ARM_GCC_541\Debug\DFT.a(Sar_ISR.o)
 .debug_loc     0x00001df1       0x56 .\CortexM3\ARM_GCC_541\Debug\DFT.a(ADC_ISR.o)
 .debug_loc     0x00001e47      0x2f2 .\CortexM3\ARM_GCC_541\Debug\DFT.a(CyFlash.o)
 .debug_loc     0x00002139      0x64d .\CortexM3\ARM_GCC_541\Debug\DFT.a(CySpc.o)

.debug_macinfo
 *(.debug_macinfo)

.debug_ranges   0x00000000      0x908
 *(.debug_ranges)
 .debug_ranges  0x00000000       0x20 .\CortexM3\ARM_GCC_541\Debug\main.o
 .debug_ranges  0x00000020       0x58 .\CortexM3\ARM_GCC_541\Debug\cyfitter_cfg.o
 .debug_ranges  0x00000078       0x38 .\CortexM3\ARM_GCC_541\Debug\Cm3Start.o
 .debug_ranges  0x000000b0       0xd8 .\CortexM3\ARM_GCC_541\Debug\DFT.a(ADC_DelSig_1.o)
 .debug_ranges  0x00000188       0x28 .\CortexM3\ARM_GCC_541\Debug\DFT.a(ADC_DelSig_1_INT.o)
 .debug_ranges  0x000001b0       0x98 .\CortexM3\ARM_GCC_541\Debug\DFT.a(ADC_SAR_1.o)
 .debug_ranges  0x00000248       0x10 .\CortexM3\ARM_GCC_541\Debug\DFT.a(ADC_SAR_1_INT.o)
 .debug_ranges  0x00000258       0x20 .\CortexM3\ARM_GCC_541\Debug\DFT.a(ADC_DelSig_1_AMux.o)
 .debug_ranges  0x00000278       0x60 .\CortexM3\ARM_GCC_541\Debug\DFT.a(ADC_DelSig_1_Ext_CP_Clk.o)
 .debug_ranges  0x000002d8       0x70 .\CortexM3\ARM_GCC_541\Debug\DFT.a(ADC_DelSig_1_theACLK.o)
 .debug_ranges  0x00000348       0x60 .\CortexM3\ARM_GCC_541\Debug\DFT.a(ADC_SAR_1_theACLK.o)
 .debug_ranges  0x000003a8      0x290 .\CortexM3\ARM_GCC_541\Debug\DFT.a(CyLib.o)
 .debug_ranges  0x00000638       0x88 .\CortexM3\ARM_GCC_541\Debug\DFT.a(cyPm.o)
 .debug_ranges  0x000006c0       0x48 .\CortexM3\ARM_GCC_541\Debug\DFT.a(VDAC8_DELSIG.o)
 .debug_ranges  0x00000708       0x48 .\CortexM3\ARM_GCC_541\Debug\DFT.a(VDAC8_SAR.o)
 .debug_ranges  0x00000750       0x70 .\CortexM3\ARM_GCC_541\Debug\DFT.a(Sar_ISR.o)
 .debug_ranges  0x000007c0       0x70 .\CortexM3\ARM_GCC_541\Debug\DFT.a(ADC_ISR.o)
 .debug_ranges  0x00000830       0x70 .\CortexM3\ARM_GCC_541\Debug\DFT.a(CyFlash.o)
 .debug_ranges  0x000008a0       0x68 .\CortexM3\ARM_GCC_541\Debug\DFT.a(CySpc.o)

.comment        0x00000000       0x6e
 .comment       0x00000000       0x6e .\CortexM3\ARM_GCC_541\Debug\main.o
                                 0x6f (size before relaxing)
 .comment       0x0000006e       0x6f .\CortexM3\ARM_GCC_541\Debug\cyfitter_cfg.o
 .comment       0x0000006e       0x6f .\CortexM3\ARM_GCC_541\Debug\cymetadata.o
 .comment       0x0000006e       0x6f .\CortexM3\ARM_GCC_541\Debug\Cm3Start.o
 .comment       0x0000006e       0x6f .\CortexM3\ARM_GCC_541\Debug\DFT.a(ADC_DelSig_1.o)
 .comment       0x0000006e       0x6f .\CortexM3\ARM_GCC_541\Debug\DFT.a(ADC_DelSig_1_INT.o)
 .comment       0x0000006e       0x6f .\CortexM3\ARM_GCC_541\Debug\DFT.a(ADC_SAR_1.o)
 .comment       0x0000006e       0x6f .\CortexM3\ARM_GCC_541\Debug\DFT.a(ADC_SAR_1_INT.o)
 .comment       0x0000006e       0x6f .\CortexM3\ARM_GCC_541\Debug\DFT.a(ADC_DelSig_1_AMux.o)
 .comment       0x0000006e       0x6f .\CortexM3\ARM_GCC_541\Debug\DFT.a(ADC_DelSig_1_Ext_CP_Clk.o)
 .comment       0x0000006e       0x6f .\CortexM3\ARM_GCC_541\Debug\DFT.a(ADC_DelSig_1_theACLK.o)
 .comment       0x0000006e       0x6f .\CortexM3\ARM_GCC_541\Debug\DFT.a(ADC_SAR_1_theACLK.o)
 .comment       0x0000006e       0x6f .\CortexM3\ARM_GCC_541\Debug\DFT.a(CyLib.o)
 .comment       0x0000006e       0x6f .\CortexM3\ARM_GCC_541\Debug\DFT.a(cyPm.o)
 .comment       0x0000006e       0x6f .\CortexM3\ARM_GCC_541\Debug\DFT.a(VDAC8_DELSIG.o)
 .comment       0x0000006e       0x6f .\CortexM3\ARM_GCC_541\Debug\DFT.a(VDAC8_SAR.o)
 .comment       0x0000006e       0x6f .\CortexM3\ARM_GCC_541\Debug\DFT.a(Sar_ISR.o)
 .comment       0x0000006e       0x6f .\CortexM3\ARM_GCC_541\Debug\DFT.a(ADC_ISR.o)
 .comment       0x0000006e       0x6f .\CortexM3\ARM_GCC_541\Debug\DFT.a(CyFlash.o)
 .comment       0x0000006e       0x6f .\CortexM3\ARM_GCC_541\Debug\DFT.a(CySpc.o)

.debug_weaknames
 *(.debug_weaknames)

.debug_funcnames
 *(.debug_funcnames)

.debug_typenames
 *(.debug_typenames)

.debug_varnames
 *(.debug_varnames)

.note.gnu.arm.ident
 *(.note.gnu.arm.ident)

.ARM.attributes
                0x00000000       0x29
 *(.ARM.attributes)
 .ARM.attributes
                0x00000000       0x1d c:/program files (x86)/cypress/psoc creator/4.1/psoc creator/import/gnu/arm/5.4.1/bin/../lib/gcc/arm-none-eabi/5.4.1/armv7-m/crti.o
 .ARM.attributes
                0x0000001d       0x2d c:/program files (x86)/cypress/psoc creator/4.1/psoc creator/import/gnu/arm/5.4.1/bin/../lib/gcc/arm-none-eabi/5.4.1/armv7-m/crtbegin.o
 .ARM.attributes
                0x0000004a       0x1b c:/program files (x86)/cypress/psoc creator/4.1/psoc creator/import/gnu/arm/5.4.1/bin/../lib/gcc/arm-none-eabi/5.4.1/../../../../arm-none-eabi/lib/armv7-m/crt0.o
 .ARM.attributes
                0x00000065       0x33 .\CortexM3\ARM_GCC_541\Debug\main.o
 .ARM.attributes
                0x00000098       0x33 .\CortexM3\ARM_GCC_541\Debug\cyfitter_cfg.o
 .ARM.attributes
                0x000000cb       0x33 .\CortexM3\ARM_GCC_541\Debug\cymetadata.o
 .ARM.attributes
                0x000000fe       0x33 .\CortexM3\ARM_GCC_541\Debug\Cm3Start.o
 .ARM.attributes
                0x00000131       0x33 .\CortexM3\ARM_GCC_541\Debug\DFT.a(ADC_DelSig_1.o)
 .ARM.attributes
                0x00000164       0x33 .\CortexM3\ARM_GCC_541\Debug\DFT.a(ADC_DelSig_1_INT.o)
 .ARM.attributes
                0x00000197       0x33 .\CortexM3\ARM_GCC_541\Debug\DFT.a(ADC_SAR_1.o)
 .ARM.attributes
                0x000001ca       0x33 .\CortexM3\ARM_GCC_541\Debug\DFT.a(ADC_SAR_1_INT.o)
 .ARM.attributes
                0x000001fd       0x33 .\CortexM3\ARM_GCC_541\Debug\DFT.a(ADC_DelSig_1_AMux.o)
 .ARM.attributes
                0x00000230       0x33 .\CortexM3\ARM_GCC_541\Debug\DFT.a(ADC_DelSig_1_Ext_CP_Clk.o)
 .ARM.attributes
                0x00000263       0x33 .\CortexM3\ARM_GCC_541\Debug\DFT.a(ADC_DelSig_1_theACLK.o)
 .ARM.attributes
                0x00000296       0x33 .\CortexM3\ARM_GCC_541\Debug\DFT.a(ADC_SAR_1_theACLK.o)
 .ARM.attributes
                0x000002c9       0x33 .\CortexM3\ARM_GCC_541\Debug\DFT.a(CyLib.o)
 .ARM.attributes
                0x000002fc       0x33 .\CortexM3\ARM_GCC_541\Debug\DFT.a(cyPm.o)
 .ARM.attributes
                0x0000032f       0x33 .\CortexM3\ARM_GCC_541\Debug\DFT.a(VDAC8_DELSIG.o)
 .ARM.attributes
                0x00000362       0x33 .\CortexM3\ARM_GCC_541\Debug\DFT.a(VDAC8_SAR.o)
 .ARM.attributes
                0x00000395       0x33 .\CortexM3\ARM_GCC_541\Debug\DFT.a(Sar_ISR.o)
 .ARM.attributes
                0x000003c8       0x33 .\CortexM3\ARM_GCC_541\Debug\DFT.a(ADC_ISR.o)
 .ARM.attributes
                0x000003fb       0x21 .\CortexM3\ARM_GCC_541\Debug\DFT.a(CyBootAsmGnu.o)
 .ARM.attributes
                0x0000041c       0x33 .\CortexM3\ARM_GCC_541\Debug\DFT.a(CyFlash.o)
 .ARM.attributes
                0x0000044f       0x33 .\CortexM3\ARM_GCC_541\Debug\DFT.a(CySpc.o)
 .ARM.attributes
                0x00000482       0x1d c:/program files (x86)/cypress/psoc creator/4.1/psoc creator/import/gnu/arm/5.4.1/bin/../lib/gcc/arm-none-eabi/5.4.1/armv7-m\libgcc.a(_arm_addsubdf3.o)
 .ARM.attributes
                0x0000049f       0x1d c:/program files (x86)/cypress/psoc creator/4.1/psoc creator/import/gnu/arm/5.4.1/bin/../lib/gcc/arm-none-eabi/5.4.1/armv7-m\libgcc.a(_arm_cmpdf2.o)
 .ARM.attributes
                0x000004bc       0x1d c:/program files (x86)/cypress/psoc creator/4.1/psoc creator/import/gnu/arm/5.4.1/bin/../lib/gcc/arm-none-eabi/5.4.1/armv7-m\libgcc.a(_arm_addsubsf3.o)
 .ARM.attributes
                0x000004d9       0x1d c:/program files (x86)/cypress/psoc creator/4.1/psoc creator/import/gnu/arm/5.4.1/bin/../lib/gcc/arm-none-eabi/5.4.1/armv7-m\libgcc.a(_arm_muldivsf3.o)
 .ARM.attributes
                0x000004f6       0x1d c:/program files (x86)/cypress/psoc creator/4.1/psoc creator/import/gnu/arm/5.4.1/bin/../lib/gcc/arm-none-eabi/5.4.1/armv7-m\libgcc.a(_arm_fixunssfsi.o)
 .ARM.attributes
                0x00000513       0x1d c:/program files (x86)/cypress/psoc creator/4.1/psoc creator/import/gnu/arm/5.4.1/bin/../lib/gcc/arm-none-eabi/5.4.1/armv7-m\libgcc.a(_aeabi_ldivmod.o)
 .ARM.attributes
                0x00000530       0x2d c:/program files (x86)/cypress/psoc creator/4.1/psoc creator/import/gnu/arm/5.4.1/bin/../lib/gcc/arm-none-eabi/5.4.1/armv7-m\libgcc.a(_udivmoddi4.o)
 .ARM.attributes
                0x0000055d       0x1d c:/program files (x86)/cypress/psoc creator/4.1/psoc creator/import/gnu/arm/5.4.1/bin/../lib/gcc/arm-none-eabi/5.4.1/armv7-m\libgcc.a(_dvmd_tls.o)
 .ARM.attributes
                0x0000057a       0x2d c:/program files (x86)/cypress/psoc creator/4.1/psoc creator/import/gnu/arm/5.4.1/bin/../lib/gcc/arm-none-eabi/5.4.1/../../../../arm-none-eabi/lib/armv7-m\libg_nano.a(lib_a-errno.o)
 .ARM.attributes
                0x000005a7       0x2d c:/program files (x86)/cypress/psoc creator/4.1/psoc creator/import/gnu/arm/5.4.1/bin/../lib/gcc/arm-none-eabi/5.4.1/../../../../arm-none-eabi/lib/armv7-m\libg_nano.a(lib_a-exit.o)
 .ARM.attributes
                0x000005d4       0x2d c:/program files (x86)/cypress/psoc creator/4.1/psoc creator/import/gnu/arm/5.4.1/bin/../lib/gcc/arm-none-eabi/5.4.1/../../../../arm-none-eabi/lib/armv7-m\libg_nano.a(lib_a-impure.o)
 .ARM.attributes
                0x00000601       0x2d c:/program files (x86)/cypress/psoc creator/4.1/psoc creator/import/gnu/arm/5.4.1/bin/../lib/gcc/arm-none-eabi/5.4.1/../../../../arm-none-eabi/lib/armv7-m\libg_nano.a(lib_a-init.o)
 .ARM.attributes
                0x0000062e       0x2d c:/program files (x86)/cypress/psoc creator/4.1/psoc creator/import/gnu/arm/5.4.1/bin/../lib/gcc/arm-none-eabi/5.4.1/../../../../arm-none-eabi/lib/armv7-m\libg_nano.a(lib_a-memcpy-stub.o)
 .ARM.attributes
                0x0000065b       0x2d c:/program files (x86)/cypress/psoc creator/4.1/psoc creator/import/gnu/arm/5.4.1/bin/../lib/gcc/arm-none-eabi/5.4.1/../../../../arm-none-eabi/lib/armv7-m\libg_nano.a(lib_a-memset.o)
 .ARM.attributes
                0x00000688       0x2d c:/program files (x86)/cypress/psoc creator/4.1/psoc creator/import/gnu/arm/5.4.1/bin/../lib/gcc/arm-none-eabi/5.4.1/armv7-m/crtend.o
 .ARM.attributes
                0x000006b5       0x1d c:/program files (x86)/cypress/psoc creator/4.1/psoc creator/import/gnu/arm/5.4.1/bin/../lib/gcc/arm-none-eabi/5.4.1/armv7-m/crtn.o

/DISCARD/
 *(.note.GNU-stack)
OUTPUT(C:\Users\ipfajard\Desktop\FFT\DFT.cydsn\CortexM3\ARM_GCC_541\Debug\DFT.elf elf32-littlearm)
