Archive member included to satisfy reference by file (symbol)

.\CortexM3\ARM_GCC_541\Debug\TogglingPin.a(Toggle_Pin.o)
                              .\CortexM3\ARM_GCC_541\Debug\main.o (Toggle_Pin_Write)
.\CortexM3\ARM_GCC_541\Debug\TogglingPin.a(SleepTimer.o)
                              .\CortexM3\ARM_GCC_541\Debug\main.o (SleepTimer_Start)
.\CortexM3\ARM_GCC_541\Debug\TogglingPin.a(Sleep_ISR.o)
                              .\CortexM3\ARM_GCC_541\Debug\main.o (Sleep_ISR_StartEx)
.\CortexM3\ARM_GCC_541\Debug\TogglingPin.a(PWM_40k.o)
                              .\CortexM3\ARM_GCC_541\Debug\main.o (PWM_40k_Stop)
.\CortexM3\ARM_GCC_541\Debug\TogglingPin.a(PWM_40k_PM.o)
                              .\CortexM3\ARM_GCC_541\Debug\main.o (PWM_40k_Sleep)
.\CortexM3\ARM_GCC_541\Debug\TogglingPin.a(CyLib.o)
                              .\CortexM3\ARM_GCC_541\Debug\Cm3Start.o (CyHalt)
.\CortexM3\ARM_GCC_541\Debug\TogglingPin.a(cyPm.o)
                              .\CortexM3\ARM_GCC_541\Debug\main.o (CyPmSleep)
.\CortexM3\ARM_GCC_541\Debug\TogglingPin.a(CyBootAsmGnu.o)
                              .\CortexM3\ARM_GCC_541\Debug\TogglingPin.a(CyLib.o) (CyDelayCycles)
.\CortexM3\ARM_GCC_541\Debug\TogglingPin.a(CyFlash.o)
                              .\CortexM3\ARM_GCC_541\Debug\TogglingPin.a(cyPm.o) (CyFlash_SetWaitCycles)
.\CortexM3\ARM_GCC_541\Debug\TogglingPin.a(CySpc.o)
                              .\CortexM3\ARM_GCC_541\Debug\TogglingPin.a(CyFlash.o) (CySpcStart)
c:/program files (x86)/cypress/psoc creator/4.1/psoc creator/import/gnu/arm/5.4.1/bin/../lib/gcc/arm-none-eabi/5.4.1/../../../../arm-none-eabi/lib/armv7-m\libg_nano.a(lib_a-errno.o)
                              .\CortexM3\ARM_GCC_541\Debug\Cm3Start.o (__errno)
c:/program files (x86)/cypress/psoc creator/4.1/psoc creator/import/gnu/arm/5.4.1/bin/../lib/gcc/arm-none-eabi/5.4.1/../../../../arm-none-eabi/lib/armv7-m\libg_nano.a(lib_a-exit.o)
                              c:/program files (x86)/cypress/psoc creator/4.1/psoc creator/import/gnu/arm/5.4.1/bin/../lib/gcc/arm-none-eabi/5.4.1/../../../../arm-none-eabi/lib/armv7-m/crt0.o (exit)
c:/program files (x86)/cypress/psoc creator/4.1/psoc creator/import/gnu/arm/5.4.1/bin/../lib/gcc/arm-none-eabi/5.4.1/../../../../arm-none-eabi/lib/armv7-m\libg_nano.a(lib_a-impure.o)
                              c:/program files (x86)/cypress/psoc creator/4.1/psoc creator/import/gnu/arm/5.4.1/bin/../lib/gcc/arm-none-eabi/5.4.1/../../../../arm-none-eabi/lib/armv7-m\libg_nano.a(lib_a-exit.o) (_global_impure_ptr)
c:/program files (x86)/cypress/psoc creator/4.1/psoc creator/import/gnu/arm/5.4.1/bin/../lib/gcc/arm-none-eabi/5.4.1/../../../../arm-none-eabi/lib/armv7-m\libg_nano.a(lib_a-init.o)
                              c:/program files (x86)/cypress/psoc creator/4.1/psoc creator/import/gnu/arm/5.4.1/bin/../lib/gcc/arm-none-eabi/5.4.1/../../../../arm-none-eabi/lib/armv7-m/crt0.o (__libc_init_array)
c:/program files (x86)/cypress/psoc creator/4.1/psoc creator/import/gnu/arm/5.4.1/bin/../lib/gcc/arm-none-eabi/5.4.1/../../../../arm-none-eabi/lib/armv7-m\libg_nano.a(lib_a-memcpy-stub.o)
                              .\CortexM3\ARM_GCC_541\Debug\cyfitter_cfg.o (memcpy)
c:/program files (x86)/cypress/psoc creator/4.1/psoc creator/import/gnu/arm/5.4.1/bin/../lib/gcc/arm-none-eabi/5.4.1/../../../../arm-none-eabi/lib/armv7-m\libg_nano.a(lib_a-memset.o)
                              c:/program files (x86)/cypress/psoc creator/4.1/psoc creator/import/gnu/arm/5.4.1/bin/../lib/gcc/arm-none-eabi/5.4.1/../../../../arm-none-eabi/lib/armv7-m/crt0.o (memset)

Allocating common symbols
Common symbol       size              file

dieTemperature      0x2               .\CortexM3\ARM_GCC_541\Debug\TogglingPin.a(CyFlash.o)

Discarded input sections

 .text          0x00000000        0x0 c:/program files (x86)/cypress/psoc creator/4.1/psoc creator/import/gnu/arm/5.4.1/bin/../lib/gcc/arm-none-eabi/5.4.1/armv7-m/crti.o
 .data          0x00000000        0x0 c:/program files (x86)/cypress/psoc creator/4.1/psoc creator/import/gnu/arm/5.4.1/bin/../lib/gcc/arm-none-eabi/5.4.1/armv7-m/crti.o
 .bss           0x00000000        0x0 c:/program files (x86)/cypress/psoc creator/4.1/psoc creator/import/gnu/arm/5.4.1/bin/../lib/gcc/arm-none-eabi/5.4.1/armv7-m/crti.o
 .data          0x00000000        0x4 c:/program files (x86)/cypress/psoc creator/4.1/psoc creator/import/gnu/arm/5.4.1/bin/../lib/gcc/arm-none-eabi/5.4.1/armv7-m/crtbegin.o
 .text          0x00000000       0x74 c:/program files (x86)/cypress/psoc creator/4.1/psoc creator/import/gnu/arm/5.4.1/bin/../lib/gcc/arm-none-eabi/5.4.1/../../../../arm-none-eabi/lib/armv7-m/crt0.o
 .data          0x00000000        0x0 c:/program files (x86)/cypress/psoc creator/4.1/psoc creator/import/gnu/arm/5.4.1/bin/../lib/gcc/arm-none-eabi/5.4.1/../../../../arm-none-eabi/lib/armv7-m/crt0.o
 .bss           0x00000000        0x0 c:/program files (x86)/cypress/psoc creator/4.1/psoc creator/import/gnu/arm/5.4.1/bin/../lib/gcc/arm-none-eabi/5.4.1/../../../../arm-none-eabi/lib/armv7-m/crt0.o
 .ARM.extab     0x00000000        0x0 c:/program files (x86)/cypress/psoc creator/4.1/psoc creator/import/gnu/arm/5.4.1/bin/../lib/gcc/arm-none-eabi/5.4.1/../../../../arm-none-eabi/lib/armv7-m/crt0.o
 .ARM.exidx     0x00000000        0x8 c:/program files (x86)/cypress/psoc creator/4.1/psoc creator/import/gnu/arm/5.4.1/bin/../lib/gcc/arm-none-eabi/5.4.1/../../../../arm-none-eabi/lib/armv7-m/crt0.o
 .text          0x00000000        0x0 .\CortexM3\ARM_GCC_541\Debug\main.o
 .data          0x00000000        0x0 .\CortexM3\ARM_GCC_541\Debug\main.o
 .bss           0x00000000        0x0 .\CortexM3\ARM_GCC_541\Debug\main.o
 .text          0x00000000        0x0 .\CortexM3\ARM_GCC_541\Debug\cyfitter_cfg.o
 .data          0x00000000        0x0 .\CortexM3\ARM_GCC_541\Debug\cyfitter_cfg.o
 .bss           0x00000000        0x0 .\CortexM3\ARM_GCC_541\Debug\cyfitter_cfg.o
 .text.SetAnalogRoutingPumps
                0x00000000       0x10 .\CortexM3\ARM_GCC_541\Debug\cyfitter_cfg.o
 .text          0x00000000        0x0 .\CortexM3\ARM_GCC_541\Debug\cymetadata.o
 .data          0x00000000        0x0 .\CortexM3\ARM_GCC_541\Debug\cymetadata.o
 .bss           0x00000000        0x0 .\CortexM3\ARM_GCC_541\Debug\cymetadata.o
 .text          0x00000000        0x0 .\CortexM3\ARM_GCC_541\Debug\Cm3Start.o
 .data          0x00000000        0x4 .\CortexM3\ARM_GCC_541\Debug\Cm3Start.o
 .bss           0x00000000        0x0 .\CortexM3\ARM_GCC_541\Debug\Cm3Start.o
 .text._exit    0x00000000        0xc .\CortexM3\ARM_GCC_541\Debug\Cm3Start.o
 .text._sbrk    0x00000000       0x30 .\CortexM3\ARM_GCC_541\Debug\Cm3Start.o
 .text          0x00000000        0x0 .\CortexM3\ARM_GCC_541\Debug\TogglingPin.a(Toggle_Pin.o)
 .data          0x00000000        0x0 .\CortexM3\ARM_GCC_541\Debug\TogglingPin.a(Toggle_Pin.o)
 .bss           0x00000000        0x0 .\CortexM3\ARM_GCC_541\Debug\TogglingPin.a(Toggle_Pin.o)
 .text.Toggle_Pin_SetDriveMode
                0x00000000       0x18 .\CortexM3\ARM_GCC_541\Debug\TogglingPin.a(Toggle_Pin.o)
 .text.Toggle_Pin_Read
                0x00000000       0x10 .\CortexM3\ARM_GCC_541\Debug\TogglingPin.a(Toggle_Pin.o)
 .text.Toggle_Pin_ReadDataReg
                0x00000000       0x10 .\CortexM3\ARM_GCC_541\Debug\TogglingPin.a(Toggle_Pin.o)
 .text          0x00000000        0x0 .\CortexM3\ARM_GCC_541\Debug\TogglingPin.a(SleepTimer.o)
 .data          0x00000000        0x0 .\CortexM3\ARM_GCC_541\Debug\TogglingPin.a(SleepTimer.o)
 .text.SleepTimer_Stop
                0x00000000       0x1c .\CortexM3\ARM_GCC_541\Debug\TogglingPin.a(SleepTimer.o)
 .text.SleepTimer_DisableInt
                0x00000000       0x1c .\CortexM3\ARM_GCC_541\Debug\TogglingPin.a(SleepTimer.o)
 .text          0x00000000        0x0 .\CortexM3\ARM_GCC_541\Debug\TogglingPin.a(Sleep_ISR.o)
 .data          0x00000000        0x0 .\CortexM3\ARM_GCC_541\Debug\TogglingPin.a(Sleep_ISR.o)
 .bss           0x00000000        0x0 .\CortexM3\ARM_GCC_541\Debug\TogglingPin.a(Sleep_ISR.o)
 .text.Sleep_ISR_Interrupt
                0x00000000        0x4 .\CortexM3\ARM_GCC_541\Debug\TogglingPin.a(Sleep_ISR.o)
 .text.Sleep_ISR_GetVector
                0x00000000        0xc .\CortexM3\ARM_GCC_541\Debug\TogglingPin.a(Sleep_ISR.o)
 .text.Sleep_ISR_GetPriority
                0x00000000        0xc .\CortexM3\ARM_GCC_541\Debug\TogglingPin.a(Sleep_ISR.o)
 .text.Sleep_ISR_GetState
                0x00000000       0x10 .\CortexM3\ARM_GCC_541\Debug\TogglingPin.a(Sleep_ISR.o)
 .text.Sleep_ISR_Start
                0x00000000       0x1c .\CortexM3\ARM_GCC_541\Debug\TogglingPin.a(Sleep_ISR.o)
 .text.Sleep_ISR_Stop
                0x00000000       0x14 .\CortexM3\ARM_GCC_541\Debug\TogglingPin.a(Sleep_ISR.o)
 .text.Sleep_ISR_SetPending
                0x00000000        0xc .\CortexM3\ARM_GCC_541\Debug\TogglingPin.a(Sleep_ISR.o)
 .text.Sleep_ISR_ClearPending
                0x00000000        0xc .\CortexM3\ARM_GCC_541\Debug\TogglingPin.a(Sleep_ISR.o)
 .text          0x00000000        0x0 .\CortexM3\ARM_GCC_541\Debug\TogglingPin.a(PWM_40k.o)
 .data          0x00000000        0x0 .\CortexM3\ARM_GCC_541\Debug\TogglingPin.a(PWM_40k.o)
 .text.PWM_40k_ReadCompare
                0x00000000        0xc .\CortexM3\ARM_GCC_541\Debug\TogglingPin.a(PWM_40k.o)
 .text          0x00000000        0x0 .\CortexM3\ARM_GCC_541\Debug\TogglingPin.a(PWM_40k_PM.o)
 .data          0x00000000        0x0 .\CortexM3\ARM_GCC_541\Debug\TogglingPin.a(PWM_40k_PM.o)
 .text          0x00000000        0x0 .\CortexM3\ARM_GCC_541\Debug\TogglingPin.a(CyLib.o)
 .bss           0x00000000       0x1c .\CortexM3\ARM_GCC_541\Debug\TogglingPin.a(CyLib.o)
 .text.CyUSB_PowerOnCheck
                0x00000000       0x48 .\CortexM3\ARM_GCC_541\Debug\TogglingPin.a(CyLib.o)
 .text.CyBusClk_Internal_SetDivider
                0x00000000       0x48 .\CortexM3\ARM_GCC_541\Debug\TogglingPin.a(CyLib.o)
 .text.CyPLL_OUT_Stop
                0x00000000       0x10 .\CortexM3\ARM_GCC_541\Debug\TogglingPin.a(CyLib.o)
 .text.CyIMO_Stop
                0x00000000       0x1c .\CortexM3\ARM_GCC_541\Debug\TogglingPin.a(CyLib.o)
 .text.CyIMO_EnableDoubler
                0x00000000       0x10 .\CortexM3\ARM_GCC_541\Debug\TogglingPin.a(CyLib.o)
 .text.CyIMO_DisableDoubler
                0x00000000       0x10 .\CortexM3\ARM_GCC_541\Debug\TogglingPin.a(CyLib.o)
 .text.CyMasterClk_SetSource
                0x00000000       0x18 .\CortexM3\ARM_GCC_541\Debug\TogglingPin.a(CyLib.o)
 .text.CyMasterClk_SetDivider
                0x00000000        0xc .\CortexM3\ARM_GCC_541\Debug\TogglingPin.a(CyLib.o)
 .text.CyBusClk_SetDivider
                0x00000000       0x70 .\CortexM3\ARM_GCC_541\Debug\TogglingPin.a(CyLib.o)
 .text.CyUsbClk_SetSource
                0x00000000       0x18 .\CortexM3\ARM_GCC_541\Debug\TogglingPin.a(CyLib.o)
 .text.CyILO_Start1K
                0x00000000       0x10 .\CortexM3\ARM_GCC_541\Debug\TogglingPin.a(CyLib.o)
 .text.CyILO_Stop1K
                0x00000000       0x10 .\CortexM3\ARM_GCC_541\Debug\TogglingPin.a(CyLib.o)
 .text.CyILO_Start100K
                0x00000000       0x10 .\CortexM3\ARM_GCC_541\Debug\TogglingPin.a(CyLib.o)
 .text.CyILO_Stop100K
                0x00000000       0x10 .\CortexM3\ARM_GCC_541\Debug\TogglingPin.a(CyLib.o)
 .text.CyPLL_OUT_Start
                0x00000000       0x78 .\CortexM3\ARM_GCC_541\Debug\TogglingPin.a(CyLib.o)
 .text.CyIMO_Start
                0x00000000       0x60 .\CortexM3\ARM_GCC_541\Debug\TogglingPin.a(CyLib.o)
 .text.CyILO_Enable33K
                0x00000000       0x10 .\CortexM3\ARM_GCC_541\Debug\TogglingPin.a(CyLib.o)
 .text.CyILO_Disable33K
                0x00000000       0x10 .\CortexM3\ARM_GCC_541\Debug\TogglingPin.a(CyLib.o)
 .text.CyILO_SetSource
                0x00000000       0x18 .\CortexM3\ARM_GCC_541\Debug\TogglingPin.a(CyLib.o)
 .text.CyILO_SetPowerMode
                0x00000000       0x24 .\CortexM3\ARM_GCC_541\Debug\TogglingPin.a(CyLib.o)
 .text.CyXTAL_32KHZ_Stop
                0x00000000       0x30 .\CortexM3\ARM_GCC_541\Debug\TogglingPin.a(CyLib.o)
 .text.CyXTAL_32KHZ_ReadStatus
                0x00000000       0x10 .\CortexM3\ARM_GCC_541\Debug\TogglingPin.a(CyLib.o)
 .text.CyXTAL_Start
                0x00000000       0xac .\CortexM3\ARM_GCC_541\Debug\TogglingPin.a(CyLib.o)
 .text.CyXTAL_Stop
                0x00000000       0x10 .\CortexM3\ARM_GCC_541\Debug\TogglingPin.a(CyLib.o)
 .text.CyXTAL_EnableErrStatus
                0x00000000       0x10 .\CortexM3\ARM_GCC_541\Debug\TogglingPin.a(CyLib.o)
 .text.CyXTAL_DisableErrStatus
                0x00000000       0x10 .\CortexM3\ARM_GCC_541\Debug\TogglingPin.a(CyLib.o)
 .text.CyXTAL_ReadStatus
                0x00000000       0x18 .\CortexM3\ARM_GCC_541\Debug\TogglingPin.a(CyLib.o)
 .text.CyXTAL_EnableFaultRecovery
                0x00000000       0x10 .\CortexM3\ARM_GCC_541\Debug\TogglingPin.a(CyLib.o)
 .text.CyXTAL_DisableFaultRecovery
                0x00000000       0x10 .\CortexM3\ARM_GCC_541\Debug\TogglingPin.a(CyLib.o)
 .text.CyXTAL_SetStartup
                0x00000000       0x18 .\CortexM3\ARM_GCC_541\Debug\TogglingPin.a(CyLib.o)
 .text.CyXTAL_SetFbVoltage
                0x00000000       0x18 .\CortexM3\ARM_GCC_541\Debug\TogglingPin.a(CyLib.o)
 .text.CyXTAL_SetWdVoltage
                0x00000000       0x18 .\CortexM3\ARM_GCC_541\Debug\TogglingPin.a(CyLib.o)
 .text.CyPLL_OUT_SetPQ
                0x00000000       0x60 .\CortexM3\ARM_GCC_541\Debug\TogglingPin.a(CyLib.o)
 .text.CyPLL_OUT_SetSource
                0x00000000       0x34 .\CortexM3\ARM_GCC_541\Debug\TogglingPin.a(CyLib.o)
 .text.CyIMO_SetTrimValue
                0x00000000       0xcc .\CortexM3\ARM_GCC_541\Debug\TogglingPin.a(CyLib.o)
 .text.CyIMO_SetFreq
                0x00000000       0xf4 .\CortexM3\ARM_GCC_541\Debug\TogglingPin.a(CyLib.o)
 .text.CyIMO_SetSource
                0x00000000       0x58 .\CortexM3\ARM_GCC_541\Debug\TogglingPin.a(CyLib.o)
 .text.CySoftwareReset
                0x00000000       0x10 .\CortexM3\ARM_GCC_541\Debug\TogglingPin.a(CyLib.o)
 .text.CyDelayUs
                0x00000000       0x14 .\CortexM3\ARM_GCC_541\Debug\TogglingPin.a(CyLib.o)
 .text.CyXTAL_32KHZ_SetPowerMode
                0x00000000       0x84 .\CortexM3\ARM_GCC_541\Debug\TogglingPin.a(CyLib.o)
 .text.CyXTAL_32KHZ_Start
                0x00000000       0x74 .\CortexM3\ARM_GCC_541\Debug\TogglingPin.a(CyLib.o)
 .text.CyDelayFreq
                0x00000000       0x4c .\CortexM3\ARM_GCC_541\Debug\TogglingPin.a(CyLib.o)
 .text.CyWdtStart
                0x00000000       0x40 .\CortexM3\ARM_GCC_541\Debug\TogglingPin.a(CyLib.o)
 .text.CyWdtClear
                0x00000000        0xc .\CortexM3\ARM_GCC_541\Debug\TogglingPin.a(CyLib.o)
 .text.CyVdStickyStatus
                0x00000000       0x2c .\CortexM3\ARM_GCC_541\Debug\TogglingPin.a(CyLib.o)
 .text.CyVdLvDigitEnable
                0x00000000       0x84 .\CortexM3\ARM_GCC_541\Debug\TogglingPin.a(CyLib.o)
 .text.CyVdLvAnalogEnable
                0x00000000       0x80 .\CortexM3\ARM_GCC_541\Debug\TogglingPin.a(CyLib.o)
 .text.CyVdLvDigitDisable
                0x00000000       0x30 .\CortexM3\ARM_GCC_541\Debug\TogglingPin.a(CyLib.o)
 .text.CyVdLvAnalogDisable
                0x00000000       0x28 .\CortexM3\ARM_GCC_541\Debug\TogglingPin.a(CyLib.o)
 .text.CyVdHvAnalogEnable
                0x00000000       0x54 .\CortexM3\ARM_GCC_541\Debug\TogglingPin.a(CyLib.o)
 .text.CyVdHvAnalogDisable
                0x00000000       0x20 .\CortexM3\ARM_GCC_541\Debug\TogglingPin.a(CyLib.o)
 .text.CyVdRealTimeStatus
                0x00000000       0x1c .\CortexM3\ARM_GCC_541\Debug\TogglingPin.a(CyLib.o)
 .text.CyDisableInts
                0x00000000       0x1c .\CortexM3\ARM_GCC_541\Debug\TogglingPin.a(CyLib.o)
 .text.CyEnableInts
                0x00000000       0x18 .\CortexM3\ARM_GCC_541\Debug\TogglingPin.a(CyLib.o)
 .text.CyFlushCache
                0x00000000       0x44 .\CortexM3\ARM_GCC_541\Debug\TogglingPin.a(CyLib.o)
 .text.CyIntSetSysVector
                0x00000000       0x28 .\CortexM3\ARM_GCC_541\Debug\TogglingPin.a(CyLib.o)
 .text.CyIntGetSysVector
                0x00000000       0x20 .\CortexM3\ARM_GCC_541\Debug\TogglingPin.a(CyLib.o)
 .text.CyIntSetVector
                0x00000000       0x28 .\CortexM3\ARM_GCC_541\Debug\TogglingPin.a(CyLib.o)
 .text.CyIntGetVector
                0x00000000       0x24 .\CortexM3\ARM_GCC_541\Debug\TogglingPin.a(CyLib.o)
 .text.CyIntSetPriority
                0x00000000       0x30 .\CortexM3\ARM_GCC_541\Debug\TogglingPin.a(CyLib.o)
 .text.CyIntGetPriority
                0x00000000       0x20 .\CortexM3\ARM_GCC_541\Debug\TogglingPin.a(CyLib.o)
 .text.CyIntGetState
                0x00000000       0x24 .\CortexM3\ARM_GCC_541\Debug\TogglingPin.a(CyLib.o)
 .text.CySysTickStop
                0x00000000       0x10 .\CortexM3\ARM_GCC_541\Debug\TogglingPin.a(CyLib.o)
 .text.CySysTickEnableInterrupt
                0x00000000       0x10 .\CortexM3\ARM_GCC_541\Debug\TogglingPin.a(CyLib.o)
 .text.CySysTickEnable
                0x00000000       0x18 .\CortexM3\ARM_GCC_541\Debug\TogglingPin.a(CyLib.o)
 .text.CySysTickDisableInterrupt
                0x00000000       0x10 .\CortexM3\ARM_GCC_541\Debug\TogglingPin.a(CyLib.o)
 .text.CySysTickSetReload
                0x00000000       0x10 .\CortexM3\ARM_GCC_541\Debug\TogglingPin.a(CyLib.o)
 .text.CySysTickGetReload
                0x00000000       0x10 .\CortexM3\ARM_GCC_541\Debug\TogglingPin.a(CyLib.o)
 .text.CySysTickGetValue
                0x00000000       0x10 .\CortexM3\ARM_GCC_541\Debug\TogglingPin.a(CyLib.o)
 .text.CySysTickSetClockSource
                0x00000000       0x20 .\CortexM3\ARM_GCC_541\Debug\TogglingPin.a(CyLib.o)
 .text.CySysTickGetClockSource
                0x00000000       0x10 .\CortexM3\ARM_GCC_541\Debug\TogglingPin.a(CyLib.o)
 .text.CySysTickGetCountFlag
                0x00000000       0x10 .\CortexM3\ARM_GCC_541\Debug\TogglingPin.a(CyLib.o)
 .text.CySysTickServiceCallbacks
                0x00000000       0x28 .\CortexM3\ARM_GCC_541\Debug\TogglingPin.a(CyLib.o)
 .text.CySysTickClear
                0x00000000        0xc .\CortexM3\ARM_GCC_541\Debug\TogglingPin.a(CyLib.o)
 .text.CySysTickInit
                0x00000000       0x58 .\CortexM3\ARM_GCC_541\Debug\TogglingPin.a(CyLib.o)
 .text.CySysTickStart
                0x00000000       0x1c .\CortexM3\ARM_GCC_541\Debug\TogglingPin.a(CyLib.o)
 .text.CySysTickSetCallback
                0x00000000       0x10 .\CortexM3\ARM_GCC_541\Debug\TogglingPin.a(CyLib.o)
 .text.CySysTickGetCallback
                0x00000000       0x10 .\CortexM3\ARM_GCC_541\Debug\TogglingPin.a(CyLib.o)
 .text.CyGetUniqueId
                0x00000000       0x70 .\CortexM3\ARM_GCC_541\Debug\TogglingPin.a(CyLib.o)
 .text          0x00000000        0x0 .\CortexM3\ARM_GCC_541\Debug\TogglingPin.a(cyPm.o)
 .data          0x00000000        0x0 .\CortexM3\ARM_GCC_541\Debug\TogglingPin.a(cyPm.o)
 .text.CyPmHviLviSaveDisable
                0x00000000       0xa0 .\CortexM3\ARM_GCC_541\Debug\TogglingPin.a(cyPm.o)
 .text.CyPmHibSaveSet
                0x00000000       0x98 .\CortexM3\ARM_GCC_541\Debug\TogglingPin.a(cyPm.o)
 .text.CyPmHviLviRestore
                0x00000000       0x48 .\CortexM3\ARM_GCC_541\Debug\TogglingPin.a(cyPm.o)
 .text.CyPmHibRestore
                0x00000000       0x60 .\CortexM3\ARM_GCC_541\Debug\TogglingPin.a(cyPm.o)
 .text.CyPmSaveClocks
                0x00000000      0x218 .\CortexM3\ARM_GCC_541\Debug\TogglingPin.a(cyPm.o)
 .text.CyPmRestoreClocks
                0x00000000      0x24c .\CortexM3\ARM_GCC_541\Debug\TogglingPin.a(cyPm.o)
 .text.CyPmAltAct
                0x00000000       0x6c .\CortexM3\ARM_GCC_541\Debug\TogglingPin.a(cyPm.o)
 .text.CyPmHibernateEx
                0x00000000       0xf4 .\CortexM3\ARM_GCC_541\Debug\TogglingPin.a(cyPm.o)
 .text.CyPmHibernate
                0x00000000        0xc .\CortexM3\ARM_GCC_541\Debug\TogglingPin.a(cyPm.o)
 .text.CyPmCtwSetInterval
                0x00000000       0x5c .\CortexM3\ARM_GCC_541\Debug\TogglingPin.a(cyPm.o)
 .text.CyPmOppsSet
                0x00000000       0x2c .\CortexM3\ARM_GCC_541\Debug\TogglingPin.a(cyPm.o)
 .text.CyPmFtwSetInterval
                0x00000000       0x5c .\CortexM3\ARM_GCC_541\Debug\TogglingPin.a(cyPm.o)
 .rodata        0x00000000        0xf .\CortexM3\ARM_GCC_541\Debug\TogglingPin.a(cyPm.o)
 .data          0x00000000        0x0 .\CortexM3\ARM_GCC_541\Debug\TogglingPin.a(CyBootAsmGnu.o)
 .bss           0x00000000        0x0 .\CortexM3\ARM_GCC_541\Debug\TogglingPin.a(CyBootAsmGnu.o)
 .text          0x00000000        0x0 .\CortexM3\ARM_GCC_541\Debug\TogglingPin.a(CyFlash.o)
 .data          0x00000000        0x0 .\CortexM3\ARM_GCC_541\Debug\TogglingPin.a(CyFlash.o)
 .bss           0x00000000        0x0 .\CortexM3\ARM_GCC_541\Debug\TogglingPin.a(CyFlash.o)
 .text.CyFlashGetSpcAlgorithm
                0x00000000       0x4c .\CortexM3\ARM_GCC_541\Debug\TogglingPin.a(CyFlash.o)
 .text.CySetTempInt
                0x00000000       0x60 .\CortexM3\ARM_GCC_541\Debug\TogglingPin.a(CyFlash.o)
 .text.CyFlash_Start
                0x00000000       0x54 .\CortexM3\ARM_GCC_541\Debug\TogglingPin.a(CyFlash.o)
 .text.CyFlash_Stop
                0x00000000       0x24 .\CortexM3\ARM_GCC_541\Debug\TogglingPin.a(CyFlash.o)
 .text.CySetTemp
                0x00000000       0x14 .\CortexM3\ARM_GCC_541\Debug\TogglingPin.a(CyFlash.o)
 .text.CySetFlashEEBuffer
                0x00000000       0x20 .\CortexM3\ARM_GCC_541\Debug\TogglingPin.a(CyFlash.o)
 .text.CyWriteRowFull
                0x00000000       0xf8 .\CortexM3\ARM_GCC_541\Debug\TogglingPin.a(CyFlash.o)
 .text.CyWriteRowData
                0x00000000       0x14 .\CortexM3\ARM_GCC_541\Debug\TogglingPin.a(CyFlash.o)
 .text.CyFlash_SetWaitCycles
                0x00000000       0x7c .\CortexM3\ARM_GCC_541\Debug\TogglingPin.a(CyFlash.o)
 .text.CyEEPROM_Start
                0x00000000       0x54 .\CortexM3\ARM_GCC_541\Debug\TogglingPin.a(CyFlash.o)
 .text.CyEEPROM_Stop
                0x00000000       0x24 .\CortexM3\ARM_GCC_541\Debug\TogglingPin.a(CyFlash.o)
 .text.CyEEPROM_ReadReserve
                0x00000000       0x1c .\CortexM3\ARM_GCC_541\Debug\TogglingPin.a(CyFlash.o)
 .text.CyEEPROM_ReadRelease
                0x00000000       0x10 .\CortexM3\ARM_GCC_541\Debug\TogglingPin.a(CyFlash.o)
 COMMON         0x00000000        0x2 .\CortexM3\ARM_GCC_541\Debug\TogglingPin.a(CyFlash.o)
 .text          0x00000000        0x0 .\CortexM3\ARM_GCC_541\Debug\TogglingPin.a(CySpc.o)
 .data          0x00000000        0x0 .\CortexM3\ARM_GCC_541\Debug\TogglingPin.a(CySpc.o)
 .bss           0x00000000        0x8 .\CortexM3\ARM_GCC_541\Debug\TogglingPin.a(CySpc.o)
 .text.CySpcStart
                0x00000000       0x24 .\CortexM3\ARM_GCC_541\Debug\TogglingPin.a(CySpc.o)
 .text.CySpcStop
                0x00000000       0x24 .\CortexM3\ARM_GCC_541\Debug\TogglingPin.a(CySpc.o)
 .text.CySpcReadData
                0x00000000       0x34 .\CortexM3\ARM_GCC_541\Debug\TogglingPin.a(CySpc.o)
 .text.CySpcLoadMultiByte
                0x00000000       0x78 .\CortexM3\ARM_GCC_541\Debug\TogglingPin.a(CySpc.o)
 .text.CySpcLoadRow
                0x00000000       0x50 .\CortexM3\ARM_GCC_541\Debug\TogglingPin.a(CySpc.o)
 .text.CySpcLoadRowFull
                0x00000000       0x80 .\CortexM3\ARM_GCC_541\Debug\TogglingPin.a(CySpc.o)
 .text.CySpcWriteRow
                0x00000000       0x4c .\CortexM3\ARM_GCC_541\Debug\TogglingPin.a(CySpc.o)
 .text.CySpcEraseSector
                0x00000000       0x3c .\CortexM3\ARM_GCC_541\Debug\TogglingPin.a(CySpc.o)
 .text.CySpcGetTemp
                0x00000000       0x3c .\CortexM3\ARM_GCC_541\Debug\TogglingPin.a(CySpc.o)
 .text.CySpcLock
                0x00000000       0x4c .\CortexM3\ARM_GCC_541\Debug\TogglingPin.a(CySpc.o)
 .text.CySpcUnlock
                0x00000000       0x38 .\CortexM3\ARM_GCC_541\Debug\TogglingPin.a(CySpc.o)
 .text.CySpcGetAlgorithm
                0x00000000       0x28 .\CortexM3\ARM_GCC_541\Debug\TogglingPin.a(CySpc.o)
 .text          0x00000000        0x0 c:/program files (x86)/cypress/psoc creator/4.1/psoc creator/import/gnu/arm/5.4.1/bin/../lib/gcc/arm-none-eabi/5.4.1/../../../../arm-none-eabi/lib/armv7-m\libg_nano.a(lib_a-errno.o)
 .data          0x00000000        0x0 c:/program files (x86)/cypress/psoc creator/4.1/psoc creator/import/gnu/arm/5.4.1/bin/../lib/gcc/arm-none-eabi/5.4.1/../../../../arm-none-eabi/lib/armv7-m\libg_nano.a(lib_a-errno.o)
 .bss           0x00000000        0x0 c:/program files (x86)/cypress/psoc creator/4.1/psoc creator/import/gnu/arm/5.4.1/bin/../lib/gcc/arm-none-eabi/5.4.1/../../../../arm-none-eabi/lib/armv7-m\libg_nano.a(lib_a-errno.o)
 .text          0x00000000        0x0 c:/program files (x86)/cypress/psoc creator/4.1/psoc creator/import/gnu/arm/5.4.1/bin/../lib/gcc/arm-none-eabi/5.4.1/../../../../arm-none-eabi/lib/armv7-m\libg_nano.a(lib_a-exit.o)
 .data          0x00000000        0x0 c:/program files (x86)/cypress/psoc creator/4.1/psoc creator/import/gnu/arm/5.4.1/bin/../lib/gcc/arm-none-eabi/5.4.1/../../../../arm-none-eabi/lib/armv7-m\libg_nano.a(lib_a-exit.o)
 .bss           0x00000000        0x0 c:/program files (x86)/cypress/psoc creator/4.1/psoc creator/import/gnu/arm/5.4.1/bin/../lib/gcc/arm-none-eabi/5.4.1/../../../../arm-none-eabi/lib/armv7-m\libg_nano.a(lib_a-exit.o)
 .text.exit     0x00000000       0x28 c:/program files (x86)/cypress/psoc creator/4.1/psoc creator/import/gnu/arm/5.4.1/bin/../lib/gcc/arm-none-eabi/5.4.1/../../../../arm-none-eabi/lib/armv7-m\libg_nano.a(lib_a-exit.o)
 .text          0x00000000        0x0 c:/program files (x86)/cypress/psoc creator/4.1/psoc creator/import/gnu/arm/5.4.1/bin/../lib/gcc/arm-none-eabi/5.4.1/../../../../arm-none-eabi/lib/armv7-m\libg_nano.a(lib_a-impure.o)
 .data          0x00000000        0x0 c:/program files (x86)/cypress/psoc creator/4.1/psoc creator/import/gnu/arm/5.4.1/bin/../lib/gcc/arm-none-eabi/5.4.1/../../../../arm-none-eabi/lib/armv7-m\libg_nano.a(lib_a-impure.o)
 .bss           0x00000000        0x0 c:/program files (x86)/cypress/psoc creator/4.1/psoc creator/import/gnu/arm/5.4.1/bin/../lib/gcc/arm-none-eabi/5.4.1/../../../../arm-none-eabi/lib/armv7-m\libg_nano.a(lib_a-impure.o)
 .rodata._global_impure_ptr
                0x00000000        0x4 c:/program files (x86)/cypress/psoc creator/4.1/psoc creator/import/gnu/arm/5.4.1/bin/../lib/gcc/arm-none-eabi/5.4.1/../../../../arm-none-eabi/lib/armv7-m\libg_nano.a(lib_a-impure.o)
 .text          0x00000000        0x0 c:/program files (x86)/cypress/psoc creator/4.1/psoc creator/import/gnu/arm/5.4.1/bin/../lib/gcc/arm-none-eabi/5.4.1/../../../../arm-none-eabi/lib/armv7-m\libg_nano.a(lib_a-init.o)
 .data          0x00000000        0x0 c:/program files (x86)/cypress/psoc creator/4.1/psoc creator/import/gnu/arm/5.4.1/bin/../lib/gcc/arm-none-eabi/5.4.1/../../../../arm-none-eabi/lib/armv7-m\libg_nano.a(lib_a-init.o)
 .bss           0x00000000        0x0 c:/program files (x86)/cypress/psoc creator/4.1/psoc creator/import/gnu/arm/5.4.1/bin/../lib/gcc/arm-none-eabi/5.4.1/../../../../arm-none-eabi/lib/armv7-m\libg_nano.a(lib_a-init.o)
 .text          0x00000000        0x0 c:/program files (x86)/cypress/psoc creator/4.1/psoc creator/import/gnu/arm/5.4.1/bin/../lib/gcc/arm-none-eabi/5.4.1/../../../../arm-none-eabi/lib/armv7-m\libg_nano.a(lib_a-memcpy-stub.o)
 .data          0x00000000        0x0 c:/program files (x86)/cypress/psoc creator/4.1/psoc creator/import/gnu/arm/5.4.1/bin/../lib/gcc/arm-none-eabi/5.4.1/../../../../arm-none-eabi/lib/armv7-m\libg_nano.a(lib_a-memcpy-stub.o)
 .bss           0x00000000        0x0 c:/program files (x86)/cypress/psoc creator/4.1/psoc creator/import/gnu/arm/5.4.1/bin/../lib/gcc/arm-none-eabi/5.4.1/../../../../arm-none-eabi/lib/armv7-m\libg_nano.a(lib_a-memcpy-stub.o)
 .text          0x00000000        0x0 c:/program files (x86)/cypress/psoc creator/4.1/psoc creator/import/gnu/arm/5.4.1/bin/../lib/gcc/arm-none-eabi/5.4.1/../../../../arm-none-eabi/lib/armv7-m\libg_nano.a(lib_a-memset.o)
 .data          0x00000000        0x0 c:/program files (x86)/cypress/psoc creator/4.1/psoc creator/import/gnu/arm/5.4.1/bin/../lib/gcc/arm-none-eabi/5.4.1/../../../../arm-none-eabi/lib/armv7-m\libg_nano.a(lib_a-memset.o)
 .bss           0x00000000        0x0 c:/program files (x86)/cypress/psoc creator/4.1/psoc creator/import/gnu/arm/5.4.1/bin/../lib/gcc/arm-none-eabi/5.4.1/../../../../arm-none-eabi/lib/armv7-m\libg_nano.a(lib_a-memset.o)
 .text          0x00000000        0x0 c:/program files (x86)/cypress/psoc creator/4.1/psoc creator/import/gnu/arm/5.4.1/bin/../lib/gcc/arm-none-eabi/5.4.1/armv7-m/crtend.o
 .data          0x00000000        0x0 c:/program files (x86)/cypress/psoc creator/4.1/psoc creator/import/gnu/arm/5.4.1/bin/../lib/gcc/arm-none-eabi/5.4.1/armv7-m/crtend.o
 .bss           0x00000000        0x0 c:/program files (x86)/cypress/psoc creator/4.1/psoc creator/import/gnu/arm/5.4.1/bin/../lib/gcc/arm-none-eabi/5.4.1/armv7-m/crtend.o
 .text          0x00000000        0x0 c:/program files (x86)/cypress/psoc creator/4.1/psoc creator/import/gnu/arm/5.4.1/bin/../lib/gcc/arm-none-eabi/5.4.1/armv7-m/crtn.o
 .data          0x00000000        0x0 c:/program files (x86)/cypress/psoc creator/4.1/psoc creator/import/gnu/arm/5.4.1/bin/../lib/gcc/arm-none-eabi/5.4.1/armv7-m/crtn.o
 .bss           0x00000000        0x0 c:/program files (x86)/cypress/psoc creator/4.1/psoc creator/import/gnu/arm/5.4.1/bin/../lib/gcc/arm-none-eabi/5.4.1/armv7-m/crtn.o

Memory Configuration

Name             Origin             Length             Attributes
rom              0x00000000         0x00040000         xr
ram              0x1fff8000         0x00010000         xrw
*default*        0x00000000         0xffffffff

Linker script and memory map

LOAD c:/program files (x86)/cypress/psoc creator/4.1/psoc creator/import/gnu/arm/5.4.1/bin/../lib/gcc/arm-none-eabi/5.4.1/armv7-m/crti.o
LOAD c:/program files (x86)/cypress/psoc creator/4.1/psoc creator/import/gnu/arm/5.4.1/bin/../lib/gcc/arm-none-eabi/5.4.1/armv7-m/crtbegin.o
LOAD c:/program files (x86)/cypress/psoc creator/4.1/psoc creator/import/gnu/arm/5.4.1/bin/../lib/gcc/arm-none-eabi/5.4.1/../../../../arm-none-eabi/lib/armv7-m/crt0.o
START GROUP
LOAD .\CortexM3\ARM_GCC_541\Debug\main.o
LOAD .\CortexM3\ARM_GCC_541\Debug\cyfitter_cfg.o
LOAD .\CortexM3\ARM_GCC_541\Debug\cymetadata.o
LOAD .\CortexM3\ARM_GCC_541\Debug\Cm3Start.o
LOAD .\CortexM3\ARM_GCC_541\Debug\TogglingPin.a
LOAD C:\Program Files (x86)\Cypress\PSoC Creator\4.1\PSoC Creator\psoc\content\cycomponentlibrary\CyComponentLibrary.cylib\CortexM3\ARM_GCC_541\Debug\CyComponentLibrary.a
END GROUP
START GROUP
LOAD c:/program files (x86)/cypress/psoc creator/4.1/psoc creator/import/gnu/arm/5.4.1/bin/../lib/gcc/arm-none-eabi/5.4.1/armv7-m\libgcc.a
LOAD c:/program files (x86)/cypress/psoc creator/4.1/psoc creator/import/gnu/arm/5.4.1/bin/../lib/gcc/arm-none-eabi/5.4.1/../../../../arm-none-eabi/lib/armv7-m\libg_nano.a
LOAD c:/program files (x86)/cypress/psoc creator/4.1/psoc creator/import/gnu/arm/5.4.1/bin/../lib/gcc/arm-none-eabi/5.4.1/../../../../arm-none-eabi/lib/armv7-m\libc_nano.a
END GROUP
START GROUP
LOAD c:/program files (x86)/cypress/psoc creator/4.1/psoc creator/import/gnu/arm/5.4.1/bin/../lib/gcc/arm-none-eabi/5.4.1/armv7-m\libgcc.a
LOAD c:/program files (x86)/cypress/psoc creator/4.1/psoc creator/import/gnu/arm/5.4.1/bin/../lib/gcc/arm-none-eabi/5.4.1/../../../../arm-none-eabi/lib/armv7-m\libc_nano.a
END GROUP
LOAD c:/program files (x86)/cypress/psoc creator/4.1/psoc creator/import/gnu/arm/5.4.1/bin/../lib/gcc/arm-none-eabi/5.4.1/armv7-m/crtend.o
LOAD c:/program files (x86)/cypress/psoc creator/4.1/psoc creator/import/gnu/arm/5.4.1/bin/../lib/gcc/arm-none-eabi/5.4.1/armv7-m/crtn.o
START GROUP
LOAD c:/program files (x86)/cypress/psoc creator/4.1/psoc creator/import/gnu/arm/5.4.1/bin/../lib/gcc/arm-none-eabi/5.4.1/armv7-m\libgcc.a
LOAD c:/program files (x86)/cypress/psoc creator/4.1/psoc creator/import/gnu/arm/5.4.1/bin/../lib/gcc/arm-none-eabi/5.4.1/../../../../arm-none-eabi/lib/armv7-m\libc.a
LOAD c:/program files (x86)/cypress/psoc creator/4.1/psoc creator/import/gnu/arm/5.4.1/bin/../lib/gcc/arm-none-eabi/5.4.1/../../../../arm-none-eabi/lib/armv7-m\libnosys.a
END GROUP
                0x00000000                CY_APPL_ORIGIN = 0x0
                0x00000100                CY_FLASH_ROW_SIZE = 0x100
                0x00000020                CY_ECC_ROW_SIZE = 0x20
                0x00000000                CY_EE_IN_BTLDR = 0x0
                0x00000000                CY_APPL_LOADABLE = 0x0
                0x00000800                CY_EE_SIZE = 0x800
                0x00000001                CY_APPL_NUM = 0x1
                0x00000001                CY_APPL_MAX = 0x1
                0x00000040                CY_METADATA_SIZE = 0x40
                0x00000000                CY_APPL_LOADABLE = 0x0
                0x00000000                CY_CHECKSUM_EXCLUDE_SIZE = ALIGN (0x0, CY_FLASH_ROW_SIZE)
                [!provide]                PROVIDE (__cy_heap_start, _end)
                0x00000001                PROVIDE (__cy_region_num, ((__cy_regions_end - __cy_regions) / 0x10))
                0x20008000                PROVIDE (__cy_stack, (ORIGIN (ram) + LENGTH (ram)))
                [!provide]                PROVIDE (__cy_heap_end, (__cy_stack - 0x800))

.cybootloader   0x00000000        0x0
 *(.cybootloader)
                0x00000000                appl1_start = CY_APPL_ORIGIN?CY_APPL_ORIGIN:ALIGN (CY_FLASH_ROW_SIZE)
                0x0001ff00                appl2_start = (appl1_start + ALIGN ((((LENGTH (rom) - appl1_start) - (0x2 * CY_FLASH_ROW_SIZE)) / 0x2), CY_FLASH_ROW_SIZE))
                0x00000000                appl_start = (CY_APPL_NUM == 0x1)?appl1_start:appl2_start
                0x00000000                ecc_offset = ((appl_start / CY_FLASH_ROW_SIZE) * CY_ECC_ROW_SIZE)
                0x00000000                ee_offset = (CY_APPL_LOADABLE && ! (CY_EE_IN_BTLDR))?((CY_EE_SIZE / CY_APPL_MAX) * (CY_APPL_NUM - 0x1)):0x0
                0x00000800                ee_size = (CY_APPL_LOADABLE && ! (CY_EE_IN_BTLDR))?(CY_EE_SIZE / CY_APPL_MAX):CY_EE_SIZE
                [!provide]                PROVIDE (CY_ECC_OFFSET, ecc_offset)

.text           0x00000000      0xade
 CREATE_OBJECT_SYMBOLS
                0x00000000                PROVIDE (__cy_interrupt_vector, RomVectors)
 *(.romvectors)
 .romvectors    0x00000000       0x10 .\CortexM3\ARM_GCC_541\Debug\Cm3Start.o
                0x00000000                RomVectors
                0x00000001                ASSERT ((. != __cy_interrupt_vector), No interrupt vector)
                0x00000001                ASSERT (CY_APPL_ORIGIN?(SIZEOF (.cybootloader) <= CY_APPL_ORIGIN):0x1, Wrong image location)
                0x00000010                PROVIDE (__cy_reset, Reset)
 *(.text.Reset)
 .text.Reset    0x00000010       0x24 .\CortexM3\ARM_GCC_541\Debug\Cm3Start.o
                0x00000010                Reset
                0x00000001                ASSERT ((. != __cy_reset), No reset code)
 *(.dma_init)
                0x00000001                ASSERT ((((appl_start + .) <= 0x10000) || 0x1), DMA Init must be within the first 64k of flash)
 *(.text .text.* .gnu.linkonce.t.*)
 .text          0x00000034       0x5c c:/program files (x86)/cypress/psoc creator/4.1/psoc creator/import/gnu/arm/5.4.1/bin/../lib/gcc/arm-none-eabi/5.4.1/armv7-m/crtbegin.o
 .text.WakeupIsr
                0x00000090       0x10 .\CortexM3\ARM_GCC_541\Debug\main.o
                0x00000090                WakeupIsr
 .text.main     0x000000a0       0x40 .\CortexM3\ARM_GCC_541\Debug\main.o
                0x000000a0                main
 .text.cfg_write_bytes32
                0x000000e0       0x34 .\CortexM3\ARM_GCC_541\Debug\cyfitter_cfg.o
 .text.ClockSetup
                0x00000114       0x6c .\CortexM3\ARM_GCC_541\Debug\cyfitter_cfg.o
 .text.AnalogSetDefault
                0x00000180       0x28 .\CortexM3\ARM_GCC_541\Debug\cyfitter_cfg.o
 .text.CYMEMZERO
                0x000001a8        0xc .\CortexM3\ARM_GCC_541\Debug\cyfitter_cfg.o
 .text.CYCONFIGCPY
                0x000001b4        0x8 .\CortexM3\ARM_GCC_541\Debug\cyfitter_cfg.o
 .text.cyfitter_cfg
                0x000001bc       0xdc .\CortexM3\ARM_GCC_541\Debug\cyfitter_cfg.o
                0x000001bc                cyfitter_cfg
 .text.IntDefaultHandler
                0x00000298       0x10 .\CortexM3\ARM_GCC_541\Debug\Cm3Start.o
                0x00000298                IntDefaultHandler
 .text.Start_c  0x000002a8       0x4c .\CortexM3\ARM_GCC_541\Debug\Cm3Start.o
                0x000002a8                Start_c
 .text.initialize_psoc
                0x000002f4       0x68 .\CortexM3\ARM_GCC_541\Debug\Cm3Start.o
                0x000002f4                initialize_psoc
 .text.Toggle_Pin_Write
                0x0000035c       0x18 .\CortexM3\ARM_GCC_541\Debug\TogglingPin.a(Toggle_Pin.o)
                0x0000035c                Toggle_Pin_Write
 .text.SleepTimer_Enable
                0x00000374       0x48 .\CortexM3\ARM_GCC_541\Debug\TogglingPin.a(SleepTimer.o)
                0x00000374                SleepTimer_Enable
 .text.SleepTimer_EnableInt
                0x000003bc       0x1c .\CortexM3\ARM_GCC_541\Debug\TogglingPin.a(SleepTimer.o)
                0x000003bc                SleepTimer_EnableInt
 .text.SleepTimer_SetInterval
                0x000003d8       0x24 .\CortexM3\ARM_GCC_541\Debug\TogglingPin.a(SleepTimer.o)
                0x000003d8                SleepTimer_SetInterval
 .text.SleepTimer_Init
                0x000003fc       0x10 .\CortexM3\ARM_GCC_541\Debug\TogglingPin.a(SleepTimer.o)
                0x000003fc                SleepTimer_Init
 .text.SleepTimer_Start
                0x0000040c       0x1c .\CortexM3\ARM_GCC_541\Debug\TogglingPin.a(SleepTimer.o)
                0x0000040c                SleepTimer_Start
 .text.SleepTimer_GetStatus
                0x00000428        0xc .\CortexM3\ARM_GCC_541\Debug\TogglingPin.a(SleepTimer.o)
                0x00000428                SleepTimer_GetStatus
 .text.Sleep_ISR_SetVector
                0x00000434        0xc .\CortexM3\ARM_GCC_541\Debug\TogglingPin.a(Sleep_ISR.o)
                0x00000434                Sleep_ISR_SetVector
 .text.Sleep_ISR_SetPriority
                0x00000440       0x10 .\CortexM3\ARM_GCC_541\Debug\TogglingPin.a(Sleep_ISR.o)
                0x00000440                Sleep_ISR_SetPriority
 .text.Sleep_ISR_Enable
                0x00000450        0xc .\CortexM3\ARM_GCC_541\Debug\TogglingPin.a(Sleep_ISR.o)
                0x00000450                Sleep_ISR_Enable
 .text.Sleep_ISR_Disable
                0x0000045c        0xc .\CortexM3\ARM_GCC_541\Debug\TogglingPin.a(Sleep_ISR.o)
                0x0000045c                Sleep_ISR_Disable
 .text.Sleep_ISR_StartEx
                0x00000468       0x1c .\CortexM3\ARM_GCC_541\Debug\TogglingPin.a(Sleep_ISR.o)
                0x00000468                Sleep_ISR_StartEx
 .text.PWM_40k_Enable
                0x00000484       0x10 .\CortexM3\ARM_GCC_541\Debug\TogglingPin.a(PWM_40k.o)
                0x00000484                PWM_40k_Enable
 .text.PWM_40k_Stop
                0x00000494       0x10 .\CortexM3\ARM_GCC_541\Debug\TogglingPin.a(PWM_40k.o)
                0x00000494                PWM_40k_Stop
 .text.PWM_40k_WriteCounter
                0x000004a4        0xc .\CortexM3\ARM_GCC_541\Debug\TogglingPin.a(PWM_40k.o)
                0x000004a4                PWM_40k_WriteCounter
 .text.PWM_40k_ReadCounter
                0x000004b0       0x14 .\CortexM3\ARM_GCC_541\Debug\TogglingPin.a(PWM_40k.o)
                0x000004b0                PWM_40k_ReadCounter
 .text.PWM_40k_WritePeriod
                0x000004c4        0xc .\CortexM3\ARM_GCC_541\Debug\TogglingPin.a(PWM_40k.o)
                0x000004c4                PWM_40k_WritePeriod
 .text.PWM_40k_WriteCompare
                0x000004d0        0xc .\CortexM3\ARM_GCC_541\Debug\TogglingPin.a(PWM_40k.o)
                0x000004d0                PWM_40k_WriteCompare
 .text.PWM_40k_SetInterruptMode
                0x000004dc        0xc .\CortexM3\ARM_GCC_541\Debug\TogglingPin.a(PWM_40k.o)
                0x000004dc                PWM_40k_SetInterruptMode
 .text.PWM_40k_ReadStatusRegister
                0x000004e8        0xc .\CortexM3\ARM_GCC_541\Debug\TogglingPin.a(PWM_40k.o)
                0x000004e8                PWM_40k_ReadStatusRegister
 .text.PWM_40k_ReadControlRegister
                0x000004f4        0xc .\CortexM3\ARM_GCC_541\Debug\TogglingPin.a(PWM_40k.o)
                0x000004f4                PWM_40k_ReadControlRegister
 .text.PWM_40k_WriteControlRegister
                0x00000500        0xc .\CortexM3\ARM_GCC_541\Debug\TogglingPin.a(PWM_40k.o)
                0x00000500                PWM_40k_WriteControlRegister
 .text.PWM_40k_ReadCapture
                0x0000050c        0xc .\CortexM3\ARM_GCC_541\Debug\TogglingPin.a(PWM_40k.o)
                0x0000050c                PWM_40k_ReadCapture
 .text.PWM_40k_ClearFIFO
                0x00000518       0x14 .\CortexM3\ARM_GCC_541\Debug\TogglingPin.a(PWM_40k.o)
                0x00000518                PWM_40k_ClearFIFO
 .text.PWM_40k_Init
                0x0000052c       0x50 .\CortexM3\ARM_GCC_541\Debug\TogglingPin.a(PWM_40k.o)
                0x0000052c                PWM_40k_Init
 .text.PWM_40k_Start
                0x0000057c       0x1c .\CortexM3\ARM_GCC_541\Debug\TogglingPin.a(PWM_40k.o)
                0x0000057c                PWM_40k_Start
 .text.PWM_40k_ReadPeriod
                0x00000598        0xc .\CortexM3\ARM_GCC_541\Debug\TogglingPin.a(PWM_40k.o)
                0x00000598                PWM_40k_ReadPeriod
 .text.PWM_40k_SaveConfig
                0x000005a4       0x28 .\CortexM3\ARM_GCC_541\Debug\TogglingPin.a(PWM_40k_PM.o)
                0x000005a4                PWM_40k_SaveConfig
 .text.PWM_40k_RestoreConfig
                0x000005cc       0x28 .\CortexM3\ARM_GCC_541\Debug\TogglingPin.a(PWM_40k_PM.o)
                0x000005cc                PWM_40k_RestoreConfig
 .text.PWM_40k_Sleep
                0x000005f4       0x2c .\CortexM3\ARM_GCC_541\Debug\TogglingPin.a(PWM_40k_PM.o)
                0x000005f4                PWM_40k_Sleep
 .text.PWM_40k_Wakeup
                0x00000620       0x18 .\CortexM3\ARM_GCC_541\Debug\TogglingPin.a(PWM_40k_PM.o)
                0x00000620                PWM_40k_Wakeup
 .text.CyHalt   0x00000638        0x4 .\CortexM3\ARM_GCC_541\Debug\TogglingPin.a(CyLib.o)
                0x00000638                CyHalt
 .text.CyDelay  0x0000063c       0x2c .\CortexM3\ARM_GCC_541\Debug\TogglingPin.a(CyLib.o)
                0x0000063c                CyDelay
 .text.CyPmHibSlpSaveSet
                0x00000668      0x1dc .\CortexM3\ARM_GCC_541\Debug\TogglingPin.a(cyPm.o)
 .text.CyPmHibSlpRestore
                0x00000844       0xd8 .\CortexM3\ARM_GCC_541\Debug\TogglingPin.a(cyPm.o)
 .text.CyPmSleep
                0x0000091c       0xf4 .\CortexM3\ARM_GCC_541\Debug\TogglingPin.a(cyPm.o)
                0x0000091c                CyPmSleep
 .text.CyPmReadStatus
                0x00000a10       0x30 .\CortexM3\ARM_GCC_541\Debug\TogglingPin.a(cyPm.o)
                0x00000a10                CyPmReadStatus
 .text          0x00000a40       0x20 .\CortexM3\ARM_GCC_541\Debug\TogglingPin.a(CyBootAsmGnu.o)
                0x00000a40                CyDelayCycles
                0x00000a50                CyEnterCriticalSection
                0x00000a58                CyExitCriticalSection
 .text.__errno  0x00000a60        0xc c:/program files (x86)/cypress/psoc creator/4.1/psoc creator/import/gnu/arm/5.4.1/bin/../lib/gcc/arm-none-eabi/5.4.1/../../../../arm-none-eabi/lib/armv7-m\libg_nano.a(lib_a-errno.o)
                0x00000a60                __errno
 .text.__libc_init_array
                0x00000a6c       0x4c c:/program files (x86)/cypress/psoc creator/4.1/psoc creator/import/gnu/arm/5.4.1/bin/../lib/gcc/arm-none-eabi/5.4.1/../../../../arm-none-eabi/lib/armv7-m\libg_nano.a(lib_a-init.o)
                0x00000a6c                __libc_init_array
 .text.memcpy   0x00000ab8       0x16 c:/program files (x86)/cypress/psoc creator/4.1/psoc creator/import/gnu/arm/5.4.1/bin/../lib/gcc/arm-none-eabi/5.4.1/../../../../arm-none-eabi/lib/armv7-m\libg_nano.a(lib_a-memcpy-stub.o)
                0x00000ab8                memcpy
 .text.memset   0x00000ace       0x10 c:/program files (x86)/cypress/psoc creator/4.1/psoc creator/import/gnu/arm/5.4.1/bin/../lib/gcc/arm-none-eabi/5.4.1/../../../../arm-none-eabi/lib/armv7-m\libg_nano.a(lib_a-memset.o)
                0x00000ace                memset
 *(.plt)
 *(.gnu.warning)
 *(.glue_7t)
 .glue_7t       0x00000ade        0x0 linker stubs
 *(.glue_7)
 .glue_7        0x00000ade        0x0 linker stubs
 *(.vfp11_veneer)
 .vfp11_veneer  0x00000ade        0x0 linker stubs
 *(.bootloader)
 *(.ARM.extab* .gnu.linkonce.armextab.*)
 *(.gcc_except_table)

.v4_bx          0x00000ae0        0x0
 .v4_bx         0x00000ae0        0x0 linker stubs

.iplt           0x00000ae0        0x0
 .iplt          0x00000ae0        0x0 c:/program files (x86)/cypress/psoc creator/4.1/psoc creator/import/gnu/arm/5.4.1/bin/../lib/gcc/arm-none-eabi/5.4.1/armv7-m/crtbegin.o

.eh_frame_hdr
 *(.eh_frame_hdr)

.eh_frame       0x00000ae0        0x4
 *(.eh_frame)
 .eh_frame      0x00000ae0        0x0 c:/program files (x86)/cypress/psoc creator/4.1/psoc creator/import/gnu/arm/5.4.1/bin/../lib/gcc/arm-none-eabi/5.4.1/armv7-m/crtbegin.o
 .eh_frame      0x00000ae0        0x4 c:/program files (x86)/cypress/psoc creator/4.1/psoc creator/import/gnu/arm/5.4.1/bin/../lib/gcc/arm-none-eabi/5.4.1/armv7-m/crtend.o
                [!provide]                PROVIDE (__exidx_start, .)

.ARM.exidx
 *(.ARM.exidx* .gnu.linkonce.armexidx.*)
                0x00000ae4                __exidx_end = .

.rodata         0x00000ae4       0x6c
 *(.rodata .rodata.* .gnu.linkonce.r.*)
 .rodata        0x00000ae4       0x36 .\CortexM3\ARM_GCC_541\Debug\cyfitter_cfg.o
 .rodata.str1.1
                0x00000b1a        0x2 c:/program files (x86)/cypress/psoc creator/4.1/psoc creator/import/gnu/arm/5.4.1/bin/../lib/gcc/arm-none-eabi/5.4.1/../../../../arm-none-eabi/lib/armv7-m\libg_nano.a(lib_a-impure.o)
                0x00000b1c                . = ALIGN (0x4)
 *(.init)
 .init          0x00000b1c        0x4 c:/program files (x86)/cypress/psoc creator/4.1/psoc creator/import/gnu/arm/5.4.1/bin/../lib/gcc/arm-none-eabi/5.4.1/armv7-m/crti.o
                0x00000b1c                _init
 .init          0x00000b20        0x8 c:/program files (x86)/cypress/psoc creator/4.1/psoc creator/import/gnu/arm/5.4.1/bin/../lib/gcc/arm-none-eabi/5.4.1/armv7-m/crtn.o
                0x00000b28                . = ALIGN (0x4)
                0x00000b28                __preinit_array_start = .
 *(.preinit_array)
                0x00000b28                __preinit_array_end = .
                0x00000b28                . = ALIGN (0x4)
                0x00000b28                __init_array_start = .
 *(SORT(.init_array.*))
 *(.init_array)
 .init_array    0x00000b28        0x4 c:/program files (x86)/cypress/psoc creator/4.1/psoc creator/import/gnu/arm/5.4.1/bin/../lib/gcc/arm-none-eabi/5.4.1/armv7-m/crtbegin.o
 .init_array    0x00000b2c        0x4 .\CortexM3\ARM_GCC_541\Debug\Cm3Start.o
                0x00000b30                __init_array_end = .
                0x00000b30                . = ALIGN (0x4)
 *(.fini)
 .fini          0x00000b30        0x4 c:/program files (x86)/cypress/psoc creator/4.1/psoc creator/import/gnu/arm/5.4.1/bin/../lib/gcc/arm-none-eabi/5.4.1/armv7-m/crti.o
                0x00000b30                _fini
 .fini          0x00000b34        0x8 c:/program files (x86)/cypress/psoc creator/4.1/psoc creator/import/gnu/arm/5.4.1/bin/../lib/gcc/arm-none-eabi/5.4.1/armv7-m/crtn.o
                0x00000b3c                . = ALIGN (0x4)
                0x00000b3c                __fini_array_start = .
 *(.fini_array)
 .fini_array    0x00000b3c        0x4 c:/program files (x86)/cypress/psoc creator/4.1/psoc creator/import/gnu/arm/5.4.1/bin/../lib/gcc/arm-none-eabi/5.4.1/armv7-m/crtbegin.o
 *(SORT(.fini_array.*))
                0x00000b40                __fini_array_end = .
                0x00000b40                . = ALIGN (0x4)
 *crtbegin.o(.ctors)
 *(EXCLUDE_FILE(*crtend.o) .ctors)
 *(SORT(.ctors.*))
 *crtend.o(.ctors)
                0x00000b40                . = ALIGN (0x4)
 *crtbegin.o(.dtors)
 *(EXCLUDE_FILE(*crtend.o) .dtors)
 *(SORT(.dtors.*))
 *crtend.o(.dtors)
                0x00000b40                . = ALIGN (0x4)
                0x00000b40                __cy_regions = .
                0x00000b40        0x4 LONG 0xb50 __cy_region_init_ram
                0x00000b44        0x4 LONG 0x1fff80c8 __cy_region_start_data
                0x00000b48        0x4 LONG 0x78 __cy_region_init_size_ram
                0x00000b4c        0x4 LONG 0x70 __cy_region_zero_size_ram
                0x00000b50                __cy_regions_end = .
                0x00000b50                . = ALIGN (0x8)
                0x00000b50                _etext = .

.cy_checksum_exclude
                0x00000b50        0x0
 *(.cy_checksum_exclude)

.ramvectors     0x1fff8000       0xc0
                0x1fff8000                __cy_region_start_ram = .
 *(.ramvectors)
 .ramvectors    0x1fff8000       0xc0 .\CortexM3\ARM_GCC_541\Debug\Cm3Start.o
                0x1fff8000                CyRamVectors

.noinit         0x1fff80c0        0x1
 *(.noinit)
 .noinit        0x1fff80c0        0x1 .\CortexM3\ARM_GCC_541\Debug\TogglingPin.a(CyLib.o)
                0x1fff80c0                CyResetStatus

.data           0x1fff80c8       0x78 load address 0x00000b50
                0x1fff80c8                __cy_region_start_data = .
 *(.jcr)
 .jcr           0x1fff80c8        0x0 c:/program files (x86)/cypress/psoc creator/4.1/psoc creator/import/gnu/arm/5.4.1/bin/../lib/gcc/arm-none-eabi/5.4.1/armv7-m/crtbegin.o
 .jcr           0x1fff80c8        0x4 c:/program files (x86)/cypress/psoc creator/4.1/psoc creator/import/gnu/arm/5.4.1/bin/../lib/gcc/arm-none-eabi/5.4.1/armv7-m/crtend.o
 *(.got.plt)
 *(.got)
 *(.shdata)
 *(.data .data.* .gnu.linkonce.d.*)
 .data          0x1fff80cc       0x10 .\CortexM3\ARM_GCC_541\Debug\TogglingPin.a(CyLib.o)
                0x1fff80cc                cydelay_32k_ms
                0x1fff80d0                cydelay_freq_khz
                0x1fff80d4                cydelay_freq_mhz
                0x1fff80d8                cydelay_freq_hz
 .data.impure_data
                0x1fff80dc       0x60 c:/program files (x86)/cypress/psoc creator/4.1/psoc creator/import/gnu/arm/5.4.1/bin/../lib/gcc/arm-none-eabi/5.4.1/../../../../arm-none-eabi/lib/armv7-m\libg_nano.a(lib_a-impure.o)
 .data._impure_ptr
                0x1fff813c        0x4 c:/program files (x86)/cypress/psoc creator/4.1/psoc creator/import/gnu/arm/5.4.1/bin/../lib/gcc/arm-none-eabi/5.4.1/../../../../arm-none-eabi/lib/armv7-m\libg_nano.a(lib_a-impure.o)
                0x1fff813c                _impure_ptr
                0x1fff8140                . = ALIGN (0x8)
 *(.ram)
                0x1fff8140                _edata = .

.igot.plt       0x1fff8140        0x0 load address 0x00000bc8
 .igot.plt      0x1fff8140        0x0 c:/program files (x86)/cypress/psoc creator/4.1/psoc creator/import/gnu/arm/5.4.1/bin/../lib/gcc/arm-none-eabi/5.4.1/armv7-m/crtbegin.o

.bss            0x1fff8140       0x70 load address 0x00000bc8
                0x1fff8140                PROVIDE (__bss_start__, .)
 *(.shbss)
 *(.bss .bss.* .gnu.linkonce.b.*)
 .bss           0x1fff8140       0x1c c:/program files (x86)/cypress/psoc creator/4.1/psoc creator/import/gnu/arm/5.4.1/bin/../lib/gcc/arm-none-eabi/5.4.1/armv7-m/crtbegin.o
 .bss           0x1fff815c        0x1 .\CortexM3\ARM_GCC_541\Debug\TogglingPin.a(SleepTimer.o)
                0x1fff815c                SleepTimer_initVar
 .bss           0x1fff815d        0x1 .\CortexM3\ARM_GCC_541\Debug\TogglingPin.a(PWM_40k.o)
                0x1fff815d                PWM_40k_initVar
 *fill*         0x1fff815e        0x2 
 .bss           0x1fff8160        0x5 .\CortexM3\ARM_GCC_541\Debug\TogglingPin.a(PWM_40k_PM.o)
 *fill*         0x1fff8165        0x3 
 .bss           0x1fff8168       0x43 .\CortexM3\ARM_GCC_541\Debug\TogglingPin.a(cyPm.o)
 *(COMMON)
                0x1fff81b0                . = ALIGN (0x8)
 *fill*         0x1fff81ab        0x5 
 *(.ram.b)
                0x1fff81b0                _end = .
                0x1fff81b0                __end = .
                0x1fff81b0                PROVIDE (end, .)
                0x1fff81b0                PROVIDE (__bss_end__, .)
                0x00000b50                __cy_region_init_ram = LOADADDR (.data)
                0x00000078                __cy_region_init_size_ram = (_edata - ADDR (.data))
                0x00000070                __cy_region_zero_size_ram = (_end - _edata)

.heap           0x1fff81b0       0x80 load address 0x00000bc8
                0x1fff81b0                . = _end
                0x1fff8230                . = (. + 0x80)
 *fill*         0x1fff81b0       0x80 
                0x1fff8230                __cy_heap_limit = .

.stack          0x20007800      0x800
                0x20007800                __cy_stack_limit = .
                0x20008000                . = (. + 0x800)
 *fill*         0x20007800      0x800 
                0x00000001                ASSERT ((__cy_stack_limit >= __cy_heap_limit), region RAM overflowed with stack)
                0x00000000                cy_checksum_exclude_size = (CY_APPL_LOADABLE == 0x1)?SIZEOF (.cy_checksum_exclude):0x0
                0x00000001                ASSERT ((cy_checksum_exclude_size <= CY_CHECKSUM_EXCLUDE_SIZE), CY_BOOT: Section .cy_checksum_exclude size exceedes specified limit.)

.cyloadermeta
 *(.cyloadermeta)

.cyloadablemeta
 *(.cyloadablemeta)

.cyconfigecc    0x80000000       0xe4
 *(.cyconfigecc)
 .cyconfigecc   0x80000000       0xe4 .\CortexM3\ARM_GCC_541\Debug\cymetadata.o
                0x80000000                cy_meta_configecc

.cycustnvl      0x90000000        0x4
 *(.cycustnvl)
 .cycustnvl     0x90000000        0x4 .\CortexM3\ARM_GCC_541\Debug\cymetadata.o
                0x90000000                cy_meta_custnvl

.cywolatch      0x90100000        0x4
 *(.cywolatch)
 .cywolatch     0x90100000        0x4 .\CortexM3\ARM_GCC_541\Debug\cymetadata.o
                0x90100000                cy_meta_wonvl

.cyeeprom       0x90200000        0x0
 *(.cyeeprom)
                0x00000001                ASSERT ((. <= ((0x90200000 + ee_offset) + ee_size)), .cyeeprom data will not fit in EEPROM)

.cyflashprotect
                0x90400000      0x100
 *(.cyflashprotect)
 .cyflashprotect
                0x90400000      0x100 .\CortexM3\ARM_GCC_541\Debug\cymetadata.o
                0x90400000                cy_meta_flashprotect

.cymeta         0x90500000        0xc
 *(.cymeta)
 .cymeta        0x90500000        0xc .\CortexM3\ARM_GCC_541\Debug\cymetadata.o
                0x90500000                cy_metadata

.rel.dyn        0x00000bc8        0x0 load address 0x9050000c
 .rel.iplt      0x00000bc8        0x0 c:/program files (x86)/cypress/psoc creator/4.1/psoc creator/import/gnu/arm/5.4.1/bin/../lib/gcc/arm-none-eabi/5.4.1/armv7-m/crtbegin.o

.stab
 *(.stab)

.stabstr
 *(.stabstr)

.debug
 *(.debug)

.line
 *(.line)

.debug_srcinfo
 *(.debug_srcinfo)

.debug_sfnames
 *(.debug_sfnames)

.debug_aranges  0x00000000      0x708
 *(.debug_aranges)
 .debug_aranges
                0x00000000       0x28 .\CortexM3\ARM_GCC_541\Debug\main.o
 .debug_aranges
                0x00000028       0x50 .\CortexM3\ARM_GCC_541\Debug\cyfitter_cfg.o
 .debug_aranges
                0x00000078       0x18 .\CortexM3\ARM_GCC_541\Debug\cymetadata.o
 .debug_aranges
                0x00000090       0x48 .\CortexM3\ARM_GCC_541\Debug\Cm3Start.o
 .debug_aranges
                0x000000d8       0x38 .\CortexM3\ARM_GCC_541\Debug\TogglingPin.a(Toggle_Pin.o)
 .debug_aranges
                0x00000110       0x58 .\CortexM3\ARM_GCC_541\Debug\TogglingPin.a(SleepTimer.o)
 .debug_aranges
                0x00000168       0x80 .\CortexM3\ARM_GCC_541\Debug\TogglingPin.a(Sleep_ISR.o)
 .debug_aranges
                0x000001e8       0x98 .\CortexM3\ARM_GCC_541\Debug\TogglingPin.a(PWM_40k.o)
 .debug_aranges
                0x00000280       0x38 .\CortexM3\ARM_GCC_541\Debug\TogglingPin.a(PWM_40k_PM.o)
 .debug_aranges
                0x000002b8      0x2a0 .\CortexM3\ARM_GCC_541\Debug\TogglingPin.a(CyLib.o)
 .debug_aranges
                0x00000558       0x98 .\CortexM3\ARM_GCC_541\Debug\TogglingPin.a(cyPm.o)
 .debug_aranges
                0x000005f0       0x20 .\CortexM3\ARM_GCC_541\Debug\TogglingPin.a(CyBootAsmGnu.o)
 .debug_aranges
                0x00000610       0x80 .\CortexM3\ARM_GCC_541\Debug\TogglingPin.a(CyFlash.o)
 .debug_aranges
                0x00000690       0x78 .\CortexM3\ARM_GCC_541\Debug\TogglingPin.a(CySpc.o)

.debug_pubnames
 *(.debug_pubnames)

.debug_info     0x00000000     0x3fa0
 *(.debug_info .gnu.linkonce.wi.*)
 .debug_info    0x00000000      0x1fa .\CortexM3\ARM_GCC_541\Debug\main.o
 .debug_info    0x000001fa      0x42f .\CortexM3\ARM_GCC_541\Debug\cyfitter_cfg.o
 .debug_info    0x00000629      0x134 .\CortexM3\ARM_GCC_541\Debug\cymetadata.o
 .debug_info    0x0000075d      0x3bb .\CortexM3\ARM_GCC_541\Debug\Cm3Start.o
 .debug_info    0x00000b18      0x11f .\CortexM3\ARM_GCC_541\Debug\TogglingPin.a(Toggle_Pin.o)
 .debug_info    0x00000c37      0x277 .\CortexM3\ARM_GCC_541\Debug\TogglingPin.a(SleepTimer.o)
 .debug_info    0x00000eae      0x2d2 .\CortexM3\ARM_GCC_541\Debug\TogglingPin.a(Sleep_ISR.o)
 .debug_info    0x00001180      0x331 .\CortexM3\ARM_GCC_541\Debug\TogglingPin.a(PWM_40k.o)
 .debug_info    0x000014b1      0x217 .\CortexM3\ARM_GCC_541\Debug\TogglingPin.a(PWM_40k_PM.o)
 .debug_info    0x000016c8     0x1374 .\CortexM3\ARM_GCC_541\Debug\TogglingPin.a(CyLib.o)
 .debug_info    0x00002a3c      0xa2a .\CortexM3\ARM_GCC_541\Debug\TogglingPin.a(cyPm.o)
 .debug_info    0x00003466       0x99 .\CortexM3\ARM_GCC_541\Debug\TogglingPin.a(CyBootAsmGnu.o)
 .debug_info    0x000034ff      0x5b8 .\CortexM3\ARM_GCC_541\Debug\TogglingPin.a(CyFlash.o)
 .debug_info    0x00003ab7      0x4e9 .\CortexM3\ARM_GCC_541\Debug\TogglingPin.a(CySpc.o)

.debug_abbrev   0x00000000     0x1113
 *(.debug_abbrev)
 .debug_abbrev  0x00000000       0xc8 .\CortexM3\ARM_GCC_541\Debug\main.o
 .debug_abbrev  0x000000c8      0x1e8 .\CortexM3\ARM_GCC_541\Debug\cyfitter_cfg.o
 .debug_abbrev  0x000002b0       0x5d .\CortexM3\ARM_GCC_541\Debug\cymetadata.o
 .debug_abbrev  0x0000030d      0x1e8 .\CortexM3\ARM_GCC_541\Debug\Cm3Start.o
 .debug_abbrev  0x000004f5       0x90 .\CortexM3\ARM_GCC_541\Debug\TogglingPin.a(Toggle_Pin.o)
 .debug_abbrev  0x00000585       0xfd .\CortexM3\ARM_GCC_541\Debug\TogglingPin.a(SleepTimer.o)
 .debug_abbrev  0x00000682      0x173 .\CortexM3\ARM_GCC_541\Debug\TogglingPin.a(Sleep_ISR.o)
 .debug_abbrev  0x000007f5      0x133 .\CortexM3\ARM_GCC_541\Debug\TogglingPin.a(PWM_40k.o)
 .debug_abbrev  0x00000928       0xac .\CortexM3\ARM_GCC_541\Debug\TogglingPin.a(PWM_40k_PM.o)
 .debug_abbrev  0x000009d4      0x254 .\CortexM3\ARM_GCC_541\Debug\TogglingPin.a(CyLib.o)
 .debug_abbrev  0x00000c28      0x1ab .\CortexM3\ARM_GCC_541\Debug\TogglingPin.a(cyPm.o)
 .debug_abbrev  0x00000dd3       0x14 .\CortexM3\ARM_GCC_541\Debug\TogglingPin.a(CyBootAsmGnu.o)
 .debug_abbrev  0x00000de7      0x198 .\CortexM3\ARM_GCC_541\Debug\TogglingPin.a(CyFlash.o)
 .debug_abbrev  0x00000f7f      0x194 .\CortexM3\ARM_GCC_541\Debug\TogglingPin.a(CySpc.o)

.debug_line     0x00000000     0x1c00
 *(.debug_line)
 .debug_line    0x00000000      0x1e2 .\CortexM3\ARM_GCC_541\Debug\main.o
 .debug_line    0x000001e2      0x19a .\CortexM3\ARM_GCC_541\Debug\cyfitter_cfg.o
 .debug_line    0x0000037c      0x141 .\CortexM3\ARM_GCC_541\Debug\cymetadata.o
 .debug_line    0x000004bd      0x233 .\CortexM3\ARM_GCC_541\Debug\Cm3Start.o
 .debug_line    0x000006f0       0x97 .\CortexM3\ARM_GCC_541\Debug\TogglingPin.a(Toggle_Pin.o)
 .debug_line    0x00000787      0x103 .\CortexM3\ARM_GCC_541\Debug\TogglingPin.a(SleepTimer.o)
 .debug_line    0x0000088a      0x136 .\CortexM3\ARM_GCC_541\Debug\TogglingPin.a(Sleep_ISR.o)
 .debug_line    0x000009c0      0x187 .\CortexM3\ARM_GCC_541\Debug\TogglingPin.a(PWM_40k.o)
 .debug_line    0x00000b47       0xb1 .\CortexM3\ARM_GCC_541\Debug\TogglingPin.a(PWM_40k_PM.o)
 .debug_line    0x00000bf8      0x816 .\CortexM3\ARM_GCC_541\Debug\TogglingPin.a(CyLib.o)
 .debug_line    0x0000140e      0x367 .\CortexM3\ARM_GCC_541\Debug\TogglingPin.a(cyPm.o)
 .debug_line    0x00001775       0x66 .\CortexM3\ARM_GCC_541\Debug\TogglingPin.a(CyBootAsmGnu.o)
 .debug_line    0x000017db      0x1e9 .\CortexM3\ARM_GCC_541\Debug\TogglingPin.a(CyFlash.o)
 .debug_line    0x000019c4      0x23c .\CortexM3\ARM_GCC_541\Debug\TogglingPin.a(CySpc.o)

.debug_frame    0x00000000     0x127c
 *(.debug_frame)
 .debug_frame   0x00000000       0x48 .\CortexM3\ARM_GCC_541\Debug\main.o
 .debug_frame   0x00000048       0xd0 .\CortexM3\ARM_GCC_541\Debug\cyfitter_cfg.o
 .debug_frame   0x00000118       0xb8 .\CortexM3\ARM_GCC_541\Debug\Cm3Start.o
 .debug_frame   0x000001d0       0x50 .\CortexM3\ARM_GCC_541\Debug\TogglingPin.a(Toggle_Pin.o)
 .debug_frame   0x00000220       0xe4 .\CortexM3\ARM_GCC_541\Debug\TogglingPin.a(SleepTimer.o)
 .debug_frame   0x00000304      0x104 .\CortexM3\ARM_GCC_541\Debug\TogglingPin.a(Sleep_ISR.o)
 .debug_frame   0x00000408      0x134 .\CortexM3\ARM_GCC_541\Debug\TogglingPin.a(PWM_40k.o)
 .debug_frame   0x0000053c       0x80 .\CortexM3\ARM_GCC_541\Debug\TogglingPin.a(PWM_40k_PM.o)
 .debug_frame   0x000005bc      0x738 .\CortexM3\ARM_GCC_541\Debug\TogglingPin.a(CyLib.o)
 .debug_frame   0x00000cf4      0x1f8 .\CortexM3\ARM_GCC_541\Debug\TogglingPin.a(cyPm.o)
 .debug_frame   0x00000eec      0x174 .\CortexM3\ARM_GCC_541\Debug\TogglingPin.a(CyFlash.o)
 .debug_frame   0x00001060      0x160 .\CortexM3\ARM_GCC_541\Debug\TogglingPin.a(CySpc.o)
 .debug_frame   0x000011c0       0x20 c:/program files (x86)/cypress/psoc creator/4.1/psoc creator/import/gnu/arm/5.4.1/bin/../lib/gcc/arm-none-eabi/5.4.1/../../../../arm-none-eabi/lib/armv7-m\libg_nano.a(lib_a-errno.o)
 .debug_frame   0x000011e0       0x28 c:/program files (x86)/cypress/psoc creator/4.1/psoc creator/import/gnu/arm/5.4.1/bin/../lib/gcc/arm-none-eabi/5.4.1/../../../../arm-none-eabi/lib/armv7-m\libg_nano.a(lib_a-exit.o)
 .debug_frame   0x00001208       0x2c c:/program files (x86)/cypress/psoc creator/4.1/psoc creator/import/gnu/arm/5.4.1/bin/../lib/gcc/arm-none-eabi/5.4.1/../../../../arm-none-eabi/lib/armv7-m\libg_nano.a(lib_a-init.o)
 .debug_frame   0x00001234       0x28 c:/program files (x86)/cypress/psoc creator/4.1/psoc creator/import/gnu/arm/5.4.1/bin/../lib/gcc/arm-none-eabi/5.4.1/../../../../arm-none-eabi/lib/armv7-m\libg_nano.a(lib_a-memcpy-stub.o)
 .debug_frame   0x0000125c       0x20 c:/program files (x86)/cypress/psoc creator/4.1/psoc creator/import/gnu/arm/5.4.1/bin/../lib/gcc/arm-none-eabi/5.4.1/../../../../arm-none-eabi/lib/armv7-m\libg_nano.a(lib_a-memset.o)

.debug_str      0x00000000     0x1796
 *(.debug_str)
 .debug_str     0x00000000      0x204 .\CortexM3\ARM_GCC_541\Debug\main.o
                                0x24c (size before relaxing)
 .debug_str     0x00000204      0x14b .\CortexM3\ARM_GCC_541\Debug\cyfitter_cfg.o
                                0x2dc (size before relaxing)
 .debug_str     0x0000034f       0x7f .\CortexM3\ARM_GCC_541\Debug\cymetadata.o
                                0x1ed (size before relaxing)
 .debug_str     0x000003ce      0x144 .\CortexM3\ARM_GCC_541\Debug\Cm3Start.o
                                0x313 (size before relaxing)
 .debug_str     0x00000512       0x73 .\CortexM3\ARM_GCC_541\Debug\TogglingPin.a(Toggle_Pin.o)
                                0x204 (size before relaxing)
 .debug_str     0x00000585       0xf0 .\CortexM3\ARM_GCC_541\Debug\TogglingPin.a(SleepTimer.o)
                                0x2b4 (size before relaxing)
 .debug_str     0x00000675      0x124 .\CortexM3\ARM_GCC_541\Debug\TogglingPin.a(Sleep_ISR.o)
                                0x2e7 (size before relaxing)
 .debug_str     0x00000799      0x1a9 .\CortexM3\ARM_GCC_541\Debug\TogglingPin.a(PWM_40k.o)
                                0x380 (size before relaxing)
 .debug_str     0x00000942       0xb7 .\CortexM3\ARM_GCC_541\Debug\TogglingPin.a(PWM_40k_PM.o)
                                0x308 (size before relaxing)
 .debug_str     0x000009f9      0x7fa .\CortexM3\ARM_GCC_541\Debug\TogglingPin.a(CyLib.o)
                                0xa50 (size before relaxing)
 .debug_str     0x000011f3      0x35b .\CortexM3\ARM_GCC_541\Debug\TogglingPin.a(cyPm.o)
                                0x73c (size before relaxing)
 .debug_str     0x0000154e      0x19c .\CortexM3\ARM_GCC_541\Debug\TogglingPin.a(CyFlash.o)
                                0x3aa (size before relaxing)
 .debug_str     0x000016ea       0xac .\CortexM3\ARM_GCC_541\Debug\TogglingPin.a(CySpc.o)
                                0x333 (size before relaxing)

.debug_loc      0x00000000     0x193c
 *(.debug_loc)
 .debug_loc     0x00000000      0x18e .\CortexM3\ARM_GCC_541\Debug\cyfitter_cfg.o
 .debug_loc     0x0000018e      0x144 .\CortexM3\ARM_GCC_541\Debug\Cm3Start.o
 .debug_loc     0x000002d2       0x42 .\CortexM3\ARM_GCC_541\Debug\TogglingPin.a(Toggle_Pin.o)
 .debug_loc     0x00000314       0x78 .\CortexM3\ARM_GCC_541\Debug\TogglingPin.a(SleepTimer.o)
 .debug_loc     0x0000038c       0x56 .\CortexM3\ARM_GCC_541\Debug\TogglingPin.a(Sleep_ISR.o)
 .debug_loc     0x000003e2       0x26 .\CortexM3\ARM_GCC_541\Debug\TogglingPin.a(PWM_40k.o)
 .debug_loc     0x00000408      0xa11 .\CortexM3\ARM_GCC_541\Debug\TogglingPin.a(CyLib.o)
 .debug_loc     0x00000e19      0x1e4 .\CortexM3\ARM_GCC_541\Debug\TogglingPin.a(cyPm.o)
 .debug_loc     0x00000ffd      0x2f2 .\CortexM3\ARM_GCC_541\Debug\TogglingPin.a(CyFlash.o)
 .debug_loc     0x000012ef      0x64d .\CortexM3\ARM_GCC_541\Debug\TogglingPin.a(CySpc.o)

.debug_macinfo
 *(.debug_macinfo)

.debug_ranges   0x00000000      0x610
 *(.debug_ranges)
 .debug_ranges  0x00000000       0x18 .\CortexM3\ARM_GCC_541\Debug\main.o
 .debug_ranges  0x00000018       0x40 .\CortexM3\ARM_GCC_541\Debug\cyfitter_cfg.o
 .debug_ranges  0x00000058       0x38 .\CortexM3\ARM_GCC_541\Debug\Cm3Start.o
 .debug_ranges  0x00000090       0x28 .\CortexM3\ARM_GCC_541\Debug\TogglingPin.a(Toggle_Pin.o)
 .debug_ranges  0x000000b8       0x48 .\CortexM3\ARM_GCC_541\Debug\TogglingPin.a(SleepTimer.o)
 .debug_ranges  0x00000100       0x70 .\CortexM3\ARM_GCC_541\Debug\TogglingPin.a(Sleep_ISR.o)
 .debug_ranges  0x00000170       0x88 .\CortexM3\ARM_GCC_541\Debug\TogglingPin.a(PWM_40k.o)
 .debug_ranges  0x000001f8       0x28 .\CortexM3\ARM_GCC_541\Debug\TogglingPin.a(PWM_40k_PM.o)
 .debug_ranges  0x00000220      0x290 .\CortexM3\ARM_GCC_541\Debug\TogglingPin.a(CyLib.o)
 .debug_ranges  0x000004b0       0x88 .\CortexM3\ARM_GCC_541\Debug\TogglingPin.a(cyPm.o)
 .debug_ranges  0x00000538       0x70 .\CortexM3\ARM_GCC_541\Debug\TogglingPin.a(CyFlash.o)
 .debug_ranges  0x000005a8       0x68 .\CortexM3\ARM_GCC_541\Debug\TogglingPin.a(CySpc.o)

.comment        0x00000000       0x6e
 .comment       0x00000000       0x6e .\CortexM3\ARM_GCC_541\Debug\main.o
                                 0x6f (size before relaxing)
 .comment       0x0000006e       0x6f .\CortexM3\ARM_GCC_541\Debug\cyfitter_cfg.o
 .comment       0x0000006e       0x6f .\CortexM3\ARM_GCC_541\Debug\cymetadata.o
 .comment       0x0000006e       0x6f .\CortexM3\ARM_GCC_541\Debug\Cm3Start.o
 .comment       0x0000006e       0x6f .\CortexM3\ARM_GCC_541\Debug\TogglingPin.a(Toggle_Pin.o)
 .comment       0x0000006e       0x6f .\CortexM3\ARM_GCC_541\Debug\TogglingPin.a(SleepTimer.o)
 .comment       0x0000006e       0x6f .\CortexM3\ARM_GCC_541\Debug\TogglingPin.a(Sleep_ISR.o)
 .comment       0x0000006e       0x6f .\CortexM3\ARM_GCC_541\Debug\TogglingPin.a(PWM_40k.o)
 .comment       0x0000006e       0x6f .\CortexM3\ARM_GCC_541\Debug\TogglingPin.a(PWM_40k_PM.o)
 .comment       0x0000006e       0x6f .\CortexM3\ARM_GCC_541\Debug\TogglingPin.a(CyLib.o)
 .comment       0x0000006e       0x6f .\CortexM3\ARM_GCC_541\Debug\TogglingPin.a(cyPm.o)
 .comment       0x0000006e       0x6f .\CortexM3\ARM_GCC_541\Debug\TogglingPin.a(CyFlash.o)
 .comment       0x0000006e       0x6f .\CortexM3\ARM_GCC_541\Debug\TogglingPin.a(CySpc.o)

.debug_weaknames
 *(.debug_weaknames)

.debug_funcnames
 *(.debug_funcnames)

.debug_typenames
 *(.debug_typenames)

.debug_varnames
 *(.debug_varnames)

.note.gnu.arm.ident
 *(.note.gnu.arm.ident)

.ARM.attributes
                0x00000000       0x29
 *(.ARM.attributes)
 .ARM.attributes
                0x00000000       0x1d c:/program files (x86)/cypress/psoc creator/4.1/psoc creator/import/gnu/arm/5.4.1/bin/../lib/gcc/arm-none-eabi/5.4.1/armv7-m/crti.o
 .ARM.attributes
                0x0000001d       0x2d c:/program files (x86)/cypress/psoc creator/4.1/psoc creator/import/gnu/arm/5.4.1/bin/../lib/gcc/arm-none-eabi/5.4.1/armv7-m/crtbegin.o
 .ARM.attributes
                0x0000004a       0x1b c:/program files (x86)/cypress/psoc creator/4.1/psoc creator/import/gnu/arm/5.4.1/bin/../lib/gcc/arm-none-eabi/5.4.1/../../../../arm-none-eabi/lib/armv7-m/crt0.o
 .ARM.attributes
                0x00000065       0x33 .\CortexM3\ARM_GCC_541\Debug\main.o
 .ARM.attributes
                0x00000098       0x33 .\CortexM3\ARM_GCC_541\Debug\cyfitter_cfg.o
 .ARM.attributes
                0x000000cb       0x33 .\CortexM3\ARM_GCC_541\Debug\cymetadata.o
 .ARM.attributes
                0x000000fe       0x33 .\CortexM3\ARM_GCC_541\Debug\Cm3Start.o
 .ARM.attributes
                0x00000131       0x33 .\CortexM3\ARM_GCC_541\Debug\TogglingPin.a(Toggle_Pin.o)
 .ARM.attributes
                0x00000164       0x33 .\CortexM3\ARM_GCC_541\Debug\TogglingPin.a(SleepTimer.o)
 .ARM.attributes
                0x00000197       0x33 .\CortexM3\ARM_GCC_541\Debug\TogglingPin.a(Sleep_ISR.o)
 .ARM.attributes
                0x000001ca       0x33 .\CortexM3\ARM_GCC_541\Debug\TogglingPin.a(PWM_40k.o)
 .ARM.attributes
                0x000001fd       0x33 .\CortexM3\ARM_GCC_541\Debug\TogglingPin.a(PWM_40k_PM.o)
 .ARM.attributes
                0x00000230       0x33 .\CortexM3\ARM_GCC_541\Debug\TogglingPin.a(CyLib.o)
 .ARM.attributes
                0x00000263       0x33 .\CortexM3\ARM_GCC_541\Debug\TogglingPin.a(cyPm.o)
 .ARM.attributes
                0x00000296       0x21 .\CortexM3\ARM_GCC_541\Debug\TogglingPin.a(CyBootAsmGnu.o)
 .ARM.attributes
                0x000002b7       0x33 .\CortexM3\ARM_GCC_541\Debug\TogglingPin.a(CyFlash.o)
 .ARM.attributes
                0x000002ea       0x33 .\CortexM3\ARM_GCC_541\Debug\TogglingPin.a(CySpc.o)
 .ARM.attributes
                0x0000031d       0x2d c:/program files (x86)/cypress/psoc creator/4.1/psoc creator/import/gnu/arm/5.4.1/bin/../lib/gcc/arm-none-eabi/5.4.1/../../../../arm-none-eabi/lib/armv7-m\libg_nano.a(lib_a-errno.o)
 .ARM.attributes
                0x0000034a       0x2d c:/program files (x86)/cypress/psoc creator/4.1/psoc creator/import/gnu/arm/5.4.1/bin/../lib/gcc/arm-none-eabi/5.4.1/../../../../arm-none-eabi/lib/armv7-m\libg_nano.a(lib_a-exit.o)
 .ARM.attributes
                0x00000377       0x2d c:/program files (x86)/cypress/psoc creator/4.1/psoc creator/import/gnu/arm/5.4.1/bin/../lib/gcc/arm-none-eabi/5.4.1/../../../../arm-none-eabi/lib/armv7-m\libg_nano.a(lib_a-impure.o)
 .ARM.attributes
                0x000003a4       0x2d c:/program files (x86)/cypress/psoc creator/4.1/psoc creator/import/gnu/arm/5.4.1/bin/../lib/gcc/arm-none-eabi/5.4.1/../../../../arm-none-eabi/lib/armv7-m\libg_nano.a(lib_a-init.o)
 .ARM.attributes
                0x000003d1       0x2d c:/program files (x86)/cypress/psoc creator/4.1/psoc creator/import/gnu/arm/5.4.1/bin/../lib/gcc/arm-none-eabi/5.4.1/../../../../arm-none-eabi/lib/armv7-m\libg_nano.a(lib_a-memcpy-stub.o)
 .ARM.attributes
                0x000003fe       0x2d c:/program files (x86)/cypress/psoc creator/4.1/psoc creator/import/gnu/arm/5.4.1/bin/../lib/gcc/arm-none-eabi/5.4.1/../../../../arm-none-eabi/lib/armv7-m\libg_nano.a(lib_a-memset.o)
 .ARM.attributes
                0x0000042b       0x2d c:/program files (x86)/cypress/psoc creator/4.1/psoc creator/import/gnu/arm/5.4.1/bin/../lib/gcc/arm-none-eabi/5.4.1/armv7-m/crtend.o
 .ARM.attributes
                0x00000458       0x1d c:/program files (x86)/cypress/psoc creator/4.1/psoc creator/import/gnu/arm/5.4.1/bin/../lib/gcc/arm-none-eabi/5.4.1/armv7-m/crtn.o

/DISCARD/
 *(.note.GNU-stack)
OUTPUT(C:\Users\jucsalaz\Desktop\CMPE129\UACS\Julian_PSoC\Power\TogglingPin.cydsn\CortexM3\ARM_GCC_541\Debug\TogglingPin.elf elf32-littlearm)
