Archive member included to satisfy reference by file (symbol)

.\CortexM3\ARM_GCC_541\Debug\UART_FSKTx.a(UART.o)
                              .\CortexM3\ARM_GCC_541\Debug\main.o (UART_Start)
.\CortexM3\ARM_GCC_541\Debug\UART_FSKTx.a(PWM_Modulator.o)
                              .\CortexM3\ARM_GCC_541\Debug\main.o (PWM_Modulator_Stop)
.\CortexM3\ARM_GCC_541\Debug\UART_FSKTx.a(LCD.o)
                              .\CortexM3\ARM_GCC_541\Debug\main.o (LCD_PrintString)
.\CortexM3\ARM_GCC_541\Debug\UART_FSKTx.a(PWM_Switch_Timer.o)
                              .\CortexM3\ARM_GCC_541\Debug\main.o (PWM_Switch_Timer_Stop)
.\CortexM3\ARM_GCC_541\Debug\UART_FSKTx.a(isr_sec.o)
                              .\CortexM3\ARM_GCC_541\Debug\main.o (isr_sec_StartEx)
.\CortexM3\ARM_GCC_541\Debug\UART_FSKTx.a(HighVoltage.o)
                              .\CortexM3\ARM_GCC_541\Debug\main.o (HighVoltage_Write)
.\CortexM3\ARM_GCC_541\Debug\UART_FSKTx.a(PWM_1.o)
                              .\CortexM3\ARM_GCC_541\Debug\main.o (PWM_1_WritePeriod)
.\CortexM3\ARM_GCC_541\Debug\UART_FSKTx.a(PWM_2.o)
                              .\CortexM3\ARM_GCC_541\Debug\main.o (PWM_2_WritePeriod)
.\CortexM3\ARM_GCC_541\Debug\UART_FSKTx.a(PWM_3.o)
                              .\CortexM3\ARM_GCC_541\Debug\main.o (PWM_3_WritePeriod)
.\CortexM3\ARM_GCC_541\Debug\UART_FSKTx.a(SignalBase.o)
                              .\CortexM3\ARM_GCC_541\Debug\main.o (SignalBase_Write)
.\CortexM3\ARM_GCC_541\Debug\UART_FSKTx.a(UART_IntClock.o)
                              .\CortexM3\ARM_GCC_541\Debug\UART_FSKTx.a(UART.o) (UART_IntClock_Start)
.\CortexM3\ARM_GCC_541\Debug\UART_FSKTx.a(CyLib.o)
                              .\CortexM3\ARM_GCC_541\Debug\Cm3Start.o (CyHalt)
.\CortexM3\ARM_GCC_541\Debug\UART_FSKTx.a(cyPm.o)
                              .\CortexM3\ARM_GCC_541\Debug\UART_FSKTx.a(CyLib.o) (CyPmReadStatus)
.\CortexM3\ARM_GCC_541\Debug\UART_FSKTx.a(CyBootAsmGnu.o)
                              .\CortexM3\ARM_GCC_541\Debug\cyfitter_cfg.o (CyDelayCycles)
.\CortexM3\ARM_GCC_541\Debug\UART_FSKTx.a(CyScBoostClk.o)
                              .\CortexM3\ARM_GCC_541\Debug\UART_FSKTx.a(CyLib.o) (CyScBoostClk_Start)
.\CortexM3\ARM_GCC_541\Debug\UART_FSKTx.a(CyFlash.o)
                              .\CortexM3\ARM_GCC_541\Debug\UART_FSKTx.a(cyPm.o) (CyFlash_SetWaitCycles)
.\CortexM3\ARM_GCC_541\Debug\UART_FSKTx.a(CySpc.o)
                              .\CortexM3\ARM_GCC_541\Debug\UART_FSKTx.a(CyFlash.o) (CySpcStart)
c:/program files (x86)/cypress/psoc creator/4.1/psoc creator/import/gnu/arm/5.4.1/bin/../lib/gcc/arm-none-eabi/5.4.1/../../../../arm-none-eabi/lib/armv7-m\libg_nano.a(lib_a-errno.o)
                              .\CortexM3\ARM_GCC_541\Debug\Cm3Start.o (__errno)
c:/program files (x86)/cypress/psoc creator/4.1/psoc creator/import/gnu/arm/5.4.1/bin/../lib/gcc/arm-none-eabi/5.4.1/../../../../arm-none-eabi/lib/armv7-m\libg_nano.a(lib_a-exit.o)
                              c:/program files (x86)/cypress/psoc creator/4.1/psoc creator/import/gnu/arm/5.4.1/bin/../lib/gcc/arm-none-eabi/5.4.1/../../../../arm-none-eabi/lib/armv7-m/crt0.o (exit)
c:/program files (x86)/cypress/psoc creator/4.1/psoc creator/import/gnu/arm/5.4.1/bin/../lib/gcc/arm-none-eabi/5.4.1/../../../../arm-none-eabi/lib/armv7-m\libg_nano.a(lib_a-impure.o)
                              c:/program files (x86)/cypress/psoc creator/4.1/psoc creator/import/gnu/arm/5.4.1/bin/../lib/gcc/arm-none-eabi/5.4.1/../../../../arm-none-eabi/lib/armv7-m\libg_nano.a(lib_a-exit.o) (_global_impure_ptr)
c:/program files (x86)/cypress/psoc creator/4.1/psoc creator/import/gnu/arm/5.4.1/bin/../lib/gcc/arm-none-eabi/5.4.1/../../../../arm-none-eabi/lib/armv7-m\libg_nano.a(lib_a-init.o)
                              c:/program files (x86)/cypress/psoc creator/4.1/psoc creator/import/gnu/arm/5.4.1/bin/../lib/gcc/arm-none-eabi/5.4.1/../../../../arm-none-eabi/lib/armv7-m/crt0.o (__libc_init_array)
c:/program files (x86)/cypress/psoc creator/4.1/psoc creator/import/gnu/arm/5.4.1/bin/../lib/gcc/arm-none-eabi/5.4.1/../../../../arm-none-eabi/lib/armv7-m\libg_nano.a(lib_a-memcpy-stub.o)
                              .\CortexM3\ARM_GCC_541\Debug\cyfitter_cfg.o (memcpy)
c:/program files (x86)/cypress/psoc creator/4.1/psoc creator/import/gnu/arm/5.4.1/bin/../lib/gcc/arm-none-eabi/5.4.1/../../../../arm-none-eabi/lib/armv7-m\libg_nano.a(lib_a-memset.o)
                              c:/program files (x86)/cypress/psoc creator/4.1/psoc creator/import/gnu/arm/5.4.1/bin/../lib/gcc/arm-none-eabi/5.4.1/../../../../arm-none-eabi/lib/armv7-m/crt0.o (memset)
c:/program files (x86)/cypress/psoc creator/4.1/psoc creator/import/gnu/arm/5.4.1/bin/../lib/gcc/arm-none-eabi/5.4.1/../../../../arm-none-eabi/lib/armv7-m\libg_nano.a(lib_a-sprintf.o)
                              .\CortexM3\ARM_GCC_541\Debug\main.o (sprintf)
[...]
Memory Configuration

Name             Origin             Length             Attributes
rom              0x00000000         0x00040000         xr
ram              0x1fff8000         0x00010000         xrw
*default*        0x00000000         0xffffffff

Linker script and memory map

LOAD c:/program files (x86)/cypress/psoc creator/4.1/psoc creator/import/gnu/arm/5.4.1/bin/../lib/gcc/arm-none-eabi/5.4.1/armv7-m/crti.o
LOAD c:/program files (x86)/cypress/psoc creator/4.1/psoc creator/import/gnu/arm/5.4.1/bin/../lib/gcc/arm-none-eabi/5.4.1/armv7-m/crtbegin.o
LOAD c:/program files (x86)/cypress/psoc creator/4.1/psoc creator/import/gnu/arm/5.4.1/bin/../lib/gcc/arm-none-eabi/5.4.1/../../../../arm-none-eabi/lib/armv7-m/crt0.o
START GROUP
LOAD .\CortexM3\ARM_GCC_541\Debug\main.o
LOAD .\CortexM3\ARM_GCC_541\Debug\cyfitter_cfg.o
LOAD .\CortexM3\ARM_GCC_541\Debug\cymetadata.o
LOAD .\CortexM3\ARM_GCC_541\Debug\Cm3Start.o
LOAD .\CortexM3\ARM_GCC_541\Debug\UART_FSKTx.a
LOAD C:\Program Files (x86)\Cypress\PSoC Creator\4.1\PSoC Creator\psoc\content\cycomponentlibrary\CyComponentLibrary.cylib\CortexM3\ARM_GCC_541\Debug\CyComponentLibrary.a
END GROUP
START GROUP
LOAD c:/program files (x86)/cypress/psoc creator/4.1/psoc creator/import/gnu/arm/5.4.1/bin/../lib/gcc/arm-none-eabi/5.4.1/armv7-m\libgcc.a
LOAD c:/program files (x86)/cypress/psoc creator/4.1/psoc creator/import/gnu/arm/5.4.1/bin/../lib/gcc/arm-none-eabi/5.4.1/../../../../arm-none-eabi/lib/armv7-m\libg_nano.a
LOAD c:/program files (x86)/cypress/psoc creator/4.1/psoc creator/import/gnu/arm/5.4.1/bin/../lib/gcc/arm-none-eabi/5.4.1/../../../../arm-none-eabi/lib/armv7-m\libc_nano.a
END GROUP
START GROUP
LOAD c:/program files (x86)/cypress/psoc creator/4.1/psoc creator/import/gnu/arm/5.4.1/bin/../lib/gcc/arm-none-eabi/5.4.1/armv7-m\libgcc.a
LOAD c:/program files (x86)/cypress/psoc creator/4.1/psoc creator/import/gnu/arm/5.4.1/bin/../lib/gcc/arm-none-eabi/5.4.1/../../../../arm-none-eabi/lib/armv7-m\libc_nano.a
END GROUP
LOAD c:/program files (x86)/cypress/psoc creator/4.1/psoc creator/import/gnu/arm/5.4.1/bin/../lib/gcc/arm-none-eabi/5.4.1/armv7-m/crtend.o
LOAD c:/program files (x86)/cypress/psoc creator/4.1/psoc creator/import/gnu/arm/5.4.1/bin/../lib/gcc/arm-none-eabi/5.4.1/armv7-m/crtn.o
START GROUP
LOAD c:/program files (x86)/cypress/psoc creator/4.1/psoc creator/import/gnu/arm/5.4.1/bin/../lib/gcc/arm-none-eabi/5.4.1/armv7-m\libgcc.a
LOAD c:/program files (x86)/cypress/psoc creator/4.1/psoc creator/import/gnu/arm/5.4.1/bin/../lib/gcc/arm-none-eabi/5.4.1/../../../../arm-none-eabi/lib/armv7-m\libc.a
LOAD c:/program files (x86)/cypress/psoc creator/4.1/psoc creator/import/gnu/arm/5.4.1/bin/../lib/gcc/arm-none-eabi/5.4.1/../../../../arm-none-eabi/lib/armv7-m\libnosys.a
END GROUP
                0x00000000                CY_APPL_ORIGIN = 0x0
                0x00000100                CY_FLASH_ROW_SIZE = 0x100
                0x00000020                CY_ECC_ROW_SIZE = 0x20
                0x00000000                CY_EE_IN_BTLDR = 0x0
                0x00000000                CY_APPL_LOADABLE = 0x0
                0x00000800                CY_EE_SIZE = 0x800
                0x00000001                CY_APPL_NUM = 0x1
                0x00000001                CY_APPL_MAX = 0x1
                0x00000040                CY_METADATA_SIZE = 0x40
                0x00000000                CY_APPL_LOADABLE = 0x0
                0x00000000                CY_CHECKSUM_EXCLUDE_SIZE = ALIGN (0x0, CY_FLASH_ROW_SIZE)
                [!provide]                PROVIDE (__cy_heap_start, _end)
                0x00000001                PROVIDE (__cy_region_num, ((__cy_regions_end - __cy_regions) / 0x10))
                0x20008000                PROVIDE (__cy_stack, (ORIGIN (ram) + LENGTH (ram)))
                [!provide]                PROVIDE (__cy_heap_end, (__cy_stack - 0x800))

.cybootloader   0x00000000        0x0
 *(.cybootloader)
                0x00000000                appl1_start = CY_APPL_ORIGIN?CY_APPL_ORIGIN:ALIGN (CY_FLASH_ROW_SIZE)
                0x0001ff00                appl2_start = (appl1_start + ALIGN ((((LENGTH (rom) - appl1_start) - (0x2 * CY_FLASH_ROW_SIZE)) / 0x2), CY_FLASH_ROW_SIZE))
                0x00000000                appl_start = (CY_APPL_NUM == 0x1)?appl1_start:appl2_start
                0x00000000                ecc_offset = ((appl_start / CY_FLASH_ROW_SIZE) * CY_ECC_ROW_SIZE)
                0x00000000                ee_offset = (CY_APPL_LOADABLE && ! (CY_EE_IN_BTLDR))?((CY_EE_SIZE / CY_APPL_MAX) * (CY_APPL_NUM - 0x1)):0x0
                0x00000800                ee_size = (CY_APPL_LOADABLE && ! (CY_EE_IN_BTLDR))?(CY_EE_SIZE / CY_APPL_MAX):CY_EE_SIZE
                [!provide]                PROVIDE (CY_ECC_OFFSET, ecc_offset)

.text           0x00000000     0x1750
 CREATE_OBJECT_SYMBOLS
                0x00000000                PROVIDE (__cy_interrupt_vector, RomVectors)
 *(.romvectors)
 .romvectors    0x00000000       0x10 .\CortexM3\ARM_GCC_541\Debug\Cm3Start.o
                0x00000000                RomVectors
                0x00000001                ASSERT ((. != __cy_interrupt_vector), No interrupt vector)
                0x00000001                ASSERT (CY_APPL_ORIGIN?(SIZEOF (.cybootloader) <= CY_APPL_ORIGIN):0x1, Wrong image location)
                0x00000010                PROVIDE (__cy_reset, Reset)
 *(.text.Reset)
 .text.Reset    0x00000010       0x18 .\CortexM3\ARM_GCC_541\Debug\Cm3Start.o
                0x00000010                Reset
                0x00000001                ASSERT ((. != __cy_reset), No reset code)
 *(.dma_init)
                0x00000001                ASSERT ((((appl_start + .) <= 0x10000) || 0x1), DMA Init must be within the first 64k of flash)
 *(.text .text.* .gnu.linkonce.t.*)
 .text          0x00000028       0x5c c:/program files (x86)/cypress/psoc creator/4.1/psoc creator/import/gnu/arm/5.4.1/bin/../lib/gcc/arm-none-eabi/5.4.1/armv7-m/crtbegin.o
 .text.isr_sec  0x00000084       0x38 .\CortexM3\ARM_GCC_541\Debug\main.o
                0x00000084                isr_sec
 .text.Byte     0x000000bc       0x44 .\CortexM3\ARM_GCC_541\Debug\main.o
                0x000000bc                Byte
 .text.FindParity
                0x00000100       0x20 .\CortexM3\ARM_GCC_541\Debug\main.o
                0x00000100                FindParity
 .text.main     0x00000120      0x1b0 .\CortexM3\ARM_GCC_541\Debug\main.o
                0x00000120                main
 .text.CyClockStartupError
                0x000002d0        0x4 .\CortexM3\ARM_GCC_541\Debug\cyfitter_cfg.o
 .text.cfg_write_bytes32
                0x000002d4       0x34 .\CortexM3\ARM_GCC_541\Debug\cyfitter_cfg.o
 .text.AnalogSetDefault
                0x00000308       0x28 .\CortexM3\ARM_GCC_541\Debug\cyfitter_cfg.o
 .text.CYMEMZERO
                0x00000330        0xc .\CortexM3\ARM_GCC_541\Debug\cyfitter_cfg.o
 .text.CYCONFIGCPY
                0x0000033c        0x8 .\CortexM3\ARM_GCC_541\Debug\cyfitter_cfg.o
 .text.ClockSetup
                0x00000344      0x100 .\CortexM3\ARM_GCC_541\Debug\cyfitter_cfg.o
 .text.cyfitter_cfg
                0x00000444      0x104 .\CortexM3\ARM_GCC_541\Debug\cyfitter_cfg.o
                0x00000444                cyfitter_cfg
 .text.IntDefaultHandler
                0x00000548       0x10 .\CortexM3\ARM_GCC_541\Debug\Cm3Start.o
                0x00000548                IntDefaultHandler
 .text._sbrk    0x00000558       0x30 .\CortexM3\ARM_GCC_541\Debug\Cm3Start.o
                0x00000558                _sbrk
 .text.Start_c  0x00000588       0x4c .\CortexM3\ARM_GCC_541\Debug\Cm3Start.o
                0x00000588                Start_c
 .text.initialize_psoc
                0x000005d4       0x68 .\CortexM3\ARM_GCC_541\Debug\Cm3Start.o
                0x000005d4                initialize_psoc
 .text.UART_Init
                0x0000063c       0x24 .\CortexM3\ARM_GCC_541\Debug\UART_FSKTx.a(UART.o)
                0x0000063c                UART_Init
 .text.UART_Enable
                0x00000660       0x38 .\CortexM3\ARM_GCC_541\Debug\UART_FSKTx.a(UART.o)
                0x00000660                UART_Enable
 .text.UART_Start
                0x00000698       0x1c .\CortexM3\ARM_GCC_541\Debug\UART_FSKTx.a(UART.o)
                0x00000698                UART_Start
 .text.PWM_Modulator_Enable
                0x000006b4       0x10 .\CortexM3\ARM_GCC_541\Debug\UART_FSKTx.a(PWM_Modulator.o)
                0x000006b4                PWM_Modulator_Enable
 .text.PWM_Modulator_Stop
                0x000006c4       0x10 .\CortexM3\ARM_GCC_541\Debug\UART_FSKTx.a(PWM_Modulator.o)
                0x000006c4                PWM_Modulator_Stop
 .text.PWM_Modulator_WriteCounter
                0x000006d4        0xc .\CortexM3\ARM_GCC_541\Debug\UART_FSKTx.a(PWM_Modulator.o)
                0x000006d4                PWM_Modulator_WriteCounter
 .text.PWM_Modulator_WritePeriod
                0x000006e0        0xc .\CortexM3\ARM_GCC_541\Debug\UART_FSKTx.a(PWM_Modulator.o)
                0x000006e0                PWM_Modulator_WritePeriod
 .text.PWM_Modulator_WriteCompare
                0x000006ec        0xc .\CortexM3\ARM_GCC_541\Debug\UART_FSKTx.a(PWM_Modulator.o)
                0x000006ec                PWM_Modulator_WriteCompare
 .text.PWM_Modulator_SetInterruptMode
                0x000006f8        0xc .\CortexM3\ARM_GCC_541\Debug\UART_FSKTx.a(PWM_Modulator.o)
                0x000006f8                PWM_Modulator_SetInterruptMode
 .text.PWM_Modulator_ReadStatusRegister
                0x00000704        0xc .\CortexM3\ARM_GCC_541\Debug\UART_FSKTx.a(PWM_Modulator.o)
                0x00000704                PWM_Modulator_ReadStatusRegister
 .text.PWM_Modulator_ReadCapture
                0x00000710        0xc .\CortexM3\ARM_GCC_541\Debug\UART_FSKTx.a(PWM_Modulator.o)
                0x00000710                PWM_Modulator_ReadCapture
 .text.PWM_Modulator_ClearFIFO
                0x0000071c       0x14 .\CortexM3\ARM_GCC_541\Debug\UART_FSKTx.a(PWM_Modulator.o)
                0x0000071c                PWM_Modulator_ClearFIFO
 .text.PWM_Modulator_Init
                0x00000730       0x50 .\CortexM3\ARM_GCC_541\Debug\UART_FSKTx.a(PWM_Modulator.o)
                0x00000730                PWM_Modulator_Init
 .text.PWM_Modulator_Start
                0x00000780       0x1c .\CortexM3\ARM_GCC_541\Debug\UART_FSKTx.a(PWM_Modulator.o)
                0x00000780                PWM_Modulator_Start
 .text.LCD_WrCntrlNib
                0x0000079c       0x34 .\CortexM3\ARM_GCC_541\Debug\UART_FSKTx.a(LCD.o)
 .text.LCD_WrDatNib
                0x000007d0       0x44 .\CortexM3\ARM_GCC_541\Debug\UART_FSKTx.a(LCD.o)
 .text.LCD_IsReady
                0x00000814       0xe4 .\CortexM3\ARM_GCC_541\Debug\UART_FSKTx.a(LCD.o)
                0x00000814                LCD_IsReady
 .text.LCD_WriteData
                0x000008f8       0x18 .\CortexM3\ARM_GCC_541\Debug\UART_FSKTx.a(LCD.o)
                0x000008f8                LCD_WriteData
 .text.LCD_PrintString
                0x00000910       0x1c .\CortexM3\ARM_GCC_541\Debug\UART_FSKTx.a(LCD.o)
                0x00000910                LCD_PrintString
 .text.LCD_WriteControl
                0x0000092c       0x18 .\CortexM3\ARM_GCC_541\Debug\UART_FSKTx.a(LCD.o)
                0x0000092c                LCD_WriteControl
 .text.LCD_Init
                0x00000944       0x6c .\CortexM3\ARM_GCC_541\Debug\UART_FSKTx.a(LCD.o)
                0x00000944                LCD_Init
 .text.LCD_Enable
                0x000009b0       0x14 .\CortexM3\ARM_GCC_541\Debug\UART_FSKTx.a(LCD.o)
                0x000009b0                LCD_Enable
 .text.LCD_Start
                0x000009c4       0x1c .\CortexM3\ARM_GCC_541\Debug\UART_FSKTx.a(LCD.o)
                0x000009c4                LCD_Start
 .text.LCD_Position
                0x000009e0       0x3c .\CortexM3\ARM_GCC_541\Debug\UART_FSKTx.a(LCD.o)
                0x000009e0                LCD_Position
 .text.PWM_Switch_Timer_Enable
                0x00000a1c       0x10 .\CortexM3\ARM_GCC_541\Debug\UART_FSKTx.a(PWM_Switch_Timer.o)
                0x00000a1c                PWM_Switch_Timer_Enable
 .text.PWM_Switch_Timer_Stop
                0x00000a2c       0x10 .\CortexM3\ARM_GCC_541\Debug\UART_FSKTx.a(PWM_Switch_Timer.o)
                0x00000a2c                PWM_Switch_Timer_Stop
 .text.PWM_Switch_Timer_SetInterruptMode
                0x00000a3c        0xc .\CortexM3\ARM_GCC_541\Debug\UART_FSKTx.a(PWM_Switch_Timer.o)
                0x00000a3c                PWM_Switch_Timer_SetInterruptMode
 .text.PWM_Switch_Timer_ReadStatusRegister
                0x00000a48        0xc .\CortexM3\ARM_GCC_541\Debug\UART_FSKTx.a(PWM_Switch_Timer.o)
                0x00000a48                PWM_Switch_Timer_ReadStatusRegister
 .text.PWM_Switch_Timer_WritePeriod
                0x00000a54        0xc .\CortexM3\ARM_GCC_541\Debug\UART_FSKTx.a(PWM_Switch_Timer.o)
                0x00000a54                PWM_Switch_Timer_WritePeriod
 .text.PWM_Switch_Timer_ReadCapture
                0x00000a60        0xc .\CortexM3\ARM_GCC_541\Debug\UART_FSKTx.a(PWM_Switch_Timer.o)
                0x00000a60                PWM_Switch_Timer_ReadCapture
 .text.PWM_Switch_Timer_WriteCounter
                0x00000a6c        0xc .\CortexM3\ARM_GCC_541\Debug\UART_FSKTx.a(PWM_Switch_Timer.o)
                0x00000a6c                PWM_Switch_Timer_WriteCounter
 .text.PWM_Switch_Timer_ClearFIFO
                0x00000a78       0x14 .\CortexM3\ARM_GCC_541\Debug\UART_FSKTx.a(PWM_Switch_Timer.o)
                0x00000a78                PWM_Switch_Timer_ClearFIFO
 .text.PWM_Switch_Timer_Init
                0x00000a8c       0x34 .\CortexM3\ARM_GCC_541\Debug\UART_FSKTx.a(PWM_Switch_Timer.o)
                0x00000a8c                PWM_Switch_Timer_Init
 .text.PWM_Switch_Timer_Start
                0x00000ac0       0x1c .\CortexM3\ARM_GCC_541\Debug\UART_FSKTx.a(PWM_Switch_Timer.o)
                0x00000ac0                PWM_Switch_Timer_Start
 .text.isr_sec_SetVector
                0x00000adc        0xc .\CortexM3\ARM_GCC_541\Debug\UART_FSKTx.a(isr_sec.o)
                0x00000adc                isr_sec_SetVector
 .text.isr_sec_SetPriority
                0x00000ae8       0x10 .\CortexM3\ARM_GCC_541\Debug\UART_FSKTx.a(isr_sec.o)
                0x00000ae8                isr_sec_SetPriority
 .text.isr_sec_Enable
                0x00000af8        0xc .\CortexM3\ARM_GCC_541\Debug\UART_FSKTx.a(isr_sec.o)
                0x00000af8                isr_sec_Enable
 .text.isr_sec_Disable
                0x00000b04        0xc .\CortexM3\ARM_GCC_541\Debug\UART_FSKTx.a(isr_sec.o)
                0x00000b04                isr_sec_Disable
 .text.isr_sec_StartEx
                0x00000b10       0x1c .\CortexM3\ARM_GCC_541\Debug\UART_FSKTx.a(isr_sec.o)
                0x00000b10                isr_sec_StartEx
 .text.HighVoltage_Write
                0x00000b2c       0x18 .\CortexM3\ARM_GCC_541\Debug\UART_FSKTx.a(HighVoltage.o)
                0x00000b2c                HighVoltage_Write
 .text.PWM_1_Enable
                0x00000b44       0x10 .\CortexM3\ARM_GCC_541\Debug\UART_FSKTx.a(PWM_1.o)
                0x00000b44                PWM_1_Enable
 .text.PWM_1_WriteCounter
                0x00000b54        0xc .\CortexM3\ARM_GCC_541\Debug\UART_FSKTx.a(PWM_1.o)
                0x00000b54                PWM_1_WriteCounter
 .text.PWM_1_WritePeriod
                0x00000b60        0xc .\CortexM3\ARM_GCC_541\Debug\UART_FSKTx.a(PWM_1.o)
                0x00000b60                PWM_1_WritePeriod
 .text.PWM_1_WriteCompare
                0x00000b6c        0xc .\CortexM3\ARM_GCC_541\Debug\UART_FSKTx.a(PWM_1.o)
                0x00000b6c                PWM_1_WriteCompare
 .text.PWM_1_SetInterruptMode
                0x00000b78        0xc .\CortexM3\ARM_GCC_541\Debug\UART_FSKTx.a(PWM_1.o)
                0x00000b78                PWM_1_SetInterruptMode
 .text.PWM_1_ReadStatusRegister
                0x00000b84        0xc .\CortexM3\ARM_GCC_541\Debug\UART_FSKTx.a(PWM_1.o)
                0x00000b84                PWM_1_ReadStatusRegister
 .text.PWM_1_ReadCapture
                0x00000b90        0xc .\CortexM3\ARM_GCC_541\Debug\UART_FSKTx.a(PWM_1.o)
                0x00000b90                PWM_1_ReadCapture
 .text.PWM_1_ClearFIFO
                0x00000b9c       0x14 .\CortexM3\ARM_GCC_541\Debug\UART_FSKTx.a(PWM_1.o)
                0x00000b9c                PWM_1_ClearFIFO
 .text.PWM_1_Init
                0x00000bb0       0x5c .\CortexM3\ARM_GCC_541\Debug\UART_FSKTx.a(PWM_1.o)
                0x00000bb0                PWM_1_Init
 .text.PWM_1_Start
                0x00000c0c       0x1c .\CortexM3\ARM_GCC_541\Debug\UART_FSKTx.a(PWM_1.o)
                0x00000c0c                PWM_1_Start
 .text.PWM_2_Enable
                0x00000c28       0x10 .\CortexM3\ARM_GCC_541\Debug\UART_FSKTx.a(PWM_2.o)
                0x00000c28                PWM_2_Enable
 .text.PWM_2_WriteCounter
                0x00000c38        0xc .\CortexM3\ARM_GCC_541\Debug\UART_FSKTx.a(PWM_2.o)
                0x00000c38                PWM_2_WriteCounter
 .text.PWM_2_WritePeriod
                0x00000c44        0xc .\CortexM3\ARM_GCC_541\Debug\UART_FSKTx.a(PWM_2.o)
                0x00000c44                PWM_2_WritePeriod
 .text.PWM_2_WriteCompare
                0x00000c50        0xc .\CortexM3\ARM_GCC_541\Debug\UART_FSKTx.a(PWM_2.o)
                0x00000c50                PWM_2_WriteCompare
 .text.PWM_2_SetInterruptMode
                0x00000c5c        0xc .\CortexM3\ARM_GCC_541\Debug\UART_FSKTx.a(PWM_2.o)
                0x00000c5c                PWM_2_SetInterruptMode
 .text.PWM_2_ReadStatusRegister
                0x00000c68        0xc .\CortexM3\ARM_GCC_541\Debug\UART_FSKTx.a(PWM_2.o)
                0x00000c68                PWM_2_ReadStatusRegister
 .text.PWM_2_ReadCapture
                0x00000c74        0xc .\CortexM3\ARM_GCC_541\Debug\UART_FSKTx.a(PWM_2.o)
                0x00000c74                PWM_2_ReadCapture
 .text.PWM_2_ClearFIFO
                0x00000c80       0x14 .\CortexM3\ARM_GCC_541\Debug\UART_FSKTx.a(PWM_2.o)
                0x00000c80                PWM_2_ClearFIFO
 .text.PWM_2_Init
                0x00000c94       0x5c .\CortexM3\ARM_GCC_541\Debug\UART_FSKTx.a(PWM_2.o)
                0x00000c94                PWM_2_Init
 .text.PWM_2_Start
                0x00000cf0       0x1c .\CortexM3\ARM_GCC_541\Debug\UART_FSKTx.a(PWM_2.o)
                0x00000cf0                PWM_2_Start
 .text.PWM_3_Enable
                0x00000d0c       0x10 .\CortexM3\ARM_GCC_541\Debug\UART_FSKTx.a(PWM_3.o)
                0x00000d0c                PWM_3_Enable
 .text.PWM_3_WriteCounter
                0x00000d1c        0xc .\CortexM3\ARM_GCC_541\Debug\UART_FSKTx.a(PWM_3.o)
                0x00000d1c                PWM_3_WriteCounter
 .text.PWM_3_WritePeriod
                0x00000d28        0xc .\CortexM3\ARM_GCC_541\Debug\UART_FSKTx.a(PWM_3.o)
                0x00000d28                PWM_3_WritePeriod
 .text.PWM_3_WriteCompare
                0x00000d34        0xc .\CortexM3\ARM_GCC_541\Debug\UART_FSKTx.a(PWM_3.o)
                0x00000d34                PWM_3_WriteCompare
 .text.PWM_3_SetInterruptMode
                0x00000d40        0xc .\CortexM3\ARM_GCC_541\Debug\UART_FSKTx.a(PWM_3.o)
                0x00000d40                PWM_3_SetInterruptMode
 .text.PWM_3_ReadStatusRegister
                0x00000d4c        0xc .\CortexM3\ARM_GCC_541\Debug\UART_FSKTx.a(PWM_3.o)
                0x00000d4c                PWM_3_ReadStatusRegister
 .text.PWM_3_ReadCapture
                0x00000d58        0xc .\CortexM3\ARM_GCC_541\Debug\UART_FSKTx.a(PWM_3.o)
                0x00000d58                PWM_3_ReadCapture
 .text.PWM_3_ClearFIFO
                0x00000d64       0x14 .\CortexM3\ARM_GCC_541\Debug\UART_FSKTx.a(PWM_3.o)
                0x00000d64                PWM_3_ClearFIFO
 .text.PWM_3_Init
                0x00000d78       0x5c .\CortexM3\ARM_GCC_541\Debug\UART_FSKTx.a(PWM_3.o)
                0x00000d78                PWM_3_Init
 .text.PWM_3_Start
                0x00000dd4       0x1c .\CortexM3\ARM_GCC_541\Debug\UART_FSKTx.a(PWM_3.o)
                0x00000dd4                PWM_3_Start
 .text.SignalBase_Write
                0x00000df0       0x18 .\CortexM3\ARM_GCC_541\Debug\UART_FSKTx.a(SignalBase.o)
                0x00000df0                SignalBase_Write
 .text.UART_IntClock_Start
                0x00000e08       0x1c .\CortexM3\ARM_GCC_541\Debug\UART_FSKTx.a(UART_IntClock.o)
                0x00000e08                UART_IntClock_Start
 .text.CyDelay  0x00000e24       0x2c .\CortexM3\ARM_GCC_541\Debug\UART_FSKTx.a(CyLib.o)
                0x00000e24                CyDelay
 .text.CyDelayUs
                0x00000e50       0x14 .\CortexM3\ARM_GCC_541\Debug\UART_FSKTx.a(CyLib.o)
                0x00000e50                CyDelayUs
 *fill*         0x00000e64        0x4 
 .text          0x00000e68       0x20 .\CortexM3\ARM_GCC_541\Debug\UART_FSKTx.a(CyBootAsmGnu.o)
                0x00000e68                CyDelayCycles
                0x00000e78                CyEnterCriticalSection
                0x00000e80                CyExitCriticalSection
 .text.__errno  0x00000e88        0xc c:/program files (x86)/cypress/psoc creator/4.1/psoc creator/import/gnu/arm/5.4.1/bin/../lib/gcc/arm-none-eabi/5.4.1/../../../../arm-none-eabi/lib/armv7-m\libg_nano.a(lib_a-errno.o)
                0x00000e88                __errno
 .text.__libc_init_array
                0x00000e94       0x4c c:/program files (x86)/cypress/psoc creator/4.1/psoc creator/import/gnu/arm/5.4.1/bin/../lib/gcc/arm-none-eabi/5.4.1/../../../../arm-none-eabi/lib/armv7-m\libg_nano.a(lib_a-init.o)
                0x00000e94                __libc_init_array
 .text.memcpy   0x00000ee0       0x16 c:/program files (x86)/cypress/psoc creator/4.1/psoc creator/import/gnu/arm/5.4.1/bin/../lib/gcc/arm-none-eabi/5.4.1/../../../../arm-none-eabi/lib/armv7-m\libg_nano.a(lib_a-memcpy-stub.o)
                0x00000ee0                memcpy
 .text.memset   0x00000ef6       0x10 c:/program files (x86)/cypress/psoc creator/4.1/psoc creator/import/gnu/arm/5.4.1/bin/../lib/gcc/arm-none-eabi/5.4.1/../../../../arm-none-eabi/lib/armv7-m\libg_nano.a(lib_a-memset.o)
                0x00000ef6                memset
 *fill*         0x00000f06        0x2 
 .text.sprintf  0x00000f08       0x48 c:/program files (x86)/cypress/psoc creator/4.1/psoc creator/import/gnu/arm/5.4.1/bin/../lib/gcc/arm-none-eabi/5.4.1/../../../../arm-none-eabi/lib/armv7-m\libg_nano.a(lib_a-sprintf.o)
                0x00000f08                siprintf
                0x00000f08                sprintf
 .text.__ssputs_r
                0x00000f50       0xb2 c:/program files (x86)/cypress/psoc creator/4.1/psoc creator/import/gnu/arm/5.4.1/bin/../lib/gcc/arm-none-eabi/5.4.1/../../../../arm-none-eabi/lib/armv7-m\libg_nano.a(lib_a-nano-svfprintf.o)
                0x00000f50                __ssputs_r
 *fill*         0x00001002        0x2 
 .text._svfprintf_r
                0x00001004      0x1e8 c:/program files (x86)/cypress/psoc creator/4.1/psoc creator/import/gnu/arm/5.4.1/bin/../lib/gcc/arm-none-eabi/5.4.1/../../../../arm-none-eabi/lib/armv7-m\libg_nano.a(lib_a-nano-svfprintf.o)
                0x00001004                _svfiprintf_r
                0x00001004                _svfprintf_r
 .text._printf_common
                0x000011ec       0xec c:/program files (x86)/cypress/psoc creator/4.1/psoc creator/import/gnu/arm/5.4.1/bin/../lib/gcc/arm-none-eabi/5.4.1/../../../../arm-none-eabi/lib/armv7-m\libg_nano.a(lib_a-nano-vfprintf_i.o)
                0x000011ec                _printf_common
 .text._printf_i
                0x000012d8      0x24c c:/program files (x86)/cypress/psoc creator/4.1/psoc creator/import/gnu/arm/5.4.1/bin/../lib/gcc/arm-none-eabi/5.4.1/../../../../arm-none-eabi/lib/armv7-m\libg_nano.a(lib_a-nano-vfprintf_i.o)
                0x000012d8                _printf_i
 .text.memchr   0x00001524       0x1c c:/program files (x86)/cypress/psoc creator/4.1/psoc creator/import/gnu/arm/5.4.1/bin/../lib/gcc/arm-none-eabi/5.4.1/../../../../arm-none-eabi/lib/armv7-m\libg_nano.a(lib_a-memchr-stub.o)
                0x00001524                memchr
 .text.memmove  0x00001540       0x36 c:/program files (x86)/cypress/psoc creator/4.1/psoc creator/import/gnu/arm/5.4.1/bin/../lib/gcc/arm-none-eabi/5.4.1/../../../../arm-none-eabi/lib/armv7-m\libg_nano.a(lib_a-memmove.o)
                0x00001540                memmove
 *fill*         0x00001576        0x2 
 .text._free_r  0x00001578       0x98 c:/program files (x86)/cypress/psoc creator/4.1/psoc creator/import/gnu/arm/5.4.1/bin/../lib/gcc/arm-none-eabi/5.4.1/../../../../arm-none-eabi/lib/armv7-m\libg_nano.a(lib_a-nano-freer.o)
                0x00001578                _free_r
 .text._malloc_r
                0x00001610       0xbc c:/program files (x86)/cypress/psoc creator/4.1/psoc creator/import/gnu/arm/5.4.1/bin/../lib/gcc/arm-none-eabi/5.4.1/../../../../arm-none-eabi/lib/armv7-m\libg_nano.a(lib_a-nano-mallocr.o)
                0x00001610                _malloc_r
 .text._realloc_r
                0x000016cc       0x4c c:/program files (x86)/cypress/psoc creator/4.1/psoc creator/import/gnu/arm/5.4.1/bin/../lib/gcc/arm-none-eabi/5.4.1/../../../../arm-none-eabi/lib/armv7-m\libg_nano.a(lib_a-nano-reallocr.o)
                0x000016cc                _realloc_r
 .text._sbrk_r  0x00001718       0x20 c:/program files (x86)/cypress/psoc creator/4.1/psoc creator/import/gnu/arm/5.4.1/bin/../lib/gcc/arm-none-eabi/5.4.1/../../../../arm-none-eabi/lib/armv7-m\libg_nano.a(lib_a-sbrkr.o)
                0x00001718                _sbrk_r
 .text.__malloc_lock
                0x00001738        0x2 c:/program files (x86)/cypress/psoc creator/4.1/psoc creator/import/gnu/arm/5.4.1/bin/../lib/gcc/arm-none-eabi/5.4.1/../../../../arm-none-eabi/lib/armv7-m\libg_nano.a(lib_a-mlock.o)
                0x00001738                __malloc_lock
 .text.__malloc_unlock
                0x0000173a        0x2 c:/program files (x86)/cypress/psoc creator/4.1/psoc creator/import/gnu/arm/5.4.1/bin/../lib/gcc/arm-none-eabi/5.4.1/../../../../arm-none-eabi/lib/armv7-m\libg_nano.a(lib_a-mlock.o)
                0x0000173a                __malloc_unlock
 .text._malloc_usable_size_r
                0x0000173c       0x14 c:/program files (x86)/cypress/psoc creator/4.1/psoc creator/import/gnu/arm/5.4.1/bin/../lib/gcc/arm-none-eabi/5.4.1/../../../../arm-none-eabi/lib/armv7-m\libg_nano.a(lib_a-nano-msizer.o)
                0x0000173c                _malloc_usable_size_r
 *(.plt)
 *(.gnu.warning)
 *(.glue_7t)
 .glue_7t       0x00001750        0x0 linker stubs
 *(.glue_7)
 .glue_7        0x00001750        0x0 linker stubs
 *(.vfp11_veneer)
 .vfp11_veneer  0x00001750        0x0 linker stubs
 *(.bootloader)
 *(.ARM.extab* .gnu.linkonce.armextab.*)
 *(.gcc_except_table)

.v4_bx          0x00001750        0x0
 .v4_bx         0x00001750        0x0 linker stubs

.iplt           0x00001750        0x0
 .iplt          0x00001750        0x0 c:/program files (x86)/cypress/psoc creator/4.1/psoc creator/import/gnu/arm/5.4.1/bin/../lib/gcc/arm-none-eabi/5.4.1/armv7-m/crtbegin.o

.eh_frame_hdr
 *(.eh_frame_hdr)

.eh_frame       0x00001750        0x4
 *(.eh_frame)
 .eh_frame      0x00001750        0x0 c:/program files (x86)/cypress/psoc creator/4.1/psoc creator/import/gnu/arm/5.4.1/bin/../lib/gcc/arm-none-eabi/5.4.1/armv7-m/crtbegin.o
 .eh_frame      0x00001750        0x4 c:/program files (x86)/cypress/psoc creator/4.1/psoc creator/import/gnu/arm/5.4.1/bin/../lib/gcc/arm-none-eabi/5.4.1/armv7-m/crtend.o
                [!provide]                PROVIDE (__exidx_start, .)

.ARM.exidx
 *(.ARM.exidx* .gnu.linkonce.armexidx.*)
                0x00001754                __exidx_end = .

.rodata         0x00001754       0xd4
 *(.rodata .rodata.* .gnu.linkonce.r.*)
 .rodata.str1.4
                0x00001754       0x3c .\CortexM3\ARM_GCC_541\Debug\main.o
                                 0x3a (size before relaxing)
 .rodata        0x00001790       0x2a .\CortexM3\ARM_GCC_541\Debug\cyfitter_cfg.o
 .rodata.str1.1
                0x000017ba        0x2 c:/program files (x86)/cypress/psoc creator/4.1/psoc creator/import/gnu/arm/5.4.1/bin/../lib/gcc/arm-none-eabi/5.4.1/../../../../arm-none-eabi/lib/armv7-m\libg_nano.a(lib_a-impure.o)
 .rodata.str1.1
                0x000017bc       0x11 c:/program files (x86)/cypress/psoc creator/4.1/psoc creator/import/gnu/arm/5.4.1/bin/../lib/gcc/arm-none-eabi/5.4.1/../../../../arm-none-eabi/lib/armv7-m\libg_nano.a(lib_a-nano-svfprintf.o)
 .rodata.str1.1
                0x000017cd       0x22 c:/program files (x86)/cypress/psoc creator/4.1/psoc creator/import/gnu/arm/5.4.1/bin/../lib/gcc/arm-none-eabi/5.4.1/../../../../arm-none-eabi/lib/armv7-m\libg_nano.a(lib_a-nano-vfprintf_i.o)
                0x000017f0                . = ALIGN (0x4)
 *fill*         0x000017ef        0x1 
 *(.init)
 .init          0x000017f0        0x4 c:/program files (x86)/cypress/psoc creator/4.1/psoc creator/import/gnu/arm/5.4.1/bin/../lib/gcc/arm-none-eabi/5.4.1/armv7-m/crti.o
                0x000017f0                _init
 .init          0x000017f4        0x8 c:/program files (x86)/cypress/psoc creator/4.1/psoc creator/import/gnu/arm/5.4.1/bin/../lib/gcc/arm-none-eabi/5.4.1/armv7-m/crtn.o
                0x000017fc                . = ALIGN (0x4)
                0x000017fc                __preinit_array_start = .
 *(.preinit_array)
                0x000017fc                __preinit_array_end = .
                0x000017fc                . = ALIGN (0x4)
                0x000017fc                __init_array_start = .
 *(SORT(.init_array.*))
 *(.init_array)
 .init_array    0x000017fc        0x4 c:/program files (x86)/cypress/psoc creator/4.1/psoc creator/import/gnu/arm/5.4.1/bin/../lib/gcc/arm-none-eabi/5.4.1/armv7-m/crtbegin.o
 .init_array    0x00001800        0x4 .\CortexM3\ARM_GCC_541\Debug\Cm3Start.o
                0x00001804                __init_array_end = .
                0x00001804                . = ALIGN (0x4)
 *(.fini)
 .fini          0x00001804        0x4 c:/program files (x86)/cypress/psoc creator/4.1/psoc creator/import/gnu/arm/5.4.1/bin/../lib/gcc/arm-none-eabi/5.4.1/armv7-m/crti.o
                0x00001804                _fini
 .fini          0x00001808        0x8 c:/program files (x86)/cypress/psoc creator/4.1/psoc creator/import/gnu/arm/5.4.1/bin/../lib/gcc/arm-none-eabi/5.4.1/armv7-m/crtn.o
                0x00001810                . = ALIGN (0x4)
                0x00001810                __fini_array_start = .
 *(.fini_array)
 .fini_array    0x00001810        0x4 c:/program files (x86)/cypress/psoc creator/4.1/psoc creator/import/gnu/arm/5.4.1/bin/../lib/gcc/arm-none-eabi/5.4.1/armv7-m/crtbegin.o
 *(SORT(.fini_array.*))
                0x00001814                __fini_array_end = .
                0x00001814                . = ALIGN (0x4)
 *crtbegin.o(.ctors)
 *(EXCLUDE_FILE(*crtend.o) .ctors)
 *(SORT(.ctors.*))
 *crtend.o(.ctors)
                0x00001814                . = ALIGN (0x4)
 *crtbegin.o(.dtors)
 *(EXCLUDE_FILE(*crtend.o) .dtors)
 *(SORT(.dtors.*))
 *crtend.o(.dtors)
                0x00001814                . = ALIGN (0x4)
                0x00001814                __cy_regions = .
                0x00001814        0x4 LONG 0x1828 __cy_region_init_ram
                0x00001818        0x4 LONG 0x1fff80c8 __cy_region_start_data
                0x0000181c        0x4 LONG 0x88 __cy_region_init_size_ram
                0x00001820        0x4 LONG 0x80 __cy_region_zero_size_ram
                0x00001824                __cy_regions_end = .
                0x00001828                . = ALIGN (0x8)
 *fill*         0x00001824        0x4 
                0x00001828                _etext = .

.cy_checksum_exclude
                0x00001828        0x0
 *(.cy_checksum_exclude)

.ramvectors     0x1fff8000       0xc0
                0x1fff8000                __cy_region_start_ram = .
 *(.ramvectors)
 .ramvectors    0x1fff8000       0xc0 .\CortexM3\ARM_GCC_541\Debug\Cm3Start.o
                0x1fff8000                CyRamVectors

.noinit         0x1fff80c0        0x1
 *(.noinit)
 .noinit        0x1fff80c0        0x1 .\CortexM3\ARM_GCC_541\Debug\UART_FSKTx.a(CyLib.o)
                0x1fff80c0                CyResetStatus

.data           0x1fff80c8       0x88 load address 0x00001828
                0x1fff80c8                __cy_region_start_data = .
 *(.jcr)
 .jcr           0x1fff80c8        0x0 c:/program files (x86)/cypress/psoc creator/4.1/psoc creator/import/gnu/arm/5.4.1/bin/../lib/gcc/arm-none-eabi/5.4.1/armv7-m/crtbegin.o
 .jcr           0x1fff80c8        0x4 c:/program files (x86)/cypress/psoc creator/4.1/psoc creator/import/gnu/arm/5.4.1/bin/../lib/gcc/arm-none-eabi/5.4.1/armv7-m/crtend.o
 *(.got.plt)
 *(.got)
 *(.shdata)
 *(.data .data.* .gnu.linkonce.d.*)
 .data          0x1fff80cc        0x8 .\CortexM3\ARM_GCC_541\Debug\main.o
                0x1fff80cc                crabsToSend
                0x1fff80d0                i
 .data          0x1fff80d4        0x4 .\CortexM3\ARM_GCC_541\Debug\Cm3Start.o
 .data          0x1fff80d8       0x10 .\CortexM3\ARM_GCC_541\Debug\UART_FSKTx.a(CyLib.o)
                0x1fff80d8                cydelay_32k_ms
                0x1fff80dc                cydelay_freq_khz
                0x1fff80e0                cydelay_freq_mhz
                0x1fff80e4                cydelay_freq_hz
 .data.impure_data
                0x1fff80e8       0x60 c:/program files (x86)/cypress/psoc creator/4.1/psoc creator/import/gnu/arm/5.4.1/bin/../lib/gcc/arm-none-eabi/5.4.1/../../../../arm-none-eabi/lib/armv7-m\libg_nano.a(lib_a-impure.o)
 .data._impure_ptr
                0x1fff8148        0x4 c:/program files (x86)/cypress/psoc creator/4.1/psoc creator/import/gnu/arm/5.4.1/bin/../lib/gcc/arm-none-eabi/5.4.1/../../../../arm-none-eabi/lib/armv7-m\libg_nano.a(lib_a-impure.o)
                0x1fff8148                _impure_ptr
                0x1fff8150                . = ALIGN (0x8)
 *fill*         0x1fff814c        0x4 
 *(.ram)
                0x1fff8150                _edata = .

.igot.plt       0x1fff8150        0x0 load address 0x000018b0
 .igot.plt      0x1fff8150        0x0 c:/program files (x86)/cypress/psoc creator/4.1/psoc creator/import/gnu/arm/5.4.1/bin/../lib/gcc/arm-none-eabi/5.4.1/armv7-m/crtbegin.o

.bss            0x1fff8150       0x80 load address 0x000018b0
                0x1fff8150                PROVIDE (__bss_start__, .)
 *(.shbss)
 *(.bss .bss.* .gnu.linkonce.b.*)
 .bss           0x1fff8150       0x1c c:/program files (x86)/cypress/psoc creator/4.1/psoc creator/import/gnu/arm/5.4.1/bin/../lib/gcc/arm-none-eabi/5.4.1/armv7-m/crtbegin.o
 .bss           0x1fff816c       0x1c .\CortexM3\ARM_GCC_541\Debug\main.o
                0x1fff8178                errorStatus
                0x1fff8180                newDataflag
                0x1fff8184                error
 .bss           0x1fff8188        0x2 .\CortexM3\ARM_GCC_541\Debug\UART_FSKTx.a(UART.o)
                0x1fff8188                UART_initVar
 .bss           0x1fff818a        0x1 .\CortexM3\ARM_GCC_541\Debug\UART_FSKTx.a(PWM_Modulator.o)
                0x1fff818a                PWM_Modulator_initVar
 .bss           0x1fff818b        0x2 .\CortexM3\ARM_GCC_541\Debug\UART_FSKTx.a(LCD.o)
                0x1fff818b                LCD_enableState
                0x1fff818c                LCD_initVar
 .bss           0x1fff818d        0x1 .\CortexM3\ARM_GCC_541\Debug\UART_FSKTx.a(PWM_Switch_Timer.o)
                0x1fff818d                PWM_Switch_Timer_initVar
 .bss           0x1fff818e        0x1 .\CortexM3\ARM_GCC_541\Debug\UART_FSKTx.a(PWM_1.o)
                0x1fff818e                PWM_1_initVar
 .bss           0x1fff818f        0x1 .\CortexM3\ARM_GCC_541\Debug\UART_FSKTx.a(PWM_2.o)
                0x1fff818f                PWM_2_initVar
 .bss           0x1fff8190        0x1 .\CortexM3\ARM_GCC_541\Debug\UART_FSKTx.a(PWM_3.o)
                0x1fff8190                PWM_3_initVar
 *fill*         0x1fff8191        0x3 
 .bss.__malloc_sbrk_start
                0x1fff8194        0x4 c:/program files (x86)/cypress/psoc creator/4.1/psoc creator/import/gnu/arm/5.4.1/bin/../lib/gcc/arm-none-eabi/5.4.1/../../../../arm-none-eabi/lib/armv7-m\libg_nano.a(lib_a-nano-mallocr.o)
                0x1fff8194                __malloc_sbrk_start
 .bss.__malloc_free_list
                0x1fff8198        0x4 c:/program files (x86)/cypress/psoc creator/4.1/psoc creator/import/gnu/arm/5.4.1/bin/../lib/gcc/arm-none-eabi/5.4.1/../../../../arm-none-eabi/lib/armv7-m\libg_nano.a(lib_a-nano-mallocr.o)
                0x1fff8198                __malloc_free_list
 *(COMMON)
 COMMON         0x1fff819c       0x2a .\CortexM3\ARM_GCC_541\Debug\main.o
                0x1fff819c                lineStr
                0x1fff81b0                data
                0x1fff81c4                count
 *fill*         0x1fff81c6        0x2 
 COMMON         0x1fff81c8        0x4 c:/program files (x86)/cypress/psoc creator/4.1/psoc creator/import/gnu/arm/5.4.1/bin/../lib/gcc/arm-none-eabi/5.4.1/../../../../arm-none-eabi/lib/armv7-m\libg_nano.a(lib_a-reent.o)
                0x1fff81c8                errno
                0x1fff81d0                . = ALIGN (0x8)
 *fill*         0x1fff81cc        0x4 
 *(.ram.b)
                0x1fff81d0                _end = .
                0x1fff81d0                __end = .
                0x1fff81d0                PROVIDE (end, .)
                0x1fff81d0                PROVIDE (__bss_end__, .)
                0x00001828                __cy_region_init_ram = LOADADDR (.data)
                0x00000088                __cy_region_init_size_ram = (_edata - ADDR (.data))
                0x00000080                __cy_region_zero_size_ram = (_end - _edata)

.heap           0x1fff81d0      0x300 load address 0x000018b0
                0x1fff81d0                . = _end
                0x1fff84d0                . = (. + 0x300)
 *fill*         0x1fff81d0      0x300 
                0x1fff84d0                __cy_heap_limit = .

.stack          0x20007800      0x800
                0x20007800                __cy_stack_limit = .
                0x20008000                . = (. + 0x800)
 *fill*         0x20007800      0x800 
                0x00000001                ASSERT ((__cy_stack_limit >= __cy_heap_limit), region RAM overflowed with stack)
                0x00000000                cy_checksum_exclude_size = (CY_APPL_LOADABLE == 0x1)?SIZEOF (.cy_checksum_exclude):0x0
                0x00000001                ASSERT ((cy_checksum_exclude_size <= CY_CHECKSUM_EXCLUDE_SIZE), CY_BOOT: Section .cy_checksum_exclude size exceedes specified limit.)

.cyloadermeta
 *(.cyloadermeta)

.cyloadablemeta
 *(.cyloadablemeta)

.cyconfigecc    0x80000000      0x7f0
 *(.cyconfigecc)
 .cyconfigecc   0x80000000      0x7f0 .\CortexM3\ARM_GCC_541\Debug\cymetadata.o
                0x80000000                cy_meta_configecc

.cycustnvl      0x90000000        0x4
 *(.cycustnvl)
 .cycustnvl     0x90000000        0x4 .\CortexM3\ARM_GCC_541\Debug\cymetadata.o
                0x90000000                cy_meta_custnvl

.cywolatch      0x90100000        0x4
 *(.cywolatch)
 .cywolatch     0x90100000        0x4 .\CortexM3\ARM_GCC_541\Debug\cymetadata.o
                0x90100000                cy_meta_wonvl

.cyeeprom       0x90200000        0x0
 *(.cyeeprom)
                0x00000001                ASSERT ((. <= ((0x90200000 + ee_offset) + ee_size)), .cyeeprom data will not fit in EEPROM)

.cyflashprotect
                0x90400000      0x100
 *(.cyflashprotect)
 .cyflashprotect
                0x90400000      0x100 .\CortexM3\ARM_GCC_541\Debug\cymetadata.o
                0x90400000                cy_meta_flashprotect

.cymeta         0x90500000        0xc
 *(.cymeta)
 .cymeta        0x90500000        0xc .\CortexM3\ARM_GCC_541\Debug\cymetadata.o
                0x90500000                cy_metadata

.rel.dyn        0x000018b0        0x0 load address 0x9050000c
 .rel.iplt      0x000018b0        0x0 c:/program files (x86)/cypress/psoc creator/4.1/psoc creator/import/gnu/arm/5.4.1/bin/../lib/gcc/arm-none-eabi/5.4.1/armv7-m/crtbegin.o

.stab
 *(.stab)

.stabstr
 *(.stabstr)

.debug
 *(.debug)

.line
 *(.line)

.debug_srcinfo
 *(.debug_srcinfo)

.debug_sfnames
 *(.debug_sfnames)

.debug_aranges  0x00000000      0xba8
 *(.debug_aranges)
 .debug_aranges
                0x00000000       0x40 .\CortexM3\ARM_GCC_541\Debug\main.o
 .debug_aranges
                0x00000040       0x58 .\CortexM3\ARM_GCC_541\Debug\cyfitter_cfg.o
 .debug_aranges
                0x00000098       0x18 .\CortexM3\ARM_GCC_541\Debug\cymetadata.o
 .debug_aranges
                0x000000b0       0x48 .\CortexM3\ARM_GCC_541\Debug\Cm3Start.o
 .debug_aranges
                0x000000f8       0xf0 .\CortexM3\ARM_GCC_541\Debug\UART_FSKTx.a(UART.o)
 .debug_aranges
                0x000001e8       0x98 .\CortexM3\ARM_GCC_541\Debug\UART_FSKTx.a(PWM_Modulator.o)
 .debug_aranges
                0x00000280       0x98 .\CortexM3\ARM_GCC_541\Debug\UART_FSKTx.a(LCD.o)
 .debug_aranges
                0x00000318       0x90 .\CortexM3\ARM_GCC_541\Debug\UART_FSKTx.a(PWM_Switch_Timer.o)
 .debug_aranges
                0x000003a8       0x80 .\CortexM3\ARM_GCC_541\Debug\UART_FSKTx.a(isr_sec.o)
 .debug_aranges
                0x00000428       0x38 .\CortexM3\ARM_GCC_541\Debug\UART_FSKTx.a(HighVoltage.o)
 .debug_aranges
                0x00000460       0x98 .\CortexM3\ARM_GCC_541\Debug\UART_FSKTx.a(PWM_1.o)
 .debug_aranges
                0x000004f8       0x98 .\CortexM3\ARM_GCC_541\Debug\UART_FSKTx.a(PWM_2.o)
 .debug_aranges
                0x00000590       0x98 .\CortexM3\ARM_GCC_541\Debug\UART_FSKTx.a(PWM_3.o)
 .debug_aranges
                0x00000628       0x38 .\CortexM3\ARM_GCC_541\Debug\UART_FSKTx.a(SignalBase.o)
 .debug_aranges
                0x00000660       0x70 .\CortexM3\ARM_GCC_541\Debug\UART_FSKTx.a(UART_IntClock.o)
 .debug_aranges
                0x000006d0      0x2a8 .\CortexM3\ARM_GCC_541\Debug\UART_FSKTx.a(CyLib.o)
 .debug_aranges
                0x00000978       0x98 .\CortexM3\ARM_GCC_541\Debug\UART_FSKTx.a(cyPm.o)
 .debug_aranges
                0x00000a10       0x20 .\CortexM3\ARM_GCC_541\Debug\UART_FSKTx.a(CyBootAsmGnu.o)
 .debug_aranges
                0x00000a30       0x80 .\CortexM3\ARM_GCC_541\Debug\UART_FSKTx.a(CyScBoostClk.o)
 .debug_aranges
                0x00000ab0       0x80 .\CortexM3\ARM_GCC_541\Debug\UART_FSKTx.a(CyFlash.o)
 .debug_aranges
                0x00000b30       0x78 .\CortexM3\ARM_GCC_541\Debug\UART_FSKTx.a(CySpc.o)

.debug_pubnames
 *(.debug_pubnames)

.debug_info     0x00000000     0x624a
 *(.debug_info .gnu.linkonce.wi.*)
 .debug_info    0x00000000      0x766 .\CortexM3\ARM_GCC_541\Debug\main.o
 .debug_info    0x00000766      0x538 .\CortexM3\ARM_GCC_541\Debug\cyfitter_cfg.o
 .debug_info    0x00000c9e      0x139 .\CortexM3\ARM_GCC_541\Debug\cymetadata.o
 .debug_info    0x00000dd7      0x3bb .\CortexM3\ARM_GCC_541\Debug\Cm3Start.o
 .debug_info    0x00001192      0x60c .\CortexM3\ARM_GCC_541\Debug\UART_FSKTx.a(UART.o)
 .debug_info    0x0000179e      0x334 .\CortexM3\ARM_GCC_541\Debug\UART_FSKTx.a(PWM_Modulator.o)
 .debug_info    0x00001ad2      0x715 .\CortexM3\ARM_GCC_541\Debug\UART_FSKTx.a(LCD.o)
 .debug_info    0x000021e7      0x2f0 .\CortexM3\ARM_GCC_541\Debug\UART_FSKTx.a(PWM_Switch_Timer.o)
 .debug_info    0x000024d7      0x2d2 .\CortexM3\ARM_GCC_541\Debug\UART_FSKTx.a(isr_sec.o)
 .debug_info    0x000027a9      0x11f .\CortexM3\ARM_GCC_541\Debug\UART_FSKTx.a(HighVoltage.o)
 .debug_info    0x000028c8      0x351 .\CortexM3\ARM_GCC_541\Debug\UART_FSKTx.a(PWM_1.o)
 .debug_info    0x00002c19      0x34e .\CortexM3\ARM_GCC_541\Debug\UART_FSKTx.a(PWM_2.o)
 .debug_info    0x00002f67      0x34e .\CortexM3\ARM_GCC_541\Debug\UART_FSKTx.a(PWM_3.o)
 .debug_info    0x000032b5      0x11f .\CortexM3\ARM_GCC_541\Debug\UART_FSKTx.a(SignalBase.o)
 .debug_info    0x000033d4      0x283 .\CortexM3\ARM_GCC_541\Debug\UART_FSKTx.a(UART_IntClock.o)
 .debug_info    0x00003657     0x13d4 .\CortexM3\ARM_GCC_541\Debug\UART_FSKTx.a(CyLib.o)
 .debug_info    0x00004a2b      0xa2a .\CortexM3\ARM_GCC_541\Debug\UART_FSKTx.a(cyPm.o)
 .debug_info    0x00005455       0x90 .\CortexM3\ARM_GCC_541\Debug\UART_FSKTx.a(CyBootAsmGnu.o)
 .debug_info    0x000054e5      0x2c4 .\CortexM3\ARM_GCC_541\Debug\UART_FSKTx.a(CyScBoostClk.o)
 .debug_info    0x000057a9      0x5b8 .\CortexM3\ARM_GCC_541\Debug\UART_FSKTx.a(CyFlash.o)
 .debug_info    0x00005d61      0x4e9 .\CortexM3\ARM_GCC_541\Debug\UART_FSKTx.a(CySpc.o)

.debug_abbrev   0x00000000     0x1b17
 *(.debug_abbrev)
 .debug_abbrev  0x00000000      0x1cb .\CortexM3\ARM_GCC_541\Debug\main.o
 .debug_abbrev  0x000001cb      0x1fe .\CortexM3\ARM_GCC_541\Debug\cyfitter_cfg.o
 .debug_abbrev  0x000003c9       0x77 .\CortexM3\ARM_GCC_541\Debug\cymetadata.o
 .debug_abbrev  0x00000440      0x1e8 .\CortexM3\ARM_GCC_541\Debug\Cm3Start.o
 .debug_abbrev  0x00000628      0x175 .\CortexM3\ARM_GCC_541\Debug\UART_FSKTx.a(UART.o)
 .debug_abbrev  0x0000079d      0x133 .\CortexM3\ARM_GCC_541\Debug\UART_FSKTx.a(PWM_Modulator.o)
 .debug_abbrev  0x000008d0      0x157 .\CortexM3\ARM_GCC_541\Debug\UART_FSKTx.a(LCD.o)
 .debug_abbrev  0x00000a27      0x12b .\CortexM3\ARM_GCC_541\Debug\UART_FSKTx.a(PWM_Switch_Timer.o)
 .debug_abbrev  0x00000b52      0x173 .\CortexM3\ARM_GCC_541\Debug\UART_FSKTx.a(isr_sec.o)
 .debug_abbrev  0x00000cc5       0x90 .\CortexM3\ARM_GCC_541\Debug\UART_FSKTx.a(HighVoltage.o)
 .debug_abbrev  0x00000d55      0x133 .\CortexM3\ARM_GCC_541\Debug\UART_FSKTx.a(PWM_1.o)
 .debug_abbrev  0x00000e88      0x133 .\CortexM3\ARM_GCC_541\Debug\UART_FSKTx.a(PWM_2.o)
 .debug_abbrev  0x00000fbb      0x133 .\CortexM3\ARM_GCC_541\Debug\UART_FSKTx.a(PWM_3.o)
 .debug_abbrev  0x000010ee       0x90 .\CortexM3\ARM_GCC_541\Debug\UART_FSKTx.a(SignalBase.o)
 .debug_abbrev  0x0000117e      0x139 .\CortexM3\ARM_GCC_541\Debug\UART_FSKTx.a(UART_IntClock.o)
 .debug_abbrev  0x000012b7      0x254 .\CortexM3\ARM_GCC_541\Debug\UART_FSKTx.a(CyLib.o)
 .debug_abbrev  0x0000150b      0x1ab .\CortexM3\ARM_GCC_541\Debug\UART_FSKTx.a(cyPm.o)
 .debug_abbrev  0x000016b6       0x14 .\CortexM3\ARM_GCC_541\Debug\UART_FSKTx.a(CyBootAsmGnu.o)
 .debug_abbrev  0x000016ca      0x121 .\CortexM3\ARM_GCC_541\Debug\UART_FSKTx.a(CyScBoostClk.o)
 .debug_abbrev  0x000017eb      0x198 .\CortexM3\ARM_GCC_541\Debug\UART_FSKTx.a(CyFlash.o)
 .debug_abbrev  0x00001983      0x194 .\CortexM3\ARM_GCC_541\Debug\UART_FSKTx.a(CySpc.o)

.debug_line     0x00000000     0x2a95
 *(.debug_line)
 .debug_line    0x00000000      0x342 .\CortexM3\ARM_GCC_541\Debug\main.o
 .debug_line    0x00000342      0x1e3 .\CortexM3\ARM_GCC_541\Debug\cyfitter_cfg.o
 .debug_line    0x00000525      0x141 .\CortexM3\ARM_GCC_541\Debug\cymetadata.o
 .debug_line    0x00000666      0x234 .\CortexM3\ARM_GCC_541\Debug\Cm3Start.o
 .debug_line    0x0000089a      0x2bc .\CortexM3\ARM_GCC_541\Debug\UART_FSKTx.a(UART.o)
 .debug_line    0x00000b56      0x18d .\CortexM3\ARM_GCC_541\Debug\UART_FSKTx.a(PWM_Modulator.o)
 .debug_line    0x00000ce3      0x1dc .\CortexM3\ARM_GCC_541\Debug\UART_FSKTx.a(LCD.o)
 .debug_line    0x00000ebf      0x17b .\CortexM3\ARM_GCC_541\Debug\UART_FSKTx.a(PWM_Switch_Timer.o)
 .debug_line    0x0000103a      0x134 .\CortexM3\ARM_GCC_541\Debug\UART_FSKTx.a(isr_sec.o)
 .debug_line    0x0000116e       0x98 .\CortexM3\ARM_GCC_541\Debug\UART_FSKTx.a(HighVoltage.o)
 .debug_line    0x00001206      0x188 .\CortexM3\ARM_GCC_541\Debug\UART_FSKTx.a(PWM_1.o)
 .debug_line    0x0000138e      0x188 .\CortexM3\ARM_GCC_541\Debug\UART_FSKTx.a(PWM_2.o)
 .debug_line    0x00001516      0x188 .\CortexM3\ARM_GCC_541\Debug\UART_FSKTx.a(PWM_3.o)
 .debug_line    0x0000169e       0x97 .\CortexM3\ARM_GCC_541\Debug\UART_FSKTx.a(SignalBase.o)
 .debug_line    0x00001735      0x17c .\CortexM3\ARM_GCC_541\Debug\UART_FSKTx.a(UART_IntClock.o)
 .debug_line    0x000018b1      0x854 .\CortexM3\ARM_GCC_541\Debug\UART_FSKTx.a(CyLib.o)
 .debug_line    0x00002105      0x367 .\CortexM3\ARM_GCC_541\Debug\UART_FSKTx.a(cyPm.o)
 .debug_line    0x0000246c       0x66 .\CortexM3\ARM_GCC_541\Debug\UART_FSKTx.a(CyBootAsmGnu.o)
 .debug_line    0x000024d2      0x19e .\CortexM3\ARM_GCC_541\Debug\UART_FSKTx.a(CyScBoostClk.o)
 .debug_line    0x00002670      0x1e9 .\CortexM3\ARM_GCC_541\Debug\UART_FSKTx.a(CyFlash.o)
 .debug_line    0x00002859      0x23c .\CortexM3\ARM_GCC_541\Debug\UART_FSKTx.a(CySpc.o)

.debug_frame    0x00000000     0x1fd8
 *(.debug_frame)
 .debug_frame   0x00000000       0x88 .\CortexM3\ARM_GCC_541\Debug\main.o
 .debug_frame   0x00000088       0xe4 .\CortexM3\ARM_GCC_541\Debug\cyfitter_cfg.o
 .debug_frame   0x0000016c       0xb8 .\CortexM3\ARM_GCC_541\Debug\Cm3Start.o
 .debug_frame   0x00000224      0x250 .\CortexM3\ARM_GCC_541\Debug\UART_FSKTx.a(UART.o)
 .debug_frame   0x00000474      0x134 .\CortexM3\ARM_GCC_541\Debug\UART_FSKTx.a(PWM_Modulator.o)
 .debug_frame   0x000005a8      0x1e8 .\CortexM3\ARM_GCC_541\Debug\UART_FSKTx.a(LCD.o)
 .debug_frame   0x00000790      0x124 .\CortexM3\ARM_GCC_541\Debug\UART_FSKTx.a(PWM_Switch_Timer.o)
 .debug_frame   0x000008b4      0x104 .\CortexM3\ARM_GCC_541\Debug\UART_FSKTx.a(isr_sec.o)
 .debug_frame   0x000009b8       0x50 .\CortexM3\ARM_GCC_541\Debug\UART_FSKTx.a(HighVoltage.o)
 .debug_frame   0x00000a08      0x134 .\CortexM3\ARM_GCC_541\Debug\UART_FSKTx.a(PWM_1.o)
 .debug_frame   0x00000b3c      0x134 .\CortexM3\ARM_GCC_541\Debug\UART_FSKTx.a(PWM_2.o)
 .debug_frame   0x00000c70      0x134 .\CortexM3\ARM_GCC_541\Debug\UART_FSKTx.a(PWM_3.o)
 .debug_frame   0x00000da4       0x50 .\CortexM3\ARM_GCC_541\Debug\UART_FSKTx.a(SignalBase.o)
 .debug_frame   0x00000df4       0xe0 .\CortexM3\ARM_GCC_541\Debug\UART_FSKTx.a(UART_IntClock.o)
 .debug_frame   0x00000ed4      0x754 .\CortexM3\ARM_GCC_541\Debug\UART_FSKTx.a(CyLib.o)
 .debug_frame   0x00001628      0x1f8 .\CortexM3\ARM_GCC_541\Debug\UART_FSKTx.a(cyPm.o)
 .debug_frame   0x00001820      0x100 .\CortexM3\ARM_GCC_541\Debug\UART_FSKTx.a(CyScBoostClk.o)
 .debug_frame   0x00001920      0x174 .\CortexM3\ARM_GCC_541\Debug\UART_FSKTx.a(CyFlash.o)
 .debug_frame   0x00001a94      0x160 .\CortexM3\ARM_GCC_541\Debug\UART_FSKTx.a(CySpc.o)
 .debug_frame   0x00001bf4       0x20 c:/program files (x86)/cypress/psoc creator/4.1/psoc creator/import/gnu/arm/5.4.1/bin/../lib/gcc/arm-none-eabi/5.4.1/../../../../arm-none-eabi/lib/armv7-m\libg_nano.a(lib_a-errno.o)
 .debug_frame   0x00001c14       0x28 c:/program files (x86)/cypress/psoc creator/4.1/psoc creator/import/gnu/arm/5.4.1/bin/../lib/gcc/arm-none-eabi/5.4.1/../../../../arm-none-eabi/lib/armv7-m\libg_nano.a(lib_a-exit.o)
 .debug_frame   0x00001c3c       0x2c c:/program files (x86)/cypress/psoc creator/4.1/psoc creator/import/gnu/arm/5.4.1/bin/../lib/gcc/arm-none-eabi/5.4.1/../../../../arm-none-eabi/lib/armv7-m\libg_nano.a(lib_a-init.o)
 .debug_frame   0x00001c68       0x28 c:/program files (x86)/cypress/psoc creator/4.1/psoc creator/import/gnu/arm/5.4.1/bin/../lib/gcc/arm-none-eabi/5.4.1/../../../../arm-none-eabi/lib/armv7-m\libg_nano.a(lib_a-memcpy-stub.o)
 .debug_frame   0x00001c90       0x20 c:/program files (x86)/cypress/psoc creator/4.1/psoc creator/import/gnu/arm/5.4.1/bin/../lib/gcc/arm-none-eabi/5.4.1/../../../../arm-none-eabi/lib/armv7-m\libg_nano.a(lib_a-memset.o)
 .debug_frame   0x00001cb0       0x70 c:/program files (x86)/cypress/psoc creator/4.1/psoc creator/import/gnu/arm/5.4.1/bin/../lib/gcc/arm-none-eabi/5.4.1/../../../../arm-none-eabi/lib/armv7-m\libg_nano.a(lib_a-sprintf.o)
 .debug_frame   0x00001d20       0x90 c:/program files (x86)/cypress/psoc creator/4.1/psoc creator/import/gnu/arm/5.4.1/bin/../lib/gcc/arm-none-eabi/5.4.1/../../../../arm-none-eabi/lib/armv7-m\libg_nano.a(lib_a-nano-svfprintf.o)
 .debug_frame   0x00001db0       0x60 c:/program files (x86)/cypress/psoc creator/4.1/psoc creator/import/gnu/arm/5.4.1/bin/../lib/gcc/arm-none-eabi/5.4.1/../../../../arm-none-eabi/lib/armv7-m\libg_nano.a(lib_a-nano-vfprintf_i.o)
 .debug_frame   0x00001e10       0x28 c:/program files (x86)/cypress/psoc creator/4.1/psoc creator/import/gnu/arm/5.4.1/bin/../lib/gcc/arm-none-eabi/5.4.1/../../../../arm-none-eabi/lib/armv7-m\libg_nano.a(lib_a-memchr-stub.o)
 .debug_frame   0x00001e38       0x28 c:/program files (x86)/cypress/psoc creator/4.1/psoc creator/import/gnu/arm/5.4.1/bin/../lib/gcc/arm-none-eabi/5.4.1/../../../../arm-none-eabi/lib/armv7-m\libg_nano.a(lib_a-memmove.o)
 .debug_frame   0x00001e60       0x38 c:/program files (x86)/cypress/psoc creator/4.1/psoc creator/import/gnu/arm/5.4.1/bin/../lib/gcc/arm-none-eabi/5.4.1/../../../../arm-none-eabi/lib/armv7-m\libg_nano.a(lib_a-nano-freer.o)
 .debug_frame   0x00001e98       0x2c c:/program files (x86)/cypress/psoc creator/4.1/psoc creator/import/gnu/arm/5.4.1/bin/../lib/gcc/arm-none-eabi/5.4.1/../../../../arm-none-eabi/lib/armv7-m\libg_nano.a(lib_a-nano-mallocr.o)
 .debug_frame   0x00001ec4       0x3c c:/program files (x86)/cypress/psoc creator/4.1/psoc creator/import/gnu/arm/5.4.1/bin/../lib/gcc/arm-none-eabi/5.4.1/../../../../arm-none-eabi/lib/armv7-m\libg_nano.a(lib_a-nano-reallocr.o)
 .debug_frame   0x00001f00       0x2c c:/program files (x86)/cypress/psoc creator/4.1/psoc creator/import/gnu/arm/5.4.1/bin/../lib/gcc/arm-none-eabi/5.4.1/../../../../arm-none-eabi/lib/armv7-m\libg_nano.a(lib_a-sbrkr.o)
 .debug_frame   0x00001f2c       0x30 c:/program files (x86)/cypress/psoc creator/4.1/psoc creator/import/gnu/arm/5.4.1/bin/../lib/gcc/arm-none-eabi/5.4.1/../../../../arm-none-eabi/lib/armv7-m\libg_nano.a(lib_a-mlock.o)
 .debug_frame   0x00001f5c       0x20 c:/program files (x86)/cypress/psoc creator/4.1/psoc creator/import/gnu/arm/5.4.1/bin/../lib/gcc/arm-none-eabi/5.4.1/../../../../arm-none-eabi/lib/armv7-m\libg_nano.a(lib_a-nano-msizer.o)
 .debug_frame   0x00001f7c       0x5c c:/program files (x86)/cypress/psoc creator/4.1/psoc creator/import/gnu/arm/5.4.1/bin/../lib/gcc/arm-none-eabi/5.4.1/../../../../arm-none-eabi/lib/armv7-m\libg_nano.a(lib_a-reent.o)

.debug_str      0x00000000     0x251f
 *(.debug_str)
 .debug_str     0x00000000      0x3eb .\CortexM3\ARM_GCC_541\Debug\main.o
                                0x449 (size before relaxing)
 .debug_str     0x000003eb      0x169 .\CortexM3\ARM_GCC_541\Debug\cyfitter_cfg.o
                                0x30f (size before relaxing)
 .debug_str     0x00000554       0x7f .\CortexM3\ARM_GCC_541\Debug\cymetadata.o
                                0x1e4 (size before relaxing)
 .debug_str     0x000005d3      0x144 .\CortexM3\ARM_GCC_541\Debug\Cm3Start.o
                                0x30a (size before relaxing)
 .debug_str     0x00000717      0x2ba .\CortexM3\ARM_GCC_541\Debug\UART_FSKTx.a(UART.o)
                                0x475 (size before relaxing)
 .debug_str     0x000009d1      0x1d2 .\CortexM3\ARM_GCC_541\Debug\UART_FSKTx.a(PWM_Modulator.o)
                                0x3e9 (size before relaxing)
 .debug_str     0x00000ba3      0x14d .\CortexM3\ARM_GCC_541\Debug\UART_FSKTx.a(LCD.o)
                                0x32b (size before relaxing)
 .debug_str     0x00000cf0      0x1ef .\CortexM3\ARM_GCC_541\Debug\UART_FSKTx.a(PWM_Switch_Timer.o)
                                0x401 (size before relaxing)
 .debug_str     0x00000edf      0x10a .\CortexM3\ARM_GCC_541\Debug\UART_FSKTx.a(isr_sec.o)
                                0x2c2 (size before relaxing)
 .debug_str     0x00000fe9       0x77 .\CortexM3\ARM_GCC_541\Debug\UART_FSKTx.a(HighVoltage.o)
                                0x200 (size before relaxing)
 .debug_str     0x00001060      0x134 .\CortexM3\ARM_GCC_541\Debug\UART_FSKTx.a(PWM_1.o)
                                0x35e (size before relaxing)
 .debug_str     0x00001194      0x134 .\CortexM3\ARM_GCC_541\Debug\UART_FSKTx.a(PWM_2.o)
                                0x35e (size before relaxing)
 .debug_str     0x000012c8      0x134 .\CortexM3\ARM_GCC_541\Debug\UART_FSKTx.a(PWM_3.o)
                                0x35e (size before relaxing)
 .debug_str     0x000013fc       0x63 .\CortexM3\ARM_GCC_541\Debug\UART_FSKTx.a(SignalBase.o)
                                0x1fb (size before relaxing)
 .debug_str     0x0000145f      0x183 .\CortexM3\ARM_GCC_541\Debug\UART_FSKTx.a(UART_IntClock.o)
                                0x336 (size before relaxing)
 .debug_str     0x000015e2      0x81d .\CortexM3\ARM_GCC_541\Debug\UART_FSKTx.a(CyLib.o)
                                0xa90 (size before relaxing)
 .debug_str     0x00001dff      0x365 .\CortexM3\ARM_GCC_541\Debug\UART_FSKTx.a(cyPm.o)
                                0x733 (size before relaxing)
 .debug_str     0x00002164      0x173 .\CortexM3\ARM_GCC_541\Debug\UART_FSKTx.a(CyScBoostClk.o)
                                0x36f (size before relaxing)
 .debug_str     0x000022d7      0x19c .\CortexM3\ARM_GCC_541\Debug\UART_FSKTx.a(CyFlash.o)
                                0x3a1 (size before relaxing)
 .debug_str     0x00002473       0xac .\CortexM3\ARM_GCC_541\Debug\UART_FSKTx.a(CySpc.o)
                                0x32a (size before relaxing)

.debug_loc      0x00000000     0x2401
 *(.debug_loc)
 .debug_loc     0x00000000      0x160 .\CortexM3\ARM_GCC_541\Debug\main.o
 .debug_loc     0x00000160      0x1d7 .\CortexM3\ARM_GCC_541\Debug\cyfitter_cfg.o
 .debug_loc     0x00000337      0x144 .\CortexM3\ARM_GCC_541\Debug\Cm3Start.o
 .debug_loc     0x0000047b      0x258 .\CortexM3\ARM_GCC_541\Debug\UART_FSKTx.a(UART.o)
 .debug_loc     0x000006d3       0x26 .\CortexM3\ARM_GCC_541\Debug\UART_FSKTx.a(PWM_Modulator.o)
 .debug_loc     0x000006f9      0x3c6 .\CortexM3\ARM_GCC_541\Debug\UART_FSKTx.a(LCD.o)
 .debug_loc     0x00000abf       0x13 .\CortexM3\ARM_GCC_541\Debug\UART_FSKTx.a(PWM_Switch_Timer.o)
 .debug_loc     0x00000ad2       0x56 .\CortexM3\ARM_GCC_541\Debug\UART_FSKTx.a(isr_sec.o)
 .debug_loc     0x00000b28       0x42 .\CortexM3\ARM_GCC_541\Debug\UART_FSKTx.a(HighVoltage.o)
 .debug_loc     0x00000b6a       0x26 .\CortexM3\ARM_GCC_541\Debug\UART_FSKTx.a(PWM_1.o)
 .debug_loc     0x00000b90       0x26 .\CortexM3\ARM_GCC_541\Debug\UART_FSKTx.a(PWM_2.o)
 .debug_loc     0x00000bb6       0x26 .\CortexM3\ARM_GCC_541\Debug\UART_FSKTx.a(PWM_3.o)
 .debug_loc     0x00000bdc       0x42 .\CortexM3\ARM_GCC_541\Debug\UART_FSKTx.a(SignalBase.o)
 .debug_loc     0x00000c1e      0x128 .\CortexM3\ARM_GCC_541\Debug\UART_FSKTx.a(UART_IntClock.o)
 .debug_loc     0x00000d46      0xa4b .\CortexM3\ARM_GCC_541\Debug\UART_FSKTx.a(CyLib.o)
 .debug_loc     0x00001791      0x1e4 .\CortexM3\ARM_GCC_541\Debug\UART_FSKTx.a(cyPm.o)
 .debug_loc     0x00001975      0x14d .\CortexM3\ARM_GCC_541\Debug\UART_FSKTx.a(CyScBoostClk.o)
 .debug_loc     0x00001ac2      0x2f2 .\CortexM3\ARM_GCC_541\Debug\UART_FSKTx.a(CyFlash.o)
 .debug_loc     0x00001db4      0x64d .\CortexM3\ARM_GCC_541\Debug\UART_FSKTx.a(CySpc.o)

.debug_macinfo
 *(.debug_macinfo)

.debug_ranges   0x00000000      0xa40
 *(.debug_ranges)
 .debug_ranges  0x00000000       0x30 .\CortexM3\ARM_GCC_541\Debug\main.o
 .debug_ranges  0x00000030       0x48 .\CortexM3\ARM_GCC_541\Debug\cyfitter_cfg.o
 .debug_ranges  0x00000078       0x38 .\CortexM3\ARM_GCC_541\Debug\Cm3Start.o
 .debug_ranges  0x000000b0       0xe0 .\CortexM3\ARM_GCC_541\Debug\UART_FSKTx.a(UART.o)
 .debug_ranges  0x00000190       0x88 .\CortexM3\ARM_GCC_541\Debug\UART_FSKTx.a(PWM_Modulator.o)
 .debug_ranges  0x00000218       0x88 .\CortexM3\ARM_GCC_541\Debug\UART_FSKTx.a(LCD.o)
 .debug_ranges  0x000002a0       0x80 .\CortexM3\ARM_GCC_541\Debug\UART_FSKTx.a(PWM_Switch_Timer.o)
 .debug_ranges  0x00000320       0x70 .\CortexM3\ARM_GCC_541\Debug\UART_FSKTx.a(isr_sec.o)
 .debug_ranges  0x00000390       0x28 .\CortexM3\ARM_GCC_541\Debug\UART_FSKTx.a(HighVoltage.o)
 .debug_ranges  0x000003b8       0x88 .\CortexM3\ARM_GCC_541\Debug\UART_FSKTx.a(PWM_1.o)
 .debug_ranges  0x00000440       0x88 .\CortexM3\ARM_GCC_541\Debug\UART_FSKTx.a(PWM_2.o)
 .debug_ranges  0x000004c8       0x88 .\CortexM3\ARM_GCC_541\Debug\UART_FSKTx.a(PWM_3.o)
 .debug_ranges  0x00000550       0x28 .\CortexM3\ARM_GCC_541\Debug\UART_FSKTx.a(SignalBase.o)
 .debug_ranges  0x00000578       0x60 .\CortexM3\ARM_GCC_541\Debug\UART_FSKTx.a(UART_IntClock.o)
 .debug_ranges  0x000005d8      0x298 .\CortexM3\ARM_GCC_541\Debug\UART_FSKTx.a(CyLib.o)
 .debug_ranges  0x00000870       0x88 .\CortexM3\ARM_GCC_541\Debug\UART_FSKTx.a(cyPm.o)
 .debug_ranges  0x000008f8       0x70 .\CortexM3\ARM_GCC_541\Debug\UART_FSKTx.a(CyScBoostClk.o)
 .debug_ranges  0x00000968       0x70 .\CortexM3\ARM_GCC_541\Debug\UART_FSKTx.a(CyFlash.o)
 .debug_ranges  0x000009d8       0x68 .\CortexM3\ARM_GCC_541\Debug\UART_FSKTx.a(CySpc.o)

.comment        0x00000000       0x6e
 .comment       0x00000000       0x6e .\CortexM3\ARM_GCC_541\Debug\main.o
                                 0x6f (size before relaxing)
 .comment       0x0000006e       0x6f .\CortexM3\ARM_GCC_541\Debug\cyfitter_cfg.o
 .comment       0x0000006e       0x6f .\CortexM3\ARM_GCC_541\Debug\cymetadata.o
 .comment       0x0000006e       0x6f .\CortexM3\ARM_GCC_541\Debug\Cm3Start.o
 .comment       0x0000006e       0x6f .\CortexM3\ARM_GCC_541\Debug\UART_FSKTx.a(UART.o)
 .comment       0x0000006e       0x6f .\CortexM3\ARM_GCC_541\Debug\UART_FSKTx.a(PWM_Modulator.o)
 .comment       0x0000006e       0x6f .\CortexM3\ARM_GCC_541\Debug\UART_FSKTx.a(LCD.o)
 .comment       0x0000006e       0x6f .\CortexM3\ARM_GCC_541\Debug\UART_FSKTx.a(PWM_Switch_Timer.o)
 .comment       0x0000006e       0x6f .\CortexM3\ARM_GCC_541\Debug\UART_FSKTx.a(isr_sec.o)
 .comment       0x0000006e       0x6f .\CortexM3\ARM_GCC_541\Debug\UART_FSKTx.a(HighVoltage.o)
 .comment       0x0000006e       0x6f .\CortexM3\ARM_GCC_541\Debug\UART_FSKTx.a(PWM_1.o)
 .comment       0x0000006e       0x6f .\CortexM3\ARM_GCC_541\Debug\UART_FSKTx.a(PWM_2.o)
 .comment       0x0000006e       0x6f .\CortexM3\ARM_GCC_541\Debug\UART_FSKTx.a(PWM_3.o)
 .comment       0x0000006e       0x6f .\CortexM3\ARM_GCC_541\Debug\UART_FSKTx.a(SignalBase.o)
 .comment       0x0000006e       0x6f .\CortexM3\ARM_GCC_541\Debug\UART_FSKTx.a(UART_IntClock.o)
 .comment       0x0000006e       0x6f .\CortexM3\ARM_GCC_541\Debug\UART_FSKTx.a(CyLib.o)
 .comment       0x0000006e       0x6f .\CortexM3\ARM_GCC_541\Debug\UART_FSKTx.a(cyPm.o)
 .comment       0x0000006e       0x6f .\CortexM3\ARM_GCC_541\Debug\UART_FSKTx.a(CyScBoostClk.o)
 .comment       0x0000006e       0x6f .\CortexM3\ARM_GCC_541\Debug\UART_FSKTx.a(CyFlash.o)
 .comment       0x0000006e       0x6f .\CortexM3\ARM_GCC_541\Debug\UART_FSKTx.a(CySpc.o)

.debug_weaknames
 *(.debug_weaknames)

.debug_funcnames
 *(.debug_funcnames)

.debug_typenames
 *(.debug_typenames)

.debug_varnames
 *(.debug_varnames)

.note.gnu.arm.ident
 *(.note.gnu.arm.ident)

.ARM.attributes
                0x00000000       0x29
 *(.ARM.attributes)
 .ARM.attributes
                0x00000000       0x1d c:/program files (x86)/cypress/psoc creator/4.1/psoc creator/import/gnu/arm/5.4.1/bin/../lib/gcc/arm-none-eabi/5.4.1/armv7-m/crti.o
 .ARM.attributes
                0x0000001d       0x2d c:/program files (x86)/cypress/psoc creator/4.1/psoc creator/import/gnu/arm/5.4.1/bin/../lib/gcc/arm-none-eabi/5.4.1/armv7-m/crtbegin.o
 .ARM.attributes
                0x0000004a       0x1b c:/program files (x86)/cypress/psoc creator/4.1/psoc creator/import/gnu/arm/5.4.1/bin/../lib/gcc/arm-none-eabi/5.4.1/../../../../arm-none-eabi/lib/armv7-m/crt0.o
 .ARM.attributes
                0x00000065       0x33 .\CortexM3\ARM_GCC_541\Debug\main.o
 .ARM.attributes
                0x00000098       0x33 .\CortexM3\ARM_GCC_541\Debug\cyfitter_cfg.o
 .ARM.attributes
                0x000000cb       0x33 .\CortexM3\ARM_GCC_541\Debug\cymetadata.o
 .ARM.attributes
                0x000000fe       0x33 .\CortexM3\ARM_GCC_541\Debug\Cm3Start.o
 .ARM.attributes
                0x00000131       0x33 .\CortexM3\ARM_GCC_541\Debug\UART_FSKTx.a(UART.o)
 .ARM.attributes
                0x00000164       0x33 .\CortexM3\ARM_GCC_541\Debug\UART_FSKTx.a(PWM_Modulator.o)
 .ARM.attributes
                0x00000197       0x33 .\CortexM3\ARM_GCC_541\Debug\UART_FSKTx.a(LCD.o)
 .ARM.attributes
                0x000001ca       0x33 .\CortexM3\ARM_GCC_541\Debug\UART_FSKTx.a(PWM_Switch_Timer.o)
 .ARM.attributes
                0x000001fd       0x33 .\CortexM3\ARM_GCC_541\Debug\UART_FSKTx.a(isr_sec.o)
 .ARM.attributes
                0x00000230       0x33 .\CortexM3\ARM_GCC_541\Debug\UART_FSKTx.a(HighVoltage.o)
 .ARM.attributes
                0x00000263       0x33 .\CortexM3\ARM_GCC_541\Debug\UART_FSKTx.a(PWM_1.o)
 .ARM.attributes
                0x00000296       0x33 .\CortexM3\ARM_GCC_541\Debug\UART_FSKTx.a(PWM_2.o)
 .ARM.attributes
                0x000002c9       0x33 .\CortexM3\ARM_GCC_541\Debug\UART_FSKTx.a(PWM_3.o)
 .ARM.attributes
                0x000002fc       0x33 .\CortexM3\ARM_GCC_541\Debug\UART_FSKTx.a(SignalBase.o)
 .ARM.attributes
                0x0000032f       0x33 .\CortexM3\ARM_GCC_541\Debug\UART_FSKTx.a(UART_IntClock.o)
 .ARM.attributes
                0x00000362       0x33 .\CortexM3\ARM_GCC_541\Debug\UART_FSKTx.a(CyLib.o)
 .ARM.attributes
                0x00000395       0x33 .\CortexM3\ARM_GCC_541\Debug\UART_FSKTx.a(cyPm.o)
 .ARM.attributes
                0x000003c8       0x21 .\CortexM3\ARM_GCC_541\Debug\UART_FSKTx.a(CyBootAsmGnu.o)
 .ARM.attributes
                0x000003e9       0x33 .\CortexM3\ARM_GCC_541\Debug\UART_FSKTx.a(CyScBoostClk.o)
 .ARM.attributes
                0x0000041c       0x33 .\CortexM3\ARM_GCC_541\Debug\UART_FSKTx.a(CyFlash.o)
 .ARM.attributes
                0x0000044f       0x33 .\CortexM3\ARM_GCC_541\Debug\UART_FSKTx.a(CySpc.o)
 .ARM.attributes
                0x00000482       0x2d c:/program files (x86)/cypress/psoc creator/4.1/psoc creator/import/gnu/arm/5.4.1/bin/../lib/gcc/arm-none-eabi/5.4.1/../../../../arm-none-eabi/lib/armv7-m\libg_nano.a(lib_a-errno.o)
 .ARM.attributes
                0x000004af       0x2d c:/program files (x86)/cypress/psoc creator/4.1/psoc creator/import/gnu/arm/5.4.1/bin/../lib/gcc/arm-none-eabi/5.4.1/../../../../arm-none-eabi/lib/armv7-m\libg_nano.a(lib_a-exit.o)
 .ARM.attributes
                0x000004dc       0x2d c:/program files (x86)/cypress/psoc creator/4.1/psoc creator/import/gnu/arm/5.4.1/bin/../lib/gcc/arm-none-eabi/5.4.1/../../../../arm-none-eabi/lib/armv7-m\libg_nano.a(lib_a-impure.o)
 .ARM.attributes
                0x00000509       0x2d c:/program files (x86)/cypress/psoc creator/4.1/psoc creator/import/gnu/arm/5.4.1/bin/../lib/gcc/arm-none-eabi/5.4.1/../../../../arm-none-eabi/lib/armv7-m\libg_nano.a(lib_a-init.o)
 .ARM.attributes
                0x00000536       0x2d c:/program files (x86)/cypress/psoc creator/4.1/psoc creator/import/gnu/arm/5.4.1/bin/../lib/gcc/arm-none-eabi/5.4.1/../../../../arm-none-eabi/lib/armv7-m\libg_nano.a(lib_a-memcpy-stub.o)
 .ARM.attributes
                0x00000563       0x2d c:/program files (x86)/cypress/psoc creator/4.1/psoc creator/import/gnu/arm/5.4.1/bin/../lib/gcc/arm-none-eabi/5.4.1/../../../../arm-none-eabi/lib/armv7-m\libg_nano.a(lib_a-memset.o)
 .ARM.attributes
                0x00000590       0x2d c:/program files (x86)/cypress/psoc creator/4.1/psoc creator/import/gnu/arm/5.4.1/bin/../lib/gcc/arm-none-eabi/5.4.1/../../../../arm-none-eabi/lib/armv7-m\libg_nano.a(lib_a-sprintf.o)
 .ARM.attributes
                0x000005bd       0x2d c:/program files (x86)/cypress/psoc creator/4.1/psoc creator/import/gnu/arm/5.4.1/bin/../lib/gcc/arm-none-eabi/5.4.1/../../../../arm-none-eabi/lib/armv7-m\libg_nano.a(lib_a-nano-svfprintf.o)
 .ARM.attributes
                0x000005ea       0x2d c:/program files (x86)/cypress/psoc creator/4.1/psoc creator/import/gnu/arm/5.4.1/bin/../lib/gcc/arm-none-eabi/5.4.1/../../../../arm-none-eabi/lib/armv7-m\libg_nano.a(lib_a-nano-vfprintf_i.o)
 .ARM.attributes
                0x00000617       0x2d c:/program files (x86)/cypress/psoc creator/4.1/psoc creator/import/gnu/arm/5.4.1/bin/../lib/gcc/arm-none-eabi/5.4.1/../../../../arm-none-eabi/lib/armv7-m\libg_nano.a(lib_a-memchr-stub.o)
 .ARM.attributes
                0x00000644       0x2d c:/program files (x86)/cypress/psoc creator/4.1/psoc creator/import/gnu/arm/5.4.1/bin/../lib/gcc/arm-none-eabi/5.4.1/../../../../arm-none-eabi/lib/armv7-m\libg_nano.a(lib_a-memmove.o)
 .ARM.attributes
                0x00000671       0x2d c:/program files (x86)/cypress/psoc creator/4.1/psoc creator/import/gnu/arm/5.4.1/bin/../lib/gcc/arm-none-eabi/5.4.1/../../../../arm-none-eabi/lib/armv7-m\libg_nano.a(lib_a-nano-freer.o)
 .ARM.attributes
                0x0000069e       0x2d c:/program files (x86)/cypress/psoc creator/4.1/psoc creator/import/gnu/arm/5.4.1/bin/../lib/gcc/arm-none-eabi/5.4.1/../../../../arm-none-eabi/lib/armv7-m\libg_nano.a(lib_a-nano-mallocr.o)
 .ARM.attributes
                0x000006cb       0x2d c:/program files (x86)/cypress/psoc creator/4.1/psoc creator/import/gnu/arm/5.4.1/bin/../lib/gcc/arm-none-eabi/5.4.1/../../../../arm-none-eabi/lib/armv7-m\libg_nano.a(lib_a-nano-reallocr.o)
 .ARM.attributes
                0x000006f8       0x2d c:/program files (x86)/cypress/psoc creator/4.1/psoc creator/import/gnu/arm/5.4.1/bin/../lib/gcc/arm-none-eabi/5.4.1/../../../../arm-none-eabi/lib/armv7-m\libg_nano.a(lib_a-sbrkr.o)
 .ARM.attributes
                0x00000725       0x2d c:/program files (x86)/cypress/psoc creator/4.1/psoc creator/import/gnu/arm/5.4.1/bin/../lib/gcc/arm-none-eabi/5.4.1/../../../../arm-none-eabi/lib/armv7-m\libg_nano.a(lib_a-mlock.o)
 .ARM.attributes
                0x00000752       0x2d c:/program files (x86)/cypress/psoc creator/4.1/psoc creator/import/gnu/arm/5.4.1/bin/../lib/gcc/arm-none-eabi/5.4.1/../../../../arm-none-eabi/lib/armv7-m\libg_nano.a(lib_a-nano-msizer.o)
 .ARM.attributes
                0x0000077f       0x2d c:/program files (x86)/cypress/psoc creator/4.1/psoc creator/import/gnu/arm/5.4.1/bin/../lib/gcc/arm-none-eabi/5.4.1/../../../../arm-none-eabi/lib/armv7-m\libg_nano.a(lib_a-reent.o)
 .ARM.attributes
                0x000007ac       0x2d c:/program files (x86)/cypress/psoc creator/4.1/psoc creator/import/gnu/arm/5.4.1/bin/../lib/gcc/arm-none-eabi/5.4.1/armv7-m/crtend.o
 .ARM.attributes
                0x000007d9       0x1d c:/program files (x86)/cypress/psoc creator/4.1/psoc creator/import/gnu/arm/5.4.1/bin/../lib/gcc/arm-none-eabi/5.4.1/armv7-m/crtn.o

/DISCARD/
 *(.note.GNU-stack)
OUTPUT(C:\Users\sdysart\Documents\UACS\UACS\HighFreqFSK\UART_FSKTx.cydsn\CortexM3\ARM_GCC_541\Debug\UART_FSKTx.elf elf32-littlearm)
