Archive member included to satisfy reference by file (symbol)

.\CortexM3\ARM_GCC_541\Debug\UART_FSKTx.a(UART.o)
                              .\CortexM3\ARM_GCC_541\Debug\main.o (UART_Start)
.\CortexM3\ARM_GCC_541\Debug\UART_FSKTx.a(PWM_Modulator.o)
                              .\CortexM3\ARM_GCC_541\Debug\main.o (PWM_Modulator_Stop)
.\CortexM3\ARM_GCC_541\Debug\UART_FSKTx.a(PWM_Modulator_PM.o)
                              .\CortexM3\ARM_GCC_541\Debug\main.o (PWM_Modulator_Sleep)
.\CortexM3\ARM_GCC_541\Debug\UART_FSKTx.a(LCD.o)
                              .\CortexM3\ARM_GCC_541\Debug\main.o (LCD_PrintString)
.\CortexM3\ARM_GCC_541\Debug\UART_FSKTx.a(LCD_PM.o)
                              .\CortexM3\ARM_GCC_541\Debug\main.o (LCD_Sleep)
.\CortexM3\ARM_GCC_541\Debug\UART_FSKTx.a(PWM_Switch_Timer.o)
                              .\CortexM3\ARM_GCC_541\Debug\main.o (PWM_Switch_Timer_Stop)
.\CortexM3\ARM_GCC_541\Debug\UART_FSKTx.a(PWM_Switch_Timer_PM.o)
                              .\CortexM3\ARM_GCC_541\Debug\main.o (PWM_Switch_Timer_Sleep)
.\CortexM3\ARM_GCC_541\Debug\UART_FSKTx.a(isr_sec.o)
                              .\CortexM3\ARM_GCC_541\Debug\main.o (isr_sec_StartEx)
.\CortexM3\ARM_GCC_541\Debug\UART_FSKTx.a(HighVoltage.o)
                              .\CortexM3\ARM_GCC_541\Debug\main.o (HighVoltage_Write)
.\CortexM3\ARM_GCC_541\Debug\UART_FSKTx.a(PWM_1.o)
                              .\CortexM3\ARM_GCC_541\Debug\main.o (PWM_1_WritePeriod)
.\CortexM3\ARM_GCC_541\Debug\UART_FSKTx.a(PWM_1_PM.o)
                              .\CortexM3\ARM_GCC_541\Debug\main.o (PWM_1_Sleep)
.\CortexM3\ARM_GCC_541\Debug\UART_FSKTx.a(PWM_2.o)
                              .\CortexM3\ARM_GCC_541\Debug\main.o (PWM_2_WritePeriod)
.\CortexM3\ARM_GCC_541\Debug\UART_FSKTx.a(PWM_2_PM.o)
                              .\CortexM3\ARM_GCC_541\Debug\main.o (PWM_2_Sleep)
.\CortexM3\ARM_GCC_541\Debug\UART_FSKTx.a(PWM_3.o)
                              .\CortexM3\ARM_GCC_541\Debug\main.o (PWM_3_WritePeriod)
.\CortexM3\ARM_GCC_541\Debug\UART_FSKTx.a(PWM_3_PM.o)
                              .\CortexM3\ARM_GCC_541\Debug\main.o (PWM_3_Sleep)
.\CortexM3\ARM_GCC_541\Debug\UART_FSKTx.a(SignalBase.o)
                              .\CortexM3\ARM_GCC_541\Debug\main.o (SignalBase_Write)
.\CortexM3\ARM_GCC_541\Debug\UART_FSKTx.a(UART_IntClock.o)
                              .\CortexM3\ARM_GCC_541\Debug\UART_FSKTx.a(UART.o) (UART_IntClock_Start)
.\CortexM3\ARM_GCC_541\Debug\UART_FSKTx.a(CyLib.o)
                              .\CortexM3\ARM_GCC_541\Debug\Cm3Start.o (CyHalt)
.\CortexM3\ARM_GCC_541\Debug\UART_FSKTx.a(cyPm.o)
                              .\CortexM3\ARM_GCC_541\Debug\main.o (CyPmSaveClocks)
.\CortexM3\ARM_GCC_541\Debug\UART_FSKTx.a(checkWatchDogTimer.o)
                              .\CortexM3\ARM_GCC_541\Debug\main.o (checkWatchDogTimer_Start)
.\CortexM3\ARM_GCC_541\Debug\UART_FSKTx.a(checkWatchDogTimer_PM.o)
                              .\CortexM3\ARM_GCC_541\Debug\main.o (checkWatchDogTimer_Sleep)
.\CortexM3\ARM_GCC_541\Debug\UART_FSKTx.a(watchDogCheck.o)
                              .\CortexM3\ARM_GCC_541\Debug\main.o (watchDogCheck_StartEx)
.\CortexM3\ARM_GCC_541\Debug\UART_FSKTx.a(SleepTimer.o)
                              .\CortexM3\ARM_GCC_541\Debug\main.o (SleepTimer_GetStatus)
.\CortexM3\ARM_GCC_541\Debug\UART_FSKTx.a(Sleep_ISR.o)
                              .\CortexM3\ARM_GCC_541\Debug\main.o (Sleep_ISR_StartEx)
.\CortexM3\ARM_GCC_541\Debug\UART_FSKTx.a(CyBootAsmGnu.o)
                              .\CortexM3\ARM_GCC_541\Debug\cyfitter_cfg.o (CyDelayCycles)
.\CortexM3\ARM_GCC_541\Debug\UART_FSKTx.a(CyScBoostClk.o)
                              .\CortexM3\ARM_GCC_541\Debug\UART_FSKTx.a(CyLib.o) (CyScBoostClk_Start)
.\CortexM3\ARM_GCC_541\Debug\UART_FSKTx.a(CyFlash.o)
                              .\CortexM3\ARM_GCC_541\Debug\UART_FSKTx.a(cyPm.o) (CyFlash_SetWaitCycles)
.\CortexM3\ARM_GCC_541\Debug\UART_FSKTx.a(CySpc.o)
                              .\CortexM3\ARM_GCC_541\Debug\UART_FSKTx.a(CyFlash.o) (CySpcStart)
c:/program files (x86)/cypress/psoc creator/4.1/psoc creator/import/gnu/arm/5.4.1/bin/../lib/gcc/arm-none-eabi/5.4.1/../../../../arm-none-eabi/lib/armv7-m\libg_nano.a(lib_a-errno.o)
                              .\CortexM3\ARM_GCC_541\Debug\Cm3Start.o (__errno)
c:/program files (x86)/cypress/psoc creator/4.1/psoc creator/import/gnu/arm/5.4.1/bin/../lib/gcc/arm-none-eabi/5.4.1/../../../../arm-none-eabi/lib/armv7-m\libg_nano.a(lib_a-exit.o)
                              c:/program files (x86)/cypress/psoc creator/4.1/psoc creator/import/gnu/arm/5.4.1/bin/../lib/gcc/arm-none-eabi/5.4.1/../../../../arm-none-eabi/lib/armv7-m/crt0.o (exit)
c:/program files (x86)/cypress/psoc creator/4.1/psoc creator/import/gnu/arm/5.4.1/bin/../lib/gcc/arm-none-eabi/5.4.1/../../../../arm-none-eabi/lib/armv7-m\libg_nano.a(lib_a-impure.o)
[...]
Memory Configuration

Name             Origin             Length             Attributes
rom              0x00000000         0x00040000         xr
ram              0x1fff8000         0x00010000         xrw
*default*        0x00000000         0xffffffff

Linker script and memory map

LOAD c:/program files (x86)/cypress/psoc creator/4.1/psoc creator/import/gnu/arm/5.4.1/bin/../lib/gcc/arm-none-eabi/5.4.1/armv7-m/crti.o
LOAD c:/program files (x86)/cypress/psoc creator/4.1/psoc creator/import/gnu/arm/5.4.1/bin/../lib/gcc/arm-none-eabi/5.4.1/armv7-m/crtbegin.o
LOAD c:/program files (x86)/cypress/psoc creator/4.1/psoc creator/import/gnu/arm/5.4.1/bin/../lib/gcc/arm-none-eabi/5.4.1/../../../../arm-none-eabi/lib/armv7-m/crt0.o
START GROUP
LOAD .\CortexM3\ARM_GCC_541\Debug\main.o
LOAD .\CortexM3\ARM_GCC_541\Debug\cyfitter_cfg.o
LOAD .\CortexM3\ARM_GCC_541\Debug\cymetadata.o
LOAD .\CortexM3\ARM_GCC_541\Debug\Cm3Start.o
LOAD .\CortexM3\ARM_GCC_541\Debug\UART_FSKTx.a
LOAD C:\Program Files (x86)\Cypress\PSoC Creator\4.1\PSoC Creator\psoc\content\cycomponentlibrary\CyComponentLibrary.cylib\CortexM3\ARM_GCC_541\Debug\CyComponentLibrary.a
END GROUP
START GROUP
LOAD c:/program files (x86)/cypress/psoc creator/4.1/psoc creator/import/gnu/arm/5.4.1/bin/../lib/gcc/arm-none-eabi/5.4.1/armv7-m\libgcc.a
LOAD c:/program files (x86)/cypress/psoc creator/4.1/psoc creator/import/gnu/arm/5.4.1/bin/../lib/gcc/arm-none-eabi/5.4.1/../../../../arm-none-eabi/lib/armv7-m\libg_nano.a
LOAD c:/program files (x86)/cypress/psoc creator/4.1/psoc creator/import/gnu/arm/5.4.1/bin/../lib/gcc/arm-none-eabi/5.4.1/../../../../arm-none-eabi/lib/armv7-m\libc_nano.a
END GROUP
START GROUP
LOAD c:/program files (x86)/cypress/psoc creator/4.1/psoc creator/import/gnu/arm/5.4.1/bin/../lib/gcc/arm-none-eabi/5.4.1/armv7-m\libgcc.a
LOAD c:/program files (x86)/cypress/psoc creator/4.1/psoc creator/import/gnu/arm/5.4.1/bin/../lib/gcc/arm-none-eabi/5.4.1/../../../../arm-none-eabi/lib/armv7-m\libc_nano.a
END GROUP
LOAD c:/program files (x86)/cypress/psoc creator/4.1/psoc creator/import/gnu/arm/5.4.1/bin/../lib/gcc/arm-none-eabi/5.4.1/armv7-m/crtend.o
LOAD c:/program files (x86)/cypress/psoc creator/4.1/psoc creator/import/gnu/arm/5.4.1/bin/../lib/gcc/arm-none-eabi/5.4.1/armv7-m/crtn.o
START GROUP
LOAD c:/program files (x86)/cypress/psoc creator/4.1/psoc creator/import/gnu/arm/5.4.1/bin/../lib/gcc/arm-none-eabi/5.4.1/armv7-m\libgcc.a
LOAD c:/program files (x86)/cypress/psoc creator/4.1/psoc creator/import/gnu/arm/5.4.1/bin/../lib/gcc/arm-none-eabi/5.4.1/../../../../arm-none-eabi/lib/armv7-m\libc.a
LOAD c:/program files (x86)/cypress/psoc creator/4.1/psoc creator/import/gnu/arm/5.4.1/bin/../lib/gcc/arm-none-eabi/5.4.1/../../../../arm-none-eabi/lib/armv7-m\libnosys.a
END GROUP
                0x00000000                CY_APPL_ORIGIN = 0x0
                0x00000100                CY_FLASH_ROW_SIZE = 0x100
                0x00000020                CY_ECC_ROW_SIZE = 0x20
                0x00000000                CY_EE_IN_BTLDR = 0x0
                0x00000000                CY_APPL_LOADABLE = 0x0
                0x00000800                CY_EE_SIZE = 0x800
                0x00000001                CY_APPL_NUM = 0x1
                0x00000001                CY_APPL_MAX = 0x1
                0x00000040                CY_METADATA_SIZE = 0x40
                0x00000000                CY_APPL_LOADABLE = 0x0
                0x00000000                CY_CHECKSUM_EXCLUDE_SIZE = ALIGN (0x0, CY_FLASH_ROW_SIZE)
                [!provide]                PROVIDE (__cy_heap_start, _end)
                0x00000001                PROVIDE (__cy_region_num, ((__cy_regions_end - __cy_regions) / 0x10))
                0x20008000                PROVIDE (__cy_stack, (ORIGIN (ram) + LENGTH (ram)))
                [!provide]                PROVIDE (__cy_heap_end, (__cy_stack - 0x800))

.cybootloader   0x00000000        0x0
 *(.cybootloader)
                0x00000000                appl1_start = CY_APPL_ORIGIN?CY_APPL_ORIGIN:ALIGN (CY_FLASH_ROW_SIZE)
                0x0001ff00                appl2_start = (appl1_start + ALIGN ((((LENGTH (rom) - appl1_start) - (0x2 * CY_FLASH_ROW_SIZE)) / 0x2), CY_FLASH_ROW_SIZE))
                0x00000000                appl_start = (CY_APPL_NUM == 0x1)?appl1_start:appl2_start
                0x00000000                ecc_offset = ((appl_start / CY_FLASH_ROW_SIZE) * CY_ECC_ROW_SIZE)
                0x00000000                ee_offset = (CY_APPL_LOADABLE && ! (CY_EE_IN_BTLDR))?((CY_EE_SIZE / CY_APPL_MAX) * (CY_APPL_NUM - 0x1)):0x0
                0x00000800                ee_size = (CY_APPL_LOADABLE && ! (CY_EE_IN_BTLDR))?(CY_EE_SIZE / CY_APPL_MAX):CY_EE_SIZE
                [!provide]                PROVIDE (CY_ECC_OFFSET, ecc_offset)

.text           0x00000000     0x1980
 CREATE_OBJECT_SYMBOLS
                0x00000000                PROVIDE (__cy_interrupt_vector, RomVectors)
 *(.romvectors)
 .romvectors    0x00000000       0x10 .\CortexM3\ARM_GCC_541\Debug\Cm3Start.o
                0x00000000                RomVectors
                0x00000001                ASSERT ((. != __cy_interrupt_vector), No interrupt vector)
                0x00000001                ASSERT (CY_APPL_ORIGIN?(SIZEOF (.cybootloader) <= CY_APPL_ORIGIN):0x1, Wrong image location)
                0x00000010                PROVIDE (__cy_reset, Reset)
 *(.text.Reset)
 .text.Reset    0x00000010       0x18 .\CortexM3\ARM_GCC_541\Debug\Cm3Start.o
                0x00000010                Reset
                0x00000001                ASSERT ((. != __cy_reset), No reset code)
 *(.dma_init)
                0x00000001                ASSERT ((((appl_start + .) <= 0x10000) || 0x1), DMA Init must be within the first 64k of flash)
 *(.text .text.* .gnu.linkonce.t.*)
 .text          0x00000028       0x5c c:/program files (x86)/cypress/psoc creator/4.1/psoc creator/import/gnu/arm/5.4.1/bin/../lib/gcc/arm-none-eabi/5.4.1/armv7-m/crtbegin.o
 .text.isr_sec  0x00000084       0x38 .\CortexM3\ARM_GCC_541\Debug\main.o
                0x00000084                isr_sec
 .text.watchDogCheck
                0x000000bc        0x8 .\CortexM3\ARM_GCC_541\Debug\main.o
                0x000000bc                watchDogCheck
 .text.wakeUpIsr
                0x000000c4        0x8 .\CortexM3\ARM_GCC_541\Debug\main.o
                0x000000c4                wakeUpIsr
 .text.Byte     0x000000cc       0x44 .\CortexM3\ARM_GCC_541\Debug\main.o
                0x000000cc                Byte
 .text.FindParity
                0x00000110       0x20 .\CortexM3\ARM_GCC_541\Debug\main.o
                0x00000110                FindParity
 .text.main     0x00000130      0x1c8 .\CortexM3\ARM_GCC_541\Debug\main.o
                0x00000130                main
 .text.CyClockStartupError
                0x000002f8        0x4 .\CortexM3\ARM_GCC_541\Debug\cyfitter_cfg.o
 .text.cfg_write_bytes32
                0x000002fc       0x34 .\CortexM3\ARM_GCC_541\Debug\cyfitter_cfg.o
 .text.AnalogSetDefault
                0x00000330       0x28 .\CortexM3\ARM_GCC_541\Debug\cyfitter_cfg.o
 .text.CYMEMZERO
                0x00000358        0xc .\CortexM3\ARM_GCC_541\Debug\cyfitter_cfg.o
 .text.CYCONFIGCPY
                0x00000364        0x8 .\CortexM3\ARM_GCC_541\Debug\cyfitter_cfg.o
 .text.ClockSetup
                0x0000036c      0x100 .\CortexM3\ARM_GCC_541\Debug\cyfitter_cfg.o
 .text.cyfitter_cfg
                0x0000046c      0x114 .\CortexM3\ARM_GCC_541\Debug\cyfitter_cfg.o
                0x0000046c                cyfitter_cfg
 .text.IntDefaultHandler
                0x00000580       0x10 .\CortexM3\ARM_GCC_541\Debug\Cm3Start.o
                0x00000580                IntDefaultHandler
 .text._sbrk    0x00000590       0x30 .\CortexM3\ARM_GCC_541\Debug\Cm3Start.o
                0x00000590                _sbrk
 .text.Start_c  0x000005c0       0x4c .\CortexM3\ARM_GCC_541\Debug\Cm3Start.o
                0x000005c0                Start_c
 .text.initialize_psoc
                0x0000060c       0x68 .\CortexM3\ARM_GCC_541\Debug\Cm3Start.o
                0x0000060c                initialize_psoc
 .text.UART_Init
                0x00000674       0x24 .\CortexM3\ARM_GCC_541\Debug\UART_FSKTx.a(UART.o)
                0x00000674                UART_Init
 .text.UART_Enable
                0x00000698       0x38 .\CortexM3\ARM_GCC_541\Debug\UART_FSKTx.a(UART.o)
                0x00000698                UART_Enable
 .text.UART_Start
                0x000006d0       0x1c .\CortexM3\ARM_GCC_541\Debug\UART_FSKTx.a(UART.o)
                0x000006d0                UART_Start
 .text.PWM_Modulator_Enable
                0x000006ec       0x10 .\CortexM3\ARM_GCC_541\Debug\UART_FSKTx.a(PWM_Modulator.o)
                0x000006ec                PWM_Modulator_Enable
 .text.PWM_Modulator_Stop
                0x000006fc       0x10 .\CortexM3\ARM_GCC_541\Debug\UART_FSKTx.a(PWM_Modulator.o)
                0x000006fc                PWM_Modulator_Stop
 .text.PWM_Modulator_WriteCounter
                0x0000070c        0xc .\CortexM3\ARM_GCC_541\Debug\UART_FSKTx.a(PWM_Modulator.o)
                0x0000070c                PWM_Modulator_WriteCounter
 .text.PWM_Modulator_WritePeriod
                0x00000718        0xc .\CortexM3\ARM_GCC_541\Debug\UART_FSKTx.a(PWM_Modulator.o)
                0x00000718                PWM_Modulator_WritePeriod
 .text.PWM_Modulator_WriteCompare
                0x00000724        0xc .\CortexM3\ARM_GCC_541\Debug\UART_FSKTx.a(PWM_Modulator.o)
                0x00000724                PWM_Modulator_WriteCompare
 .text.PWM_Modulator_SetInterruptMode
                0x00000730        0xc .\CortexM3\ARM_GCC_541\Debug\UART_FSKTx.a(PWM_Modulator.o)
                0x00000730                PWM_Modulator_SetInterruptMode
 .text.PWM_Modulator_ReadStatusRegister
                0x0000073c        0xc .\CortexM3\ARM_GCC_541\Debug\UART_FSKTx.a(PWM_Modulator.o)
                0x0000073c                PWM_Modulator_ReadStatusRegister
 .text.PWM_Modulator_ReadCapture
                0x00000748        0xc .\CortexM3\ARM_GCC_541\Debug\UART_FSKTx.a(PWM_Modulator.o)
                0x00000748                PWM_Modulator_ReadCapture
 .text.PWM_Modulator_ClearFIFO
                0x00000754       0x14 .\CortexM3\ARM_GCC_541\Debug\UART_FSKTx.a(PWM_Modulator.o)
                0x00000754                PWM_Modulator_ClearFIFO
 .text.PWM_Modulator_Init
                0x00000768       0x50 .\CortexM3\ARM_GCC_541\Debug\UART_FSKTx.a(PWM_Modulator.o)
                0x00000768                PWM_Modulator_Init
 .text.PWM_Modulator_Start
                0x000007b8       0x1c .\CortexM3\ARM_GCC_541\Debug\UART_FSKTx.a(PWM_Modulator.o)
                0x000007b8                PWM_Modulator_Start
 .text.LCD_WrCntrlNib
                0x000007d4       0x34 .\CortexM3\ARM_GCC_541\Debug\UART_FSKTx.a(LCD.o)
 .text.LCD_WrDatNib
                0x00000808       0x44 .\CortexM3\ARM_GCC_541\Debug\UART_FSKTx.a(LCD.o)
 .text.LCD_IsReady
                0x0000084c       0xe4 .\CortexM3\ARM_GCC_541\Debug\UART_FSKTx.a(LCD.o)
                0x0000084c                LCD_IsReady
 .text.LCD_WriteData
                0x00000930       0x18 .\CortexM3\ARM_GCC_541\Debug\UART_FSKTx.a(LCD.o)
                0x00000930                LCD_WriteData
 .text.LCD_PrintString
                0x00000948       0x1c .\CortexM3\ARM_GCC_541\Debug\UART_FSKTx.a(LCD.o)
                0x00000948                LCD_PrintString
 .text.LCD_WriteControl
                0x00000964       0x18 .\CortexM3\ARM_GCC_541\Debug\UART_FSKTx.a(LCD.o)
                0x00000964                LCD_WriteControl
 .text.LCD_Init
                0x0000097c       0x6c .\CortexM3\ARM_GCC_541\Debug\UART_FSKTx.a(LCD.o)
                0x0000097c                LCD_Init
 .text.LCD_Enable
                0x000009e8       0x14 .\CortexM3\ARM_GCC_541\Debug\UART_FSKTx.a(LCD.o)
                0x000009e8                LCD_Enable
 .text.LCD_Start
                0x000009fc       0x1c .\CortexM3\ARM_GCC_541\Debug\UART_FSKTx.a(LCD.o)
                0x000009fc                LCD_Start
 .text.LCD_Position
                0x00000a18       0x3c .\CortexM3\ARM_GCC_541\Debug\UART_FSKTx.a(LCD.o)
                0x00000a18                LCD_Position
 .text.PWM_Switch_Timer_Enable
                0x00000a54       0x10 .\CortexM3\ARM_GCC_541\Debug\UART_FSKTx.a(PWM_Switch_Timer.o)
                0x00000a54                PWM_Switch_Timer_Enable
 .text.PWM_Switch_Timer_Stop
                0x00000a64       0x10 .\CortexM3\ARM_GCC_541\Debug\UART_FSKTx.a(PWM_Switch_Timer.o)
                0x00000a64                PWM_Switch_Timer_Stop
 .text.PWM_Switch_Timer_SetInterruptMode
                0x00000a74        0xc .\CortexM3\ARM_GCC_541\Debug\UART_FSKTx.a(PWM_Switch_Timer.o)
                0x00000a74                PWM_Switch_Timer_SetInterruptMode
 .text.PWM_Switch_Timer_ReadStatusRegister
                0x00000a80        0xc .\CortexM3\ARM_GCC_541\Debug\UART_FSKTx.a(PWM_Switch_Timer.o)
                0x00000a80                PWM_Switch_Timer_ReadStatusRegister
 .text.PWM_Switch_Timer_WritePeriod
                0x00000a8c        0xc .\CortexM3\ARM_GCC_541\Debug\UART_FSKTx.a(PWM_Switch_Timer.o)
                0x00000a8c                PWM_Switch_Timer_WritePeriod
 .text.PWM_Switch_Timer_ReadCapture
                0x00000a98        0xc .\CortexM3\ARM_GCC_541\Debug\UART_FSKTx.a(PWM_Switch_Timer.o)
                0x00000a98                PWM_Switch_Timer_ReadCapture
 .text.PWM_Switch_Timer_WriteCounter
                0x00000aa4        0xc .\CortexM3\ARM_GCC_541\Debug\UART_FSKTx.a(PWM_Switch_Timer.o)
                0x00000aa4                PWM_Switch_Timer_WriteCounter
 .text.PWM_Switch_Timer_ClearFIFO
                0x00000ab0       0x14 .\CortexM3\ARM_GCC_541\Debug\UART_FSKTx.a(PWM_Switch_Timer.o)
                0x00000ab0                PWM_Switch_Timer_ClearFIFO
 .text.PWM_Switch_Timer_Init
                0x00000ac4       0x34 .\CortexM3\ARM_GCC_541\Debug\UART_FSKTx.a(PWM_Switch_Timer.o)
                0x00000ac4                PWM_Switch_Timer_Init
 .text.PWM_Switch_Timer_Start
                0x00000af8       0x1c .\CortexM3\ARM_GCC_541\Debug\UART_FSKTx.a(PWM_Switch_Timer.o)
                0x00000af8                PWM_Switch_Timer_Start
 .text.isr_sec_SetVector
                0x00000b14        0xc .\CortexM3\ARM_GCC_541\Debug\UART_FSKTx.a(isr_sec.o)
                0x00000b14                isr_sec_SetVector
 .text.isr_sec_SetPriority
                0x00000b20       0x10 .\CortexM3\ARM_GCC_541\Debug\UART_FSKTx.a(isr_sec.o)
                0x00000b20                isr_sec_SetPriority
 .text.isr_sec_Enable
                0x00000b30        0xc .\CortexM3\ARM_GCC_541\Debug\UART_FSKTx.a(isr_sec.o)
                0x00000b30                isr_sec_Enable
 .text.isr_sec_Disable
                0x00000b3c        0xc .\CortexM3\ARM_GCC_541\Debug\UART_FSKTx.a(isr_sec.o)
                0x00000b3c                isr_sec_Disable
 .text.isr_sec_StartEx
                0x00000b48       0x1c .\CortexM3\ARM_GCC_541\Debug\UART_FSKTx.a(isr_sec.o)
                0x00000b48                isr_sec_StartEx
 .text.HighVoltage_Write
                0x00000b64       0x18 .\CortexM3\ARM_GCC_541\Debug\UART_FSKTx.a(HighVoltage.o)
                0x00000b64                HighVoltage_Write
 .text.PWM_1_Enable
                0x00000b7c       0x10 .\CortexM3\ARM_GCC_541\Debug\UART_FSKTx.a(PWM_1.o)
                0x00000b7c                PWM_1_Enable
 .text.PWM_1_WriteCounter
                0x00000b8c        0xc .\CortexM3\ARM_GCC_541\Debug\UART_FSKTx.a(PWM_1.o)
                0x00000b8c                PWM_1_WriteCounter
 .text.PWM_1_WritePeriod
                0x00000b98        0xc .\CortexM3\ARM_GCC_541\Debug\UART_FSKTx.a(PWM_1.o)
                0x00000b98                PWM_1_WritePeriod
 .text.PWM_1_WriteCompare
                0x00000ba4        0xc .\CortexM3\ARM_GCC_541\Debug\UART_FSKTx.a(PWM_1.o)
                0x00000ba4                PWM_1_WriteCompare
 .text.PWM_1_SetInterruptMode
                0x00000bb0        0xc .\CortexM3\ARM_GCC_541\Debug\UART_FSKTx.a(PWM_1.o)
                0x00000bb0                PWM_1_SetInterruptMode
 .text.PWM_1_ReadStatusRegister
                0x00000bbc        0xc .\CortexM3\ARM_GCC_541\Debug\UART_FSKTx.a(PWM_1.o)
                0x00000bbc                PWM_1_ReadStatusRegister
 .text.PWM_1_ReadCapture
                0x00000bc8        0xc .\CortexM3\ARM_GCC_541\Debug\UART_FSKTx.a(PWM_1.o)
                0x00000bc8                PWM_1_ReadCapture
 .text.PWM_1_ClearFIFO
                0x00000bd4       0x14 .\CortexM3\ARM_GCC_541\Debug\UART_FSKTx.a(PWM_1.o)
                0x00000bd4                PWM_1_ClearFIFO
 .text.PWM_1_Init
                0x00000be8       0x5c .\CortexM3\ARM_GCC_541\Debug\UART_FSKTx.a(PWM_1.o)
                0x00000be8                PWM_1_Init
 .text.PWM_1_Start
                0x00000c44       0x1c .\CortexM3\ARM_GCC_541\Debug\UART_FSKTx.a(PWM_1.o)
                0x00000c44                PWM_1_Start
 .text.PWM_2_Enable
                0x00000c60       0x10 .\CortexM3\ARM_GCC_541\Debug\UART_FSKTx.a(PWM_2.o)
                0x00000c60                PWM_2_Enable
 .text.PWM_2_WriteCounter
                0x00000c70        0xc .\CortexM3\ARM_GCC_541\Debug\UART_FSKTx.a(PWM_2.o)
                0x00000c70                PWM_2_WriteCounter
 .text.PWM_2_WritePeriod
                0x00000c7c        0xc .\CortexM3\ARM_GCC_541\Debug\UART_FSKTx.a(PWM_2.o)
                0x00000c7c                PWM_2_WritePeriod
 .text.PWM_2_WriteCompare
                0x00000c88        0xc .\CortexM3\ARM_GCC_541\Debug\UART_FSKTx.a(PWM_2.o)
                0x00000c88                PWM_2_WriteCompare
 .text.PWM_2_SetInterruptMode
                0x00000c94        0xc .\CortexM3\ARM_GCC_541\Debug\UART_FSKTx.a(PWM_2.o)
                0x00000c94                PWM_2_SetInterruptMode
 .text.PWM_2_ReadStatusRegister
                0x00000ca0        0xc .\CortexM3\ARM_GCC_541\Debug\UART_FSKTx.a(PWM_2.o)
                0x00000ca0                PWM_2_ReadStatusRegister
 .text.PWM_2_ReadCapture
                0x00000cac        0xc .\CortexM3\ARM_GCC_541\Debug\UART_FSKTx.a(PWM_2.o)
                0x00000cac                PWM_2_ReadCapture
 .text.PWM_2_ClearFIFO
                0x00000cb8       0x14 .\CortexM3\ARM_GCC_541\Debug\UART_FSKTx.a(PWM_2.o)
                0x00000cb8                PWM_2_ClearFIFO
 .text.PWM_2_Init
                0x00000ccc       0x5c .\CortexM3\ARM_GCC_541\Debug\UART_FSKTx.a(PWM_2.o)
                0x00000ccc                PWM_2_Init
 .text.PWM_2_Start
                0x00000d28       0x1c .\CortexM3\ARM_GCC_541\Debug\UART_FSKTx.a(PWM_2.o)
                0x00000d28                PWM_2_Start
 .text.PWM_3_Enable
                0x00000d44       0x10 .\CortexM3\ARM_GCC_541\Debug\UART_FSKTx.a(PWM_3.o)
                0x00000d44                PWM_3_Enable
 .text.PWM_3_WriteCounter
                0x00000d54        0xc .\CortexM3\ARM_GCC_541\Debug\UART_FSKTx.a(PWM_3.o)
                0x00000d54                PWM_3_WriteCounter
 .text.PWM_3_WritePeriod
                0x00000d60        0xc .\CortexM3\ARM_GCC_541\Debug\UART_FSKTx.a(PWM_3.o)
                0x00000d60                PWM_3_WritePeriod
 .text.PWM_3_WriteCompare
                0x00000d6c        0xc .\CortexM3\ARM_GCC_541\Debug\UART_FSKTx.a(PWM_3.o)
                0x00000d6c                PWM_3_WriteCompare
 .text.PWM_3_SetInterruptMode
                0x00000d78        0xc .\CortexM3\ARM_GCC_541\Debug\UART_FSKTx.a(PWM_3.o)
                0x00000d78                PWM_3_SetInterruptMode
 .text.PWM_3_ReadStatusRegister
                0x00000d84        0xc .\CortexM3\ARM_GCC_541\Debug\UART_FSKTx.a(PWM_3.o)
                0x00000d84                PWM_3_ReadStatusRegister
 .text.PWM_3_ReadCapture
                0x00000d90        0xc .\CortexM3\ARM_GCC_541\Debug\UART_FSKTx.a(PWM_3.o)
                0x00000d90                PWM_3_ReadCapture
 .text.PWM_3_ClearFIFO
                0x00000d9c       0x14 .\CortexM3\ARM_GCC_541\Debug\UART_FSKTx.a(PWM_3.o)
                0x00000d9c                PWM_3_ClearFIFO
 .text.PWM_3_Init
                0x00000db0       0x5c .\CortexM3\ARM_GCC_541\Debug\UART_FSKTx.a(PWM_3.o)
                0x00000db0                PWM_3_Init
 .text.PWM_3_Start
                0x00000e0c       0x1c .\CortexM3\ARM_GCC_541\Debug\UART_FSKTx.a(PWM_3.o)
                0x00000e0c                PWM_3_Start
 .text.SignalBase_Write
                0x00000e28       0x18 .\CortexM3\ARM_GCC_541\Debug\UART_FSKTx.a(SignalBase.o)
                0x00000e28                SignalBase_Write
 .text.UART_IntClock_Start
                0x00000e40       0x1c .\CortexM3\ARM_GCC_541\Debug\UART_FSKTx.a(UART_IntClock.o)
                0x00000e40                UART_IntClock_Start
 .text.CyDelay  0x00000e5c       0x2c .\CortexM3\ARM_GCC_541\Debug\UART_FSKTx.a(CyLib.o)
                0x00000e5c                CyDelay
 .text.CyDelayUs
                0x00000e88       0x14 .\CortexM3\ARM_GCC_541\Debug\UART_FSKTx.a(CyLib.o)
                0x00000e88                CyDelayUs
 .text.CyWdtStart
                0x00000e9c       0x40 .\CortexM3\ARM_GCC_541\Debug\UART_FSKTx.a(CyLib.o)
                0x00000e9c                CyWdtStart
 .text.CyWdtClear
                0x00000edc        0xc .\CortexM3\ARM_GCC_541\Debug\UART_FSKTx.a(CyLib.o)
                0x00000edc                CyWdtClear
 .text.CyPmReadStatus
                0x00000ee8       0x30 .\CortexM3\ARM_GCC_541\Debug\UART_FSKTx.a(cyPm.o)
                0x00000ee8                CyPmReadStatus
 .text.checkWatchDogTimer_Enable
                0x00000f18       0x28 .\CortexM3\ARM_GCC_541\Debug\UART_FSKTx.a(checkWatchDogTimer.o)
                0x00000f18                checkWatchDogTimer_Enable
 .text.checkWatchDogTimer_SetInterruptMode
                0x00000f40        0xc .\CortexM3\ARM_GCC_541\Debug\UART_FSKTx.a(checkWatchDogTimer.o)
                0x00000f40                checkWatchDogTimer_SetInterruptMode
 .text.checkWatchDogTimer_WritePeriod
                0x00000f4c        0xc .\CortexM3\ARM_GCC_541\Debug\UART_FSKTx.a(checkWatchDogTimer.o)
                0x00000f4c                checkWatchDogTimer_WritePeriod
 .text.checkWatchDogTimer_WriteCounter
                0x00000f58        0xc .\CortexM3\ARM_GCC_541\Debug\UART_FSKTx.a(checkWatchDogTimer.o)
                0x00000f58                checkWatchDogTimer_WriteCounter
 .text.checkWatchDogTimer_Init
                0x00000f64       0x68 .\CortexM3\ARM_GCC_541\Debug\UART_FSKTx.a(checkWatchDogTimer.o)
                0x00000f64                checkWatchDogTimer_Init
 .text.checkWatchDogTimer_Start
                0x00000fcc       0x1c .\CortexM3\ARM_GCC_541\Debug\UART_FSKTx.a(checkWatchDogTimer.o)
                0x00000fcc                checkWatchDogTimer_Start
 .text.watchDogCheck_SetVector
                0x00000fe8        0xc .\CortexM3\ARM_GCC_541\Debug\UART_FSKTx.a(watchDogCheck.o)
                0x00000fe8                watchDogCheck_SetVector
 .text.watchDogCheck_SetPriority
                0x00000ff4       0x10 .\CortexM3\ARM_GCC_541\Debug\UART_FSKTx.a(watchDogCheck.o)
                0x00000ff4                watchDogCheck_SetPriority
 .text.watchDogCheck_Enable
                0x00001004        0xc .\CortexM3\ARM_GCC_541\Debug\UART_FSKTx.a(watchDogCheck.o)
                0x00001004                watchDogCheck_Enable
 .text.watchDogCheck_Disable
                0x00001010        0xc .\CortexM3\ARM_GCC_541\Debug\UART_FSKTx.a(watchDogCheck.o)
                0x00001010                watchDogCheck_Disable
 .text.watchDogCheck_StartEx
                0x0000101c       0x1c .\CortexM3\ARM_GCC_541\Debug\UART_FSKTx.a(watchDogCheck.o)
                0x0000101c                watchDogCheck_StartEx
 .text.SleepTimer_GetStatus
                0x00001038        0xc .\CortexM3\ARM_GCC_541\Debug\UART_FSKTx.a(SleepTimer.o)
                0x00001038                SleepTimer_GetStatus
 .text.Sleep_ISR_SetVector
                0x00001044        0xc .\CortexM3\ARM_GCC_541\Debug\UART_FSKTx.a(Sleep_ISR.o)
                0x00001044                Sleep_ISR_SetVector
 .text.Sleep_ISR_SetPriority
                0x00001050       0x10 .\CortexM3\ARM_GCC_541\Debug\UART_FSKTx.a(Sleep_ISR.o)
                0x00001050                Sleep_ISR_SetPriority
 .text.Sleep_ISR_Enable
                0x00001060        0xc .\CortexM3\ARM_GCC_541\Debug\UART_FSKTx.a(Sleep_ISR.o)
                0x00001060                Sleep_ISR_Enable
 .text.Sleep_ISR_Disable
                0x0000106c        0xc .\CortexM3\ARM_GCC_541\Debug\UART_FSKTx.a(Sleep_ISR.o)
                0x0000106c                Sleep_ISR_Disable
 .text.Sleep_ISR_StartEx
                0x00001078       0x1c .\CortexM3\ARM_GCC_541\Debug\UART_FSKTx.a(Sleep_ISR.o)
                0x00001078                Sleep_ISR_StartEx
 *fill*         0x00001094        0x4 
 .text          0x00001098       0x20 .\CortexM3\ARM_GCC_541\Debug\UART_FSKTx.a(CyBootAsmGnu.o)
                0x00001098                CyDelayCycles
                0x000010a8                CyEnterCriticalSection
                0x000010b0                CyExitCriticalSection
 .text.__errno  0x000010b8        0xc c:/program files (x86)/cypress/psoc creator/4.1/psoc creator/import/gnu/arm/5.4.1/bin/../lib/gcc/arm-none-eabi/5.4.1/../../../../arm-none-eabi/lib/armv7-m\libg_nano.a(lib_a-errno.o)
                0x000010b8                __errno
 .text.__libc_init_array
                0x000010c4       0x4c c:/program files (x86)/cypress/psoc creator/4.1/psoc creator/import/gnu/arm/5.4.1/bin/../lib/gcc/arm-none-eabi/5.4.1/../../../../arm-none-eabi/lib/armv7-m\libg_nano.a(lib_a-init.o)
                0x000010c4                __libc_init_array
 .text.memcpy   0x00001110       0x16 c:/program files (x86)/cypress/psoc creator/4.1/psoc creator/import/gnu/arm/5.4.1/bin/../lib/gcc/arm-none-eabi/5.4.1/../../../../arm-none-eabi/lib/armv7-m\libg_nano.a(lib_a-memcpy-stub.o)
                0x00001110                memcpy
 .text.memset   0x00001126       0x10 c:/program files (x86)/cypress/psoc creator/4.1/psoc creator/import/gnu/arm/5.4.1/bin/../lib/gcc/arm-none-eabi/5.4.1/../../../../arm-none-eabi/lib/armv7-m\libg_nano.a(lib_a-memset.o)
                0x00001126                memset
 *fill*         0x00001136        0x2 
 .text.sprintf  0x00001138       0x48 c:/program files (x86)/cypress/psoc creator/4.1/psoc creator/import/gnu/arm/5.4.1/bin/../lib/gcc/arm-none-eabi/5.4.1/../../../../arm-none-eabi/lib/armv7-m\libg_nano.a(lib_a-sprintf.o)
                0x00001138                siprintf
                0x00001138                sprintf
 .text.__ssputs_r
                0x00001180       0xb2 c:/program files (x86)/cypress/psoc creator/4.1/psoc creator/import/gnu/arm/5.4.1/bin/../lib/gcc/arm-none-eabi/5.4.1/../../../../arm-none-eabi/lib/armv7-m\libg_nano.a(lib_a-nano-svfprintf.o)
                0x00001180                __ssputs_r
 *fill*         0x00001232        0x2 
 .text._svfprintf_r
                0x00001234      0x1e8 c:/program files (x86)/cypress/psoc creator/4.1/psoc creator/import/gnu/arm/5.4.1/bin/../lib/gcc/arm-none-eabi/5.4.1/../../../../arm-none-eabi/lib/armv7-m\libg_nano.a(lib_a-nano-svfprintf.o)
                0x00001234                _svfiprintf_r
                0x00001234                _svfprintf_r
 .text._printf_common
                0x0000141c       0xec c:/program files (x86)/cypress/psoc creator/4.1/psoc creator/import/gnu/arm/5.4.1/bin/../lib/gcc/arm-none-eabi/5.4.1/../../../../arm-none-eabi/lib/armv7-m\libg_nano.a(lib_a-nano-vfprintf_i.o)
                0x0000141c                _printf_common
 .text._printf_i
                0x00001508      0x24c c:/program files (x86)/cypress/psoc creator/4.1/psoc creator/import/gnu/arm/5.4.1/bin/../lib/gcc/arm-none-eabi/5.4.1/../../../../arm-none-eabi/lib/armv7-m\libg_nano.a(lib_a-nano-vfprintf_i.o)
                0x00001508                _printf_i
 .text.memchr   0x00001754       0x1c c:/program files (x86)/cypress/psoc creator/4.1/psoc creator/import/gnu/arm/5.4.1/bin/../lib/gcc/arm-none-eabi/5.4.1/../../../../arm-none-eabi/lib/armv7-m\libg_nano.a(lib_a-memchr-stub.o)
                0x00001754                memchr
 .text.memmove  0x00001770       0x36 c:/program files (x86)/cypress/psoc creator/4.1/psoc creator/import/gnu/arm/5.4.1/bin/../lib/gcc/arm-none-eabi/5.4.1/../../../../arm-none-eabi/lib/armv7-m\libg_nano.a(lib_a-memmove.o)
                0x00001770                memmove
 *fill*         0x000017a6        0x2 
 .text._free_r  0x000017a8       0x98 c:/program files (x86)/cypress/psoc creator/4.1/psoc creator/import/gnu/arm/5.4.1/bin/../lib/gcc/arm-none-eabi/5.4.1/../../../../arm-none-eabi/lib/armv7-m\libg_nano.a(lib_a-nano-freer.o)
                0x000017a8                _free_r
 .text._malloc_r
                0x00001840       0xbc c:/program files (x86)/cypress/psoc creator/4.1/psoc creator/import/gnu/arm/5.4.1/bin/../lib/gcc/arm-none-eabi/5.4.1/../../../../arm-none-eabi/lib/armv7-m\libg_nano.a(lib_a-nano-mallocr.o)
                0x00001840                _malloc_r
 .text._realloc_r
                0x000018fc       0x4c c:/program files (x86)/cypress/psoc creator/4.1/psoc creator/import/gnu/arm/5.4.1/bin/../lib/gcc/arm-none-eabi/5.4.1/../../../../arm-none-eabi/lib/armv7-m\libg_nano.a(lib_a-nano-reallocr.o)
                0x000018fc                _realloc_r
 .text._sbrk_r  0x00001948       0x20 c:/program files (x86)/cypress/psoc creator/4.1/psoc creator/import/gnu/arm/5.4.1/bin/../lib/gcc/arm-none-eabi/5.4.1/../../../../arm-none-eabi/lib/armv7-m\libg_nano.a(lib_a-sbrkr.o)
                0x00001948                _sbrk_r
 .text.__malloc_lock
                0x00001968        0x2 c:/program files (x86)/cypress/psoc creator/4.1/psoc creator/import/gnu/arm/5.4.1/bin/../lib/gcc/arm-none-eabi/5.4.1/../../../../arm-none-eabi/lib/armv7-m\libg_nano.a(lib_a-mlock.o)
                0x00001968                __malloc_lock
 .text.__malloc_unlock
                0x0000196a        0x2 c:/program files (x86)/cypress/psoc creator/4.1/psoc creator/import/gnu/arm/5.4.1/bin/../lib/gcc/arm-none-eabi/5.4.1/../../../../arm-none-eabi/lib/armv7-m\libg_nano.a(lib_a-mlock.o)
                0x0000196a                __malloc_unlock
 .text._malloc_usable_size_r
                0x0000196c       0x14 c:/program files (x86)/cypress/psoc creator/4.1/psoc creator/import/gnu/arm/5.4.1/bin/../lib/gcc/arm-none-eabi/5.4.1/../../../../arm-none-eabi/lib/armv7-m\libg_nano.a(lib_a-nano-msizer.o)
                0x0000196c                _malloc_usable_size_r
 *(.plt)
 *(.gnu.warning)
 *(.glue_7t)
 .glue_7t       0x00001980        0x0 linker stubs
 *(.glue_7)
 .glue_7        0x00001980        0x0 linker stubs
 *(.vfp11_veneer)
 .vfp11_veneer  0x00001980        0x0 linker stubs
 *(.bootloader)
 *(.ARM.extab* .gnu.linkonce.armextab.*)
 *(.gcc_except_table)

.v4_bx          0x00001980        0x0
 .v4_bx         0x00001980        0x0 linker stubs

.iplt           0x00001980        0x0
 .iplt          0x00001980        0x0 c:/program files (x86)/cypress/psoc creator/4.1/psoc creator/import/gnu/arm/5.4.1/bin/../lib/gcc/arm-none-eabi/5.4.1/armv7-m/crtbegin.o

.eh_frame_hdr
 *(.eh_frame_hdr)

.eh_frame       0x00001980        0x4
 *(.eh_frame)
 .eh_frame      0x00001980        0x0 c:/program files (x86)/cypress/psoc creator/4.1/psoc creator/import/gnu/arm/5.4.1/bin/../lib/gcc/arm-none-eabi/5.4.1/armv7-m/crtbegin.o
 .eh_frame      0x00001980        0x4 c:/program files (x86)/cypress/psoc creator/4.1/psoc creator/import/gnu/arm/5.4.1/bin/../lib/gcc/arm-none-eabi/5.4.1/armv7-m/crtend.o
                [!provide]                PROVIDE (__exidx_start, .)

.ARM.exidx
 *(.ARM.exidx* .gnu.linkonce.armexidx.*)
                0x00001984                __exidx_end = .

.rodata         0x00001984       0xe4
 *(.rodata .rodata.* .gnu.linkonce.r.*)
 .rodata.str1.4
                0x00001984       0x3c .\CortexM3\ARM_GCC_541\Debug\main.o
                                 0x3a (size before relaxing)
 .rodata        0x000019c0       0x3a .\CortexM3\ARM_GCC_541\Debug\cyfitter_cfg.o
 .rodata.str1.1
                0x000019fa        0x2 c:/program files (x86)/cypress/psoc creator/4.1/psoc creator/import/gnu/arm/5.4.1/bin/../lib/gcc/arm-none-eabi/5.4.1/../../../../arm-none-eabi/lib/armv7-m\libg_nano.a(lib_a-impure.o)
 .rodata.str1.1
                0x000019fc       0x11 c:/program files (x86)/cypress/psoc creator/4.1/psoc creator/import/gnu/arm/5.4.1/bin/../lib/gcc/arm-none-eabi/5.4.1/../../../../arm-none-eabi/lib/armv7-m\libg_nano.a(lib_a-nano-svfprintf.o)
 .rodata.str1.1
                0x00001a0d       0x22 c:/program files (x86)/cypress/psoc creator/4.1/psoc creator/import/gnu/arm/5.4.1/bin/../lib/gcc/arm-none-eabi/5.4.1/../../../../arm-none-eabi/lib/armv7-m\libg_nano.a(lib_a-nano-vfprintf_i.o)
                0x00001a30                . = ALIGN (0x4)
 *fill*         0x00001a2f        0x1 
 *(.init)
 .init          0x00001a30        0x4 c:/program files (x86)/cypress/psoc creator/4.1/psoc creator/import/gnu/arm/5.4.1/bin/../lib/gcc/arm-none-eabi/5.4.1/armv7-m/crti.o
                0x00001a30                _init
 .init          0x00001a34        0x8 c:/program files (x86)/cypress/psoc creator/4.1/psoc creator/import/gnu/arm/5.4.1/bin/../lib/gcc/arm-none-eabi/5.4.1/armv7-m/crtn.o
                0x00001a3c                . = ALIGN (0x4)
                0x00001a3c                __preinit_array_start = .
 *(.preinit_array)
                0x00001a3c                __preinit_array_end = .
                0x00001a3c                . = ALIGN (0x4)
                0x00001a3c                __init_array_start = .
 *(SORT(.init_array.*))
 *(.init_array)
 .init_array    0x00001a3c        0x4 c:/program files (x86)/cypress/psoc creator/4.1/psoc creator/import/gnu/arm/5.4.1/bin/../lib/gcc/arm-none-eabi/5.4.1/armv7-m/crtbegin.o
 .init_array    0x00001a40        0x4 .\CortexM3\ARM_GCC_541\Debug\Cm3Start.o
                0x00001a44                __init_array_end = .
                0x00001a44                . = ALIGN (0x4)
 *(.fini)
 .fini          0x00001a44        0x4 c:/program files (x86)/cypress/psoc creator/4.1/psoc creator/import/gnu/arm/5.4.1/bin/../lib/gcc/arm-none-eabi/5.4.1/armv7-m/crti.o
                0x00001a44                _fini
 .fini          0x00001a48        0x8 c:/program files (x86)/cypress/psoc creator/4.1/psoc creator/import/gnu/arm/5.4.1/bin/../lib/gcc/arm-none-eabi/5.4.1/armv7-m/crtn.o
                0x00001a50                . = ALIGN (0x4)
                0x00001a50                __fini_array_start = .
 *(.fini_array)
 .fini_array    0x00001a50        0x4 c:/program files (x86)/cypress/psoc creator/4.1/psoc creator/import/gnu/arm/5.4.1/bin/../lib/gcc/arm-none-eabi/5.4.1/armv7-m/crtbegin.o
 *(SORT(.fini_array.*))
                0x00001a54                __fini_array_end = .
                0x00001a54                . = ALIGN (0x4)
 *crtbegin.o(.ctors)
 *(EXCLUDE_FILE(*crtend.o) .ctors)
 *(SORT(.ctors.*))
 *crtend.o(.ctors)
                0x00001a54                . = ALIGN (0x4)
 *crtbegin.o(.dtors)
 *(EXCLUDE_FILE(*crtend.o) .dtors)
 *(SORT(.dtors.*))
 *crtend.o(.dtors)
                0x00001a54                . = ALIGN (0x4)
                0x00001a54                __cy_regions = .
                0x00001a54        0x4 LONG 0x1a68 __cy_region_init_ram
                0x00001a58        0x4 LONG 0x1fff80c8 __cy_region_start_data
                0x00001a5c        0x4 LONG 0x88 __cy_region_init_size_ram
                0x00001a60        0x4 LONG 0xc0 __cy_region_zero_size_ram
                0x00001a64                __cy_regions_end = .
                0x00001a68                . = ALIGN (0x8)
 *fill*         0x00001a64        0x4 
                0x00001a68                _etext = .

.cy_checksum_exclude
                0x00001a68        0x0
 *(.cy_checksum_exclude)

.ramvectors     0x1fff8000       0xc0
                0x1fff8000                __cy_region_start_ram = .
 *(.ramvectors)
 .ramvectors    0x1fff8000       0xc0 .\CortexM3\ARM_GCC_541\Debug\Cm3Start.o
                0x1fff8000                CyRamVectors

.noinit         0x1fff80c0        0x1
 *(.noinit)
 .noinit        0x1fff80c0        0x1 .\CortexM3\ARM_GCC_541\Debug\UART_FSKTx.a(CyLib.o)
                0x1fff80c0                CyResetStatus

.data           0x1fff80c8       0x88 load address 0x00001a68
                0x1fff80c8                __cy_region_start_data = .
 *(.jcr)
 .jcr           0x1fff80c8        0x0 c:/program files (x86)/cypress/psoc creator/4.1/psoc creator/import/gnu/arm/5.4.1/bin/../lib/gcc/arm-none-eabi/5.4.1/armv7-m/crtbegin.o
 .jcr           0x1fff80c8        0x4 c:/program files (x86)/cypress/psoc creator/4.1/psoc creator/import/gnu/arm/5.4.1/bin/../lib/gcc/arm-none-eabi/5.4.1/armv7-m/crtend.o
 *(.got.plt)
 *(.got)
 *(.shdata)
 *(.data .data.* .gnu.linkonce.d.*)
 .data          0x1fff80cc        0x8 .\CortexM3\ARM_GCC_541\Debug\main.o
                0x1fff80cc                crabsToSend
                0x1fff80d0                i
 .data          0x1fff80d4        0x4 .\CortexM3\ARM_GCC_541\Debug\Cm3Start.o
 .data          0x1fff80d8       0x10 .\CortexM3\ARM_GCC_541\Debug\UART_FSKTx.a(CyLib.o)
                0x1fff80d8                cydelay_32k_ms
                0x1fff80dc                cydelay_freq_khz
                0x1fff80e0                cydelay_freq_mhz
                0x1fff80e4                cydelay_freq_hz
 .data.impure_data
                0x1fff80e8       0x60 c:/program files (x86)/cypress/psoc creator/4.1/psoc creator/import/gnu/arm/5.4.1/bin/../lib/gcc/arm-none-eabi/5.4.1/../../../../arm-none-eabi/lib/armv7-m\libg_nano.a(lib_a-impure.o)
 .data._impure_ptr
                0x1fff8148        0x4 c:/program files (x86)/cypress/psoc creator/4.1/psoc creator/import/gnu/arm/5.4.1/bin/../lib/gcc/arm-none-eabi/5.4.1/../../../../arm-none-eabi/lib/armv7-m\libg_nano.a(lib_a-impure.o)
                0x1fff8148                _impure_ptr
                0x1fff8150                . = ALIGN (0x8)
 *fill*         0x1fff814c        0x4 
 *(.ram)
                0x1fff8150                _edata = .

.igot.plt       0x1fff8150        0x0 load address 0x00001af0
 .igot.plt      0x1fff8150        0x0 c:/program files (x86)/cypress/psoc creator/4.1/psoc creator/import/gnu/arm/5.4.1/bin/../lib/gcc/arm-none-eabi/5.4.1/armv7-m/crtbegin.o

.bss            0x1fff8150       0xc0 load address 0x00001af0
                0x1fff8150                PROVIDE (__bss_start__, .)
 *(.shbss)
 *(.bss .bss.* .gnu.linkonce.b.*)
 .bss           0x1fff8150       0x1c c:/program files (x86)/cypress/psoc creator/4.1/psoc creator/import/gnu/arm/5.4.1/bin/../lib/gcc/arm-none-eabi/5.4.1/armv7-m/crtbegin.o
 .bss           0x1fff816c       0x1c .\CortexM3\ARM_GCC_541\Debug\main.o
                0x1fff8178                errorStatus
                0x1fff8180                newDataflag
                0x1fff8184                error
 .bss           0x1fff8188        0x2 .\CortexM3\ARM_GCC_541\Debug\UART_FSKTx.a(UART.o)
                0x1fff8188                UART_initVar
 .bss           0x1fff818a        0x1 .\CortexM3\ARM_GCC_541\Debug\UART_FSKTx.a(PWM_Modulator.o)
                0x1fff818a                PWM_Modulator_initVar
 .bss           0x1fff818b        0x2 .\CortexM3\ARM_GCC_541\Debug\UART_FSKTx.a(LCD.o)
                0x1fff818b                LCD_enableState
                0x1fff818c                LCD_initVar
 .bss           0x1fff818d        0x1 .\CortexM3\ARM_GCC_541\Debug\UART_FSKTx.a(PWM_Switch_Timer.o)
                0x1fff818d                PWM_Switch_Timer_initVar
 .bss           0x1fff818e        0x1 .\CortexM3\ARM_GCC_541\Debug\UART_FSKTx.a(PWM_1.o)
                0x1fff818e                PWM_1_initVar
 .bss           0x1fff818f        0x1 .\CortexM3\ARM_GCC_541\Debug\UART_FSKTx.a(PWM_2.o)
                0x1fff818f                PWM_2_initVar
 .bss           0x1fff8190        0x1 .\CortexM3\ARM_GCC_541\Debug\UART_FSKTx.a(PWM_3.o)
                0x1fff8190                PWM_3_initVar
 *fill*         0x1fff8191        0x3 
 .bss           0x1fff8194       0x43 .\CortexM3\ARM_GCC_541\Debug\UART_FSKTx.a(cyPm.o)
 .bss           0x1fff81d7        0x1 .\CortexM3\ARM_GCC_541\Debug\UART_FSKTx.a(checkWatchDogTimer.o)
                0x1fff81d7                checkWatchDogTimer_initVar
 .bss.__malloc_sbrk_start
                0x1fff81d8        0x4 c:/program files (x86)/cypress/psoc creator/4.1/psoc creator/import/gnu/arm/5.4.1/bin/../lib/gcc/arm-none-eabi/5.4.1/../../../../arm-none-eabi/lib/armv7-m\libg_nano.a(lib_a-nano-mallocr.o)
                0x1fff81d8                __malloc_sbrk_start
 .bss.__malloc_free_list
                0x1fff81dc        0x4 c:/program files (x86)/cypress/psoc creator/4.1/psoc creator/import/gnu/arm/5.4.1/bin/../lib/gcc/arm-none-eabi/5.4.1/../../../../arm-none-eabi/lib/armv7-m\libg_nano.a(lib_a-nano-mallocr.o)
                0x1fff81dc                __malloc_free_list
 *(COMMON)
 COMMON         0x1fff81e0       0x2a .\CortexM3\ARM_GCC_541\Debug\main.o
                0x1fff81e0                lineStr
                0x1fff81f4                data
                0x1fff8208                count
 *fill*         0x1fff820a        0x2 
 COMMON         0x1fff820c        0x4 c:/program files (x86)/cypress/psoc creator/4.1/psoc creator/import/gnu/arm/5.4.1/bin/../lib/gcc/arm-none-eabi/5.4.1/../../../../arm-none-eabi/lib/armv7-m\libg_nano.a(lib_a-reent.o)
                0x1fff820c                errno
                0x1fff8210                . = ALIGN (0x8)
 *(.ram.b)
                0x1fff8210                _end = .
                0x1fff8210                __end = .
                0x1fff8210                PROVIDE (end, .)
                0x1fff8210                PROVIDE (__bss_end__, .)
                0x00001a68                __cy_region_init_ram = LOADADDR (.data)
                0x00000088                __cy_region_init_size_ram = (_edata - ADDR (.data))
                0x000000c0                __cy_region_zero_size_ram = (_end - _edata)

.heap           0x1fff8210      0x300 load address 0x00001af0
                0x1fff8210                . = _end
                0x1fff8510                . = (. + 0x300)
 *fill*         0x1fff8210      0x300 
                0x1fff8510                __cy_heap_limit = .

.stack          0x20007800      0x800
                0x20007800                __cy_stack_limit = .
                0x20008000                . = (. + 0x800)
 *fill*         0x20007800      0x800 
                0x00000001                ASSERT ((__cy_stack_limit >= __cy_heap_limit), region RAM overflowed with stack)
                0x00000000                cy_checksum_exclude_size = (CY_APPL_LOADABLE == 0x1)?SIZEOF (.cy_checksum_exclude):0x0
                0x00000001                ASSERT ((cy_checksum_exclude_size <= CY_CHECKSUM_EXCLUDE_SIZE), CY_BOOT: Section .cy_checksum_exclude size exceedes specified limit.)

.cyloadermeta
 *(.cyloadermeta)

.cyloadablemeta
 *(.cyloadablemeta)

.cyconfigecc    0x80000000      0x7a0
 *(.cyconfigecc)
 .cyconfigecc   0x80000000      0x7a0 .\CortexM3\ARM_GCC_541\Debug\cymetadata.o
                0x80000000                cy_meta_configecc

.cycustnvl      0x90000000        0x4
 *(.cycustnvl)
 .cycustnvl     0x90000000        0x4 .\CortexM3\ARM_GCC_541\Debug\cymetadata.o
                0x90000000                cy_meta_custnvl

.cywolatch      0x90100000        0x4
 *(.cywolatch)
 .cywolatch     0x90100000        0x4 .\CortexM3\ARM_GCC_541\Debug\cymetadata.o
                0x90100000                cy_meta_wonvl

.cyeeprom       0x90200000        0x0
 *(.cyeeprom)
                0x00000001                ASSERT ((. <= ((0x90200000 + ee_offset) + ee_size)), .cyeeprom data will not fit in EEPROM)

.cyflashprotect
                0x90400000      0x100
 *(.cyflashprotect)
 .cyflashprotect
                0x90400000      0x100 .\CortexM3\ARM_GCC_541\Debug\cymetadata.o
                0x90400000                cy_meta_flashprotect

.cymeta         0x90500000        0xc
 *(.cymeta)
 .cymeta        0x90500000        0xc .\CortexM3\ARM_GCC_541\Debug\cymetadata.o
                0x90500000                cy_metadata

.rel.dyn        0x00001af0        0x0 load address 0x9050000c
 .rel.iplt      0x00001af0        0x0 c:/program files (x86)/cypress/psoc creator/4.1/psoc creator/import/gnu/arm/5.4.1/bin/../lib/gcc/arm-none-eabi/5.4.1/armv7-m/crtbegin.o

.stab
 *(.stab)

.stabstr
 *(.stabstr)

.debug
 *(.debug)

.line
 *(.line)

.debug_srcinfo
 *(.debug_srcinfo)

.debug_sfnames
 *(.debug_sfnames)

.debug_aranges  0x00000000      0xf30
 *(.debug_aranges)
 .debug_aranges
                0x00000000       0x60 .\CortexM3\ARM_GCC_541\Debug\main.o
 .debug_aranges
                0x00000060       0x58 .\CortexM3\ARM_GCC_541\Debug\cyfitter_cfg.o
 .debug_aranges
                0x000000b8       0x18 .\CortexM3\ARM_GCC_541\Debug\cymetadata.o
 .debug_aranges
                0x000000d0       0x48 .\CortexM3\ARM_GCC_541\Debug\Cm3Start.o
 .debug_aranges
                0x00000118       0xf0 .\CortexM3\ARM_GCC_541\Debug\UART_FSKTx.a(UART.o)
 .debug_aranges
                0x00000208       0x98 .\CortexM3\ARM_GCC_541\Debug\UART_FSKTx.a(PWM_Modulator.o)
 .debug_aranges
                0x000002a0       0x38 .\CortexM3\ARM_GCC_541\Debug\UART_FSKTx.a(PWM_Modulator_PM.o)
 .debug_aranges
                0x000002d8       0x98 .\CortexM3\ARM_GCC_541\Debug\UART_FSKTx.a(LCD.o)
 .debug_aranges
                0x00000370       0x38 .\CortexM3\ARM_GCC_541\Debug\UART_FSKTx.a(LCD_PM.o)
 .debug_aranges
                0x000003a8       0x90 .\CortexM3\ARM_GCC_541\Debug\UART_FSKTx.a(PWM_Switch_Timer.o)
 .debug_aranges
                0x00000438       0x38 .\CortexM3\ARM_GCC_541\Debug\UART_FSKTx.a(PWM_Switch_Timer_PM.o)
 .debug_aranges
                0x00000470       0x80 .\CortexM3\ARM_GCC_541\Debug\UART_FSKTx.a(isr_sec.o)
 .debug_aranges
                0x000004f0       0x38 .\CortexM3\ARM_GCC_541\Debug\UART_FSKTx.a(HighVoltage.o)
 .debug_aranges
                0x00000528       0x98 .\CortexM3\ARM_GCC_541\Debug\UART_FSKTx.a(PWM_1.o)
 .debug_aranges
                0x000005c0       0x38 .\CortexM3\ARM_GCC_541\Debug\UART_FSKTx.a(PWM_1_PM.o)
 .debug_aranges
                0x000005f8       0x98 .\CortexM3\ARM_GCC_541\Debug\UART_FSKTx.a(PWM_2.o)
 .debug_aranges
                0x00000690       0x38 .\CortexM3\ARM_GCC_541\Debug\UART_FSKTx.a(PWM_2_PM.o)
 .debug_aranges
                0x000006c8       0x98 .\CortexM3\ARM_GCC_541\Debug\UART_FSKTx.a(PWM_3.o)
 .debug_aranges
                0x00000760       0x38 .\CortexM3\ARM_GCC_541\Debug\UART_FSKTx.a(PWM_3_PM.o)
 .debug_aranges
                0x00000798       0x38 .\CortexM3\ARM_GCC_541\Debug\UART_FSKTx.a(SignalBase.o)
 .debug_aranges
                0x000007d0       0x70 .\CortexM3\ARM_GCC_541\Debug\UART_FSKTx.a(UART_IntClock.o)
 .debug_aranges
                0x00000840      0x2a8 .\CortexM3\ARM_GCC_541\Debug\UART_FSKTx.a(CyLib.o)
 .debug_aranges
                0x00000ae8       0x98 .\CortexM3\ARM_GCC_541\Debug\UART_FSKTx.a(cyPm.o)
 .debug_aranges
                0x00000b80       0x88 .\CortexM3\ARM_GCC_541\Debug\UART_FSKTx.a(checkWatchDogTimer.o)
 .debug_aranges
                0x00000c08       0x38 .\CortexM3\ARM_GCC_541\Debug\UART_FSKTx.a(checkWatchDogTimer_PM.o)
 .debug_aranges
                0x00000c40       0x80 .\CortexM3\ARM_GCC_541\Debug\UART_FSKTx.a(watchDogCheck.o)
 .debug_aranges
                0x00000cc0       0x58 .\CortexM3\ARM_GCC_541\Debug\UART_FSKTx.a(SleepTimer.o)
 .debug_aranges
                0x00000d18       0x80 .\CortexM3\ARM_GCC_541\Debug\UART_FSKTx.a(Sleep_ISR.o)
 .debug_aranges
                0x00000d98       0x20 .\CortexM3\ARM_GCC_541\Debug\UART_FSKTx.a(CyBootAsmGnu.o)
 .debug_aranges
                0x00000db8       0x80 .\CortexM3\ARM_GCC_541\Debug\UART_FSKTx.a(CyScBoostClk.o)
 .debug_aranges
                0x00000e38       0x80 .\CortexM3\ARM_GCC_541\Debug\UART_FSKTx.a(CyFlash.o)
 .debug_aranges
                0x00000eb8       0x78 .\CortexM3\ARM_GCC_541\Debug\UART_FSKTx.a(CySpc.o)

.debug_pubnames
 *(.debug_pubnames)

.debug_info     0x00000000     0x7cd4
 *(.debug_info .gnu.linkonce.wi.*)
 .debug_info    0x00000000      0x99b .\CortexM3\ARM_GCC_541\Debug\main.o
 .debug_info    0x0000099b      0x5de .\CortexM3\ARM_GCC_541\Debug\cyfitter_cfg.o
 .debug_info    0x00000f79      0x139 .\CortexM3\ARM_GCC_541\Debug\cymetadata.o
 .debug_info    0x000010b2      0x3bb .\CortexM3\ARM_GCC_541\Debug\Cm3Start.o
 .debug_info    0x0000146d      0x60c .\CortexM3\ARM_GCC_541\Debug\UART_FSKTx.a(UART.o)
 .debug_info    0x00001a79      0x334 .\CortexM3\ARM_GCC_541\Debug\UART_FSKTx.a(PWM_Modulator.o)
 .debug_info    0x00001dad      0x217 .\CortexM3\ARM_GCC_541\Debug\UART_FSKTx.a(PWM_Modulator_PM.o)
 .debug_info    0x00001fc4      0x715 .\CortexM3\ARM_GCC_541\Debug\UART_FSKTx.a(LCD.o)
 .debug_info    0x000026d9      0x13f .\CortexM3\ARM_GCC_541\Debug\UART_FSKTx.a(LCD_PM.o)
 .debug_info    0x00002818      0x2f0 .\CortexM3\ARM_GCC_541\Debug\UART_FSKTx.a(PWM_Switch_Timer.o)
 .debug_info    0x00002b08      0x1ef .\CortexM3\ARM_GCC_541\Debug\UART_FSKTx.a(PWM_Switch_Timer_PM.o)
 .debug_info    0x00002cf7      0x2d2 .\CortexM3\ARM_GCC_541\Debug\UART_FSKTx.a(isr_sec.o)
 .debug_info    0x00002fc9      0x11f .\CortexM3\ARM_GCC_541\Debug\UART_FSKTx.a(HighVoltage.o)
 .debug_info    0x000030e8      0x351 .\CortexM3\ARM_GCC_541\Debug\UART_FSKTx.a(PWM_1.o)
 .debug_info    0x00003439      0x223 .\CortexM3\ARM_GCC_541\Debug\UART_FSKTx.a(PWM_1_PM.o)
 .debug_info    0x0000365c      0x34e .\CortexM3\ARM_GCC_541\Debug\UART_FSKTx.a(PWM_2.o)
 .debug_info    0x000039aa      0x223 .\CortexM3\ARM_GCC_541\Debug\UART_FSKTx.a(PWM_2_PM.o)
 .debug_info    0x00003bcd      0x34e .\CortexM3\ARM_GCC_541\Debug\UART_FSKTx.a(PWM_3.o)
 .debug_info    0x00003f1b      0x223 .\CortexM3\ARM_GCC_541\Debug\UART_FSKTx.a(PWM_3_PM.o)
 .debug_info    0x0000413e      0x11f .\CortexM3\ARM_GCC_541\Debug\UART_FSKTx.a(SignalBase.o)
 .debug_info    0x0000425d      0x283 .\CortexM3\ARM_GCC_541\Debug\UART_FSKTx.a(UART_IntClock.o)
 .debug_info    0x000044e0     0x13d4 .\CortexM3\ARM_GCC_541\Debug\UART_FSKTx.a(CyLib.o)
 .debug_info    0x000058b4      0xa2a .\CortexM3\ARM_GCC_541\Debug\UART_FSKTx.a(cyPm.o)
 .debug_info    0x000062de      0x293 .\CortexM3\ARM_GCC_541\Debug\UART_FSKTx.a(checkWatchDogTimer.o)
 .debug_info    0x00006571      0x153 .\CortexM3\ARM_GCC_541\Debug\UART_FSKTx.a(checkWatchDogTimer_PM.o)
 .debug_info    0x000066c4      0x2d2 .\CortexM3\ARM_GCC_541\Debug\UART_FSKTx.a(watchDogCheck.o)
 .debug_info    0x00006996      0x277 .\CortexM3\ARM_GCC_541\Debug\UART_FSKTx.a(SleepTimer.o)
 .debug_info    0x00006c0d      0x2d2 .\CortexM3\ARM_GCC_541\Debug\UART_FSKTx.a(Sleep_ISR.o)
 .debug_info    0x00006edf       0x90 .\CortexM3\ARM_GCC_541\Debug\UART_FSKTx.a(CyBootAsmGnu.o)
 .debug_info    0x00006f6f      0x2c4 .\CortexM3\ARM_GCC_541\Debug\UART_FSKTx.a(CyScBoostClk.o)
 .debug_info    0x00007233      0x5b8 .\CortexM3\ARM_GCC_541\Debug\UART_FSKTx.a(CyFlash.o)
 .debug_info    0x000077eb      0x4e9 .\CortexM3\ARM_GCC_541\Debug\UART_FSKTx.a(CySpc.o)

.debug_abbrev   0x00000000     0x2511
 *(.debug_abbrev)
 .debug_abbrev  0x00000000      0x1cb .\CortexM3\ARM_GCC_541\Debug\main.o
 .debug_abbrev  0x000001cb      0x20d .\CortexM3\ARM_GCC_541\Debug\cyfitter_cfg.o
 .debug_abbrev  0x000003d8       0x77 .\CortexM3\ARM_GCC_541\Debug\cymetadata.o
 .debug_abbrev  0x0000044f      0x1e8 .\CortexM3\ARM_GCC_541\Debug\Cm3Start.o
 .debug_abbrev  0x00000637      0x175 .\CortexM3\ARM_GCC_541\Debug\UART_FSKTx.a(UART.o)
 .debug_abbrev  0x000007ac      0x133 .\CortexM3\ARM_GCC_541\Debug\UART_FSKTx.a(PWM_Modulator.o)
 .debug_abbrev  0x000008df       0xac .\CortexM3\ARM_GCC_541\Debug\UART_FSKTx.a(PWM_Modulator_PM.o)
 .debug_abbrev  0x0000098b      0x157 .\CortexM3\ARM_GCC_541\Debug\UART_FSKTx.a(LCD.o)
 .debug_abbrev  0x00000ae2       0xce .\CortexM3\ARM_GCC_541\Debug\UART_FSKTx.a(LCD_PM.o)
 .debug_abbrev  0x00000bb0      0x12b .\CortexM3\ARM_GCC_541\Debug\UART_FSKTx.a(PWM_Switch_Timer.o)
 .debug_abbrev  0x00000cdb       0xac .\CortexM3\ARM_GCC_541\Debug\UART_FSKTx.a(PWM_Switch_Timer_PM.o)
 .debug_abbrev  0x00000d87      0x173 .\CortexM3\ARM_GCC_541\Debug\UART_FSKTx.a(isr_sec.o)
 .debug_abbrev  0x00000efa       0x90 .\CortexM3\ARM_GCC_541\Debug\UART_FSKTx.a(HighVoltage.o)
 .debug_abbrev  0x00000f8a      0x133 .\CortexM3\ARM_GCC_541\Debug\UART_FSKTx.a(PWM_1.o)
 .debug_abbrev  0x000010bd       0xac .\CortexM3\ARM_GCC_541\Debug\UART_FSKTx.a(PWM_1_PM.o)
 .debug_abbrev  0x00001169      0x133 .\CortexM3\ARM_GCC_541\Debug\UART_FSKTx.a(PWM_2.o)
 .debug_abbrev  0x0000129c       0xac .\CortexM3\ARM_GCC_541\Debug\UART_FSKTx.a(PWM_2_PM.o)
 .debug_abbrev  0x00001348      0x133 .\CortexM3\ARM_GCC_541\Debug\UART_FSKTx.a(PWM_3.o)
 .debug_abbrev  0x0000147b       0xac .\CortexM3\ARM_GCC_541\Debug\UART_FSKTx.a(PWM_3_PM.o)
 .debug_abbrev  0x00001527       0x90 .\CortexM3\ARM_GCC_541\Debug\UART_FSKTx.a(SignalBase.o)
 .debug_abbrev  0x000015b7      0x139 .\CortexM3\ARM_GCC_541\Debug\UART_FSKTx.a(UART_IntClock.o)
 .debug_abbrev  0x000016f0      0x254 .\CortexM3\ARM_GCC_541\Debug\UART_FSKTx.a(CyLib.o)
 .debug_abbrev  0x00001944      0x1ab .\CortexM3\ARM_GCC_541\Debug\UART_FSKTx.a(cyPm.o)
 .debug_abbrev  0x00001aef      0x11a .\CortexM3\ARM_GCC_541\Debug\UART_FSKTx.a(checkWatchDogTimer.o)
 .debug_abbrev  0x00001c09       0xc4 .\CortexM3\ARM_GCC_541\Debug\UART_FSKTx.a(checkWatchDogTimer_PM.o)
 .debug_abbrev  0x00001ccd      0x173 .\CortexM3\ARM_GCC_541\Debug\UART_FSKTx.a(watchDogCheck.o)
 .debug_abbrev  0x00001e40       0xfd .\CortexM3\ARM_GCC_541\Debug\UART_FSKTx.a(SleepTimer.o)
 .debug_abbrev  0x00001f3d      0x173 .\CortexM3\ARM_GCC_541\Debug\UART_FSKTx.a(Sleep_ISR.o)
 .debug_abbrev  0x000020b0       0x14 .\CortexM3\ARM_GCC_541\Debug\UART_FSKTx.a(CyBootAsmGnu.o)
 .debug_abbrev  0x000020c4      0x121 .\CortexM3\ARM_GCC_541\Debug\UART_FSKTx.a(CyScBoostClk.o)
 .debug_abbrev  0x000021e5      0x198 .\CortexM3\ARM_GCC_541\Debug\UART_FSKTx.a(CyFlash.o)
 .debug_abbrev  0x0000237d      0x194 .\CortexM3\ARM_GCC_541\Debug\UART_FSKTx.a(CySpc.o)

.debug_line     0x00000000     0x34fe
 *(.debug_line)
 .debug_line    0x00000000      0x3e9 .\CortexM3\ARM_GCC_541\Debug\main.o
 .debug_line    0x000003e9      0x1fe .\CortexM3\ARM_GCC_541\Debug\cyfitter_cfg.o
 .debug_line    0x000005e7      0x141 .\CortexM3\ARM_GCC_541\Debug\cymetadata.o
 .debug_line    0x00000728      0x234 .\CortexM3\ARM_GCC_541\Debug\Cm3Start.o
 .debug_line    0x0000095c      0x2bc .\CortexM3\ARM_GCC_541\Debug\UART_FSKTx.a(UART.o)
 .debug_line    0x00000c18      0x18d .\CortexM3\ARM_GCC_541\Debug\UART_FSKTx.a(PWM_Modulator.o)
 .debug_line    0x00000da5       0xbd .\CortexM3\ARM_GCC_541\Debug\UART_FSKTx.a(PWM_Modulator_PM.o)
 .debug_line    0x00000e62      0x1dc .\CortexM3\ARM_GCC_541\Debug\UART_FSKTx.a(LCD.o)
 .debug_line    0x0000103e       0x99 .\CortexM3\ARM_GCC_541\Debug\UART_FSKTx.a(LCD_PM.o)
 .debug_line    0x000010d7      0x17b .\CortexM3\ARM_GCC_541\Debug\UART_FSKTx.a(PWM_Switch_Timer.o)
 .debug_line    0x00001252       0xbd .\CortexM3\ARM_GCC_541\Debug\UART_FSKTx.a(PWM_Switch_Timer_PM.o)
 .debug_line    0x0000130f      0x134 .\CortexM3\ARM_GCC_541\Debug\UART_FSKTx.a(isr_sec.o)
 .debug_line    0x00001443       0x98 .\CortexM3\ARM_GCC_541\Debug\UART_FSKTx.a(HighVoltage.o)
 .debug_line    0x000014db      0x188 .\CortexM3\ARM_GCC_541\Debug\UART_FSKTx.a(PWM_1.o)
 .debug_line    0x00001663       0xad .\CortexM3\ARM_GCC_541\Debug\UART_FSKTx.a(PWM_1_PM.o)
 .debug_line    0x00001710      0x188 .\CortexM3\ARM_GCC_541\Debug\UART_FSKTx.a(PWM_2.o)
 .debug_line    0x00001898       0xad .\CortexM3\ARM_GCC_541\Debug\UART_FSKTx.a(PWM_2_PM.o)
 .debug_line    0x00001945      0x188 .\CortexM3\ARM_GCC_541\Debug\UART_FSKTx.a(PWM_3.o)
 .debug_line    0x00001acd       0xad .\CortexM3\ARM_GCC_541\Debug\UART_FSKTx.a(PWM_3_PM.o)
 .debug_line    0x00001b7a       0x97 .\CortexM3\ARM_GCC_541\Debug\UART_FSKTx.a(SignalBase.o)
 .debug_line    0x00001c11      0x17c .\CortexM3\ARM_GCC_541\Debug\UART_FSKTx.a(UART_IntClock.o)
 .debug_line    0x00001d8d      0x854 .\CortexM3\ARM_GCC_541\Debug\UART_FSKTx.a(CyLib.o)
 .debug_line    0x000025e1      0x367 .\CortexM3\ARM_GCC_541\Debug\UART_FSKTx.a(cyPm.o)
 .debug_line    0x00002948      0x160 .\CortexM3\ARM_GCC_541\Debug\UART_FSKTx.a(checkWatchDogTimer.o)
 .debug_line    0x00002aa8       0xba .\CortexM3\ARM_GCC_541\Debug\UART_FSKTx.a(checkWatchDogTimer_PM.o)
 .debug_line    0x00002b62      0x13a .\CortexM3\ARM_GCC_541\Debug\UART_FSKTx.a(watchDogCheck.o)
 .debug_line    0x00002c9c      0x103 .\CortexM3\ARM_GCC_541\Debug\UART_FSKTx.a(SleepTimer.o)
 .debug_line    0x00002d9f      0x136 .\CortexM3\ARM_GCC_541\Debug\UART_FSKTx.a(Sleep_ISR.o)
 .debug_line    0x00002ed5       0x66 .\CortexM3\ARM_GCC_541\Debug\UART_FSKTx.a(CyBootAsmGnu.o)
 .debug_line    0x00002f3b      0x19e .\CortexM3\ARM_GCC_541\Debug\UART_FSKTx.a(CyScBoostClk.o)
 .debug_line    0x000030d9      0x1e9 .\CortexM3\ARM_GCC_541\Debug\UART_FSKTx.a(CyFlash.o)
 .debug_line    0x000032c2      0x23c .\CortexM3\ARM_GCC_541\Debug\UART_FSKTx.a(CySpc.o)

.debug_frame    0x00000000     0x278c
 *(.debug_frame)
 .debug_frame   0x00000000       0xf8 .\CortexM3\ARM_GCC_541\Debug\main.o
 .debug_frame   0x000000f8       0xe4 .\CortexM3\ARM_GCC_541\Debug\cyfitter_cfg.o
 .debug_frame   0x000001dc       0xb8 .\CortexM3\ARM_GCC_541\Debug\Cm3Start.o
 .debug_frame   0x00000294      0x250 .\CortexM3\ARM_GCC_541\Debug\UART_FSKTx.a(UART.o)
 .debug_frame   0x000004e4      0x134 .\CortexM3\ARM_GCC_541\Debug\UART_FSKTx.a(PWM_Modulator.o)
 .debug_frame   0x00000618       0x80 .\CortexM3\ARM_GCC_541\Debug\UART_FSKTx.a(PWM_Modulator_PM.o)
 .debug_frame   0x00000698      0x1e8 .\CortexM3\ARM_GCC_541\Debug\UART_FSKTx.a(LCD.o)
 .debug_frame   0x00000880       0x68 .\CortexM3\ARM_GCC_541\Debug\UART_FSKTx.a(LCD_PM.o)
 .debug_frame   0x000008e8      0x124 .\CortexM3\ARM_GCC_541\Debug\UART_FSKTx.a(PWM_Switch_Timer.o)
 .debug_frame   0x00000a0c       0x80 .\CortexM3\ARM_GCC_541\Debug\UART_FSKTx.a(PWM_Switch_Timer_PM.o)
 .debug_frame   0x00000a8c      0x104 .\CortexM3\ARM_GCC_541\Debug\UART_FSKTx.a(isr_sec.o)
 .debug_frame   0x00000b90       0x50 .\CortexM3\ARM_GCC_541\Debug\UART_FSKTx.a(HighVoltage.o)
 .debug_frame   0x00000be0      0x134 .\CortexM3\ARM_GCC_541\Debug\UART_FSKTx.a(PWM_1.o)
 .debug_frame   0x00000d14       0x80 .\CortexM3\ARM_GCC_541\Debug\UART_FSKTx.a(PWM_1_PM.o)
 .debug_frame   0x00000d94      0x134 .\CortexM3\ARM_GCC_541\Debug\UART_FSKTx.a(PWM_2.o)
 .debug_frame   0x00000ec8       0x80 .\CortexM3\ARM_GCC_541\Debug\UART_FSKTx.a(PWM_2_PM.o)
 .debug_frame   0x00000f48      0x134 .\CortexM3\ARM_GCC_541\Debug\UART_FSKTx.a(PWM_3.o)
 .debug_frame   0x0000107c       0x80 .\CortexM3\ARM_GCC_541\Debug\UART_FSKTx.a(PWM_3_PM.o)
 .debug_frame   0x000010fc       0x50 .\CortexM3\ARM_GCC_541\Debug\UART_FSKTx.a(SignalBase.o)
 .debug_frame   0x0000114c       0xe0 .\CortexM3\ARM_GCC_541\Debug\UART_FSKTx.a(UART_IntClock.o)
 .debug_frame   0x0000122c      0x754 .\CortexM3\ARM_GCC_541\Debug\UART_FSKTx.a(CyLib.o)
 .debug_frame   0x00001980      0x1f8 .\CortexM3\ARM_GCC_541\Debug\UART_FSKTx.a(cyPm.o)
 .debug_frame   0x00001b78      0x108 .\CortexM3\ARM_GCC_541\Debug\UART_FSKTx.a(checkWatchDogTimer.o)
 .debug_frame   0x00001c80       0x68 .\CortexM3\ARM_GCC_541\Debug\UART_FSKTx.a(checkWatchDogTimer_PM.o)
 .debug_frame   0x00001ce8      0x104 .\CortexM3\ARM_GCC_541\Debug\UART_FSKTx.a(watchDogCheck.o)
 .debug_frame   0x00001dec       0xe4 .\CortexM3\ARM_GCC_541\Debug\UART_FSKTx.a(SleepTimer.o)
 .debug_frame   0x00001ed0      0x104 .\CortexM3\ARM_GCC_541\Debug\UART_FSKTx.a(Sleep_ISR.o)
 .debug_frame   0x00001fd4      0x100 .\CortexM3\ARM_GCC_541\Debug\UART_FSKTx.a(CyScBoostClk.o)
 .debug_frame   0x000020d4      0x174 .\CortexM3\ARM_GCC_541\Debug\UART_FSKTx.a(CyFlash.o)
 .debug_frame   0x00002248      0x160 .\CortexM3\ARM_GCC_541\Debug\UART_FSKTx.a(CySpc.o)
 .debug_frame   0x000023a8       0x20 c:/program files (x86)/cypress/psoc creator/4.1/psoc creator/import/gnu/arm/5.4.1/bin/../lib/gcc/arm-none-eabi/5.4.1/../../../../arm-none-eabi/lib/armv7-m\libg_nano.a(lib_a-errno.o)
 .debug_frame   0x000023c8       0x28 c:/program files (x86)/cypress/psoc creator/4.1/psoc creator/import/gnu/arm/5.4.1/bin/../lib/gcc/arm-none-eabi/5.4.1/../../../../arm-none-eabi/lib/armv7-m\libg_nano.a(lib_a-exit.o)
 .debug_frame   0x000023f0       0x2c c:/program files (x86)/cypress/psoc creator/4.1/psoc creator/import/gnu/arm/5.4.1/bin/../lib/gcc/arm-none-eabi/5.4.1/../../../../arm-none-eabi/lib/armv7-m\libg_nano.a(lib_a-init.o)
 .debug_frame   0x0000241c       0x28 c:/program files (x86)/cypress/psoc creator/4.1/psoc creator/import/gnu/arm/5.4.1/bin/../lib/gcc/arm-none-eabi/5.4.1/../../../../arm-none-eabi/lib/armv7-m\libg_nano.a(lib_a-memcpy-stub.o)
 .debug_frame   0x00002444       0x20 c:/program files (x86)/cypress/psoc creator/4.1/psoc creator/import/gnu/arm/5.4.1/bin/../lib/gcc/arm-none-eabi/5.4.1/../../../../arm-none-eabi/lib/armv7-m\libg_nano.a(lib_a-memset.o)
 .debug_frame   0x00002464       0x70 c:/program files (x86)/cypress/psoc creator/4.1/psoc creator/import/gnu/arm/5.4.1/bin/../lib/gcc/arm-none-eabi/5.4.1/../../../../arm-none-eabi/lib/armv7-m\libg_nano.a(lib_a-sprintf.o)
 .debug_frame   0x000024d4       0x90 c:/program files (x86)/cypress/psoc creator/4.1/psoc creator/import/gnu/arm/5.4.1/bin/../lib/gcc/arm-none-eabi/5.4.1/../../../../arm-none-eabi/lib/armv7-m\libg_nano.a(lib_a-nano-svfprintf.o)
 .debug_frame   0x00002564       0x60 c:/program files (x86)/cypress/psoc creator/4.1/psoc creator/import/gnu/arm/5.4.1/bin/../lib/gcc/arm-none-eabi/5.4.1/../../../../arm-none-eabi/lib/armv7-m\libg_nano.a(lib_a-nano-vfprintf_i.o)
 .debug_frame   0x000025c4       0x28 c:/program files (x86)/cypress/psoc creator/4.1/psoc creator/import/gnu/arm/5.4.1/bin/../lib/gcc/arm-none-eabi/5.4.1/../../../../arm-none-eabi/lib/armv7-m\libg_nano.a(lib_a-memchr-stub.o)
 .debug_frame   0x000025ec       0x28 c:/program files (x86)/cypress/psoc creator/4.1/psoc creator/import/gnu/arm/5.4.1/bin/../lib/gcc/arm-none-eabi/5.4.1/../../../../arm-none-eabi/lib/armv7-m\libg_nano.a(lib_a-memmove.o)
 .debug_frame   0x00002614       0x38 c:/program files (x86)/cypress/psoc creator/4.1/psoc creator/import/gnu/arm/5.4.1/bin/../lib/gcc/arm-none-eabi/5.4.1/../../../../arm-none-eabi/lib/armv7-m\libg_nano.a(lib_a-nano-freer.o)
 .debug_frame   0x0000264c       0x2c c:/program files (x86)/cypress/psoc creator/4.1/psoc creator/import/gnu/arm/5.4.1/bin/../lib/gcc/arm-none-eabi/5.4.1/../../../../arm-none-eabi/lib/armv7-m\libg_nano.a(lib_a-nano-mallocr.o)
 .debug_frame   0x00002678       0x3c c:/program files (x86)/cypress/psoc creator/4.1/psoc creator/import/gnu/arm/5.4.1/bin/../lib/gcc/arm-none-eabi/5.4.1/../../../../arm-none-eabi/lib/armv7-m\libg_nano.a(lib_a-nano-reallocr.o)
 .debug_frame   0x000026b4       0x2c c:/program files (x86)/cypress/psoc creator/4.1/psoc creator/import/gnu/arm/5.4.1/bin/../lib/gcc/arm-none-eabi/5.4.1/../../../../arm-none-eabi/lib/armv7-m\libg_nano.a(lib_a-sbrkr.o)
 .debug_frame   0x000026e0       0x30 c:/program files (x86)/cypress/psoc creator/4.1/psoc creator/import/gnu/arm/5.4.1/bin/../lib/gcc/arm-none-eabi/5.4.1/../../../../arm-none-eabi/lib/armv7-m\libg_nano.a(lib_a-mlock.o)
 .debug_frame   0x00002710       0x20 c:/program files (x86)/cypress/psoc creator/4.1/psoc creator/import/gnu/arm/5.4.1/bin/../lib/gcc/arm-none-eabi/5.4.1/../../../../arm-none-eabi/lib/armv7-m\libg_nano.a(lib_a-nano-msizer.o)
 .debug_frame   0x00002730       0x5c c:/program files (x86)/cypress/psoc creator/4.1/psoc creator/import/gnu/arm/5.4.1/bin/../lib/gcc/arm-none-eabi/5.4.1/../../../../arm-none-eabi/lib/armv7-m\libg_nano.a(lib_a-reent.o)

.debug_str      0x00000000     0x2fac
 *(.debug_str)
 .debug_str     0x00000000      0x598 .\CortexM3\ARM_GCC_541\Debug\main.o
                                0x5f6 (size before relaxing)
 .debug_str     0x00000598      0x19e .\CortexM3\ARM_GCC_541\Debug\cyfitter_cfg.o
                                0x344 (size before relaxing)
 .debug_str     0x00000736       0x7f .\CortexM3\ARM_GCC_541\Debug\cymetadata.o
                                0x1e4 (size before relaxing)
 .debug_str     0x000007b5      0x144 .\CortexM3\ARM_GCC_541\Debug\Cm3Start.o
                                0x30a (size before relaxing)
 .debug_str     0x000008f9      0x2ba .\CortexM3\ARM_GCC_541\Debug\UART_FSKTx.a(UART.o)
                                0x475 (size before relaxing)
 .debug_str     0x00000bb3      0x1d2 .\CortexM3\ARM_GCC_541\Debug\UART_FSKTx.a(PWM_Modulator.o)
                                0x3e9 (size before relaxing)
 .debug_str     0x00000d85       0xd5 .\CortexM3\ARM_GCC_541\Debug\UART_FSKTx.a(PWM_Modulator_PM.o)
                                0x359 (size before relaxing)
 .debug_str     0x00000e5a      0x14d .\CortexM3\ARM_GCC_541\Debug\UART_FSKTx.a(LCD.o)
                                0x32b (size before relaxing)
 .debug_str     0x00000fa7       0x5e .\CortexM3\ARM_GCC_541\Debug\UART_FSKTx.a(LCD_PM.o)
                                0x20f (size before relaxing)
 .debug_str     0x00001005      0x1ef .\CortexM3\ARM_GCC_541\Debug\UART_FSKTx.a(PWM_Switch_Timer.o)
                                0x401 (size before relaxing)
 .debug_str     0x000011f4       0xcd .\CortexM3\ARM_GCC_541\Debug\UART_FSKTx.a(PWM_Switch_Timer_PM.o)
                                0x350 (size before relaxing)
 .debug_str     0x000012c1      0x10a .\CortexM3\ARM_GCC_541\Debug\UART_FSKTx.a(isr_sec.o)
                                0x2c2 (size before relaxing)
 .debug_str     0x000013cb       0x77 .\CortexM3\ARM_GCC_541\Debug\UART_FSKTx.a(HighVoltage.o)
                                0x200 (size before relaxing)
 .debug_str     0x00001442      0x134 .\CortexM3\ARM_GCC_541\Debug\UART_FSKTx.a(PWM_1.o)
                                0x35e (size before relaxing)
 .debug_str     0x00001576       0x67 .\CortexM3\ARM_GCC_541\Debug\UART_FSKTx.a(PWM_1_PM.o)
                                0x2e8 (size before relaxing)
 .debug_str     0x000015dd      0x134 .\CortexM3\ARM_GCC_541\Debug\UART_FSKTx.a(PWM_2.o)
                                0x35e (size before relaxing)
 .debug_str     0x00001711       0x67 .\CortexM3\ARM_GCC_541\Debug\UART_FSKTx.a(PWM_2_PM.o)
                                0x2e8 (size before relaxing)
 .debug_str     0x00001778      0x134 .\CortexM3\ARM_GCC_541\Debug\UART_FSKTx.a(PWM_3.o)
                                0x35e (size before relaxing)
 .debug_str     0x000018ac       0x67 .\CortexM3\ARM_GCC_541\Debug\UART_FSKTx.a(PWM_3_PM.o)
                                0x2e8 (size before relaxing)
 .debug_str     0x00001913       0x63 .\CortexM3\ARM_GCC_541\Debug\UART_FSKTx.a(SignalBase.o)
                                0x1fb (size before relaxing)
 .debug_str     0x00001976      0x183 .\CortexM3\ARM_GCC_541\Debug\UART_FSKTx.a(UART_IntClock.o)
                                0x336 (size before relaxing)
 .debug_str     0x00001af9      0x807 .\CortexM3\ARM_GCC_541\Debug\UART_FSKTx.a(CyLib.o)
                                0xa90 (size before relaxing)
 .debug_str     0x00002300      0x344 .\CortexM3\ARM_GCC_541\Debug\UART_FSKTx.a(cyPm.o)
                                0x733 (size before relaxing)
 .debug_str     0x00002644      0x1f4 .\CortexM3\ARM_GCC_541\Debug\UART_FSKTx.a(checkWatchDogTimer.o)
                                0x3c5 (size before relaxing)
 .debug_str     0x00002838       0xa8 .\CortexM3\ARM_GCC_541\Debug\UART_FSKTx.a(checkWatchDogTimer_PM.o)
                                0x2a4 (size before relaxing)
 .debug_str     0x000028e0      0x140 .\CortexM3\ARM_GCC_541\Debug\UART_FSKTx.a(watchDogCheck.o)
                                0x316 (size before relaxing)
 .debug_str     0x00002a20       0xc5 .\CortexM3\ARM_GCC_541\Debug\UART_FSKTx.a(SleepTimer.o)
                                0x2ab (size before relaxing)
 .debug_str     0x00002ae5      0x10c .\CortexM3\ARM_GCC_541\Debug\UART_FSKTx.a(Sleep_ISR.o)
                                0x2de (size before relaxing)
 .debug_str     0x00002bf1      0x173 .\CortexM3\ARM_GCC_541\Debug\UART_FSKTx.a(CyScBoostClk.o)
                                0x36f (size before relaxing)
 .debug_str     0x00002d64      0x19c .\CortexM3\ARM_GCC_541\Debug\UART_FSKTx.a(CyFlash.o)
                                0x3a1 (size before relaxing)
 .debug_str     0x00002f00       0xac .\CortexM3\ARM_GCC_541\Debug\UART_FSKTx.a(CySpc.o)
                                0x32a (size before relaxing)

.debug_loc      0x00000000     0x25a7
 *(.debug_loc)
 .debug_loc     0x00000000      0x160 .\CortexM3\ARM_GCC_541\Debug\main.o
 .debug_loc     0x00000160      0x259 .\CortexM3\ARM_GCC_541\Debug\cyfitter_cfg.o
 .debug_loc     0x000003b9      0x144 .\CortexM3\ARM_GCC_541\Debug\Cm3Start.o
 .debug_loc     0x000004fd      0x258 .\CortexM3\ARM_GCC_541\Debug\UART_FSKTx.a(UART.o)
 .debug_loc     0x00000755       0x26 .\CortexM3\ARM_GCC_541\Debug\UART_FSKTx.a(PWM_Modulator.o)
 .debug_loc     0x0000077b      0x3c6 .\CortexM3\ARM_GCC_541\Debug\UART_FSKTx.a(LCD.o)
 .debug_loc     0x00000b41       0x13 .\CortexM3\ARM_GCC_541\Debug\UART_FSKTx.a(PWM_Switch_Timer.o)
 .debug_loc     0x00000b54       0x56 .\CortexM3\ARM_GCC_541\Debug\UART_FSKTx.a(isr_sec.o)
 .debug_loc     0x00000baa       0x42 .\CortexM3\ARM_GCC_541\Debug\UART_FSKTx.a(HighVoltage.o)
 .debug_loc     0x00000bec       0x26 .\CortexM3\ARM_GCC_541\Debug\UART_FSKTx.a(PWM_1.o)
 .debug_loc     0x00000c12       0x26 .\CortexM3\ARM_GCC_541\Debug\UART_FSKTx.a(PWM_2.o)
 .debug_loc     0x00000c38       0x26 .\CortexM3\ARM_GCC_541\Debug\UART_FSKTx.a(PWM_3.o)
 .debug_loc     0x00000c5e       0x42 .\CortexM3\ARM_GCC_541\Debug\UART_FSKTx.a(SignalBase.o)
 .debug_loc     0x00000ca0      0x128 .\CortexM3\ARM_GCC_541\Debug\UART_FSKTx.a(UART_IntClock.o)
 .debug_loc     0x00000dc8      0xa4b .\CortexM3\ARM_GCC_541\Debug\UART_FSKTx.a(CyLib.o)
 .debug_loc     0x00001813      0x1e4 .\CortexM3\ARM_GCC_541\Debug\UART_FSKTx.a(cyPm.o)
 .debug_loc     0x000019f7       0x56 .\CortexM3\ARM_GCC_541\Debug\UART_FSKTx.a(watchDogCheck.o)
 .debug_loc     0x00001a4d       0x78 .\CortexM3\ARM_GCC_541\Debug\UART_FSKTx.a(SleepTimer.o)
 .debug_loc     0x00001ac5       0x56 .\CortexM3\ARM_GCC_541\Debug\UART_FSKTx.a(Sleep_ISR.o)
 .debug_loc     0x00001b1b      0x14d .\CortexM3\ARM_GCC_541\Debug\UART_FSKTx.a(CyScBoostClk.o)
 .debug_loc     0x00001c68      0x2f2 .\CortexM3\ARM_GCC_541\Debug\UART_FSKTx.a(CyFlash.o)
 .debug_loc     0x00001f5a      0x64d .\CortexM3\ARM_GCC_541\Debug\UART_FSKTx.a(CySpc.o)

.debug_macinfo
 *(.debug_macinfo)

.debug_ranges   0x00000000      0xd18
 *(.debug_ranges)
 .debug_ranges  0x00000000       0x50 .\CortexM3\ARM_GCC_541\Debug\main.o
 .debug_ranges  0x00000050       0x48 .\CortexM3\ARM_GCC_541\Debug\cyfitter_cfg.o
 .debug_ranges  0x00000098       0x38 .\CortexM3\ARM_GCC_541\Debug\Cm3Start.o
 .debug_ranges  0x000000d0       0xe0 .\CortexM3\ARM_GCC_541\Debug\UART_FSKTx.a(UART.o)
 .debug_ranges  0x000001b0       0x88 .\CortexM3\ARM_GCC_541\Debug\UART_FSKTx.a(PWM_Modulator.o)
 .debug_ranges  0x00000238       0x28 .\CortexM3\ARM_GCC_541\Debug\UART_FSKTx.a(PWM_Modulator_PM.o)
 .debug_ranges  0x00000260       0x88 .\CortexM3\ARM_GCC_541\Debug\UART_FSKTx.a(LCD.o)
 .debug_ranges  0x000002e8       0x28 .\CortexM3\ARM_GCC_541\Debug\UART_FSKTx.a(LCD_PM.o)
 .debug_ranges  0x00000310       0x80 .\CortexM3\ARM_GCC_541\Debug\UART_FSKTx.a(PWM_Switch_Timer.o)
 .debug_ranges  0x00000390       0x28 .\CortexM3\ARM_GCC_541\Debug\UART_FSKTx.a(PWM_Switch_Timer_PM.o)
 .debug_ranges  0x000003b8       0x70 .\CortexM3\ARM_GCC_541\Debug\UART_FSKTx.a(isr_sec.o)
 .debug_ranges  0x00000428       0x28 .\CortexM3\ARM_GCC_541\Debug\UART_FSKTx.a(HighVoltage.o)
 .debug_ranges  0x00000450       0x88 .\CortexM3\ARM_GCC_541\Debug\UART_FSKTx.a(PWM_1.o)
 .debug_ranges  0x000004d8       0x28 .\CortexM3\ARM_GCC_541\Debug\UART_FSKTx.a(PWM_1_PM.o)
 .debug_ranges  0x00000500       0x88 .\CortexM3\ARM_GCC_541\Debug\UART_FSKTx.a(PWM_2.o)
 .debug_ranges  0x00000588       0x28 .\CortexM3\ARM_GCC_541\Debug\UART_FSKTx.a(PWM_2_PM.o)
 .debug_ranges  0x000005b0       0x88 .\CortexM3\ARM_GCC_541\Debug\UART_FSKTx.a(PWM_3.o)
 .debug_ranges  0x00000638       0x28 .\CortexM3\ARM_GCC_541\Debug\UART_FSKTx.a(PWM_3_PM.o)
 .debug_ranges  0x00000660       0x28 .\CortexM3\ARM_GCC_541\Debug\UART_FSKTx.a(SignalBase.o)
 .debug_ranges  0x00000688       0x60 .\CortexM3\ARM_GCC_541\Debug\UART_FSKTx.a(UART_IntClock.o)
 .debug_ranges  0x000006e8      0x298 .\CortexM3\ARM_GCC_541\Debug\UART_FSKTx.a(CyLib.o)
 .debug_ranges  0x00000980       0x88 .\CortexM3\ARM_GCC_541\Debug\UART_FSKTx.a(cyPm.o)
 .debug_ranges  0x00000a08       0x78 .\CortexM3\ARM_GCC_541\Debug\UART_FSKTx.a(checkWatchDogTimer.o)
 .debug_ranges  0x00000a80       0x28 .\CortexM3\ARM_GCC_541\Debug\UART_FSKTx.a(checkWatchDogTimer_PM.o)
 .debug_ranges  0x00000aa8       0x70 .\CortexM3\ARM_GCC_541\Debug\UART_FSKTx.a(watchDogCheck.o)
 .debug_ranges  0x00000b18       0x48 .\CortexM3\ARM_GCC_541\Debug\UART_FSKTx.a(SleepTimer.o)
 .debug_ranges  0x00000b60       0x70 .\CortexM3\ARM_GCC_541\Debug\UART_FSKTx.a(Sleep_ISR.o)
 .debug_ranges  0x00000bd0       0x70 .\CortexM3\ARM_GCC_541\Debug\UART_FSKTx.a(CyScBoostClk.o)
 .debug_ranges  0x00000c40       0x70 .\CortexM3\ARM_GCC_541\Debug\UART_FSKTx.a(CyFlash.o)
 .debug_ranges  0x00000cb0       0x68 .\CortexM3\ARM_GCC_541\Debug\UART_FSKTx.a(CySpc.o)

.comment        0x00000000       0x6e
 .comment       0x00000000       0x6e .\CortexM3\ARM_GCC_541\Debug\main.o
                                 0x6f (size before relaxing)
 .comment       0x0000006e       0x6f .\CortexM3\ARM_GCC_541\Debug\cyfitter_cfg.o
 .comment       0x0000006e       0x6f .\CortexM3\ARM_GCC_541\Debug\cymetadata.o
 .comment       0x0000006e       0x6f .\CortexM3\ARM_GCC_541\Debug\Cm3Start.o
 .comment       0x0000006e       0x6f .\CortexM3\ARM_GCC_541\Debug\UART_FSKTx.a(UART.o)
 .comment       0x0000006e       0x6f .\CortexM3\ARM_GCC_541\Debug\UART_FSKTx.a(PWM_Modulator.o)
 .comment       0x0000006e       0x6f .\CortexM3\ARM_GCC_541\Debug\UART_FSKTx.a(PWM_Modulator_PM.o)
 .comment       0x0000006e       0x6f .\CortexM3\ARM_GCC_541\Debug\UART_FSKTx.a(LCD.o)
 .comment       0x0000006e       0x6f .\CortexM3\ARM_GCC_541\Debug\UART_FSKTx.a(LCD_PM.o)
 .comment       0x0000006e       0x6f .\CortexM3\ARM_GCC_541\Debug\UART_FSKTx.a(PWM_Switch_Timer.o)
 .comment       0x0000006e       0x6f .\CortexM3\ARM_GCC_541\Debug\UART_FSKTx.a(PWM_Switch_Timer_PM.o)
 .comment       0x0000006e       0x6f .\CortexM3\ARM_GCC_541\Debug\UART_FSKTx.a(isr_sec.o)
 .comment       0x0000006e       0x6f .\CortexM3\ARM_GCC_541\Debug\UART_FSKTx.a(HighVoltage.o)
 .comment       0x0000006e       0x6f .\CortexM3\ARM_GCC_541\Debug\UART_FSKTx.a(PWM_1.o)
 .comment       0x0000006e       0x6f .\CortexM3\ARM_GCC_541\Debug\UART_FSKTx.a(PWM_1_PM.o)
 .comment       0x0000006e       0x6f .\CortexM3\ARM_GCC_541\Debug\UART_FSKTx.a(PWM_2.o)
 .comment       0x0000006e       0x6f .\CortexM3\ARM_GCC_541\Debug\UART_FSKTx.a(PWM_2_PM.o)
 .comment       0x0000006e       0x6f .\CortexM3\ARM_GCC_541\Debug\UART_FSKTx.a(PWM_3.o)
 .comment       0x0000006e       0x6f .\CortexM3\ARM_GCC_541\Debug\UART_FSKTx.a(PWM_3_PM.o)
 .comment       0x0000006e       0x6f .\CortexM3\ARM_GCC_541\Debug\UART_FSKTx.a(SignalBase.o)
 .comment       0x0000006e       0x6f .\CortexM3\ARM_GCC_541\Debug\UART_FSKTx.a(UART_IntClock.o)
 .comment       0x0000006e       0x6f .\CortexM3\ARM_GCC_541\Debug\UART_FSKTx.a(CyLib.o)
 .comment       0x0000006e       0x6f .\CortexM3\ARM_GCC_541\Debug\UART_FSKTx.a(cyPm.o)
 .comment       0x0000006e       0x6f .\CortexM3\ARM_GCC_541\Debug\UART_FSKTx.a(checkWatchDogTimer.o)
 .comment       0x0000006e       0x6f .\CortexM3\ARM_GCC_541\Debug\UART_FSKTx.a(checkWatchDogTimer_PM.o)
 .comment       0x0000006e       0x6f .\CortexM3\ARM_GCC_541\Debug\UART_FSKTx.a(watchDogCheck.o)
 .comment       0x0000006e       0x6f .\CortexM3\ARM_GCC_541\Debug\UART_FSKTx.a(SleepTimer.o)
 .comment       0x0000006e       0x6f .\CortexM3\ARM_GCC_541\Debug\UART_FSKTx.a(Sleep_ISR.o)
 .comment       0x0000006e       0x6f .\CortexM3\ARM_GCC_541\Debug\UART_FSKTx.a(CyScBoostClk.o)
 .comment       0x0000006e       0x6f .\CortexM3\ARM_GCC_541\Debug\UART_FSKTx.a(CyFlash.o)
 .comment       0x0000006e       0x6f .\CortexM3\ARM_GCC_541\Debug\UART_FSKTx.a(CySpc.o)

.debug_weaknames
 *(.debug_weaknames)

.debug_funcnames
 *(.debug_funcnames)

.debug_typenames
 *(.debug_typenames)

.debug_varnames
 *(.debug_varnames)

.note.gnu.arm.ident
 *(.note.gnu.arm.ident)

.ARM.attributes
                0x00000000       0x29
 *(.ARM.attributes)
 .ARM.attributes
                0x00000000       0x1d c:/program files (x86)/cypress/psoc creator/4.1/psoc creator/import/gnu/arm/5.4.1/bin/../lib/gcc/arm-none-eabi/5.4.1/armv7-m/crti.o
 .ARM.attributes
                0x0000001d       0x2d c:/program files (x86)/cypress/psoc creator/4.1/psoc creator/import/gnu/arm/5.4.1/bin/../lib/gcc/arm-none-eabi/5.4.1/armv7-m/crtbegin.o
 .ARM.attributes
                0x0000004a       0x1b c:/program files (x86)/cypress/psoc creator/4.1/psoc creator/import/gnu/arm/5.4.1/bin/../lib/gcc/arm-none-eabi/5.4.1/../../../../arm-none-eabi/lib/armv7-m/crt0.o
 .ARM.attributes
                0x00000065       0x33 .\CortexM3\ARM_GCC_541\Debug\main.o
 .ARM.attributes
                0x00000098       0x33 .\CortexM3\ARM_GCC_541\Debug\cyfitter_cfg.o
 .ARM.attributes
                0x000000cb       0x33 .\CortexM3\ARM_GCC_541\Debug\cymetadata.o
 .ARM.attributes
                0x000000fe       0x33 .\CortexM3\ARM_GCC_541\Debug\Cm3Start.o
 .ARM.attributes
                0x00000131       0x33 .\CortexM3\ARM_GCC_541\Debug\UART_FSKTx.a(UART.o)
 .ARM.attributes
                0x00000164       0x33 .\CortexM3\ARM_GCC_541\Debug\UART_FSKTx.a(PWM_Modulator.o)
 .ARM.attributes
                0x00000197       0x33 .\CortexM3\ARM_GCC_541\Debug\UART_FSKTx.a(PWM_Modulator_PM.o)
 .ARM.attributes
                0x000001ca       0x33 .\CortexM3\ARM_GCC_541\Debug\UART_FSKTx.a(LCD.o)
 .ARM.attributes
                0x000001fd       0x33 .\CortexM3\ARM_GCC_541\Debug\UART_FSKTx.a(LCD_PM.o)
 .ARM.attributes
                0x00000230       0x33 .\CortexM3\ARM_GCC_541\Debug\UART_FSKTx.a(PWM_Switch_Timer.o)
 .ARM.attributes
                0x00000263       0x33 .\CortexM3\ARM_GCC_541\Debug\UART_FSKTx.a(PWM_Switch_Timer_PM.o)
 .ARM.attributes
                0x00000296       0x33 .\CortexM3\ARM_GCC_541\Debug\UART_FSKTx.a(isr_sec.o)
 .ARM.attributes
                0x000002c9       0x33 .\CortexM3\ARM_GCC_541\Debug\UART_FSKTx.a(HighVoltage.o)
 .ARM.attributes
                0x000002fc       0x33 .\CortexM3\ARM_GCC_541\Debug\UART_FSKTx.a(PWM_1.o)
 .ARM.attributes
                0x0000032f       0x33 .\CortexM3\ARM_GCC_541\Debug\UART_FSKTx.a(PWM_1_PM.o)
 .ARM.attributes
                0x00000362       0x33 .\CortexM3\ARM_GCC_541\Debug\UART_FSKTx.a(PWM_2.o)
 .ARM.attributes
                0x00000395       0x33 .\CortexM3\ARM_GCC_541\Debug\UART_FSKTx.a(PWM_2_PM.o)
 .ARM.attributes
                0x000003c8       0x33 .\CortexM3\ARM_GCC_541\Debug\UART_FSKTx.a(PWM_3.o)
 .ARM.attributes
                0x000003fb       0x33 .\CortexM3\ARM_GCC_541\Debug\UART_FSKTx.a(PWM_3_PM.o)
 .ARM.attributes
                0x0000042e       0x33 .\CortexM3\ARM_GCC_541\Debug\UART_FSKTx.a(SignalBase.o)
 .ARM.attributes
                0x00000461       0x33 .\CortexM3\ARM_GCC_541\Debug\UART_FSKTx.a(UART_IntClock.o)
 .ARM.attributes
                0x00000494       0x33 .\CortexM3\ARM_GCC_541\Debug\UART_FSKTx.a(CyLib.o)
 .ARM.attributes
                0x000004c7       0x33 .\CortexM3\ARM_GCC_541\Debug\UART_FSKTx.a(cyPm.o)
 .ARM.attributes
                0x000004fa       0x33 .\CortexM3\ARM_GCC_541\Debug\UART_FSKTx.a(checkWatchDogTimer.o)
 .ARM.attributes
                0x0000052d       0x33 .\CortexM3\ARM_GCC_541\Debug\UART_FSKTx.a(checkWatchDogTimer_PM.o)
 .ARM.attributes
                0x00000560       0x33 .\CortexM3\ARM_GCC_541\Debug\UART_FSKTx.a(watchDogCheck.o)
 .ARM.attributes
                0x00000593       0x33 .\CortexM3\ARM_GCC_541\Debug\UART_FSKTx.a(SleepTimer.o)
 .ARM.attributes
                0x000005c6       0x33 .\CortexM3\ARM_GCC_541\Debug\UART_FSKTx.a(Sleep_ISR.o)
 .ARM.attributes
                0x000005f9       0x21 .\CortexM3\ARM_GCC_541\Debug\UART_FSKTx.a(CyBootAsmGnu.o)
 .ARM.attributes
                0x0000061a       0x33 .\CortexM3\ARM_GCC_541\Debug\UART_FSKTx.a(CyScBoostClk.o)
 .ARM.attributes
                0x0000064d       0x33 .\CortexM3\ARM_GCC_541\Debug\UART_FSKTx.a(CyFlash.o)
 .ARM.attributes
                0x00000680       0x33 .\CortexM3\ARM_GCC_541\Debug\UART_FSKTx.a(CySpc.o)
 .ARM.attributes
                0x000006b3       0x2d c:/program files (x86)/cypress/psoc creator/4.1/psoc creator/import/gnu/arm/5.4.1/bin/../lib/gcc/arm-none-eabi/5.4.1/../../../../arm-none-eabi/lib/armv7-m\libg_nano.a(lib_a-errno.o)
 .ARM.attributes
                0x000006e0       0x2d c:/program files (x86)/cypress/psoc creator/4.1/psoc creator/import/gnu/arm/5.4.1/bin/../lib/gcc/arm-none-eabi/5.4.1/../../../../arm-none-eabi/lib/armv7-m\libg_nano.a(lib_a-exit.o)
 .ARM.attributes
                0x0000070d       0x2d c:/program files (x86)/cypress/psoc creator/4.1/psoc creator/import/gnu/arm/5.4.1/bin/../lib/gcc/arm-none-eabi/5.4.1/../../../../arm-none-eabi/lib/armv7-m\libg_nano.a(lib_a-impure.o)
 .ARM.attributes
                0x0000073a       0x2d c:/program files (x86)/cypress/psoc creator/4.1/psoc creator/import/gnu/arm/5.4.1/bin/../lib/gcc/arm-none-eabi/5.4.1/../../../../arm-none-eabi/lib/armv7-m\libg_nano.a(lib_a-init.o)
 .ARM.attributes
                0x00000767       0x2d c:/program files (x86)/cypress/psoc creator/4.1/psoc creator/import/gnu/arm/5.4.1/bin/../lib/gcc/arm-none-eabi/5.4.1/../../../../arm-none-eabi/lib/armv7-m\libg_nano.a(lib_a-memcpy-stub.o)
 .ARM.attributes
                0x00000794       0x2d c:/program files (x86)/cypress/psoc creator/4.1/psoc creator/import/gnu/arm/5.4.1/bin/../lib/gcc/arm-none-eabi/5.4.1/../../../../arm-none-eabi/lib/armv7-m\libg_nano.a(lib_a-memset.o)
 .ARM.attributes
                0x000007c1       0x2d c:/program files (x86)/cypress/psoc creator/4.1/psoc creator/import/gnu/arm/5.4.1/bin/../lib/gcc/arm-none-eabi/5.4.1/../../../../arm-none-eabi/lib/armv7-m\libg_nano.a(lib_a-sprintf.o)
 .ARM.attributes
                0x000007ee       0x2d c:/program files (x86)/cypress/psoc creator/4.1/psoc creator/import/gnu/arm/5.4.1/bin/../lib/gcc/arm-none-eabi/5.4.1/../../../../arm-none-eabi/lib/armv7-m\libg_nano.a(lib_a-nano-svfprintf.o)
 .ARM.attributes
                0x0000081b       0x2d c:/program files (x86)/cypress/psoc creator/4.1/psoc creator/import/gnu/arm/5.4.1/bin/../lib/gcc/arm-none-eabi/5.4.1/../../../../arm-none-eabi/lib/armv7-m\libg_nano.a(lib_a-nano-vfprintf_i.o)
 .ARM.attributes
                0x00000848       0x2d c:/program files (x86)/cypress/psoc creator/4.1/psoc creator/import/gnu/arm/5.4.1/bin/../lib/gcc/arm-none-eabi/5.4.1/../../../../arm-none-eabi/lib/armv7-m\libg_nano.a(lib_a-memchr-stub.o)
 .ARM.attributes
                0x00000875       0x2d c:/program files (x86)/cypress/psoc creator/4.1/psoc creator/import/gnu/arm/5.4.1/bin/../lib/gcc/arm-none-eabi/5.4.1/../../../../arm-none-eabi/lib/armv7-m\libg_nano.a(lib_a-memmove.o)
 .ARM.attributes
                0x000008a2       0x2d c:/program files (x86)/cypress/psoc creator/4.1/psoc creator/import/gnu/arm/5.4.1/bin/../lib/gcc/arm-none-eabi/5.4.1/../../../../arm-none-eabi/lib/armv7-m\libg_nano.a(lib_a-nano-freer.o)
 .ARM.attributes
                0x000008cf       0x2d c:/program files (x86)/cypress/psoc creator/4.1/psoc creator/import/gnu/arm/5.4.1/bin/../lib/gcc/arm-none-eabi/5.4.1/../../../../arm-none-eabi/lib/armv7-m\libg_nano.a(lib_a-nano-mallocr.o)
 .ARM.attributes
                0x000008fc       0x2d c:/program files (x86)/cypress/psoc creator/4.1/psoc creator/import/gnu/arm/5.4.1/bin/../lib/gcc/arm-none-eabi/5.4.1/../../../../arm-none-eabi/lib/armv7-m\libg_nano.a(lib_a-nano-reallocr.o)
 .ARM.attributes
                0x00000929       0x2d c:/program files (x86)/cypress/psoc creator/4.1/psoc creator/import/gnu/arm/5.4.1/bin/../lib/gcc/arm-none-eabi/5.4.1/../../../../arm-none-eabi/lib/armv7-m\libg_nano.a(lib_a-sbrkr.o)
 .ARM.attributes
                0x00000956       0x2d c:/program files (x86)/cypress/psoc creator/4.1/psoc creator/import/gnu/arm/5.4.1/bin/../lib/gcc/arm-none-eabi/5.4.1/../../../../arm-none-eabi/lib/armv7-m\libg_nano.a(lib_a-mlock.o)
 .ARM.attributes
                0x00000983       0x2d c:/program files (x86)/cypress/psoc creator/4.1/psoc creator/import/gnu/arm/5.4.1/bin/../lib/gcc/arm-none-eabi/5.4.1/../../../../arm-none-eabi/lib/armv7-m\libg_nano.a(lib_a-nano-msizer.o)
 .ARM.attributes
                0x000009b0       0x2d c:/program files (x86)/cypress/psoc creator/4.1/psoc creator/import/gnu/arm/5.4.1/bin/../lib/gcc/arm-none-eabi/5.4.1/../../../../arm-none-eabi/lib/armv7-m\libg_nano.a(lib_a-reent.o)
 .ARM.attributes
                0x000009dd       0x2d c:/program files (x86)/cypress/psoc creator/4.1/psoc creator/import/gnu/arm/5.4.1/bin/../lib/gcc/arm-none-eabi/5.4.1/armv7-m/crtend.o
 .ARM.attributes
                0x00000a0a       0x1d c:/program files (x86)/cypress/psoc creator/4.1/psoc creator/import/gnu/arm/5.4.1/bin/../lib/gcc/arm-none-eabi/5.4.1/armv7-m/crtn.o

/DISCARD/
 *(.note.GNU-stack)
OUTPUT(C:\Users\sdysart\Documents\UACS\UACS\HighFreqFSK\UART_FSKTx.cydsn\CortexM3\ARM_GCC_541\Debug\UART_FSKTx.elf elf32-littlearm)
