Archive member included to satisfy reference by file (symbol)

.\CortexM3\ARM_GCC_541\Debug\UART_FSKTx.a(UART.o)
                              .\CortexM3\ARM_GCC_541\Debug\main.o (UART_Start)
.\CortexM3\ARM_GCC_541\Debug\UART_FSKTx.a(UART_PM.o)
                              .\CortexM3\ARM_GCC_541\Debug\main.o (UART_Sleep)
.\CortexM3\ARM_GCC_541\Debug\UART_FSKTx.a(PWM_Modulator.o)
                              .\CortexM3\ARM_GCC_541\Debug\main.o (PWM_Modulator_Stop)
.\CortexM3\ARM_GCC_541\Debug\UART_FSKTx.a(PWM_Modulator_PM.o)
                              .\CortexM3\ARM_GCC_541\Debug\main.o (PWM_Modulator_Sleep)
.\CortexM3\ARM_GCC_541\Debug\UART_FSKTx.a(LCD.o)
                              .\CortexM3\ARM_GCC_541\Debug\main.o (LCD_PrintString)
.\CortexM3\ARM_GCC_541\Debug\UART_FSKTx.a(LCD_PM.o)
                              .\CortexM3\ARM_GCC_541\Debug\main.o (LCD_Sleep)
.\CortexM3\ARM_GCC_541\Debug\UART_FSKTx.a(PWM_Switch_Timer.o)
                              .\CortexM3\ARM_GCC_541\Debug\main.o (PWM_Switch_Timer_Stop)
.\CortexM3\ARM_GCC_541\Debug\UART_FSKTx.a(PWM_Switch_Timer_PM.o)
                              .\CortexM3\ARM_GCC_541\Debug\main.o (PWM_Switch_Timer_Sleep)
.\CortexM3\ARM_GCC_541\Debug\UART_FSKTx.a(isr_sec.o)
                              .\CortexM3\ARM_GCC_541\Debug\main.o (isr_sec_StartEx)
.\CortexM3\ARM_GCC_541\Debug\UART_FSKTx.a(HighVoltage.o)
                              .\CortexM3\ARM_GCC_541\Debug\main.o (HighVoltage_Write)
.\CortexM3\ARM_GCC_541\Debug\UART_FSKTx.a(PWM_1.o)
                              .\CortexM3\ARM_GCC_541\Debug\main.o (PWM_1_WritePeriod)
.\CortexM3\ARM_GCC_541\Debug\UART_FSKTx.a(PWM_1_PM.o)
                              .\CortexM3\ARM_GCC_541\Debug\main.o (PWM_1_Sleep)
.\CortexM3\ARM_GCC_541\Debug\UART_FSKTx.a(PWM_2.o)
                              .\CortexM3\ARM_GCC_541\Debug\main.o (PWM_2_WritePeriod)
.\CortexM3\ARM_GCC_541\Debug\UART_FSKTx.a(PWM_2_PM.o)
                              .\CortexM3\ARM_GCC_541\Debug\main.o (PWM_2_Sleep)
.\CortexM3\ARM_GCC_541\Debug\UART_FSKTx.a(PWM_3.o)
                              .\CortexM3\ARM_GCC_541\Debug\main.o (PWM_3_WritePeriod)
.\CortexM3\ARM_GCC_541\Debug\UART_FSKTx.a(PWM_3_PM.o)
                              .\CortexM3\ARM_GCC_541\Debug\main.o (PWM_3_Sleep)
.\CortexM3\ARM_GCC_541\Debug\UART_FSKTx.a(SignalBase.o)
                              .\CortexM3\ARM_GCC_541\Debug\main.o (SignalBase_Write)
.\CortexM3\ARM_GCC_541\Debug\UART_FSKTx.a(UART_IntClock.o)
                              .\CortexM3\ARM_GCC_541\Debug\UART_FSKTx.a(UART.o) (UART_IntClock_Start)
.\CortexM3\ARM_GCC_541\Debug\UART_FSKTx.a(CyLib.o)
                              .\CortexM3\ARM_GCC_541\Debug\Cm3Start.o (CyHalt)
.\CortexM3\ARM_GCC_541\Debug\UART_FSKTx.a(cyPm.o)
                              .\CortexM3\ARM_GCC_541\Debug\main.o (CyPmSaveClocks)
.\CortexM3\ARM_GCC_541\Debug\UART_FSKTx.a(checkWatchDogTimer.o)
                              .\CortexM3\ARM_GCC_541\Debug\main.o (checkWatchDogTimer_Start)
.\CortexM3\ARM_GCC_541\Debug\UART_FSKTx.a(checkWatchDogTimer_PM.o)
                              .\CortexM3\ARM_GCC_541\Debug\main.o (checkWatchDogTimer_Sleep)
.\CortexM3\ARM_GCC_541\Debug\UART_FSKTx.a(watchDogCheck.o)
                              .\CortexM3\ARM_GCC_541\Debug\main.o (watchDogCheck_StartEx)
.\CortexM3\ARM_GCC_541\Debug\UART_FSKTx.a(SleepTimer.o)
                              .\CortexM3\ARM_GCC_541\Debug\main.o (SleepTimer_Stop)
.\CortexM3\ARM_GCC_541\Debug\UART_FSKTx.a(Sleep_ISR.o)
                              .\CortexM3\ARM_GCC_541\Debug\main.o (Sleep_ISR_StartEx)
.\CortexM3\ARM_GCC_541\Debug\UART_FSKTx.a(sleepToggle.o)
                              .\CortexM3\ARM_GCC_541\Debug\main.o (sleepToggle_Write)
.\CortexM3\ARM_GCC_541\Debug\UART_FSKTx.a(CyBootAsmGnu.o)
                              .\CortexM3\ARM_GCC_541\Debug\cyfitter_cfg.o (CyDelayCycles)
.\CortexM3\ARM_GCC_541\Debug\UART_FSKTx.a(CyScBoostClk.o)
                              .\CortexM3\ARM_GCC_541\Debug\UART_FSKTx.a(CyLib.o) (CyScBoostClk_Start)
.\CortexM3\ARM_GCC_541\Debug\UART_FSKTx.a(CyFlash.o)
                              .\CortexM3\ARM_GCC_541\Debug\UART_FSKTx.a(cyPm.o) (CyFlash_SetWaitCycles)
.\CortexM3\ARM_GCC_541\Debug\UART_FSKTx.a(CySpc.o)
                              .\CortexM3\ARM_GCC_541\Debug\UART_FSKTx.a(CyFlash.o) (CySpcStart)
c:/program files (x86)/cypress/psoc creator/4.1/psoc creator/import/gnu/arm/5.4.1/bin/../lib/gcc/arm-none-eabi/5.4.1/../../../../arm-none-eabi/lib/armv7-m\libg_nano.a(lib_a-errno.o)
                              .\CortexM3\ARM_GCC_541\Debug\Cm3Start.o (__errno)
c:/program files (x86)/cypress/psoc creator/4.1/psoc creator/import/gnu/arm/5.4.1/bin/../lib/gcc/arm-none-eabi/5.4.1/../../../../arm-none-eabi/lib/armv7-m\libg_nano.a(lib_a-exit.o)
                              c:/program files (x86)/cypress/psoc creator/4.1/psoc creator/import/gnu/arm/5.4.1/bin/../lib/gcc/arm-none-eabi/5.4.1/../../../../arm-none-eabi/lib/armv7-m/crt0.o (exit)
[...]
Memory Configuration

Name             Origin             Length             Attributes
rom              0x00000000         0x00040000         xr
ram              0x1fff8000         0x00010000         xrw
*default*        0x00000000         0xffffffff

Linker script and memory map

LOAD c:/program files (x86)/cypress/psoc creator/4.1/psoc creator/import/gnu/arm/5.4.1/bin/../lib/gcc/arm-none-eabi/5.4.1/armv7-m/crti.o
LOAD c:/program files (x86)/cypress/psoc creator/4.1/psoc creator/import/gnu/arm/5.4.1/bin/../lib/gcc/arm-none-eabi/5.4.1/armv7-m/crtbegin.o
LOAD c:/program files (x86)/cypress/psoc creator/4.1/psoc creator/import/gnu/arm/5.4.1/bin/../lib/gcc/arm-none-eabi/5.4.1/../../../../arm-none-eabi/lib/armv7-m/crt0.o
START GROUP
LOAD .\CortexM3\ARM_GCC_541\Debug\main.o
LOAD .\CortexM3\ARM_GCC_541\Debug\cyfitter_cfg.o
LOAD .\CortexM3\ARM_GCC_541\Debug\cymetadata.o
LOAD .\CortexM3\ARM_GCC_541\Debug\Cm3Start.o
LOAD .\CortexM3\ARM_GCC_541\Debug\UART_FSKTx.a
LOAD C:\Program Files (x86)\Cypress\PSoC Creator\4.1\PSoC Creator\psoc\content\cycomponentlibrary\CyComponentLibrary.cylib\CortexM3\ARM_GCC_541\Debug\CyComponentLibrary.a
END GROUP
START GROUP
LOAD c:/program files (x86)/cypress/psoc creator/4.1/psoc creator/import/gnu/arm/5.4.1/bin/../lib/gcc/arm-none-eabi/5.4.1/armv7-m\libgcc.a
LOAD c:/program files (x86)/cypress/psoc creator/4.1/psoc creator/import/gnu/arm/5.4.1/bin/../lib/gcc/arm-none-eabi/5.4.1/../../../../arm-none-eabi/lib/armv7-m\libg_nano.a
LOAD c:/program files (x86)/cypress/psoc creator/4.1/psoc creator/import/gnu/arm/5.4.1/bin/../lib/gcc/arm-none-eabi/5.4.1/../../../../arm-none-eabi/lib/armv7-m\libc_nano.a
END GROUP
START GROUP
LOAD c:/program files (x86)/cypress/psoc creator/4.1/psoc creator/import/gnu/arm/5.4.1/bin/../lib/gcc/arm-none-eabi/5.4.1/armv7-m\libgcc.a
LOAD c:/program files (x86)/cypress/psoc creator/4.1/psoc creator/import/gnu/arm/5.4.1/bin/../lib/gcc/arm-none-eabi/5.4.1/../../../../arm-none-eabi/lib/armv7-m\libc_nano.a
END GROUP
LOAD c:/program files (x86)/cypress/psoc creator/4.1/psoc creator/import/gnu/arm/5.4.1/bin/../lib/gcc/arm-none-eabi/5.4.1/armv7-m/crtend.o
LOAD c:/program files (x86)/cypress/psoc creator/4.1/psoc creator/import/gnu/arm/5.4.1/bin/../lib/gcc/arm-none-eabi/5.4.1/armv7-m/crtn.o
START GROUP
LOAD c:/program files (x86)/cypress/psoc creator/4.1/psoc creator/import/gnu/arm/5.4.1/bin/../lib/gcc/arm-none-eabi/5.4.1/armv7-m\libgcc.a
LOAD c:/program files (x86)/cypress/psoc creator/4.1/psoc creator/import/gnu/arm/5.4.1/bin/../lib/gcc/arm-none-eabi/5.4.1/../../../../arm-none-eabi/lib/armv7-m\libc.a
LOAD c:/program files (x86)/cypress/psoc creator/4.1/psoc creator/import/gnu/arm/5.4.1/bin/../lib/gcc/arm-none-eabi/5.4.1/../../../../arm-none-eabi/lib/armv7-m\libnosys.a
END GROUP
                0x00000000                CY_APPL_ORIGIN = 0x0
                0x00000100                CY_FLASH_ROW_SIZE = 0x100
                0x00000020                CY_ECC_ROW_SIZE = 0x20
                0x00000000                CY_EE_IN_BTLDR = 0x0
                0x00000000                CY_APPL_LOADABLE = 0x0
                0x00000800                CY_EE_SIZE = 0x800
                0x00000001                CY_APPL_NUM = 0x1
                0x00000001                CY_APPL_MAX = 0x1
                0x00000040                CY_METADATA_SIZE = 0x40
                0x00000000                CY_APPL_LOADABLE = 0x0
                0x00000000                CY_CHECKSUM_EXCLUDE_SIZE = ALIGN (0x0, CY_FLASH_ROW_SIZE)
                [!provide]                PROVIDE (__cy_heap_start, _end)
                0x00000001                PROVIDE (__cy_region_num, ((__cy_regions_end - __cy_regions) / 0x10))
                0x20008000                PROVIDE (__cy_stack, (ORIGIN (ram) + LENGTH (ram)))
                [!provide]                PROVIDE (__cy_heap_end, (__cy_stack - 0x800))

.cybootloader   0x00000000        0x0
 *(.cybootloader)
                0x00000000                appl1_start = CY_APPL_ORIGIN?CY_APPL_ORIGIN:ALIGN (CY_FLASH_ROW_SIZE)
                0x0001ff00                appl2_start = (appl1_start + ALIGN ((((LENGTH (rom) - appl1_start) - (0x2 * CY_FLASH_ROW_SIZE)) / 0x2), CY_FLASH_ROW_SIZE))
                0x00000000                appl_start = (CY_APPL_NUM == 0x1)?appl1_start:appl2_start
                0x00000000                ecc_offset = ((appl_start / CY_FLASH_ROW_SIZE) * CY_ECC_ROW_SIZE)
                0x00000000                ee_offset = (CY_APPL_LOADABLE && ! (CY_EE_IN_BTLDR))?((CY_EE_SIZE / CY_APPL_MAX) * (CY_APPL_NUM - 0x1)):0x0
                0x00000800                ee_size = (CY_APPL_LOADABLE && ! (CY_EE_IN_BTLDR))?(CY_EE_SIZE / CY_APPL_MAX):CY_EE_SIZE
                [!provide]                PROVIDE (CY_ECC_OFFSET, ecc_offset)

.text           0x00000000     0x2eb4
 CREATE_OBJECT_SYMBOLS
                0x00000000                PROVIDE (__cy_interrupt_vector, RomVectors)
 *(.romvectors)
 .romvectors    0x00000000       0x10 .\CortexM3\ARM_GCC_541\Debug\Cm3Start.o
                0x00000000                RomVectors
                0x00000001                ASSERT ((. != __cy_interrupt_vector), No interrupt vector)
                0x00000001                ASSERT (CY_APPL_ORIGIN?(SIZEOF (.cybootloader) <= CY_APPL_ORIGIN):0x1, Wrong image location)
                0x00000010                PROVIDE (__cy_reset, Reset)
 *(.text.Reset)
 .text.Reset    0x00000010       0x18 .\CortexM3\ARM_GCC_541\Debug\Cm3Start.o
                0x00000010                Reset
                0x00000001                ASSERT ((. != __cy_reset), No reset code)
 *(.dma_init)
                0x00000001                ASSERT ((((appl_start + .) <= 0x10000) || 0x1), DMA Init must be within the first 64k of flash)
 *(.text .text.* .gnu.linkonce.t.*)
 .text          0x00000028       0x5c c:/program files (x86)/cypress/psoc creator/4.1/psoc creator/import/gnu/arm/5.4.1/bin/../lib/gcc/arm-none-eabi/5.4.1/armv7-m/crtbegin.o
 .text.isr_sec  0x00000084       0x38 .\CortexM3\ARM_GCC_541\Debug\main.o
                0x00000084                isr_sec
 .text.watchDogCheck
                0x000000bc        0x8 .\CortexM3\ARM_GCC_541\Debug\main.o
                0x000000bc                watchDogCheck
 .text.wakeUpIsr
                0x000000c4       0x10 .\CortexM3\ARM_GCC_541\Debug\main.o
                0x000000c4                wakeUpIsr
 .text.Byte     0x000000d4       0x44 .\CortexM3\ARM_GCC_541\Debug\main.o
                0x000000d4                Byte
 .text.FindParity
                0x00000118       0x20 .\CortexM3\ARM_GCC_541\Debug\main.o
                0x00000118                FindParity
 .text.wakeUp   0x00000138       0x28 .\CortexM3\ARM_GCC_541\Debug\main.o
                0x00000138                wakeUp
 .text.goToSleep
                0x00000160       0x28 .\CortexM3\ARM_GCC_541\Debug\main.o
                0x00000160                goToSleep
 .text.main     0x00000188      0x200 .\CortexM3\ARM_GCC_541\Debug\main.o
                0x00000188                main
 .text.CyClockStartupError
                0x00000388        0x4 .\CortexM3\ARM_GCC_541\Debug\cyfitter_cfg.o
 .text.cfg_write_bytes32
                0x0000038c       0x34 .\CortexM3\ARM_GCC_541\Debug\cyfitter_cfg.o
 .text.AnalogSetDefault
                0x000003c0       0x28 .\CortexM3\ARM_GCC_541\Debug\cyfitter_cfg.o
 .text.CYMEMZERO
                0x000003e8        0xc .\CortexM3\ARM_GCC_541\Debug\cyfitter_cfg.o
 .text.CYCONFIGCPY
                0x000003f4        0x8 .\CortexM3\ARM_GCC_541\Debug\cyfitter_cfg.o
 .text.ClockSetup
                0x000003fc      0x104 .\CortexM3\ARM_GCC_541\Debug\cyfitter_cfg.o
 .text.cyfitter_cfg
                0x00000500      0x114 .\CortexM3\ARM_GCC_541\Debug\cyfitter_cfg.o
                0x00000500                cyfitter_cfg
 .text.IntDefaultHandler
                0x00000614       0x10 .\CortexM3\ARM_GCC_541\Debug\Cm3Start.o
                0x00000614                IntDefaultHandler
 .text._sbrk    0x00000624       0x30 .\CortexM3\ARM_GCC_541\Debug\Cm3Start.o
                0x00000624                _sbrk
 .text.Start_c  0x00000654       0x4c .\CortexM3\ARM_GCC_541\Debug\Cm3Start.o
                0x00000654                Start_c
 .text.initialize_psoc
                0x000006a0       0x68 .\CortexM3\ARM_GCC_541\Debug\Cm3Start.o
                0x000006a0                initialize_psoc
 .text.UART_Init
                0x00000708       0x24 .\CortexM3\ARM_GCC_541\Debug\UART_FSKTx.a(UART.o)
                0x00000708                UART_Init
 .text.UART_Enable
                0x0000072c       0x38 .\CortexM3\ARM_GCC_541\Debug\UART_FSKTx.a(UART.o)
                0x0000072c                UART_Enable
 .text.UART_Start
                0x00000764       0x1c .\CortexM3\ARM_GCC_541\Debug\UART_FSKTx.a(UART.o)
                0x00000764                UART_Start
 .text.UART_Stop
                0x00000780       0x3c .\CortexM3\ARM_GCC_541\Debug\UART_FSKTx.a(UART.o)
                0x00000780                UART_Stop
 .text.UART_ClearRxBuffer
                0x000007bc       0x24 .\CortexM3\ARM_GCC_541\Debug\UART_FSKTx.a(UART.o)
                0x000007bc                UART_ClearRxBuffer
 .text.UART_ClearTxBuffer
                0x000007e0       0x24 .\CortexM3\ARM_GCC_541\Debug\UART_FSKTx.a(UART.o)
                0x000007e0                UART_ClearTxBuffer
 .text.UART_Sleep
                0x00000804       0x28 .\CortexM3\ARM_GCC_541\Debug\UART_FSKTx.a(UART_PM.o)
                0x00000804                UART_Sleep
 .text.UART_Wakeup
                0x0000082c       0x1c .\CortexM3\ARM_GCC_541\Debug\UART_FSKTx.a(UART_PM.o)
                0x0000082c                UART_Wakeup
 .text.PWM_Modulator_Enable
                0x00000848       0x10 .\CortexM3\ARM_GCC_541\Debug\UART_FSKTx.a(PWM_Modulator.o)
                0x00000848                PWM_Modulator_Enable
 .text.PWM_Modulator_Stop
                0x00000858       0x10 .\CortexM3\ARM_GCC_541\Debug\UART_FSKTx.a(PWM_Modulator.o)
                0x00000858                PWM_Modulator_Stop
 .text.PWM_Modulator_WriteCounter
                0x00000868        0xc .\CortexM3\ARM_GCC_541\Debug\UART_FSKTx.a(PWM_Modulator.o)
                0x00000868                PWM_Modulator_WriteCounter
 .text.PWM_Modulator_ReadCounter
                0x00000874       0x14 .\CortexM3\ARM_GCC_541\Debug\UART_FSKTx.a(PWM_Modulator.o)
                0x00000874                PWM_Modulator_ReadCounter
 .text.PWM_Modulator_WritePeriod
                0x00000888        0xc .\CortexM3\ARM_GCC_541\Debug\UART_FSKTx.a(PWM_Modulator.o)
                0x00000888                PWM_Modulator_WritePeriod
 .text.PWM_Modulator_WriteCompare
                0x00000894        0xc .\CortexM3\ARM_GCC_541\Debug\UART_FSKTx.a(PWM_Modulator.o)
                0x00000894                PWM_Modulator_WriteCompare
 .text.PWM_Modulator_SetInterruptMode
                0x000008a0        0xc .\CortexM3\ARM_GCC_541\Debug\UART_FSKTx.a(PWM_Modulator.o)
                0x000008a0                PWM_Modulator_SetInterruptMode
 .text.PWM_Modulator_ReadStatusRegister
                0x000008ac        0xc .\CortexM3\ARM_GCC_541\Debug\UART_FSKTx.a(PWM_Modulator.o)
                0x000008ac                PWM_Modulator_ReadStatusRegister
 .text.PWM_Modulator_ReadControlRegister
                0x000008b8        0xc .\CortexM3\ARM_GCC_541\Debug\UART_FSKTx.a(PWM_Modulator.o)
                0x000008b8                PWM_Modulator_ReadControlRegister
 .text.PWM_Modulator_WriteControlRegister
                0x000008c4        0xc .\CortexM3\ARM_GCC_541\Debug\UART_FSKTx.a(PWM_Modulator.o)
                0x000008c4                PWM_Modulator_WriteControlRegister
 .text.PWM_Modulator_ReadCapture
                0x000008d0        0xc .\CortexM3\ARM_GCC_541\Debug\UART_FSKTx.a(PWM_Modulator.o)
                0x000008d0                PWM_Modulator_ReadCapture
 .text.PWM_Modulator_ClearFIFO
                0x000008dc       0x14 .\CortexM3\ARM_GCC_541\Debug\UART_FSKTx.a(PWM_Modulator.o)
                0x000008dc                PWM_Modulator_ClearFIFO
 .text.PWM_Modulator_Init
                0x000008f0       0x50 .\CortexM3\ARM_GCC_541\Debug\UART_FSKTx.a(PWM_Modulator.o)
                0x000008f0                PWM_Modulator_Init
 .text.PWM_Modulator_Start
                0x00000940       0x1c .\CortexM3\ARM_GCC_541\Debug\UART_FSKTx.a(PWM_Modulator.o)
                0x00000940                PWM_Modulator_Start
 .text.PWM_Modulator_ReadPeriod
                0x0000095c        0xc .\CortexM3\ARM_GCC_541\Debug\UART_FSKTx.a(PWM_Modulator.o)
                0x0000095c                PWM_Modulator_ReadPeriod
 .text.PWM_Modulator_SaveConfig
                0x00000968       0x28 .\CortexM3\ARM_GCC_541\Debug\UART_FSKTx.a(PWM_Modulator_PM.o)
                0x00000968                PWM_Modulator_SaveConfig
 .text.PWM_Modulator_RestoreConfig
                0x00000990       0x28 .\CortexM3\ARM_GCC_541\Debug\UART_FSKTx.a(PWM_Modulator_PM.o)
                0x00000990                PWM_Modulator_RestoreConfig
 .text.PWM_Modulator_Sleep
                0x000009b8       0x2c .\CortexM3\ARM_GCC_541\Debug\UART_FSKTx.a(PWM_Modulator_PM.o)
                0x000009b8                PWM_Modulator_Sleep
 .text.PWM_Modulator_Wakeup
                0x000009e4       0x18 .\CortexM3\ARM_GCC_541\Debug\UART_FSKTx.a(PWM_Modulator_PM.o)
                0x000009e4                PWM_Modulator_Wakeup
 .text.LCD_WrCntrlNib
                0x000009fc       0x34 .\CortexM3\ARM_GCC_541\Debug\UART_FSKTx.a(LCD.o)
 .text.LCD_WrDatNib
                0x00000a30       0x44 .\CortexM3\ARM_GCC_541\Debug\UART_FSKTx.a(LCD.o)
 .text.LCD_IsReady
                0x00000a74       0xe4 .\CortexM3\ARM_GCC_541\Debug\UART_FSKTx.a(LCD.o)
                0x00000a74                LCD_IsReady
 .text.LCD_WriteData
                0x00000b58       0x18 .\CortexM3\ARM_GCC_541\Debug\UART_FSKTx.a(LCD.o)
                0x00000b58                LCD_WriteData
 .text.LCD_PrintString
                0x00000b70       0x1c .\CortexM3\ARM_GCC_541\Debug\UART_FSKTx.a(LCD.o)
                0x00000b70                LCD_PrintString
 .text.LCD_WriteControl
                0x00000b8c       0x18 .\CortexM3\ARM_GCC_541\Debug\UART_FSKTx.a(LCD.o)
                0x00000b8c                LCD_WriteControl
 .text.LCD_Init
                0x00000ba4       0x6c .\CortexM3\ARM_GCC_541\Debug\UART_FSKTx.a(LCD.o)
                0x00000ba4                LCD_Init
 .text.LCD_Enable
                0x00000c10       0x14 .\CortexM3\ARM_GCC_541\Debug\UART_FSKTx.a(LCD.o)
                0x00000c10                LCD_Enable
 .text.LCD_Start
                0x00000c24       0x1c .\CortexM3\ARM_GCC_541\Debug\UART_FSKTx.a(LCD.o)
                0x00000c24                LCD_Start
 .text.LCD_Stop
                0x00000c40       0x14 .\CortexM3\ARM_GCC_541\Debug\UART_FSKTx.a(LCD.o)
                0x00000c40                LCD_Stop
 .text.LCD_Position
                0x00000c54       0x3c .\CortexM3\ARM_GCC_541\Debug\UART_FSKTx.a(LCD.o)
                0x00000c54                LCD_Position
 .text.LCD_Sleep
                0x00000c90       0x18 .\CortexM3\ARM_GCC_541\Debug\UART_FSKTx.a(LCD_PM.o)
                0x00000c90                LCD_Sleep
 .text.LCD_Wakeup
                0x00000ca8       0x14 .\CortexM3\ARM_GCC_541\Debug\UART_FSKTx.a(LCD_PM.o)
                0x00000ca8                LCD_Wakeup
 .text.PWM_Switch_Timer_Enable
                0x00000cbc       0x10 .\CortexM3\ARM_GCC_541\Debug\UART_FSKTx.a(PWM_Switch_Timer.o)
                0x00000cbc                PWM_Switch_Timer_Enable
 .text.PWM_Switch_Timer_Stop
                0x00000ccc       0x10 .\CortexM3\ARM_GCC_541\Debug\UART_FSKTx.a(PWM_Switch_Timer.o)
                0x00000ccc                PWM_Switch_Timer_Stop
 .text.PWM_Switch_Timer_SetInterruptMode
                0x00000cdc        0xc .\CortexM3\ARM_GCC_541\Debug\UART_FSKTx.a(PWM_Switch_Timer.o)
                0x00000cdc                PWM_Switch_Timer_SetInterruptMode
 .text.PWM_Switch_Timer_ReadStatusRegister
                0x00000ce8        0xc .\CortexM3\ARM_GCC_541\Debug\UART_FSKTx.a(PWM_Switch_Timer.o)
                0x00000ce8                PWM_Switch_Timer_ReadStatusRegister
 .text.PWM_Switch_Timer_ReadControlRegister
                0x00000cf4        0xc .\CortexM3\ARM_GCC_541\Debug\UART_FSKTx.a(PWM_Switch_Timer.o)
                0x00000cf4                PWM_Switch_Timer_ReadControlRegister
 .text.PWM_Switch_Timer_WriteControlRegister
                0x00000d00        0xc .\CortexM3\ARM_GCC_541\Debug\UART_FSKTx.a(PWM_Switch_Timer.o)
                0x00000d00                PWM_Switch_Timer_WriteControlRegister
 .text.PWM_Switch_Timer_WritePeriod
                0x00000d0c        0xc .\CortexM3\ARM_GCC_541\Debug\UART_FSKTx.a(PWM_Switch_Timer.o)
                0x00000d0c                PWM_Switch_Timer_WritePeriod
 .text.PWM_Switch_Timer_ReadCapture
                0x00000d18        0xc .\CortexM3\ARM_GCC_541\Debug\UART_FSKTx.a(PWM_Switch_Timer.o)
                0x00000d18                PWM_Switch_Timer_ReadCapture
 .text.PWM_Switch_Timer_WriteCounter
                0x00000d24        0xc .\CortexM3\ARM_GCC_541\Debug\UART_FSKTx.a(PWM_Switch_Timer.o)
                0x00000d24                PWM_Switch_Timer_WriteCounter
 .text.PWM_Switch_Timer_ReadCounter
                0x00000d30       0x14 .\CortexM3\ARM_GCC_541\Debug\UART_FSKTx.a(PWM_Switch_Timer.o)
                0x00000d30                PWM_Switch_Timer_ReadCounter
 .text.PWM_Switch_Timer_ClearFIFO
                0x00000d44       0x14 .\CortexM3\ARM_GCC_541\Debug\UART_FSKTx.a(PWM_Switch_Timer.o)
                0x00000d44                PWM_Switch_Timer_ClearFIFO
 .text.PWM_Switch_Timer_Init
                0x00000d58       0x34 .\CortexM3\ARM_GCC_541\Debug\UART_FSKTx.a(PWM_Switch_Timer.o)
                0x00000d58                PWM_Switch_Timer_Init
 .text.PWM_Switch_Timer_Start
                0x00000d8c       0x1c .\CortexM3\ARM_GCC_541\Debug\UART_FSKTx.a(PWM_Switch_Timer.o)
                0x00000d8c                PWM_Switch_Timer_Start
 .text.PWM_Switch_Timer_SaveConfig
                0x00000da8       0x20 .\CortexM3\ARM_GCC_541\Debug\UART_FSKTx.a(PWM_Switch_Timer_PM.o)
                0x00000da8                PWM_Switch_Timer_SaveConfig
 .text.PWM_Switch_Timer_RestoreConfig
                0x00000dc8       0x20 .\CortexM3\ARM_GCC_541\Debug\UART_FSKTx.a(PWM_Switch_Timer_PM.o)
                0x00000dc8                PWM_Switch_Timer_RestoreConfig
 .text.PWM_Switch_Timer_Sleep
                0x00000de8       0x2c .\CortexM3\ARM_GCC_541\Debug\UART_FSKTx.a(PWM_Switch_Timer_PM.o)
                0x00000de8                PWM_Switch_Timer_Sleep
 .text.PWM_Switch_Timer_Wakeup
                0x00000e14       0x18 .\CortexM3\ARM_GCC_541\Debug\UART_FSKTx.a(PWM_Switch_Timer_PM.o)
                0x00000e14                PWM_Switch_Timer_Wakeup
 .text.isr_sec_SetVector
                0x00000e2c        0xc .\CortexM3\ARM_GCC_541\Debug\UART_FSKTx.a(isr_sec.o)
                0x00000e2c                isr_sec_SetVector
 .text.isr_sec_SetPriority
                0x00000e38       0x10 .\CortexM3\ARM_GCC_541\Debug\UART_FSKTx.a(isr_sec.o)
                0x00000e38                isr_sec_SetPriority
 .text.isr_sec_Enable
                0x00000e48        0xc .\CortexM3\ARM_GCC_541\Debug\UART_FSKTx.a(isr_sec.o)
                0x00000e48                isr_sec_Enable
 .text.isr_sec_Disable
                0x00000e54        0xc .\CortexM3\ARM_GCC_541\Debug\UART_FSKTx.a(isr_sec.o)
                0x00000e54                isr_sec_Disable
 .text.isr_sec_StartEx
                0x00000e60       0x1c .\CortexM3\ARM_GCC_541\Debug\UART_FSKTx.a(isr_sec.o)
                0x00000e60                isr_sec_StartEx
 .text.HighVoltage_Write
                0x00000e7c       0x18 .\CortexM3\ARM_GCC_541\Debug\UART_FSKTx.a(HighVoltage.o)
                0x00000e7c                HighVoltage_Write
 .text.PWM_1_Enable
                0x00000e94       0x10 .\CortexM3\ARM_GCC_541\Debug\UART_FSKTx.a(PWM_1.o)
                0x00000e94                PWM_1_Enable
 .text.PWM_1_Stop
                0x00000ea4       0x10 .\CortexM3\ARM_GCC_541\Debug\UART_FSKTx.a(PWM_1.o)
                0x00000ea4                PWM_1_Stop
 .text.PWM_1_WriteCounter
                0x00000eb4        0xc .\CortexM3\ARM_GCC_541\Debug\UART_FSKTx.a(PWM_1.o)
                0x00000eb4                PWM_1_WriteCounter
 .text.PWM_1_ReadCounter
                0x00000ec0       0x14 .\CortexM3\ARM_GCC_541\Debug\UART_FSKTx.a(PWM_1.o)
                0x00000ec0                PWM_1_ReadCounter
 .text.PWM_1_WritePeriod
                0x00000ed4        0xc .\CortexM3\ARM_GCC_541\Debug\UART_FSKTx.a(PWM_1.o)
                0x00000ed4                PWM_1_WritePeriod
 .text.PWM_1_WriteCompare
                0x00000ee0        0xc .\CortexM3\ARM_GCC_541\Debug\UART_FSKTx.a(PWM_1.o)
                0x00000ee0                PWM_1_WriteCompare
 .text.PWM_1_SetInterruptMode
                0x00000eec        0xc .\CortexM3\ARM_GCC_541\Debug\UART_FSKTx.a(PWM_1.o)
                0x00000eec                PWM_1_SetInterruptMode
 .text.PWM_1_ReadStatusRegister
                0x00000ef8        0xc .\CortexM3\ARM_GCC_541\Debug\UART_FSKTx.a(PWM_1.o)
                0x00000ef8                PWM_1_ReadStatusRegister
 .text.PWM_1_ReadControlRegister
                0x00000f04        0xc .\CortexM3\ARM_GCC_541\Debug\UART_FSKTx.a(PWM_1.o)
                0x00000f04                PWM_1_ReadControlRegister
 .text.PWM_1_WriteControlRegister
                0x00000f10        0xc .\CortexM3\ARM_GCC_541\Debug\UART_FSKTx.a(PWM_1.o)
                0x00000f10                PWM_1_WriteControlRegister
 .text.PWM_1_ReadCapture
                0x00000f1c        0xc .\CortexM3\ARM_GCC_541\Debug\UART_FSKTx.a(PWM_1.o)
                0x00000f1c                PWM_1_ReadCapture
 .text.PWM_1_ClearFIFO
                0x00000f28       0x14 .\CortexM3\ARM_GCC_541\Debug\UART_FSKTx.a(PWM_1.o)
                0x00000f28                PWM_1_ClearFIFO
 .text.PWM_1_Init
                0x00000f3c       0x5c .\CortexM3\ARM_GCC_541\Debug\UART_FSKTx.a(PWM_1.o)
                0x00000f3c                PWM_1_Init
 .text.PWM_1_Start
                0x00000f98       0x1c .\CortexM3\ARM_GCC_541\Debug\UART_FSKTx.a(PWM_1.o)
                0x00000f98                PWM_1_Start
 .text.PWM_1_ReadPeriod
                0x00000fb4        0xc .\CortexM3\ARM_GCC_541\Debug\UART_FSKTx.a(PWM_1.o)
                0x00000fb4                PWM_1_ReadPeriod
 .text.PWM_1_SaveConfig
                0x00000fc0       0x28 .\CortexM3\ARM_GCC_541\Debug\UART_FSKTx.a(PWM_1_PM.o)
                0x00000fc0                PWM_1_SaveConfig
 .text.PWM_1_RestoreConfig
                0x00000fe8       0x28 .\CortexM3\ARM_GCC_541\Debug\UART_FSKTx.a(PWM_1_PM.o)
                0x00000fe8                PWM_1_RestoreConfig
 .text.PWM_1_Sleep
                0x00001010       0x2c .\CortexM3\ARM_GCC_541\Debug\UART_FSKTx.a(PWM_1_PM.o)
                0x00001010                PWM_1_Sleep
 .text.PWM_1_Wakeup
                0x0000103c       0x18 .\CortexM3\ARM_GCC_541\Debug\UART_FSKTx.a(PWM_1_PM.o)
                0x0000103c                PWM_1_Wakeup
 .text.PWM_2_Enable
                0x00001054       0x10 .\CortexM3\ARM_GCC_541\Debug\UART_FSKTx.a(PWM_2.o)
                0x00001054                PWM_2_Enable
 .text.PWM_2_Stop
                0x00001064       0x10 .\CortexM3\ARM_GCC_541\Debug\UART_FSKTx.a(PWM_2.o)
                0x00001064                PWM_2_Stop
 .text.PWM_2_WriteCounter
                0x00001074        0xc .\CortexM3\ARM_GCC_541\Debug\UART_FSKTx.a(PWM_2.o)
                0x00001074                PWM_2_WriteCounter
 .text.PWM_2_ReadCounter
                0x00001080       0x14 .\CortexM3\ARM_GCC_541\Debug\UART_FSKTx.a(PWM_2.o)
                0x00001080                PWM_2_ReadCounter
 .text.PWM_2_WritePeriod
                0x00001094        0xc .\CortexM3\ARM_GCC_541\Debug\UART_FSKTx.a(PWM_2.o)
                0x00001094                PWM_2_WritePeriod
 .text.PWM_2_WriteCompare
                0x000010a0        0xc .\CortexM3\ARM_GCC_541\Debug\UART_FSKTx.a(PWM_2.o)
                0x000010a0                PWM_2_WriteCompare
 .text.PWM_2_SetInterruptMode
                0x000010ac        0xc .\CortexM3\ARM_GCC_541\Debug\UART_FSKTx.a(PWM_2.o)
                0x000010ac                PWM_2_SetInterruptMode
 .text.PWM_2_ReadStatusRegister
                0x000010b8        0xc .\CortexM3\ARM_GCC_541\Debug\UART_FSKTx.a(PWM_2.o)
                0x000010b8                PWM_2_ReadStatusRegister
 .text.PWM_2_ReadControlRegister
                0x000010c4        0xc .\CortexM3\ARM_GCC_541\Debug\UART_FSKTx.a(PWM_2.o)
                0x000010c4                PWM_2_ReadControlRegister
 .text.PWM_2_WriteControlRegister
                0x000010d0        0xc .\CortexM3\ARM_GCC_541\Debug\UART_FSKTx.a(PWM_2.o)
                0x000010d0                PWM_2_WriteControlRegister
 .text.PWM_2_ReadCapture
                0x000010dc        0xc .\CortexM3\ARM_GCC_541\Debug\UART_FSKTx.a(PWM_2.o)
                0x000010dc                PWM_2_ReadCapture
 .text.PWM_2_ClearFIFO
                0x000010e8       0x14 .\CortexM3\ARM_GCC_541\Debug\UART_FSKTx.a(PWM_2.o)
                0x000010e8                PWM_2_ClearFIFO
 .text.PWM_2_Init
                0x000010fc       0x5c .\CortexM3\ARM_GCC_541\Debug\UART_FSKTx.a(PWM_2.o)
                0x000010fc                PWM_2_Init
 .text.PWM_2_Start
                0x00001158       0x1c .\CortexM3\ARM_GCC_541\Debug\UART_FSKTx.a(PWM_2.o)
                0x00001158                PWM_2_Start
 .text.PWM_2_ReadPeriod
                0x00001174        0xc .\CortexM3\ARM_GCC_541\Debug\UART_FSKTx.a(PWM_2.o)
                0x00001174                PWM_2_ReadPeriod
 .text.PWM_2_SaveConfig
                0x00001180       0x28 .\CortexM3\ARM_GCC_541\Debug\UART_FSKTx.a(PWM_2_PM.o)
                0x00001180                PWM_2_SaveConfig
 .text.PWM_2_RestoreConfig
                0x000011a8       0x28 .\CortexM3\ARM_GCC_541\Debug\UART_FSKTx.a(PWM_2_PM.o)
                0x000011a8                PWM_2_RestoreConfig
 .text.PWM_2_Sleep
                0x000011d0       0x2c .\CortexM3\ARM_GCC_541\Debug\UART_FSKTx.a(PWM_2_PM.o)
                0x000011d0                PWM_2_Sleep
 .text.PWM_2_Wakeup
                0x000011fc       0x18 .\CortexM3\ARM_GCC_541\Debug\UART_FSKTx.a(PWM_2_PM.o)
                0x000011fc                PWM_2_Wakeup
 .text.PWM_3_Enable
                0x00001214       0x10 .\CortexM3\ARM_GCC_541\Debug\UART_FSKTx.a(PWM_3.o)
                0x00001214                PWM_3_Enable
 .text.PWM_3_Stop
                0x00001224       0x10 .\CortexM3\ARM_GCC_541\Debug\UART_FSKTx.a(PWM_3.o)
                0x00001224                PWM_3_Stop
 .text.PWM_3_WriteCounter
                0x00001234        0xc .\CortexM3\ARM_GCC_541\Debug\UART_FSKTx.a(PWM_3.o)
                0x00001234                PWM_3_WriteCounter
 .text.PWM_3_ReadCounter
                0x00001240       0x14 .\CortexM3\ARM_GCC_541\Debug\UART_FSKTx.a(PWM_3.o)
                0x00001240                PWM_3_ReadCounter
 .text.PWM_3_WritePeriod
                0x00001254        0xc .\CortexM3\ARM_GCC_541\Debug\UART_FSKTx.a(PWM_3.o)
                0x00001254                PWM_3_WritePeriod
 .text.PWM_3_WriteCompare
                0x00001260        0xc .\CortexM3\ARM_GCC_541\Debug\UART_FSKTx.a(PWM_3.o)
                0x00001260                PWM_3_WriteCompare
 .text.PWM_3_SetInterruptMode
                0x0000126c        0xc .\CortexM3\ARM_GCC_541\Debug\UART_FSKTx.a(PWM_3.o)
                0x0000126c                PWM_3_SetInterruptMode
 .text.PWM_3_ReadStatusRegister
                0x00001278        0xc .\CortexM3\ARM_GCC_541\Debug\UART_FSKTx.a(PWM_3.o)
                0x00001278                PWM_3_ReadStatusRegister
 .text.PWM_3_ReadControlRegister
                0x00001284        0xc .\CortexM3\ARM_GCC_541\Debug\UART_FSKTx.a(PWM_3.o)
                0x00001284                PWM_3_ReadControlRegister
 .text.PWM_3_WriteControlRegister
                0x00001290        0xc .\CortexM3\ARM_GCC_541\Debug\UART_FSKTx.a(PWM_3.o)
                0x00001290                PWM_3_WriteControlRegister
 .text.PWM_3_ReadCapture
                0x0000129c        0xc .\CortexM3\ARM_GCC_541\Debug\UART_FSKTx.a(PWM_3.o)
                0x0000129c                PWM_3_ReadCapture
 .text.PWM_3_ClearFIFO
                0x000012a8       0x14 .\CortexM3\ARM_GCC_541\Debug\UART_FSKTx.a(PWM_3.o)
                0x000012a8                PWM_3_ClearFIFO
 .text.PWM_3_Init
                0x000012bc       0x5c .\CortexM3\ARM_GCC_541\Debug\UART_FSKTx.a(PWM_3.o)
                0x000012bc                PWM_3_Init
 .text.PWM_3_Start
                0x00001318       0x1c .\CortexM3\ARM_GCC_541\Debug\UART_FSKTx.a(PWM_3.o)
                0x00001318                PWM_3_Start
 .text.PWM_3_ReadPeriod
                0x00001334        0xc .\CortexM3\ARM_GCC_541\Debug\UART_FSKTx.a(PWM_3.o)
                0x00001334                PWM_3_ReadPeriod
 .text.PWM_3_SaveConfig
                0x00001340       0x28 .\CortexM3\ARM_GCC_541\Debug\UART_FSKTx.a(PWM_3_PM.o)
                0x00001340                PWM_3_SaveConfig
 .text.PWM_3_RestoreConfig
                0x00001368       0x28 .\CortexM3\ARM_GCC_541\Debug\UART_FSKTx.a(PWM_3_PM.o)
                0x00001368                PWM_3_RestoreConfig
 .text.PWM_3_Sleep
                0x00001390       0x2c .\CortexM3\ARM_GCC_541\Debug\UART_FSKTx.a(PWM_3_PM.o)
                0x00001390                PWM_3_Sleep
 .text.PWM_3_Wakeup
                0x000013bc       0x18 .\CortexM3\ARM_GCC_541\Debug\UART_FSKTx.a(PWM_3_PM.o)
                0x000013bc                PWM_3_Wakeup
 .text.SignalBase_Write
                0x000013d4       0x18 .\CortexM3\ARM_GCC_541\Debug\UART_FSKTx.a(SignalBase.o)
                0x000013d4                SignalBase_Write
 .text.UART_IntClock_Start
                0x000013ec       0x1c .\CortexM3\ARM_GCC_541\Debug\UART_FSKTx.a(UART_IntClock.o)
                0x000013ec                UART_IntClock_Start
 .text.UART_IntClock_Stop
                0x00001408       0x1c .\CortexM3\ARM_GCC_541\Debug\UART_FSKTx.a(UART_IntClock.o)
                0x00001408                UART_IntClock_Stop
 .text.CyUSB_PowerOnCheck
                0x00001424       0x48 .\CortexM3\ARM_GCC_541\Debug\UART_FSKTx.a(CyLib.o)
 .text.CyBusClk_Internal_SetDivider
                0x0000146c       0x48 .\CortexM3\ARM_GCC_541\Debug\UART_FSKTx.a(CyLib.o)
 .text.CyPLL_OUT_Stop
                0x000014b4       0x10 .\CortexM3\ARM_GCC_541\Debug\UART_FSKTx.a(CyLib.o)
                0x000014b4                CyPLL_OUT_Stop
 .text.CyIMO_Stop
                0x000014c4       0x1c .\CortexM3\ARM_GCC_541\Debug\UART_FSKTx.a(CyLib.o)
                0x000014c4                CyIMO_Stop
 .text.CyIMO_EnableDoubler
                0x000014e0       0x10 .\CortexM3\ARM_GCC_541\Debug\UART_FSKTx.a(CyLib.o)
                0x000014e0                CyIMO_EnableDoubler
 .text.CyIMO_DisableDoubler
                0x000014f0       0x10 .\CortexM3\ARM_GCC_541\Debug\UART_FSKTx.a(CyLib.o)
                0x000014f0                CyIMO_DisableDoubler
 .text.CyMasterClk_SetSource
                0x00001500       0x18 .\CortexM3\ARM_GCC_541\Debug\UART_FSKTx.a(CyLib.o)
                0x00001500                CyMasterClk_SetSource
 .text.CyMasterClk_SetDivider
                0x00001518        0xc .\CortexM3\ARM_GCC_541\Debug\UART_FSKTx.a(CyLib.o)
                0x00001518                CyMasterClk_SetDivider
 .text.CyBusClk_SetDivider
                0x00001524       0x70 .\CortexM3\ARM_GCC_541\Debug\UART_FSKTx.a(CyLib.o)
                0x00001524                CyBusClk_SetDivider
 .text.CyILO_Start100K
                0x00001594       0x10 .\CortexM3\ARM_GCC_541\Debug\UART_FSKTx.a(CyLib.o)
                0x00001594                CyILO_Start100K
 .text.CyILO_Stop100K
                0x000015a4       0x10 .\CortexM3\ARM_GCC_541\Debug\UART_FSKTx.a(CyLib.o)
                0x000015a4                CyILO_Stop100K
 .text.CyPLL_OUT_Start
                0x000015b4       0x78 .\CortexM3\ARM_GCC_541\Debug\UART_FSKTx.a(CyLib.o)
                0x000015b4                CyPLL_OUT_Start
 .text.CyIMO_Start
                0x0000162c       0x60 .\CortexM3\ARM_GCC_541\Debug\UART_FSKTx.a(CyLib.o)
                0x0000162c                CyIMO_Start
 .text.CyXTAL_Start
                0x0000168c       0xac .\CortexM3\ARM_GCC_541\Debug\UART_FSKTx.a(CyLib.o)
                0x0000168c                CyXTAL_Start
 .text.CyXTAL_Stop
                0x00001738       0x10 .\CortexM3\ARM_GCC_541\Debug\UART_FSKTx.a(CyLib.o)
                0x00001738                CyXTAL_Stop
 .text.CyHalt   0x00001748        0x4 .\CortexM3\ARM_GCC_541\Debug\UART_FSKTx.a(CyLib.o)
                0x00001748                CyHalt
 .text.CyIMO_SetTrimValue
                0x0000174c       0xcc .\CortexM3\ARM_GCC_541\Debug\UART_FSKTx.a(CyLib.o)
 .text.CyIMO_SetFreq
                0x00001818       0xf4 .\CortexM3\ARM_GCC_541\Debug\UART_FSKTx.a(CyLib.o)
                0x00001818                CyIMO_SetFreq
 .text.CyIMO_SetSource
                0x0000190c       0x58 .\CortexM3\ARM_GCC_541\Debug\UART_FSKTx.a(CyLib.o)
                0x0000190c                CyIMO_SetSource
 .text.CyDelay  0x00001964       0x2c .\CortexM3\ARM_GCC_541\Debug\UART_FSKTx.a(CyLib.o)
                0x00001964                CyDelay
 .text.CyDelayUs
                0x00001990       0x14 .\CortexM3\ARM_GCC_541\Debug\UART_FSKTx.a(CyLib.o)
                0x00001990                CyDelayUs
 .text.CyWdtStart
                0x000019a4       0x40 .\CortexM3\ARM_GCC_541\Debug\UART_FSKTx.a(CyLib.o)
                0x000019a4                CyWdtStart
 .text.CyWdtClear
                0x000019e4        0xc .\CortexM3\ARM_GCC_541\Debug\UART_FSKTx.a(CyLib.o)
                0x000019e4                CyWdtClear
 .text.CyPmHibSlpSaveSet
                0x000019f0      0x1dc .\CortexM3\ARM_GCC_541\Debug\UART_FSKTx.a(cyPm.o)
 .text.CyPmHibSlpRestore
                0x00001bcc       0xd8 .\CortexM3\ARM_GCC_541\Debug\UART_FSKTx.a(cyPm.o)
 .text.CyPmSaveClocks
                0x00001ca4      0x218 .\CortexM3\ARM_GCC_541\Debug\UART_FSKTx.a(cyPm.o)
                0x00001ca4                CyPmSaveClocks
 .text.CyPmRestoreClocks
                0x00001ebc      0x24c .\CortexM3\ARM_GCC_541\Debug\UART_FSKTx.a(cyPm.o)
                0x00001ebc                CyPmRestoreClocks
 .text.CyPmSleep
                0x00002108       0xf4 .\CortexM3\ARM_GCC_541\Debug\UART_FSKTx.a(cyPm.o)
                0x00002108                CyPmSleep
 .text.CyPmReadStatus
                0x000021fc       0x30 .\CortexM3\ARM_GCC_541\Debug\UART_FSKTx.a(cyPm.o)
                0x000021fc                CyPmReadStatus
 .text.CyPmFtwSetInterval
                0x0000222c       0x5c .\CortexM3\ARM_GCC_541\Debug\UART_FSKTx.a(cyPm.o)
                0x0000222c                CyPmFtwSetInterval
 .text.checkWatchDogTimer_Enable
                0x00002288       0x28 .\CortexM3\ARM_GCC_541\Debug\UART_FSKTx.a(checkWatchDogTimer.o)
                0x00002288                checkWatchDogTimer_Enable
 .text.checkWatchDogTimer_Stop
                0x000022b0       0x28 .\CortexM3\ARM_GCC_541\Debug\UART_FSKTx.a(checkWatchDogTimer.o)
                0x000022b0                checkWatchDogTimer_Stop
 .text.checkWatchDogTimer_SetInterruptMode
                0x000022d8        0xc .\CortexM3\ARM_GCC_541\Debug\UART_FSKTx.a(checkWatchDogTimer.o)
                0x000022d8                checkWatchDogTimer_SetInterruptMode
 .text.checkWatchDogTimer_WritePeriod
                0x000022e4        0xc .\CortexM3\ARM_GCC_541\Debug\UART_FSKTx.a(checkWatchDogTimer.o)
                0x000022e4                checkWatchDogTimer_WritePeriod
 .text.checkWatchDogTimer_WriteCounter
                0x000022f0        0xc .\CortexM3\ARM_GCC_541\Debug\UART_FSKTx.a(checkWatchDogTimer.o)
                0x000022f0                checkWatchDogTimer_WriteCounter
 .text.checkWatchDogTimer_Init
                0x000022fc       0x68 .\CortexM3\ARM_GCC_541\Debug\UART_FSKTx.a(checkWatchDogTimer.o)
                0x000022fc                checkWatchDogTimer_Init
 .text.checkWatchDogTimer_Start
                0x00002364       0x1c .\CortexM3\ARM_GCC_541\Debug\UART_FSKTx.a(checkWatchDogTimer.o)
                0x00002364                checkWatchDogTimer_Start
 .text.checkWatchDogTimer_Sleep
                0x00002380       0x28 .\CortexM3\ARM_GCC_541\Debug\UART_FSKTx.a(checkWatchDogTimer_PM.o)
                0x00002380                checkWatchDogTimer_Sleep
 .text.checkWatchDogTimer_Wakeup
                0x000023a8       0x14 .\CortexM3\ARM_GCC_541\Debug\UART_FSKTx.a(checkWatchDogTimer_PM.o)
                0x000023a8                checkWatchDogTimer_Wakeup
 .text.watchDogCheck_SetVector
                0x000023bc        0xc .\CortexM3\ARM_GCC_541\Debug\UART_FSKTx.a(watchDogCheck.o)
                0x000023bc                watchDogCheck_SetVector
 .text.watchDogCheck_SetPriority
                0x000023c8       0x10 .\CortexM3\ARM_GCC_541\Debug\UART_FSKTx.a(watchDogCheck.o)
                0x000023c8                watchDogCheck_SetPriority
 .text.watchDogCheck_Enable
                0x000023d8        0xc .\CortexM3\ARM_GCC_541\Debug\UART_FSKTx.a(watchDogCheck.o)
                0x000023d8                watchDogCheck_Enable
 .text.watchDogCheck_Disable
                0x000023e4        0xc .\CortexM3\ARM_GCC_541\Debug\UART_FSKTx.a(watchDogCheck.o)
                0x000023e4                watchDogCheck_Disable
 .text.watchDogCheck_StartEx
                0x000023f0       0x1c .\CortexM3\ARM_GCC_541\Debug\UART_FSKTx.a(watchDogCheck.o)
                0x000023f0                watchDogCheck_StartEx
 .text.SleepTimer_Enable
                0x0000240c       0x48 .\CortexM3\ARM_GCC_541\Debug\UART_FSKTx.a(SleepTimer.o)
                0x0000240c                SleepTimer_Enable
 .text.SleepTimer_Stop
                0x00002454       0x1c .\CortexM3\ARM_GCC_541\Debug\UART_FSKTx.a(SleepTimer.o)
                0x00002454                SleepTimer_Stop
 .text.SleepTimer_EnableInt
                0x00002470       0x1c .\CortexM3\ARM_GCC_541\Debug\UART_FSKTx.a(SleepTimer.o)
                0x00002470                SleepTimer_EnableInt
 .text.SleepTimer_SetInterval
                0x0000248c       0x24 .\CortexM3\ARM_GCC_541\Debug\UART_FSKTx.a(SleepTimer.o)
                0x0000248c                SleepTimer_SetInterval
 .text.SleepTimer_Init
                0x000024b0       0x10 .\CortexM3\ARM_GCC_541\Debug\UART_FSKTx.a(SleepTimer.o)
                0x000024b0                SleepTimer_Init
 .text.SleepTimer_Start
                0x000024c0       0x1c .\CortexM3\ARM_GCC_541\Debug\UART_FSKTx.a(SleepTimer.o)
                0x000024c0                SleepTimer_Start
 .text.SleepTimer_GetStatus
                0x000024dc        0xc .\CortexM3\ARM_GCC_541\Debug\UART_FSKTx.a(SleepTimer.o)
                0x000024dc                SleepTimer_GetStatus
 .text.Sleep_ISR_SetVector
                0x000024e8        0xc .\CortexM3\ARM_GCC_541\Debug\UART_FSKTx.a(Sleep_ISR.o)
                0x000024e8                Sleep_ISR_SetVector
 .text.Sleep_ISR_SetPriority
                0x000024f4       0x10 .\CortexM3\ARM_GCC_541\Debug\UART_FSKTx.a(Sleep_ISR.o)
                0x000024f4                Sleep_ISR_SetPriority
 .text.Sleep_ISR_Enable
                0x00002504        0xc .\CortexM3\ARM_GCC_541\Debug\UART_FSKTx.a(Sleep_ISR.o)
                0x00002504                Sleep_ISR_Enable
 .text.Sleep_ISR_Disable
                0x00002510        0xc .\CortexM3\ARM_GCC_541\Debug\UART_FSKTx.a(Sleep_ISR.o)
                0x00002510                Sleep_ISR_Disable
 .text.Sleep_ISR_StartEx
                0x0000251c       0x1c .\CortexM3\ARM_GCC_541\Debug\UART_FSKTx.a(Sleep_ISR.o)
                0x0000251c                Sleep_ISR_StartEx
 .text.sleepToggle_Write
                0x00002538       0x18 .\CortexM3\ARM_GCC_541\Debug\UART_FSKTx.a(sleepToggle.o)
                0x00002538                sleepToggle_Write
 .text          0x00002550       0x20 .\CortexM3\ARM_GCC_541\Debug\UART_FSKTx.a(CyBootAsmGnu.o)
                0x00002550                CyDelayCycles
                0x00002560                CyEnterCriticalSection
                0x00002568                CyExitCriticalSection
 .text.CyFlash_SetWaitCycles
                0x00002570       0x7c .\CortexM3\ARM_GCC_541\Debug\UART_FSKTx.a(CyFlash.o)
                0x00002570                CyFlash_SetWaitCycles
 .text.__errno  0x000025ec        0xc c:/program files (x86)/cypress/psoc creator/4.1/psoc creator/import/gnu/arm/5.4.1/bin/../lib/gcc/arm-none-eabi/5.4.1/../../../../arm-none-eabi/lib/armv7-m\libg_nano.a(lib_a-errno.o)
                0x000025ec                __errno
 .text.__libc_init_array
                0x000025f8       0x4c c:/program files (x86)/cypress/psoc creator/4.1/psoc creator/import/gnu/arm/5.4.1/bin/../lib/gcc/arm-none-eabi/5.4.1/../../../../arm-none-eabi/lib/armv7-m\libg_nano.a(lib_a-init.o)
                0x000025f8                __libc_init_array
 .text.memcpy   0x00002644       0x16 c:/program files (x86)/cypress/psoc creator/4.1/psoc creator/import/gnu/arm/5.4.1/bin/../lib/gcc/arm-none-eabi/5.4.1/../../../../arm-none-eabi/lib/armv7-m\libg_nano.a(lib_a-memcpy-stub.o)
                0x00002644                memcpy
 .text.memset   0x0000265a       0x10 c:/program files (x86)/cypress/psoc creator/4.1/psoc creator/import/gnu/arm/5.4.1/bin/../lib/gcc/arm-none-eabi/5.4.1/../../../../arm-none-eabi/lib/armv7-m\libg_nano.a(lib_a-memset.o)
                0x0000265a                memset
 *fill*         0x0000266a        0x2 
 .text.sprintf  0x0000266c       0x48 c:/program files (x86)/cypress/psoc creator/4.1/psoc creator/import/gnu/arm/5.4.1/bin/../lib/gcc/arm-none-eabi/5.4.1/../../../../arm-none-eabi/lib/armv7-m\libg_nano.a(lib_a-sprintf.o)
                0x0000266c                siprintf
                0x0000266c                sprintf
 .text.__ssputs_r
                0x000026b4       0xb2 c:/program files (x86)/cypress/psoc creator/4.1/psoc creator/import/gnu/arm/5.4.1/bin/../lib/gcc/arm-none-eabi/5.4.1/../../../../arm-none-eabi/lib/armv7-m\libg_nano.a(lib_a-nano-svfprintf.o)
                0x000026b4                __ssputs_r
 *fill*         0x00002766        0x2 
 .text._svfprintf_r
                0x00002768      0x1e8 c:/program files (x86)/cypress/psoc creator/4.1/psoc creator/import/gnu/arm/5.4.1/bin/../lib/gcc/arm-none-eabi/5.4.1/../../../../arm-none-eabi/lib/armv7-m\libg_nano.a(lib_a-nano-svfprintf.o)
                0x00002768                _svfiprintf_r
                0x00002768                _svfprintf_r
 .text._printf_common
                0x00002950       0xec c:/program files (x86)/cypress/psoc creator/4.1/psoc creator/import/gnu/arm/5.4.1/bin/../lib/gcc/arm-none-eabi/5.4.1/../../../../arm-none-eabi/lib/armv7-m\libg_nano.a(lib_a-nano-vfprintf_i.o)
                0x00002950                _printf_common
 .text._printf_i
                0x00002a3c      0x24c c:/program files (x86)/cypress/psoc creator/4.1/psoc creator/import/gnu/arm/5.4.1/bin/../lib/gcc/arm-none-eabi/5.4.1/../../../../arm-none-eabi/lib/armv7-m\libg_nano.a(lib_a-nano-vfprintf_i.o)
                0x00002a3c                _printf_i
 .text.memchr   0x00002c88       0x1c c:/program files (x86)/cypress/psoc creator/4.1/psoc creator/import/gnu/arm/5.4.1/bin/../lib/gcc/arm-none-eabi/5.4.1/../../../../arm-none-eabi/lib/armv7-m\libg_nano.a(lib_a-memchr-stub.o)
                0x00002c88                memchr
 .text.memmove  0x00002ca4       0x36 c:/program files (x86)/cypress/psoc creator/4.1/psoc creator/import/gnu/arm/5.4.1/bin/../lib/gcc/arm-none-eabi/5.4.1/../../../../arm-none-eabi/lib/armv7-m\libg_nano.a(lib_a-memmove.o)
                0x00002ca4                memmove
 *fill*         0x00002cda        0x2 
 .text._free_r  0x00002cdc       0x98 c:/program files (x86)/cypress/psoc creator/4.1/psoc creator/import/gnu/arm/5.4.1/bin/../lib/gcc/arm-none-eabi/5.4.1/../../../../arm-none-eabi/lib/armv7-m\libg_nano.a(lib_a-nano-freer.o)
                0x00002cdc                _free_r
 .text._malloc_r
                0x00002d74       0xbc c:/program files (x86)/cypress/psoc creator/4.1/psoc creator/import/gnu/arm/5.4.1/bin/../lib/gcc/arm-none-eabi/5.4.1/../../../../arm-none-eabi/lib/armv7-m\libg_nano.a(lib_a-nano-mallocr.o)
                0x00002d74                _malloc_r
 .text._realloc_r
                0x00002e30       0x4c c:/program files (x86)/cypress/psoc creator/4.1/psoc creator/import/gnu/arm/5.4.1/bin/../lib/gcc/arm-none-eabi/5.4.1/../../../../arm-none-eabi/lib/armv7-m\libg_nano.a(lib_a-nano-reallocr.o)
                0x00002e30                _realloc_r
 .text._sbrk_r  0x00002e7c       0x20 c:/program files (x86)/cypress/psoc creator/4.1/psoc creator/import/gnu/arm/5.4.1/bin/../lib/gcc/arm-none-eabi/5.4.1/../../../../arm-none-eabi/lib/armv7-m\libg_nano.a(lib_a-sbrkr.o)
                0x00002e7c                _sbrk_r
 .text.__malloc_lock
                0x00002e9c        0x2 c:/program files (x86)/cypress/psoc creator/4.1/psoc creator/import/gnu/arm/5.4.1/bin/../lib/gcc/arm-none-eabi/5.4.1/../../../../arm-none-eabi/lib/armv7-m\libg_nano.a(lib_a-mlock.o)
                0x00002e9c                __malloc_lock
 .text.__malloc_unlock
                0x00002e9e        0x2 c:/program files (x86)/cypress/psoc creator/4.1/psoc creator/import/gnu/arm/5.4.1/bin/../lib/gcc/arm-none-eabi/5.4.1/../../../../arm-none-eabi/lib/armv7-m\libg_nano.a(lib_a-mlock.o)
                0x00002e9e                __malloc_unlock
 .text._malloc_usable_size_r
                0x00002ea0       0x14 c:/program files (x86)/cypress/psoc creator/4.1/psoc creator/import/gnu/arm/5.4.1/bin/../lib/gcc/arm-none-eabi/5.4.1/../../../../arm-none-eabi/lib/armv7-m\libg_nano.a(lib_a-nano-msizer.o)
                0x00002ea0                _malloc_usable_size_r
 *(.plt)
 *(.gnu.warning)
 *(.glue_7t)
 .glue_7t       0x00002eb4        0x0 linker stubs
 *(.glue_7)
 .glue_7        0x00002eb4        0x0 linker stubs
 *(.vfp11_veneer)
 .vfp11_veneer  0x00002eb4        0x0 linker stubs
 *(.bootloader)
 *(.ARM.extab* .gnu.linkonce.armextab.*)
 *(.gcc_except_table)

.v4_bx          0x00002eb4        0x0
 .v4_bx         0x00002eb4        0x0 linker stubs

.iplt           0x00002eb4        0x0
 .iplt          0x00002eb4        0x0 c:/program files (x86)/cypress/psoc creator/4.1/psoc creator/import/gnu/arm/5.4.1/bin/../lib/gcc/arm-none-eabi/5.4.1/armv7-m/crtbegin.o

.eh_frame_hdr
 *(.eh_frame_hdr)

.eh_frame       0x00002eb4        0x4
 *(.eh_frame)
 .eh_frame      0x00002eb4        0x0 c:/program files (x86)/cypress/psoc creator/4.1/psoc creator/import/gnu/arm/5.4.1/bin/../lib/gcc/arm-none-eabi/5.4.1/armv7-m/crtbegin.o
 .eh_frame      0x00002eb4        0x4 c:/program files (x86)/cypress/psoc creator/4.1/psoc creator/import/gnu/arm/5.4.1/bin/../lib/gcc/arm-none-eabi/5.4.1/armv7-m/crtend.o
                [!provide]                PROVIDE (__exidx_start, .)

.ARM.exidx
 *(.ARM.exidx* .gnu.linkonce.armexidx.*)
                0x00002eb8                __exidx_end = .

.rodata         0x00002eb8       0xf0
 *(.rodata .rodata.* .gnu.linkonce.r.*)
 .rodata.str1.4
                0x00002eb8       0x3c .\CortexM3\ARM_GCC_541\Debug\main.o
                                 0x3a (size before relaxing)
 .rodata        0x00002ef4       0x3a .\CortexM3\ARM_GCC_541\Debug\cyfitter_cfg.o
 *fill*         0x00002f2e        0x2 
 .rodata        0x00002f30        0xf .\CortexM3\ARM_GCC_541\Debug\UART_FSKTx.a(cyPm.o)
 .rodata.str1.1
                0x00002f3f        0x2 c:/program files (x86)/cypress/psoc creator/4.1/psoc creator/import/gnu/arm/5.4.1/bin/../lib/gcc/arm-none-eabi/5.4.1/../../../../arm-none-eabi/lib/armv7-m\libg_nano.a(lib_a-impure.o)
 .rodata.str1.1
                0x00002f41       0x11 c:/program files (x86)/cypress/psoc creator/4.1/psoc creator/import/gnu/arm/5.4.1/bin/../lib/gcc/arm-none-eabi/5.4.1/../../../../arm-none-eabi/lib/armv7-m\libg_nano.a(lib_a-nano-svfprintf.o)
 .rodata.str1.1
                0x00002f52       0x22 c:/program files (x86)/cypress/psoc creator/4.1/psoc creator/import/gnu/arm/5.4.1/bin/../lib/gcc/arm-none-eabi/5.4.1/../../../../arm-none-eabi/lib/armv7-m\libg_nano.a(lib_a-nano-vfprintf_i.o)
                0x00002f74                . = ALIGN (0x4)
 *(.init)
 .init          0x00002f74        0x4 c:/program files (x86)/cypress/psoc creator/4.1/psoc creator/import/gnu/arm/5.4.1/bin/../lib/gcc/arm-none-eabi/5.4.1/armv7-m/crti.o
                0x00002f74                _init
 .init          0x00002f78        0x8 c:/program files (x86)/cypress/psoc creator/4.1/psoc creator/import/gnu/arm/5.4.1/bin/../lib/gcc/arm-none-eabi/5.4.1/armv7-m/crtn.o
                0x00002f80                . = ALIGN (0x4)
                0x00002f80                __preinit_array_start = .
 *(.preinit_array)
                0x00002f80                __preinit_array_end = .
                0x00002f80                . = ALIGN (0x4)
                0x00002f80                __init_array_start = .
 *(SORT(.init_array.*))
 *(.init_array)
 .init_array    0x00002f80        0x4 c:/program files (x86)/cypress/psoc creator/4.1/psoc creator/import/gnu/arm/5.4.1/bin/../lib/gcc/arm-none-eabi/5.4.1/armv7-m/crtbegin.o
 .init_array    0x00002f84        0x4 .\CortexM3\ARM_GCC_541\Debug\Cm3Start.o
                0x00002f88                __init_array_end = .
                0x00002f88                . = ALIGN (0x4)
 *(.fini)
 .fini          0x00002f88        0x4 c:/program files (x86)/cypress/psoc creator/4.1/psoc creator/import/gnu/arm/5.4.1/bin/../lib/gcc/arm-none-eabi/5.4.1/armv7-m/crti.o
                0x00002f88                _fini
 .fini          0x00002f8c        0x8 c:/program files (x86)/cypress/psoc creator/4.1/psoc creator/import/gnu/arm/5.4.1/bin/../lib/gcc/arm-none-eabi/5.4.1/armv7-m/crtn.o
                0x00002f94                . = ALIGN (0x4)
                0x00002f94                __fini_array_start = .
 *(.fini_array)
 .fini_array    0x00002f94        0x4 c:/program files (x86)/cypress/psoc creator/4.1/psoc creator/import/gnu/arm/5.4.1/bin/../lib/gcc/arm-none-eabi/5.4.1/armv7-m/crtbegin.o
 *(SORT(.fini_array.*))
                0x00002f98                __fini_array_end = .
                0x00002f98                . = ALIGN (0x4)
 *crtbegin.o(.ctors)
 *(EXCLUDE_FILE(*crtend.o) .ctors)
 *(SORT(.ctors.*))
 *crtend.o(.ctors)
                0x00002f98                . = ALIGN (0x4)
 *crtbegin.o(.dtors)
 *(EXCLUDE_FILE(*crtend.o) .dtors)
 *(SORT(.dtors.*))
 *crtend.o(.dtors)
                0x00002f98                . = ALIGN (0x4)
                0x00002f98                __cy_regions = .
                0x00002f98        0x4 LONG 0x2fa8 __cy_region_init_ram
                0x00002f9c        0x4 LONG 0x1fff80c8 __cy_region_start_data
                0x00002fa0        0x4 LONG 0x88 __cy_region_init_size_ram
                0x00002fa4        0x4 LONG 0xf8 __cy_region_zero_size_ram
                0x00002fa8                __cy_regions_end = .
                0x00002fa8                . = ALIGN (0x8)
                0x00002fa8                _etext = .

.cy_checksum_exclude
                0x00002fa8        0x0
 *(.cy_checksum_exclude)

.ramvectors     0x1fff8000       0xc0
                0x1fff8000                __cy_region_start_ram = .
 *(.ramvectors)
 .ramvectors    0x1fff8000       0xc0 .\CortexM3\ARM_GCC_541\Debug\Cm3Start.o
                0x1fff8000                CyRamVectors

.noinit         0x1fff80c0        0x1
 *(.noinit)
 .noinit        0x1fff80c0        0x1 .\CortexM3\ARM_GCC_541\Debug\UART_FSKTx.a(CyLib.o)
                0x1fff80c0                CyResetStatus

.data           0x1fff80c8       0x88 load address 0x00002fa8
                0x1fff80c8                __cy_region_start_data = .
 *(.jcr)
 .jcr           0x1fff80c8        0x0 c:/program files (x86)/cypress/psoc creator/4.1/psoc creator/import/gnu/arm/5.4.1/bin/../lib/gcc/arm-none-eabi/5.4.1/armv7-m/crtbegin.o
 .jcr           0x1fff80c8        0x4 c:/program files (x86)/cypress/psoc creator/4.1/psoc creator/import/gnu/arm/5.4.1/bin/../lib/gcc/arm-none-eabi/5.4.1/armv7-m/crtend.o
 *(.got.plt)
 *(.got)
 *(.shdata)
 *(.data .data.* .gnu.linkonce.d.*)
 .data          0x1fff80cc        0x8 .\CortexM3\ARM_GCC_541\Debug\main.o
                0x1fff80cc                crabsToSend
                0x1fff80d0                i
 .data          0x1fff80d4        0x4 .\CortexM3\ARM_GCC_541\Debug\Cm3Start.o
 .data          0x1fff80d8       0x10 .\CortexM3\ARM_GCC_541\Debug\UART_FSKTx.a(CyLib.o)
                0x1fff80d8                cydelay_32k_ms
                0x1fff80dc                cydelay_freq_khz
                0x1fff80e0                cydelay_freq_mhz
                0x1fff80e4                cydelay_freq_hz
 .data.impure_data
                0x1fff80e8       0x60 c:/program files (x86)/cypress/psoc creator/4.1/psoc creator/import/gnu/arm/5.4.1/bin/../lib/gcc/arm-none-eabi/5.4.1/../../../../arm-none-eabi/lib/armv7-m\libg_nano.a(lib_a-impure.o)
 .data._impure_ptr
                0x1fff8148        0x4 c:/program files (x86)/cypress/psoc creator/4.1/psoc creator/import/gnu/arm/5.4.1/bin/../lib/gcc/arm-none-eabi/5.4.1/../../../../arm-none-eabi/lib/armv7-m\libg_nano.a(lib_a-impure.o)
                0x1fff8148                _impure_ptr
                0x1fff8150                . = ALIGN (0x8)
 *fill*         0x1fff814c        0x4 
 *(.ram)
                0x1fff8150                _edata = .

.igot.plt       0x1fff8150        0x0 load address 0x00003030
 .igot.plt      0x1fff8150        0x0 c:/program files (x86)/cypress/psoc creator/4.1/psoc creator/import/gnu/arm/5.4.1/bin/../lib/gcc/arm-none-eabi/5.4.1/armv7-m/crtbegin.o

.bss            0x1fff8150       0xf8 load address 0x00003030
                0x1fff8150                PROVIDE (__bss_start__, .)
 *(.shbss)
 *(.bss .bss.* .gnu.linkonce.b.*)
 .bss           0x1fff8150       0x1c c:/program files (x86)/cypress/psoc creator/4.1/psoc creator/import/gnu/arm/5.4.1/bin/../lib/gcc/arm-none-eabi/5.4.1/armv7-m/crtbegin.o
 .bss           0x1fff816c       0x20 .\CortexM3\ARM_GCC_541\Debug\main.o
                0x1fff8178                errorStatus
                0x1fff8180                newDataflag
                0x1fff8188                error
 .bss           0x1fff818c        0x2 .\CortexM3\ARM_GCC_541\Debug\UART_FSKTx.a(UART.o)
                0x1fff818c                UART_initVar
 *fill*         0x1fff818e        0x2 
 .bss           0x1fff8190        0x1 .\CortexM3\ARM_GCC_541\Debug\UART_FSKTx.a(UART_PM.o)
 .bss           0x1fff8191        0x1 .\CortexM3\ARM_GCC_541\Debug\UART_FSKTx.a(PWM_Modulator.o)
                0x1fff8191                PWM_Modulator_initVar
 *fill*         0x1fff8192        0x2 
 .bss           0x1fff8194        0x5 .\CortexM3\ARM_GCC_541\Debug\UART_FSKTx.a(PWM_Modulator_PM.o)
 .bss           0x1fff8199        0x2 .\CortexM3\ARM_GCC_541\Debug\UART_FSKTx.a(LCD.o)
                0x1fff8199                LCD_enableState
                0x1fff819a                LCD_initVar
 *fill*         0x1fff819b        0x1 
 .bss           0x1fff819c        0x1 .\CortexM3\ARM_GCC_541\Debug\UART_FSKTx.a(LCD_PM.o)
 .bss           0x1fff819d        0x1 .\CortexM3\ARM_GCC_541\Debug\UART_FSKTx.a(PWM_Switch_Timer.o)
                0x1fff819d                PWM_Switch_Timer_initVar
 *fill*         0x1fff819e        0x2 
 .bss           0x1fff81a0        0x6 .\CortexM3\ARM_GCC_541\Debug\UART_FSKTx.a(PWM_Switch_Timer_PM.o)
 .bss           0x1fff81a6        0x1 .\CortexM3\ARM_GCC_541\Debug\UART_FSKTx.a(PWM_1.o)
                0x1fff81a6                PWM_1_initVar
 *fill*         0x1fff81a7        0x1 
 .bss           0x1fff81a8        0x8 .\CortexM3\ARM_GCC_541\Debug\UART_FSKTx.a(PWM_1_PM.o)
 .bss           0x1fff81b0        0x1 .\CortexM3\ARM_GCC_541\Debug\UART_FSKTx.a(PWM_2.o)
                0x1fff81b0                PWM_2_initVar
 *fill*         0x1fff81b1        0x3 
 .bss           0x1fff81b4        0x8 .\CortexM3\ARM_GCC_541\Debug\UART_FSKTx.a(PWM_2_PM.o)
 .bss           0x1fff81bc        0x1 .\CortexM3\ARM_GCC_541\Debug\UART_FSKTx.a(PWM_3.o)
                0x1fff81bc                PWM_3_initVar
 *fill*         0x1fff81bd        0x3 
 .bss           0x1fff81c0        0x8 .\CortexM3\ARM_GCC_541\Debug\UART_FSKTx.a(PWM_3_PM.o)
 .bss           0x1fff81c8       0x43 .\CortexM3\ARM_GCC_541\Debug\UART_FSKTx.a(cyPm.o)
 .bss           0x1fff820b        0x1 .\CortexM3\ARM_GCC_541\Debug\UART_FSKTx.a(checkWatchDogTimer.o)
                0x1fff820b                checkWatchDogTimer_initVar
 .bss           0x1fff820c        0x1 .\CortexM3\ARM_GCC_541\Debug\UART_FSKTx.a(checkWatchDogTimer_PM.o)
 .bss           0x1fff820d        0x1 .\CortexM3\ARM_GCC_541\Debug\UART_FSKTx.a(SleepTimer.o)
                0x1fff820d                SleepTimer_initVar
 *fill*         0x1fff820e        0x2 
 .bss.__malloc_sbrk_start
                0x1fff8210        0x4 c:/program files (x86)/cypress/psoc creator/4.1/psoc creator/import/gnu/arm/5.4.1/bin/../lib/gcc/arm-none-eabi/5.4.1/../../../../arm-none-eabi/lib/armv7-m\libg_nano.a(lib_a-nano-mallocr.o)
                0x1fff8210                __malloc_sbrk_start
 .bss.__malloc_free_list
                0x1fff8214        0x4 c:/program files (x86)/cypress/psoc creator/4.1/psoc creator/import/gnu/arm/5.4.1/bin/../lib/gcc/arm-none-eabi/5.4.1/../../../../arm-none-eabi/lib/armv7-m\libg_nano.a(lib_a-nano-mallocr.o)
                0x1fff8214                __malloc_free_list
 *(COMMON)
 COMMON         0x1fff8218       0x2a .\CortexM3\ARM_GCC_541\Debug\main.o
                0x1fff8218                lineStr
                0x1fff822c                data
                0x1fff8240                count
 *fill*         0x1fff8242        0x2 
 COMMON         0x1fff8244        0x4 c:/program files (x86)/cypress/psoc creator/4.1/psoc creator/import/gnu/arm/5.4.1/bin/../lib/gcc/arm-none-eabi/5.4.1/../../../../arm-none-eabi/lib/armv7-m\libg_nano.a(lib_a-reent.o)
                0x1fff8244                errno
                0x1fff8248                . = ALIGN (0x8)
 *(.ram.b)
                0x1fff8248                _end = .
                0x1fff8248                __end = .
                0x1fff8248                PROVIDE (end, .)
                0x1fff8248                PROVIDE (__bss_end__, .)
                0x00002fa8                __cy_region_init_ram = LOADADDR (.data)
                0x00000088                __cy_region_init_size_ram = (_edata - ADDR (.data))
                0x000000f8                __cy_region_zero_size_ram = (_end - _edata)

.heap           0x1fff8248      0x300 load address 0x00003030
                0x1fff8248                . = _end
                0x1fff8548                . = (. + 0x300)
 *fill*         0x1fff8248      0x300 
                0x1fff8548                __cy_heap_limit = .

.stack          0x20007800      0x800
                0x20007800                __cy_stack_limit = .
                0x20008000                . = (. + 0x800)
 *fill*         0x20007800      0x800 
                0x00000001                ASSERT ((__cy_stack_limit >= __cy_heap_limit), region RAM overflowed with stack)
                0x00000000                cy_checksum_exclude_size = (CY_APPL_LOADABLE == 0x1)?SIZEOF (.cy_checksum_exclude):0x0
                0x00000001                ASSERT ((cy_checksum_exclude_size <= CY_CHECKSUM_EXCLUDE_SIZE), CY_BOOT: Section .cy_checksum_exclude size exceedes specified limit.)

.cyloadermeta
 *(.cyloadermeta)

.cyloadablemeta
 *(.cyloadablemeta)

.cyconfigecc    0x80000000      0x7a4
 *(.cyconfigecc)
 .cyconfigecc   0x80000000      0x7a4 .\CortexM3\ARM_GCC_541\Debug\cymetadata.o
                0x80000000                cy_meta_configecc

.cycustnvl      0x90000000        0x4
 *(.cycustnvl)
 .cycustnvl     0x90000000        0x4 .\CortexM3\ARM_GCC_541\Debug\cymetadata.o
                0x90000000                cy_meta_custnvl

.cywolatch      0x90100000        0x4
 *(.cywolatch)
 .cywolatch     0x90100000        0x4 .\CortexM3\ARM_GCC_541\Debug\cymetadata.o
                0x90100000                cy_meta_wonvl

.cyeeprom       0x90200000        0x0
 *(.cyeeprom)
                0x00000001                ASSERT ((. <= ((0x90200000 + ee_offset) + ee_size)), .cyeeprom data will not fit in EEPROM)

.cyflashprotect
                0x90400000      0x100
 *(.cyflashprotect)
 .cyflashprotect
                0x90400000      0x100 .\CortexM3\ARM_GCC_541\Debug\cymetadata.o
                0x90400000                cy_meta_flashprotect

.cymeta         0x90500000        0xc
 *(.cymeta)
 .cymeta        0x90500000        0xc .\CortexM3\ARM_GCC_541\Debug\cymetadata.o
                0x90500000                cy_metadata

.rel.dyn        0x00003030        0x0 load address 0x9050000c
 .rel.iplt      0x00003030        0x0 c:/program files (x86)/cypress/psoc creator/4.1/psoc creator/import/gnu/arm/5.4.1/bin/../lib/gcc/arm-none-eabi/5.4.1/armv7-m/crtbegin.o

.stab
 *(.stab)

.stabstr
 *(.stabstr)

.debug
 *(.debug)

.line
 *(.line)

.debug_srcinfo
 *(.debug_srcinfo)

.debug_sfnames
 *(.debug_sfnames)

.debug_aranges  0x00000000      0xfa0
 *(.debug_aranges)
 .debug_aranges
                0x00000000       0x60 .\CortexM3\ARM_GCC_541\Debug\main.o
 .debug_aranges
                0x00000060       0x58 .\CortexM3\ARM_GCC_541\Debug\cyfitter_cfg.o
 .debug_aranges
                0x000000b8       0x18 .\CortexM3\ARM_GCC_541\Debug\cymetadata.o
 .debug_aranges
                0x000000d0       0x48 .\CortexM3\ARM_GCC_541\Debug\Cm3Start.o
 .debug_aranges
                0x00000118       0xf0 .\CortexM3\ARM_GCC_541\Debug\UART_FSKTx.a(UART.o)
 .debug_aranges
                0x00000208       0x38 .\CortexM3\ARM_GCC_541\Debug\UART_FSKTx.a(UART_PM.o)
 .debug_aranges
                0x00000240       0x98 .\CortexM3\ARM_GCC_541\Debug\UART_FSKTx.a(PWM_Modulator.o)
 .debug_aranges
                0x000002d8       0x38 .\CortexM3\ARM_GCC_541\Debug\UART_FSKTx.a(PWM_Modulator_PM.o)
 .debug_aranges
                0x00000310       0x98 .\CortexM3\ARM_GCC_541\Debug\UART_FSKTx.a(LCD.o)
 .debug_aranges
                0x000003a8       0x38 .\CortexM3\ARM_GCC_541\Debug\UART_FSKTx.a(LCD_PM.o)
 .debug_aranges
                0x000003e0       0x90 .\CortexM3\ARM_GCC_541\Debug\UART_FSKTx.a(PWM_Switch_Timer.o)
 .debug_aranges
                0x00000470       0x38 .\CortexM3\ARM_GCC_541\Debug\UART_FSKTx.a(PWM_Switch_Timer_PM.o)
 .debug_aranges
                0x000004a8       0x80 .\CortexM3\ARM_GCC_541\Debug\UART_FSKTx.a(isr_sec.o)
 .debug_aranges
                0x00000528       0x38 .\CortexM3\ARM_GCC_541\Debug\UART_FSKTx.a(HighVoltage.o)
 .debug_aranges
                0x00000560       0x98 .\CortexM3\ARM_GCC_541\Debug\UART_FSKTx.a(PWM_1.o)
 .debug_aranges
                0x000005f8       0x38 .\CortexM3\ARM_GCC_541\Debug\UART_FSKTx.a(PWM_1_PM.o)
 .debug_aranges
                0x00000630       0x98 .\CortexM3\ARM_GCC_541\Debug\UART_FSKTx.a(PWM_2.o)
 .debug_aranges
                0x000006c8       0x38 .\CortexM3\ARM_GCC_541\Debug\UART_FSKTx.a(PWM_2_PM.o)
 .debug_aranges
                0x00000700       0x98 .\CortexM3\ARM_GCC_541\Debug\UART_FSKTx.a(PWM_3.o)
 .debug_aranges
                0x00000798       0x38 .\CortexM3\ARM_GCC_541\Debug\UART_FSKTx.a(PWM_3_PM.o)
 .debug_aranges
                0x000007d0       0x38 .\CortexM3\ARM_GCC_541\Debug\UART_FSKTx.a(SignalBase.o)
 .debug_aranges
                0x00000808       0x70 .\CortexM3\ARM_GCC_541\Debug\UART_FSKTx.a(UART_IntClock.o)
 .debug_aranges
                0x00000878      0x2a8 .\CortexM3\ARM_GCC_541\Debug\UART_FSKTx.a(CyLib.o)
 .debug_aranges
                0x00000b20       0x98 .\CortexM3\ARM_GCC_541\Debug\UART_FSKTx.a(cyPm.o)
 .debug_aranges
                0x00000bb8       0x88 .\CortexM3\ARM_GCC_541\Debug\UART_FSKTx.a(checkWatchDogTimer.o)
 .debug_aranges
                0x00000c40       0x38 .\CortexM3\ARM_GCC_541\Debug\UART_FSKTx.a(checkWatchDogTimer_PM.o)
 .debug_aranges
                0x00000c78       0x80 .\CortexM3\ARM_GCC_541\Debug\UART_FSKTx.a(watchDogCheck.o)
 .debug_aranges
                0x00000cf8       0x58 .\CortexM3\ARM_GCC_541\Debug\UART_FSKTx.a(SleepTimer.o)
 .debug_aranges
                0x00000d50       0x80 .\CortexM3\ARM_GCC_541\Debug\UART_FSKTx.a(Sleep_ISR.o)
 .debug_aranges
                0x00000dd0       0x38 .\CortexM3\ARM_GCC_541\Debug\UART_FSKTx.a(sleepToggle.o)
 .debug_aranges
                0x00000e08       0x20 .\CortexM3\ARM_GCC_541\Debug\UART_FSKTx.a(CyBootAsmGnu.o)
 .debug_aranges
                0x00000e28       0x80 .\CortexM3\ARM_GCC_541\Debug\UART_FSKTx.a(CyScBoostClk.o)
 .debug_aranges
                0x00000ea8       0x80 .\CortexM3\ARM_GCC_541\Debug\UART_FSKTx.a(CyFlash.o)
 .debug_aranges
                0x00000f28       0x78 .\CortexM3\ARM_GCC_541\Debug\UART_FSKTx.a(CySpc.o)

.debug_pubnames
 *(.debug_pubnames)

.debug_info     0x00000000     0x803b
 *(.debug_info .gnu.linkonce.wi.*)
 .debug_info    0x00000000      0xa64 .\CortexM3\ARM_GCC_541\Debug\main.o
 .debug_info    0x00000a64      0x5de .\CortexM3\ARM_GCC_541\Debug\cyfitter_cfg.o
 .debug_info    0x00001042      0x139 .\CortexM3\ARM_GCC_541\Debug\cymetadata.o
 .debug_info    0x0000117b      0x3bb .\CortexM3\ARM_GCC_541\Debug\Cm3Start.o
 .debug_info    0x00001536      0x60c .\CortexM3\ARM_GCC_541\Debug\UART_FSKTx.a(UART.o)
 .debug_info    0x00001b42      0x17f .\CortexM3\ARM_GCC_541\Debug\UART_FSKTx.a(UART_PM.o)
 .debug_info    0x00001cc1      0x334 .\CortexM3\ARM_GCC_541\Debug\UART_FSKTx.a(PWM_Modulator.o)
 .debug_info    0x00001ff5      0x217 .\CortexM3\ARM_GCC_541\Debug\UART_FSKTx.a(PWM_Modulator_PM.o)
 .debug_info    0x0000220c      0x715 .\CortexM3\ARM_GCC_541\Debug\UART_FSKTx.a(LCD.o)
 .debug_info    0x00002921      0x13f .\CortexM3\ARM_GCC_541\Debug\UART_FSKTx.a(LCD_PM.o)
 .debug_info    0x00002a60      0x2f0 .\CortexM3\ARM_GCC_541\Debug\UART_FSKTx.a(PWM_Switch_Timer.o)
 .debug_info    0x00002d50      0x1ef .\CortexM3\ARM_GCC_541\Debug\UART_FSKTx.a(PWM_Switch_Timer_PM.o)
 .debug_info    0x00002f3f      0x2d2 .\CortexM3\ARM_GCC_541\Debug\UART_FSKTx.a(isr_sec.o)
 .debug_info    0x00003211      0x11f .\CortexM3\ARM_GCC_541\Debug\UART_FSKTx.a(HighVoltage.o)
 .debug_info    0x00003330      0x351 .\CortexM3\ARM_GCC_541\Debug\UART_FSKTx.a(PWM_1.o)
 .debug_info    0x00003681      0x223 .\CortexM3\ARM_GCC_541\Debug\UART_FSKTx.a(PWM_1_PM.o)
 .debug_info    0x000038a4      0x34e .\CortexM3\ARM_GCC_541\Debug\UART_FSKTx.a(PWM_2.o)
 .debug_info    0x00003bf2      0x223 .\CortexM3\ARM_GCC_541\Debug\UART_FSKTx.a(PWM_2_PM.o)
 .debug_info    0x00003e15      0x34e .\CortexM3\ARM_GCC_541\Debug\UART_FSKTx.a(PWM_3.o)
 .debug_info    0x00004163      0x223 .\CortexM3\ARM_GCC_541\Debug\UART_FSKTx.a(PWM_3_PM.o)
 .debug_info    0x00004386      0x11f .\CortexM3\ARM_GCC_541\Debug\UART_FSKTx.a(SignalBase.o)
 .debug_info    0x000044a5      0x283 .\CortexM3\ARM_GCC_541\Debug\UART_FSKTx.a(UART_IntClock.o)
 .debug_info    0x00004728     0x13d4 .\CortexM3\ARM_GCC_541\Debug\UART_FSKTx.a(CyLib.o)
 .debug_info    0x00005afc      0xa2a .\CortexM3\ARM_GCC_541\Debug\UART_FSKTx.a(cyPm.o)
 .debug_info    0x00006526      0x293 .\CortexM3\ARM_GCC_541\Debug\UART_FSKTx.a(checkWatchDogTimer.o)
 .debug_info    0x000067b9      0x153 .\CortexM3\ARM_GCC_541\Debug\UART_FSKTx.a(checkWatchDogTimer_PM.o)
 .debug_info    0x0000690c      0x2d2 .\CortexM3\ARM_GCC_541\Debug\UART_FSKTx.a(watchDogCheck.o)
 .debug_info    0x00006bde      0x277 .\CortexM3\ARM_GCC_541\Debug\UART_FSKTx.a(SleepTimer.o)
 .debug_info    0x00006e55      0x2d2 .\CortexM3\ARM_GCC_541\Debug\UART_FSKTx.a(Sleep_ISR.o)
 .debug_info    0x00007127      0x11f .\CortexM3\ARM_GCC_541\Debug\UART_FSKTx.a(sleepToggle.o)
 .debug_info    0x00007246       0x90 .\CortexM3\ARM_GCC_541\Debug\UART_FSKTx.a(CyBootAsmGnu.o)
 .debug_info    0x000072d6      0x2c4 .\CortexM3\ARM_GCC_541\Debug\UART_FSKTx.a(CyScBoostClk.o)
 .debug_info    0x0000759a      0x5b8 .\CortexM3\ARM_GCC_541\Debug\UART_FSKTx.a(CyFlash.o)
 .debug_info    0x00007b52      0x4e9 .\CortexM3\ARM_GCC_541\Debug\UART_FSKTx.a(CySpc.o)

.debug_abbrev   0x00000000     0x2667
 *(.debug_abbrev)
 .debug_abbrev  0x00000000      0x1cb .\CortexM3\ARM_GCC_541\Debug\main.o
 .debug_abbrev  0x000001cb      0x20d .\CortexM3\ARM_GCC_541\Debug\cyfitter_cfg.o
 .debug_abbrev  0x000003d8       0x77 .\CortexM3\ARM_GCC_541\Debug\cymetadata.o
 .debug_abbrev  0x0000044f      0x1e8 .\CortexM3\ARM_GCC_541\Debug\Cm3Start.o
 .debug_abbrev  0x00000637      0x175 .\CortexM3\ARM_GCC_541\Debug\UART_FSKTx.a(UART.o)
 .debug_abbrev  0x000007ac       0xc6 .\CortexM3\ARM_GCC_541\Debug\UART_FSKTx.a(UART_PM.o)
 .debug_abbrev  0x00000872      0x133 .\CortexM3\ARM_GCC_541\Debug\UART_FSKTx.a(PWM_Modulator.o)
 .debug_abbrev  0x000009a5       0xac .\CortexM3\ARM_GCC_541\Debug\UART_FSKTx.a(PWM_Modulator_PM.o)
 .debug_abbrev  0x00000a51      0x157 .\CortexM3\ARM_GCC_541\Debug\UART_FSKTx.a(LCD.o)
 .debug_abbrev  0x00000ba8       0xce .\CortexM3\ARM_GCC_541\Debug\UART_FSKTx.a(LCD_PM.o)
 .debug_abbrev  0x00000c76      0x12b .\CortexM3\ARM_GCC_541\Debug\UART_FSKTx.a(PWM_Switch_Timer.o)
 .debug_abbrev  0x00000da1       0xac .\CortexM3\ARM_GCC_541\Debug\UART_FSKTx.a(PWM_Switch_Timer_PM.o)
 .debug_abbrev  0x00000e4d      0x173 .\CortexM3\ARM_GCC_541\Debug\UART_FSKTx.a(isr_sec.o)
 .debug_abbrev  0x00000fc0       0x90 .\CortexM3\ARM_GCC_541\Debug\UART_FSKTx.a(HighVoltage.o)
 .debug_abbrev  0x00001050      0x133 .\CortexM3\ARM_GCC_541\Debug\UART_FSKTx.a(PWM_1.o)
 .debug_abbrev  0x00001183       0xac .\CortexM3\ARM_GCC_541\Debug\UART_FSKTx.a(PWM_1_PM.o)
 .debug_abbrev  0x0000122f      0x133 .\CortexM3\ARM_GCC_541\Debug\UART_FSKTx.a(PWM_2.o)
 .debug_abbrev  0x00001362       0xac .\CortexM3\ARM_GCC_541\Debug\UART_FSKTx.a(PWM_2_PM.o)
 .debug_abbrev  0x0000140e      0x133 .\CortexM3\ARM_GCC_541\Debug\UART_FSKTx.a(PWM_3.o)
 .debug_abbrev  0x00001541       0xac .\CortexM3\ARM_GCC_541\Debug\UART_FSKTx.a(PWM_3_PM.o)
 .debug_abbrev  0x000015ed       0x90 .\CortexM3\ARM_GCC_541\Debug\UART_FSKTx.a(SignalBase.o)
 .debug_abbrev  0x0000167d      0x139 .\CortexM3\ARM_GCC_541\Debug\UART_FSKTx.a(UART_IntClock.o)
 .debug_abbrev  0x000017b6      0x254 .\CortexM3\ARM_GCC_541\Debug\UART_FSKTx.a(CyLib.o)
 .debug_abbrev  0x00001a0a      0x1ab .\CortexM3\ARM_GCC_541\Debug\UART_FSKTx.a(cyPm.o)
 .debug_abbrev  0x00001bb5      0x11a .\CortexM3\ARM_GCC_541\Debug\UART_FSKTx.a(checkWatchDogTimer.o)
 .debug_abbrev  0x00001ccf       0xc4 .\CortexM3\ARM_GCC_541\Debug\UART_FSKTx.a(checkWatchDogTimer_PM.o)
 .debug_abbrev  0x00001d93      0x173 .\CortexM3\ARM_GCC_541\Debug\UART_FSKTx.a(watchDogCheck.o)
 .debug_abbrev  0x00001f06       0xfd .\CortexM3\ARM_GCC_541\Debug\UART_FSKTx.a(SleepTimer.o)
 .debug_abbrev  0x00002003      0x173 .\CortexM3\ARM_GCC_541\Debug\UART_FSKTx.a(Sleep_ISR.o)
 .debug_abbrev  0x00002176       0x90 .\CortexM3\ARM_GCC_541\Debug\UART_FSKTx.a(sleepToggle.o)
 .debug_abbrev  0x00002206       0x14 .\CortexM3\ARM_GCC_541\Debug\UART_FSKTx.a(CyBootAsmGnu.o)
 .debug_abbrev  0x0000221a      0x121 .\CortexM3\ARM_GCC_541\Debug\UART_FSKTx.a(CyScBoostClk.o)
 .debug_abbrev  0x0000233b      0x198 .\CortexM3\ARM_GCC_541\Debug\UART_FSKTx.a(CyFlash.o)
 .debug_abbrev  0x000024d3      0x194 .\CortexM3\ARM_GCC_541\Debug\UART_FSKTx.a(CySpc.o)

.debug_line     0x00000000     0x365a
 *(.debug_line)
 .debug_line    0x00000000      0x40b .\CortexM3\ARM_GCC_541\Debug\main.o
 .debug_line    0x0000040b      0x1fe .\CortexM3\ARM_GCC_541\Debug\cyfitter_cfg.o
 .debug_line    0x00000609      0x141 .\CortexM3\ARM_GCC_541\Debug\cymetadata.o
 .debug_line    0x0000074a      0x234 .\CortexM3\ARM_GCC_541\Debug\Cm3Start.o
 .debug_line    0x0000097e      0x2bc .\CortexM3\ARM_GCC_541\Debug\UART_FSKTx.a(UART.o)
 .debug_line    0x00000c3a       0xa2 .\CortexM3\ARM_GCC_541\Debug\UART_FSKTx.a(UART_PM.o)
 .debug_line    0x00000cdc      0x18d .\CortexM3\ARM_GCC_541\Debug\UART_FSKTx.a(PWM_Modulator.o)
 .debug_line    0x00000e69       0xbd .\CortexM3\ARM_GCC_541\Debug\UART_FSKTx.a(PWM_Modulator_PM.o)
 .debug_line    0x00000f26      0x1dc .\CortexM3\ARM_GCC_541\Debug\UART_FSKTx.a(LCD.o)
 .debug_line    0x00001102       0x99 .\CortexM3\ARM_GCC_541\Debug\UART_FSKTx.a(LCD_PM.o)
 .debug_line    0x0000119b      0x17b .\CortexM3\ARM_GCC_541\Debug\UART_FSKTx.a(PWM_Switch_Timer.o)
 .debug_line    0x00001316       0xbd .\CortexM3\ARM_GCC_541\Debug\UART_FSKTx.a(PWM_Switch_Timer_PM.o)
 .debug_line    0x000013d3      0x134 .\CortexM3\ARM_GCC_541\Debug\UART_FSKTx.a(isr_sec.o)
 .debug_line    0x00001507       0x98 .\CortexM3\ARM_GCC_541\Debug\UART_FSKTx.a(HighVoltage.o)
 .debug_line    0x0000159f      0x188 .\CortexM3\ARM_GCC_541\Debug\UART_FSKTx.a(PWM_1.o)
 .debug_line    0x00001727       0xad .\CortexM3\ARM_GCC_541\Debug\UART_FSKTx.a(PWM_1_PM.o)
 .debug_line    0x000017d4      0x188 .\CortexM3\ARM_GCC_541\Debug\UART_FSKTx.a(PWM_2.o)
 .debug_line    0x0000195c       0xad .\CortexM3\ARM_GCC_541\Debug\UART_FSKTx.a(PWM_2_PM.o)
 .debug_line    0x00001a09      0x188 .\CortexM3\ARM_GCC_541\Debug\UART_FSKTx.a(PWM_3.o)
 .debug_line    0x00001b91       0xad .\CortexM3\ARM_GCC_541\Debug\UART_FSKTx.a(PWM_3_PM.o)
 .debug_line    0x00001c3e       0x97 .\CortexM3\ARM_GCC_541\Debug\UART_FSKTx.a(SignalBase.o)
 .debug_line    0x00001cd5      0x17c .\CortexM3\ARM_GCC_541\Debug\UART_FSKTx.a(UART_IntClock.o)
 .debug_line    0x00001e51      0x854 .\CortexM3\ARM_GCC_541\Debug\UART_FSKTx.a(CyLib.o)
 .debug_line    0x000026a5      0x367 .\CortexM3\ARM_GCC_541\Debug\UART_FSKTx.a(cyPm.o)
 .debug_line    0x00002a0c      0x160 .\CortexM3\ARM_GCC_541\Debug\UART_FSKTx.a(checkWatchDogTimer.o)
 .debug_line    0x00002b6c       0xba .\CortexM3\ARM_GCC_541\Debug\UART_FSKTx.a(checkWatchDogTimer_PM.o)
 .debug_line    0x00002c26      0x13a .\CortexM3\ARM_GCC_541\Debug\UART_FSKTx.a(watchDogCheck.o)
 .debug_line    0x00002d60      0x103 .\CortexM3\ARM_GCC_541\Debug\UART_FSKTx.a(SleepTimer.o)
 .debug_line    0x00002e63      0x136 .\CortexM3\ARM_GCC_541\Debug\UART_FSKTx.a(Sleep_ISR.o)
 .debug_line    0x00002f99       0x98 .\CortexM3\ARM_GCC_541\Debug\UART_FSKTx.a(sleepToggle.o)
 .debug_line    0x00003031       0x66 .\CortexM3\ARM_GCC_541\Debug\UART_FSKTx.a(CyBootAsmGnu.o)
 .debug_line    0x00003097      0x19e .\CortexM3\ARM_GCC_541\Debug\UART_FSKTx.a(CyScBoostClk.o)
 .debug_line    0x00003235      0x1e9 .\CortexM3\ARM_GCC_541\Debug\UART_FSKTx.a(CyFlash.o)
 .debug_line    0x0000341e      0x23c .\CortexM3\ARM_GCC_541\Debug\UART_FSKTx.a(CySpc.o)

.debug_frame    0x00000000     0x2844
 *(.debug_frame)
 .debug_frame   0x00000000       0xf8 .\CortexM3\ARM_GCC_541\Debug\main.o
 .debug_frame   0x000000f8       0xe4 .\CortexM3\ARM_GCC_541\Debug\cyfitter_cfg.o
 .debug_frame   0x000001dc       0xb8 .\CortexM3\ARM_GCC_541\Debug\Cm3Start.o
 .debug_frame   0x00000294      0x250 .\CortexM3\ARM_GCC_541\Debug\UART_FSKTx.a(UART.o)
 .debug_frame   0x000004e4       0x68 .\CortexM3\ARM_GCC_541\Debug\UART_FSKTx.a(UART_PM.o)
 .debug_frame   0x0000054c      0x134 .\CortexM3\ARM_GCC_541\Debug\UART_FSKTx.a(PWM_Modulator.o)
 .debug_frame   0x00000680       0x80 .\CortexM3\ARM_GCC_541\Debug\UART_FSKTx.a(PWM_Modulator_PM.o)
 .debug_frame   0x00000700      0x1e8 .\CortexM3\ARM_GCC_541\Debug\UART_FSKTx.a(LCD.o)
 .debug_frame   0x000008e8       0x68 .\CortexM3\ARM_GCC_541\Debug\UART_FSKTx.a(LCD_PM.o)
 .debug_frame   0x00000950      0x124 .\CortexM3\ARM_GCC_541\Debug\UART_FSKTx.a(PWM_Switch_Timer.o)
 .debug_frame   0x00000a74       0x80 .\CortexM3\ARM_GCC_541\Debug\UART_FSKTx.a(PWM_Switch_Timer_PM.o)
 .debug_frame   0x00000af4      0x104 .\CortexM3\ARM_GCC_541\Debug\UART_FSKTx.a(isr_sec.o)
 .debug_frame   0x00000bf8       0x50 .\CortexM3\ARM_GCC_541\Debug\UART_FSKTx.a(HighVoltage.o)
 .debug_frame   0x00000c48      0x134 .\CortexM3\ARM_GCC_541\Debug\UART_FSKTx.a(PWM_1.o)
 .debug_frame   0x00000d7c       0x80 .\CortexM3\ARM_GCC_541\Debug\UART_FSKTx.a(PWM_1_PM.o)
 .debug_frame   0x00000dfc      0x134 .\CortexM3\ARM_GCC_541\Debug\UART_FSKTx.a(PWM_2.o)
 .debug_frame   0x00000f30       0x80 .\CortexM3\ARM_GCC_541\Debug\UART_FSKTx.a(PWM_2_PM.o)
 .debug_frame   0x00000fb0      0x134 .\CortexM3\ARM_GCC_541\Debug\UART_FSKTx.a(PWM_3.o)
 .debug_frame   0x000010e4       0x80 .\CortexM3\ARM_GCC_541\Debug\UART_FSKTx.a(PWM_3_PM.o)
 .debug_frame   0x00001164       0x50 .\CortexM3\ARM_GCC_541\Debug\UART_FSKTx.a(SignalBase.o)
 .debug_frame   0x000011b4       0xe0 .\CortexM3\ARM_GCC_541\Debug\UART_FSKTx.a(UART_IntClock.o)
 .debug_frame   0x00001294      0x754 .\CortexM3\ARM_GCC_541\Debug\UART_FSKTx.a(CyLib.o)
 .debug_frame   0x000019e8      0x1f8 .\CortexM3\ARM_GCC_541\Debug\UART_FSKTx.a(cyPm.o)
 .debug_frame   0x00001be0      0x108 .\CortexM3\ARM_GCC_541\Debug\UART_FSKTx.a(checkWatchDogTimer.o)
 .debug_frame   0x00001ce8       0x68 .\CortexM3\ARM_GCC_541\Debug\UART_FSKTx.a(checkWatchDogTimer_PM.o)
 .debug_frame   0x00001d50      0x104 .\CortexM3\ARM_GCC_541\Debug\UART_FSKTx.a(watchDogCheck.o)
 .debug_frame   0x00001e54       0xe4 .\CortexM3\ARM_GCC_541\Debug\UART_FSKTx.a(SleepTimer.o)
 .debug_frame   0x00001f38      0x104 .\CortexM3\ARM_GCC_541\Debug\UART_FSKTx.a(Sleep_ISR.o)
 .debug_frame   0x0000203c       0x50 .\CortexM3\ARM_GCC_541\Debug\UART_FSKTx.a(sleepToggle.o)
 .debug_frame   0x0000208c      0x100 .\CortexM3\ARM_GCC_541\Debug\UART_FSKTx.a(CyScBoostClk.o)
 .debug_frame   0x0000218c      0x174 .\CortexM3\ARM_GCC_541\Debug\UART_FSKTx.a(CyFlash.o)
 .debug_frame   0x00002300      0x160 .\CortexM3\ARM_GCC_541\Debug\UART_FSKTx.a(CySpc.o)
 .debug_frame   0x00002460       0x20 c:/program files (x86)/cypress/psoc creator/4.1/psoc creator/import/gnu/arm/5.4.1/bin/../lib/gcc/arm-none-eabi/5.4.1/../../../../arm-none-eabi/lib/armv7-m\libg_nano.a(lib_a-errno.o)
 .debug_frame   0x00002480       0x28 c:/program files (x86)/cypress/psoc creator/4.1/psoc creator/import/gnu/arm/5.4.1/bin/../lib/gcc/arm-none-eabi/5.4.1/../../../../arm-none-eabi/lib/armv7-m\libg_nano.a(lib_a-exit.o)
 .debug_frame   0x000024a8       0x2c c:/program files (x86)/cypress/psoc creator/4.1/psoc creator/import/gnu/arm/5.4.1/bin/../lib/gcc/arm-none-eabi/5.4.1/../../../../arm-none-eabi/lib/armv7-m\libg_nano.a(lib_a-init.o)
 .debug_frame   0x000024d4       0x28 c:/program files (x86)/cypress/psoc creator/4.1/psoc creator/import/gnu/arm/5.4.1/bin/../lib/gcc/arm-none-eabi/5.4.1/../../../../arm-none-eabi/lib/armv7-m\libg_nano.a(lib_a-memcpy-stub.o)
 .debug_frame   0x000024fc       0x20 c:/program files (x86)/cypress/psoc creator/4.1/psoc creator/import/gnu/arm/5.4.1/bin/../lib/gcc/arm-none-eabi/5.4.1/../../../../arm-none-eabi/lib/armv7-m\libg_nano.a(lib_a-memset.o)
 .debug_frame   0x0000251c       0x70 c:/program files (x86)/cypress/psoc creator/4.1/psoc creator/import/gnu/arm/5.4.1/bin/../lib/gcc/arm-none-eabi/5.4.1/../../../../arm-none-eabi/lib/armv7-m\libg_nano.a(lib_a-sprintf.o)
 .debug_frame   0x0000258c       0x90 c:/program files (x86)/cypress/psoc creator/4.1/psoc creator/import/gnu/arm/5.4.1/bin/../lib/gcc/arm-none-eabi/5.4.1/../../../../arm-none-eabi/lib/armv7-m\libg_nano.a(lib_a-nano-svfprintf.o)
 .debug_frame   0x0000261c       0x60 c:/program files (x86)/cypress/psoc creator/4.1/psoc creator/import/gnu/arm/5.4.1/bin/../lib/gcc/arm-none-eabi/5.4.1/../../../../arm-none-eabi/lib/armv7-m\libg_nano.a(lib_a-nano-vfprintf_i.o)
 .debug_frame   0x0000267c       0x28 c:/program files (x86)/cypress/psoc creator/4.1/psoc creator/import/gnu/arm/5.4.1/bin/../lib/gcc/arm-none-eabi/5.4.1/../../../../arm-none-eabi/lib/armv7-m\libg_nano.a(lib_a-memchr-stub.o)
 .debug_frame   0x000026a4       0x28 c:/program files (x86)/cypress/psoc creator/4.1/psoc creator/import/gnu/arm/5.4.1/bin/../lib/gcc/arm-none-eabi/5.4.1/../../../../arm-none-eabi/lib/armv7-m\libg_nano.a(lib_a-memmove.o)
 .debug_frame   0x000026cc       0x38 c:/program files (x86)/cypress/psoc creator/4.1/psoc creator/import/gnu/arm/5.4.1/bin/../lib/gcc/arm-none-eabi/5.4.1/../../../../arm-none-eabi/lib/armv7-m\libg_nano.a(lib_a-nano-freer.o)
 .debug_frame   0x00002704       0x2c c:/program files (x86)/cypress/psoc creator/4.1/psoc creator/import/gnu/arm/5.4.1/bin/../lib/gcc/arm-none-eabi/5.4.1/../../../../arm-none-eabi/lib/armv7-m\libg_nano.a(lib_a-nano-mallocr.o)
 .debug_frame   0x00002730       0x3c c:/program files (x86)/cypress/psoc creator/4.1/psoc creator/import/gnu/arm/5.4.1/bin/../lib/gcc/arm-none-eabi/5.4.1/../../../../arm-none-eabi/lib/armv7-m\libg_nano.a(lib_a-nano-reallocr.o)
 .debug_frame   0x0000276c       0x2c c:/program files (x86)/cypress/psoc creator/4.1/psoc creator/import/gnu/arm/5.4.1/bin/../lib/gcc/arm-none-eabi/5.4.1/../../../../arm-none-eabi/lib/armv7-m\libg_nano.a(lib_a-sbrkr.o)
 .debug_frame   0x00002798       0x30 c:/program files (x86)/cypress/psoc creator/4.1/psoc creator/import/gnu/arm/5.4.1/bin/../lib/gcc/arm-none-eabi/5.4.1/../../../../arm-none-eabi/lib/armv7-m\libg_nano.a(lib_a-mlock.o)
 .debug_frame   0x000027c8       0x20 c:/program files (x86)/cypress/psoc creator/4.1/psoc creator/import/gnu/arm/5.4.1/bin/../lib/gcc/arm-none-eabi/5.4.1/../../../../arm-none-eabi/lib/armv7-m\libg_nano.a(lib_a-nano-msizer.o)
 .debug_frame   0x000027e8       0x5c c:/program files (x86)/cypress/psoc creator/4.1/psoc creator/import/gnu/arm/5.4.1/bin/../lib/gcc/arm-none-eabi/5.4.1/../../../../arm-none-eabi/lib/armv7-m\libg_nano.a(lib_a-reent.o)

.debug_str      0x00000000     0x30b8
 *(.debug_str)
 .debug_str     0x00000000      0x5f2 .\CortexM3\ARM_GCC_541\Debug\main.o
                                0x650 (size before relaxing)
 .debug_str     0x000005f2      0x19e .\CortexM3\ARM_GCC_541\Debug\cyfitter_cfg.o
                                0x344 (size before relaxing)
 .debug_str     0x00000790       0x7f .\CortexM3\ARM_GCC_541\Debug\cymetadata.o
                                0x1e4 (size before relaxing)
 .debug_str     0x0000080f      0x144 .\CortexM3\ARM_GCC_541\Debug\Cm3Start.o
                                0x30a (size before relaxing)
 .debug_str     0x00000953      0x2ba .\CortexM3\ARM_GCC_541\Debug\UART_FSKTx.a(UART.o)
                                0x475 (size before relaxing)
 .debug_str     0x00000c0d       0x76 .\CortexM3\ARM_GCC_541\Debug\UART_FSKTx.a(UART_PM.o)
                                0x25b (size before relaxing)
 .debug_str     0x00000c83      0x1d2 .\CortexM3\ARM_GCC_541\Debug\UART_FSKTx.a(PWM_Modulator.o)
                                0x3e9 (size before relaxing)
 .debug_str     0x00000e55       0xd5 .\CortexM3\ARM_GCC_541\Debug\UART_FSKTx.a(PWM_Modulator_PM.o)
                                0x359 (size before relaxing)
 .debug_str     0x00000f2a      0x14d .\CortexM3\ARM_GCC_541\Debug\UART_FSKTx.a(LCD.o)
                                0x32b (size before relaxing)
 .debug_str     0x00001077       0x5e .\CortexM3\ARM_GCC_541\Debug\UART_FSKTx.a(LCD_PM.o)
                                0x20f (size before relaxing)
 .debug_str     0x000010d5      0x1ef .\CortexM3\ARM_GCC_541\Debug\UART_FSKTx.a(PWM_Switch_Timer.o)
                                0x401 (size before relaxing)
 .debug_str     0x000012c4       0xcd .\CortexM3\ARM_GCC_541\Debug\UART_FSKTx.a(PWM_Switch_Timer_PM.o)
                                0x350 (size before relaxing)
 .debug_str     0x00001391      0x10a .\CortexM3\ARM_GCC_541\Debug\UART_FSKTx.a(isr_sec.o)
                                0x2c2 (size before relaxing)
 .debug_str     0x0000149b       0x77 .\CortexM3\ARM_GCC_541\Debug\UART_FSKTx.a(HighVoltage.o)
                                0x200 (size before relaxing)
 .debug_str     0x00001512      0x134 .\CortexM3\ARM_GCC_541\Debug\UART_FSKTx.a(PWM_1.o)
                                0x35e (size before relaxing)
 .debug_str     0x00001646       0x67 .\CortexM3\ARM_GCC_541\Debug\UART_FSKTx.a(PWM_1_PM.o)
                                0x2e8 (size before relaxing)
 .debug_str     0x000016ad      0x134 .\CortexM3\ARM_GCC_541\Debug\UART_FSKTx.a(PWM_2.o)
                                0x35e (size before relaxing)
 .debug_str     0x000017e1       0x67 .\CortexM3\ARM_GCC_541\Debug\UART_FSKTx.a(PWM_2_PM.o)
                                0x2e8 (size before relaxing)
 .debug_str     0x00001848      0x134 .\CortexM3\ARM_GCC_541\Debug\UART_FSKTx.a(PWM_3.o)
                                0x35e (size before relaxing)
 .debug_str     0x0000197c       0x67 .\CortexM3\ARM_GCC_541\Debug\UART_FSKTx.a(PWM_3_PM.o)
                                0x2e8 (size before relaxing)
 .debug_str     0x000019e3       0x63 .\CortexM3\ARM_GCC_541\Debug\UART_FSKTx.a(SignalBase.o)
                                0x1fb (size before relaxing)
 .debug_str     0x00001a46      0x183 .\CortexM3\ARM_GCC_541\Debug\UART_FSKTx.a(UART_IntClock.o)
                                0x336 (size before relaxing)
 .debug_str     0x00001bc9      0x807 .\CortexM3\ARM_GCC_541\Debug\UART_FSKTx.a(CyLib.o)
                                0xa90 (size before relaxing)
 .debug_str     0x000023d0      0x33a .\CortexM3\ARM_GCC_541\Debug\UART_FSKTx.a(cyPm.o)
                                0x733 (size before relaxing)
 .debug_str     0x0000270a      0x1f4 .\CortexM3\ARM_GCC_541\Debug\UART_FSKTx.a(checkWatchDogTimer.o)
                                0x3c5 (size before relaxing)
 .debug_str     0x000028fe       0xa8 .\CortexM3\ARM_GCC_541\Debug\UART_FSKTx.a(checkWatchDogTimer_PM.o)
                                0x2a4 (size before relaxing)
 .debug_str     0x000029a6      0x140 .\CortexM3\ARM_GCC_541\Debug\UART_FSKTx.a(watchDogCheck.o)
                                0x316 (size before relaxing)
 .debug_str     0x00002ae6       0xa4 .\CortexM3\ARM_GCC_541\Debug\UART_FSKTx.a(SleepTimer.o)
                                0x2ab (size before relaxing)
 .debug_str     0x00002b8a      0x10c .\CortexM3\ARM_GCC_541\Debug\UART_FSKTx.a(Sleep_ISR.o)
                                0x2de (size before relaxing)
 .debug_str     0x00002c96       0x67 .\CortexM3\ARM_GCC_541\Debug\UART_FSKTx.a(sleepToggle.o)
                                0x200 (size before relaxing)
 .debug_str     0x00002cfd      0x173 .\CortexM3\ARM_GCC_541\Debug\UART_FSKTx.a(CyScBoostClk.o)
                                0x36f (size before relaxing)
 .debug_str     0x00002e70      0x19c .\CortexM3\ARM_GCC_541\Debug\UART_FSKTx.a(CyFlash.o)
                                0x3a1 (size before relaxing)
 .debug_str     0x0000300c       0xac .\CortexM3\ARM_GCC_541\Debug\UART_FSKTx.a(CySpc.o)
                                0x32a (size before relaxing)

.debug_loc      0x00000000     0x2636
 *(.debug_loc)
 .debug_loc     0x00000000      0x1ad .\CortexM3\ARM_GCC_541\Debug\main.o
 .debug_loc     0x000001ad      0x259 .\CortexM3\ARM_GCC_541\Debug\cyfitter_cfg.o
 .debug_loc     0x00000406      0x144 .\CortexM3\ARM_GCC_541\Debug\Cm3Start.o
 .debug_loc     0x0000054a      0x258 .\CortexM3\ARM_GCC_541\Debug\UART_FSKTx.a(UART.o)
 .debug_loc     0x000007a2       0x26 .\CortexM3\ARM_GCC_541\Debug\UART_FSKTx.a(PWM_Modulator.o)
 .debug_loc     0x000007c8      0x3c6 .\CortexM3\ARM_GCC_541\Debug\UART_FSKTx.a(LCD.o)
 .debug_loc     0x00000b8e       0x13 .\CortexM3\ARM_GCC_541\Debug\UART_FSKTx.a(PWM_Switch_Timer.o)
 .debug_loc     0x00000ba1       0x56 .\CortexM3\ARM_GCC_541\Debug\UART_FSKTx.a(isr_sec.o)
 .debug_loc     0x00000bf7       0x42 .\CortexM3\ARM_GCC_541\Debug\UART_FSKTx.a(HighVoltage.o)
 .debug_loc     0x00000c39       0x26 .\CortexM3\ARM_GCC_541\Debug\UART_FSKTx.a(PWM_1.o)
 .debug_loc     0x00000c5f       0x26 .\CortexM3\ARM_GCC_541\Debug\UART_FSKTx.a(PWM_2.o)
 .debug_loc     0x00000c85       0x26 .\CortexM3\ARM_GCC_541\Debug\UART_FSKTx.a(PWM_3.o)
 .debug_loc     0x00000cab       0x42 .\CortexM3\ARM_GCC_541\Debug\UART_FSKTx.a(SignalBase.o)
 .debug_loc     0x00000ced      0x128 .\CortexM3\ARM_GCC_541\Debug\UART_FSKTx.a(UART_IntClock.o)
 .debug_loc     0x00000e15      0xa4b .\CortexM3\ARM_GCC_541\Debug\UART_FSKTx.a(CyLib.o)
 .debug_loc     0x00001860      0x1e4 .\CortexM3\ARM_GCC_541\Debug\UART_FSKTx.a(cyPm.o)
 .debug_loc     0x00001a44       0x56 .\CortexM3\ARM_GCC_541\Debug\UART_FSKTx.a(watchDogCheck.o)
 .debug_loc     0x00001a9a       0x78 .\CortexM3\ARM_GCC_541\Debug\UART_FSKTx.a(SleepTimer.o)
 .debug_loc     0x00001b12       0x56 .\CortexM3\ARM_GCC_541\Debug\UART_FSKTx.a(Sleep_ISR.o)
 .debug_loc     0x00001b68       0x42 .\CortexM3\ARM_GCC_541\Debug\UART_FSKTx.a(sleepToggle.o)
 .debug_loc     0x00001baa      0x14d .\CortexM3\ARM_GCC_541\Debug\UART_FSKTx.a(CyScBoostClk.o)
 .debug_loc     0x00001cf7      0x2f2 .\CortexM3\ARM_GCC_541\Debug\UART_FSKTx.a(CyFlash.o)
 .debug_loc     0x00001fe9      0x64d .\CortexM3\ARM_GCC_541\Debug\UART_FSKTx.a(CySpc.o)

.debug_macinfo
 *(.debug_macinfo)

.debug_ranges   0x00000000      0xd68
 *(.debug_ranges)
 .debug_ranges  0x00000000       0x50 .\CortexM3\ARM_GCC_541\Debug\main.o
 .debug_ranges  0x00000050       0x48 .\CortexM3\ARM_GCC_541\Debug\cyfitter_cfg.o
 .debug_ranges  0x00000098       0x38 .\CortexM3\ARM_GCC_541\Debug\Cm3Start.o
 .debug_ranges  0x000000d0       0xe0 .\CortexM3\ARM_GCC_541\Debug\UART_FSKTx.a(UART.o)
 .debug_ranges  0x000001b0       0x28 .\CortexM3\ARM_GCC_541\Debug\UART_FSKTx.a(UART_PM.o)
 .debug_ranges  0x000001d8       0x88 .\CortexM3\ARM_GCC_541\Debug\UART_FSKTx.a(PWM_Modulator.o)
 .debug_ranges  0x00000260       0x28 .\CortexM3\ARM_GCC_541\Debug\UART_FSKTx.a(PWM_Modulator_PM.o)
 .debug_ranges  0x00000288       0x88 .\CortexM3\ARM_GCC_541\Debug\UART_FSKTx.a(LCD.o)
 .debug_ranges  0x00000310       0x28 .\CortexM3\ARM_GCC_541\Debug\UART_FSKTx.a(LCD_PM.o)
 .debug_ranges  0x00000338       0x80 .\CortexM3\ARM_GCC_541\Debug\UART_FSKTx.a(PWM_Switch_Timer.o)
 .debug_ranges  0x000003b8       0x28 .\CortexM3\ARM_GCC_541\Debug\UART_FSKTx.a(PWM_Switch_Timer_PM.o)
 .debug_ranges  0x000003e0       0x70 .\CortexM3\ARM_GCC_541\Debug\UART_FSKTx.a(isr_sec.o)
 .debug_ranges  0x00000450       0x28 .\CortexM3\ARM_GCC_541\Debug\UART_FSKTx.a(HighVoltage.o)
 .debug_ranges  0x00000478       0x88 .\CortexM3\ARM_GCC_541\Debug\UART_FSKTx.a(PWM_1.o)
 .debug_ranges  0x00000500       0x28 .\CortexM3\ARM_GCC_541\Debug\UART_FSKTx.a(PWM_1_PM.o)
 .debug_ranges  0x00000528       0x88 .\CortexM3\ARM_GCC_541\Debug\UART_FSKTx.a(PWM_2.o)
 .debug_ranges  0x000005b0       0x28 .\CortexM3\ARM_GCC_541\Debug\UART_FSKTx.a(PWM_2_PM.o)
 .debug_ranges  0x000005d8       0x88 .\CortexM3\ARM_GCC_541\Debug\UART_FSKTx.a(PWM_3.o)
 .debug_ranges  0x00000660       0x28 .\CortexM3\ARM_GCC_541\Debug\UART_FSKTx.a(PWM_3_PM.o)
 .debug_ranges  0x00000688       0x28 .\CortexM3\ARM_GCC_541\Debug\UART_FSKTx.a(SignalBase.o)
 .debug_ranges  0x000006b0       0x60 .\CortexM3\ARM_GCC_541\Debug\UART_FSKTx.a(UART_IntClock.o)
 .debug_ranges  0x00000710      0x298 .\CortexM3\ARM_GCC_541\Debug\UART_FSKTx.a(CyLib.o)
 .debug_ranges  0x000009a8       0x88 .\CortexM3\ARM_GCC_541\Debug\UART_FSKTx.a(cyPm.o)
 .debug_ranges  0x00000a30       0x78 .\CortexM3\ARM_GCC_541\Debug\UART_FSKTx.a(checkWatchDogTimer.o)
 .debug_ranges  0x00000aa8       0x28 .\CortexM3\ARM_GCC_541\Debug\UART_FSKTx.a(checkWatchDogTimer_PM.o)
 .debug_ranges  0x00000ad0       0x70 .\CortexM3\ARM_GCC_541\Debug\UART_FSKTx.a(watchDogCheck.o)
 .debug_ranges  0x00000b40       0x48 .\CortexM3\ARM_GCC_541\Debug\UART_FSKTx.a(SleepTimer.o)
 .debug_ranges  0x00000b88       0x70 .\CortexM3\ARM_GCC_541\Debug\UART_FSKTx.a(Sleep_ISR.o)
 .debug_ranges  0x00000bf8       0x28 .\CortexM3\ARM_GCC_541\Debug\UART_FSKTx.a(sleepToggle.o)
 .debug_ranges  0x00000c20       0x70 .\CortexM3\ARM_GCC_541\Debug\UART_FSKTx.a(CyScBoostClk.o)
 .debug_ranges  0x00000c90       0x70 .\CortexM3\ARM_GCC_541\Debug\UART_FSKTx.a(CyFlash.o)
 .debug_ranges  0x00000d00       0x68 .\CortexM3\ARM_GCC_541\Debug\UART_FSKTx.a(CySpc.o)

.comment        0x00000000       0x6e
 .comment       0x00000000       0x6e .\CortexM3\ARM_GCC_541\Debug\main.o
                                 0x6f (size before relaxing)
 .comment       0x0000006e       0x6f .\CortexM3\ARM_GCC_541\Debug\cyfitter_cfg.o
 .comment       0x0000006e       0x6f .\CortexM3\ARM_GCC_541\Debug\cymetadata.o
 .comment       0x0000006e       0x6f .\CortexM3\ARM_GCC_541\Debug\Cm3Start.o
 .comment       0x0000006e       0x6f .\CortexM3\ARM_GCC_541\Debug\UART_FSKTx.a(UART.o)
 .comment       0x0000006e       0x6f .\CortexM3\ARM_GCC_541\Debug\UART_FSKTx.a(UART_PM.o)
 .comment       0x0000006e       0x6f .\CortexM3\ARM_GCC_541\Debug\UART_FSKTx.a(PWM_Modulator.o)
 .comment       0x0000006e       0x6f .\CortexM3\ARM_GCC_541\Debug\UART_FSKTx.a(PWM_Modulator_PM.o)
 .comment       0x0000006e       0x6f .\CortexM3\ARM_GCC_541\Debug\UART_FSKTx.a(LCD.o)
 .comment       0x0000006e       0x6f .\CortexM3\ARM_GCC_541\Debug\UART_FSKTx.a(LCD_PM.o)
 .comment       0x0000006e       0x6f .\CortexM3\ARM_GCC_541\Debug\UART_FSKTx.a(PWM_Switch_Timer.o)
 .comment       0x0000006e       0x6f .\CortexM3\ARM_GCC_541\Debug\UART_FSKTx.a(PWM_Switch_Timer_PM.o)
 .comment       0x0000006e       0x6f .\CortexM3\ARM_GCC_541\Debug\UART_FSKTx.a(isr_sec.o)
 .comment       0x0000006e       0x6f .\CortexM3\ARM_GCC_541\Debug\UART_FSKTx.a(HighVoltage.o)
 .comment       0x0000006e       0x6f .\CortexM3\ARM_GCC_541\Debug\UART_FSKTx.a(PWM_1.o)
 .comment       0x0000006e       0x6f .\CortexM3\ARM_GCC_541\Debug\UART_FSKTx.a(PWM_1_PM.o)
 .comment       0x0000006e       0x6f .\CortexM3\ARM_GCC_541\Debug\UART_FSKTx.a(PWM_2.o)
 .comment       0x0000006e       0x6f .\CortexM3\ARM_GCC_541\Debug\UART_FSKTx.a(PWM_2_PM.o)
 .comment       0x0000006e       0x6f .\CortexM3\ARM_GCC_541\Debug\UART_FSKTx.a(PWM_3.o)
 .comment       0x0000006e       0x6f .\CortexM3\ARM_GCC_541\Debug\UART_FSKTx.a(PWM_3_PM.o)
 .comment       0x0000006e       0x6f .\CortexM3\ARM_GCC_541\Debug\UART_FSKTx.a(SignalBase.o)
 .comment       0x0000006e       0x6f .\CortexM3\ARM_GCC_541\Debug\UART_FSKTx.a(UART_IntClock.o)
 .comment       0x0000006e       0x6f .\CortexM3\ARM_GCC_541\Debug\UART_FSKTx.a(CyLib.o)
 .comment       0x0000006e       0x6f .\CortexM3\ARM_GCC_541\Debug\UART_FSKTx.a(cyPm.o)
 .comment       0x0000006e       0x6f .\CortexM3\ARM_GCC_541\Debug\UART_FSKTx.a(checkWatchDogTimer.o)
 .comment       0x0000006e       0x6f .\CortexM3\ARM_GCC_541\Debug\UART_FSKTx.a(checkWatchDogTimer_PM.o)
 .comment       0x0000006e       0x6f .\CortexM3\ARM_GCC_541\Debug\UART_FSKTx.a(watchDogCheck.o)
 .comment       0x0000006e       0x6f .\CortexM3\ARM_GCC_541\Debug\UART_FSKTx.a(SleepTimer.o)
 .comment       0x0000006e       0x6f .\CortexM3\ARM_GCC_541\Debug\UART_FSKTx.a(Sleep_ISR.o)
 .comment       0x0000006e       0x6f .\CortexM3\ARM_GCC_541\Debug\UART_FSKTx.a(sleepToggle.o)
 .comment       0x0000006e       0x6f .\CortexM3\ARM_GCC_541\Debug\UART_FSKTx.a(CyScBoostClk.o)