Archive member included to satisfy reference by file (symbol)

.\CortexM3\ARM_GCC_541\Debug\UART_FSKTx.a(UART.o)
                              .\CortexM3\ARM_GCC_541\Debug\main.o (UART_Start)
.\CortexM3\ARM_GCC_541\Debug\UART_FSKTx.a(PWM_Modulator.o)
                              .\CortexM3\ARM_GCC_541\Debug\main.o (PWM_Modulator_Stop)
.\CortexM3\ARM_GCC_541\Debug\UART_FSKTx.a(LCD.o)
                              .\CortexM3\ARM_GCC_541\Debug\main.o (LCD_PrintString)
.\CortexM3\ARM_GCC_541\Debug\UART_FSKTx.a(PWM_Switch_Timer.o)
                              .\CortexM3\ARM_GCC_541\Debug\main.o (PWM_Switch_Timer_Stop)
.\CortexM3\ARM_GCC_541\Debug\UART_FSKTx.a(isr_sec.o)
                              .\CortexM3\ARM_GCC_541\Debug\main.o (isr_sec_StartEx)
.\CortexM3\ARM_GCC_541\Debug\UART_FSKTx.a(HighVoltage.o)
                              .\CortexM3\ARM_GCC_541\Debug\main.o (HighVoltage_Write)
.\CortexM3\ARM_GCC_541\Debug\UART_FSKTx.a(PWM_1.o)
                              .\CortexM3\ARM_GCC_541\Debug\main.o (PWM_1_WritePeriod)
.\CortexM3\ARM_GCC_541\Debug\UART_FSKTx.a(PWM_2.o)
                              .\CortexM3\ARM_GCC_541\Debug\main.o (PWM_2_WritePeriod)
.\CortexM3\ARM_GCC_541\Debug\UART_FSKTx.a(PWM_3.o)
                              .\CortexM3\ARM_GCC_541\Debug\main.o (PWM_3_WritePeriod)
.\CortexM3\ARM_GCC_541\Debug\UART_FSKTx.a(SignalBase.o)
                              .\CortexM3\ARM_GCC_541\Debug\main.o (SignalBase_Write)
.\CortexM3\ARM_GCC_541\Debug\UART_FSKTx.a(UART_IntClock.o)
                              .\CortexM3\ARM_GCC_541\Debug\UART_FSKTx.a(UART.o) (UART_IntClock_Start)
.\CortexM3\ARM_GCC_541\Debug\UART_FSKTx.a(CyLib.o)
                              .\CortexM3\ARM_GCC_541\Debug\Cm3Start.o (CyHalt)
.\CortexM3\ARM_GCC_541\Debug\UART_FSKTx.a(cyPm.o)
                              .\CortexM3\ARM_GCC_541\Debug\UART_FSKTx.a(CyLib.o) (CyPmReadStatus)
.\CortexM3\ARM_GCC_541\Debug\UART_FSKTx.a(checkWatchDogTimer.o)
                              .\CortexM3\ARM_GCC_541\Debug\main.o (checkWatchDogTimer_Start)
.\CortexM3\ARM_GCC_541\Debug\UART_FSKTx.a(watchDogCheck.o)
                              .\CortexM3\ARM_GCC_541\Debug\main.o (watchDogCheck_StartEx)
.\CortexM3\ARM_GCC_541\Debug\UART_FSKTx.a(CyBootAsmGnu.o)
                              .\CortexM3\ARM_GCC_541\Debug\cyfitter_cfg.o (CyDelayCycles)
.\CortexM3\ARM_GCC_541\Debug\UART_FSKTx.a(CyScBoostClk.o)
                              .\CortexM3\ARM_GCC_541\Debug\UART_FSKTx.a(CyLib.o) (CyScBoostClk_Start)
.\CortexM3\ARM_GCC_541\Debug\UART_FSKTx.a(CyFlash.o)
                              .\CortexM3\ARM_GCC_541\Debug\UART_FSKTx.a(cyPm.o) (CyFlash_SetWaitCycles)
.\CortexM3\ARM_GCC_541\Debug\UART_FSKTx.a(CySpc.o)
                              .\CortexM3\ARM_GCC_541\Debug\UART_FSKTx.a(CyFlash.o) (CySpcStart)
c:/program files (x86)/cypress/psoc creator/4.1/psoc creator/import/gnu/arm/5.4.1/bin/../lib/gcc/arm-none-eabi/5.4.1/../../../../arm-none-eabi/lib/armv7-m\libg_nano.a(lib_a-errno.o)
                              .\CortexM3\ARM_GCC_541\Debug\Cm3Start.o (__errno)
c:/program files (x86)/cypress/psoc creator/4.1/psoc creator/import/gnu/arm/5.4.1/bin/../lib/gcc/arm-none-eabi/5.4.1/../../../../arm-none-eabi/lib/armv7-m\libg_nano.a(lib_a-exit.o)
                              c:/program files (x86)/cypress/psoc creator/4.1/psoc creator/import/gnu/arm/5.4.1/bin/../lib/gcc/arm-none-eabi/5.4.1/../../../../arm-none-eabi/lib/armv7-m/crt0.o (exit)
c:/program files (x86)/cypress/psoc creator/4.1/psoc creator/import/gnu/arm/5.4.1/bin/../lib/gcc/arm-none-eabi/5.4.1/../../../../arm-none-eabi/lib/armv7-m\libg_nano.a(lib_a-impure.o)
                              c:/program files (x86)/cypress/psoc creator/4.1/psoc creator/import/gnu/arm/5.4.1/bin/../lib/gcc/arm-none-eabi/5.4.1/../../../../arm-none-eabi/lib/armv7-m\libg_nano.a(lib_a-exit.o) (_global_impure_ptr)
c:/program files (x86)/cypress/psoc creator/4.1/psoc creator/import/gnu/arm/5.4.1/bin/../lib/gcc/arm-none-eabi/5.4.1/../../../../arm-none-eabi/lib/armv7-m\libg_nano.a(lib_a-init.o)
                              c:/program files (x86)/cypress/psoc creator/4.1/psoc creator/import/gnu/arm/5.4.1/bin/../lib/gcc/arm-none-eabi/5.4.1/../../../../arm-none-eabi/lib/armv7-m/crt0.o (__libc_init_array)
c:/program files (x86)/cypress/psoc creator/4.1/psoc creator/import/gnu/arm/5.4.1/bin/../lib/gcc/arm-none-eabi/5.4.1/../../../../arm-none-eabi/lib/armv7-m\libg_nano.a(lib_a-memcpy-stub.o)
                              .\CortexM3\ARM_GCC_541\Debug\cyfitter_cfg.o (memcpy)
c:/program files (x86)/cypress/psoc creator/4.1/psoc creator/import/gnu/arm/5.4.1/bin/../lib/gcc/arm-none-eabi/5.4.1/../../../../arm-none-eabi/lib/armv7-m\libg_nano.a(lib_a-memset.o)
                              c:/program files (x86)/cypress/psoc creator/4.1/psoc creator/import/gnu/arm/5.4.1/bin/../lib/gcc/arm-none-eabi/5.4.1/../../../../arm-none-eabi/lib/armv7-m/crt0.o (memset)
[...]
Memory Configuration

Name             Origin             Length             Attributes
rom              0x00000000         0x00040000         xr
ram              0x1fff8000         0x00010000         xrw
*default*        0x00000000         0xffffffff

Linker script and memory map

LOAD c:/program files (x86)/cypress/psoc creator/4.1/psoc creator/import/gnu/arm/5.4.1/bin/../lib/gcc/arm-none-eabi/5.4.1/armv7-m/crti.o
LOAD c:/program files (x86)/cypress/psoc creator/4.1/psoc creator/import/gnu/arm/5.4.1/bin/../lib/gcc/arm-none-eabi/5.4.1/armv7-m/crtbegin.o
LOAD c:/program files (x86)/cypress/psoc creator/4.1/psoc creator/import/gnu/arm/5.4.1/bin/../lib/gcc/arm-none-eabi/5.4.1/../../../../arm-none-eabi/lib/armv7-m/crt0.o
START GROUP
LOAD .\CortexM3\ARM_GCC_541\Debug\main.o
LOAD .\CortexM3\ARM_GCC_541\Debug\cyfitter_cfg.o
LOAD .\CortexM3\ARM_GCC_541\Debug\cymetadata.o
LOAD .\CortexM3\ARM_GCC_541\Debug\Cm3Start.o
LOAD .\CortexM3\ARM_GCC_541\Debug\UART_FSKTx.a
LOAD C:\Program Files (x86)\Cypress\PSoC Creator\4.1\PSoC Creator\psoc\content\cycomponentlibrary\CyComponentLibrary.cylib\CortexM3\ARM_GCC_541\Debug\CyComponentLibrary.a
END GROUP
START GROUP
LOAD c:/program files (x86)/cypress/psoc creator/4.1/psoc creator/import/gnu/arm/5.4.1/bin/../lib/gcc/arm-none-eabi/5.4.1/armv7-m\libgcc.a
LOAD c:/program files (x86)/cypress/psoc creator/4.1/psoc creator/import/gnu/arm/5.4.1/bin/../lib/gcc/arm-none-eabi/5.4.1/../../../../arm-none-eabi/lib/armv7-m\libg_nano.a
LOAD c:/program files (x86)/cypress/psoc creator/4.1/psoc creator/import/gnu/arm/5.4.1/bin/../lib/gcc/arm-none-eabi/5.4.1/../../../../arm-none-eabi/lib/armv7-m\libc_nano.a
END GROUP
START GROUP
LOAD c:/program files (x86)/cypress/psoc creator/4.1/psoc creator/import/gnu/arm/5.4.1/bin/../lib/gcc/arm-none-eabi/5.4.1/armv7-m\libgcc.a
LOAD c:/program files (x86)/cypress/psoc creator/4.1/psoc creator/import/gnu/arm/5.4.1/bin/../lib/gcc/arm-none-eabi/5.4.1/../../../../arm-none-eabi/lib/armv7-m\libc_nano.a
END GROUP
LOAD c:/program files (x86)/cypress/psoc creator/4.1/psoc creator/import/gnu/arm/5.4.1/bin/../lib/gcc/arm-none-eabi/5.4.1/armv7-m/crtend.o
LOAD c:/program files (x86)/cypress/psoc creator/4.1/psoc creator/import/gnu/arm/5.4.1/bin/../lib/gcc/arm-none-eabi/5.4.1/armv7-m/crtn.o
START GROUP
LOAD c:/program files (x86)/cypress/psoc creator/4.1/psoc creator/import/gnu/arm/5.4.1/bin/../lib/gcc/arm-none-eabi/5.4.1/armv7-m\libgcc.a
LOAD c:/program files (x86)/cypress/psoc creator/4.1/psoc creator/import/gnu/arm/5.4.1/bin/../lib/gcc/arm-none-eabi/5.4.1/../../../../arm-none-eabi/lib/armv7-m\libc.a
LOAD c:/program files (x86)/cypress/psoc creator/4.1/psoc creator/import/gnu/arm/5.4.1/bin/../lib/gcc/arm-none-eabi/5.4.1/../../../../arm-none-eabi/lib/armv7-m\libnosys.a
END GROUP
                0x00000000                CY_APPL_ORIGIN = 0x0
                0x00000100                CY_FLASH_ROW_SIZE = 0x100
                0x00000020                CY_ECC_ROW_SIZE = 0x20
                0x00000000                CY_EE_IN_BTLDR = 0x0
                0x00000000                CY_APPL_LOADABLE = 0x0
                0x00000800                CY_EE_SIZE = 0x800
                0x00000001                CY_APPL_NUM = 0x1
                0x00000001                CY_APPL_MAX = 0x1
                0x00000040                CY_METADATA_SIZE = 0x40
                0x00000000                CY_APPL_LOADABLE = 0x0
                0x00000000                CY_CHECKSUM_EXCLUDE_SIZE = ALIGN (0x0, CY_FLASH_ROW_SIZE)
                [!provide]                PROVIDE (__cy_heap_start, _end)
                0x00000001                PROVIDE (__cy_region_num, ((__cy_regions_end - __cy_regions) / 0x10))
                0x20008000                PROVIDE (__cy_stack, (ORIGIN (ram) + LENGTH (ram)))
                [!provide]                PROVIDE (__cy_heap_end, (__cy_stack - 0x800))

.cybootloader   0x00000000        0x0
 *(.cybootloader)
                0x00000000                appl1_start = CY_APPL_ORIGIN?CY_APPL_ORIGIN:ALIGN (CY_FLASH_ROW_SIZE)
                0x0001ff00                appl2_start = (appl1_start + ALIGN ((((LENGTH (rom) - appl1_start) - (0x2 * CY_FLASH_ROW_SIZE)) / 0x2), CY_FLASH_ROW_SIZE))
                0x00000000                appl_start = (CY_APPL_NUM == 0x1)?appl1_start:appl2_start
                0x00000000                ecc_offset = ((appl_start / CY_FLASH_ROW_SIZE) * CY_ECC_ROW_SIZE)
                0x00000000                ee_offset = (CY_APPL_LOADABLE && ! (CY_EE_IN_BTLDR))?((CY_EE_SIZE / CY_APPL_MAX) * (CY_APPL_NUM - 0x1)):0x0
                0x00000800                ee_size = (CY_APPL_LOADABLE && ! (CY_EE_IN_BTLDR))?(CY_EE_SIZE / CY_APPL_MAX):CY_EE_SIZE
                [!provide]                PROVIDE (CY_ECC_OFFSET, ecc_offset)

.text           0x00000000     0x18d0
 CREATE_OBJECT_SYMBOLS
                0x00000000                PROVIDE (__cy_interrupt_vector, RomVectors)
 *(.romvectors)
 .romvectors    0x00000000       0x10 .\CortexM3\ARM_GCC_541\Debug\Cm3Start.o
                0x00000000                RomVectors
                0x00000001                ASSERT ((. != __cy_interrupt_vector), No interrupt vector)
                0x00000001                ASSERT (CY_APPL_ORIGIN?(SIZEOF (.cybootloader) <= CY_APPL_ORIGIN):0x1, Wrong image location)
                0x00000010                PROVIDE (__cy_reset, Reset)
 *(.text.Reset)
 .text.Reset    0x00000010       0x18 .\CortexM3\ARM_GCC_541\Debug\Cm3Start.o
                0x00000010                Reset
                0x00000001                ASSERT ((. != __cy_reset), No reset code)
 *(.dma_init)
                0x00000001                ASSERT ((((appl_start + .) <= 0x10000) || 0x1), DMA Init must be within the first 64k of flash)
 *(.text .text.* .gnu.linkonce.t.*)
 .text          0x00000028       0x5c c:/program files (x86)/cypress/psoc creator/4.1/psoc creator/import/gnu/arm/5.4.1/bin/../lib/gcc/arm-none-eabi/5.4.1/armv7-m/crtbegin.o
 .text.isr_sec  0x00000084       0x38 .\CortexM3\ARM_GCC_541\Debug\main.o
                0x00000084                isr_sec
 .text.watchDogCheck
                0x000000bc        0x8 .\CortexM3\ARM_GCC_541\Debug\main.o
                0x000000bc                watchDogCheck
 .text.Byte     0x000000c4       0x44 .\CortexM3\ARM_GCC_541\Debug\main.o
                0x000000c4                Byte
 .text.FindParity
                0x00000108       0x20 .\CortexM3\ARM_GCC_541\Debug\main.o
                0x00000108                FindParity
 .text.main     0x00000128      0x1d0 .\CortexM3\ARM_GCC_541\Debug\main.o
                0x00000128                main
 .text.CyClockStartupError
                0x000002f8        0x4 .\CortexM3\ARM_GCC_541\Debug\cyfitter_cfg.o
 .text.cfg_write_bytes32
                0x000002fc       0x34 .\CortexM3\ARM_GCC_541\Debug\cyfitter_cfg.o
 .text.AnalogSetDefault
                0x00000330       0x28 .\CortexM3\ARM_GCC_541\Debug\cyfitter_cfg.o
 .text.CYMEMZERO
                0x00000358        0xc .\CortexM3\ARM_GCC_541\Debug\cyfitter_cfg.o
 .text.CYCONFIGCPY
                0x00000364        0x8 .\CortexM3\ARM_GCC_541\Debug\cyfitter_cfg.o
 .text.ClockSetup
                0x0000036c      0x100 .\CortexM3\ARM_GCC_541\Debug\cyfitter_cfg.o
 .text.cyfitter_cfg
                0x0000046c       0xf4 .\CortexM3\ARM_GCC_541\Debug\cyfitter_cfg.o
                0x0000046c                cyfitter_cfg
 .text.IntDefaultHandler
                0x00000560       0x10 .\CortexM3\ARM_GCC_541\Debug\Cm3Start.o
                0x00000560                IntDefaultHandler
 .text._sbrk    0x00000570       0x30 .\CortexM3\ARM_GCC_541\Debug\Cm3Start.o
                0x00000570                _sbrk
 .text.Start_c  0x000005a0       0x4c .\CortexM3\ARM_GCC_541\Debug\Cm3Start.o
                0x000005a0                Start_c
 .text.initialize_psoc
                0x000005ec       0x68 .\CortexM3\ARM_GCC_541\Debug\Cm3Start.o
                0x000005ec                initialize_psoc
 .text.UART_Init
                0x00000654       0x24 .\CortexM3\ARM_GCC_541\Debug\UART_FSKTx.a(UART.o)
                0x00000654                UART_Init
 .text.UART_Enable
                0x00000678       0x38 .\CortexM3\ARM_GCC_541\Debug\UART_FSKTx.a(UART.o)
                0x00000678                UART_Enable
 .text.UART_Start
                0x000006b0       0x1c .\CortexM3\ARM_GCC_541\Debug\UART_FSKTx.a(UART.o)
                0x000006b0                UART_Start
 .text.PWM_Modulator_Enable
                0x000006cc       0x10 .\CortexM3\ARM_GCC_541\Debug\UART_FSKTx.a(PWM_Modulator.o)
                0x000006cc                PWM_Modulator_Enable
 .text.PWM_Modulator_Stop
                0x000006dc       0x10 .\CortexM3\ARM_GCC_541\Debug\UART_FSKTx.a(PWM_Modulator.o)
                0x000006dc                PWM_Modulator_Stop
 .text.PWM_Modulator_WriteCounter
                0x000006ec        0xc .\CortexM3\ARM_GCC_541\Debug\UART_FSKTx.a(PWM_Modulator.o)
                0x000006ec                PWM_Modulator_WriteCounter
 .text.PWM_Modulator_WritePeriod
                0x000006f8        0xc .\CortexM3\ARM_GCC_541\Debug\UART_FSKTx.a(PWM_Modulator.o)
                0x000006f8                PWM_Modulator_WritePeriod
 .text.PWM_Modulator_WriteCompare
                0x00000704        0xc .\CortexM3\ARM_GCC_541\Debug\UART_FSKTx.a(PWM_Modulator.o)
                0x00000704                PWM_Modulator_WriteCompare
 .text.PWM_Modulator_SetInterruptMode
                0x00000710        0xc .\CortexM3\ARM_GCC_541\Debug\UART_FSKTx.a(PWM_Modulator.o)
                0x00000710                PWM_Modulator_SetInterruptMode
 .text.PWM_Modulator_ReadStatusRegister
                0x0000071c        0xc .\CortexM3\ARM_GCC_541\Debug\UART_FSKTx.a(PWM_Modulator.o)
                0x0000071c                PWM_Modulator_ReadStatusRegister
 .text.PWM_Modulator_ReadCapture
                0x00000728        0xc .\CortexM3\ARM_GCC_541\Debug\UART_FSKTx.a(PWM_Modulator.o)
                0x00000728                PWM_Modulator_ReadCapture
 .text.PWM_Modulator_ClearFIFO
                0x00000734       0x14 .\CortexM3\ARM_GCC_541\Debug\UART_FSKTx.a(PWM_Modulator.o)
                0x00000734                PWM_Modulator_ClearFIFO
 .text.PWM_Modulator_Init
                0x00000748       0x50 .\CortexM3\ARM_GCC_541\Debug\UART_FSKTx.a(PWM_Modulator.o)
                0x00000748                PWM_Modulator_Init
 .text.PWM_Modulator_Start
                0x00000798       0x1c .\CortexM3\ARM_GCC_541\Debug\UART_FSKTx.a(PWM_Modulator.o)
                0x00000798                PWM_Modulator_Start
 .text.LCD_WrCntrlNib
                0x000007b4       0x34 .\CortexM3\ARM_GCC_541\Debug\UART_FSKTx.a(LCD.o)
 .text.LCD_WrDatNib
                0x000007e8       0x44 .\CortexM3\ARM_GCC_541\Debug\UART_FSKTx.a(LCD.o)
 .text.LCD_IsReady
                0x0000082c       0xe4 .\CortexM3\ARM_GCC_541\Debug\UART_FSKTx.a(LCD.o)
                0x0000082c                LCD_IsReady
 .text.LCD_WriteData
                0x00000910       0x18 .\CortexM3\ARM_GCC_541\Debug\UART_FSKTx.a(LCD.o)
                0x00000910                LCD_WriteData
 .text.LCD_PrintString
                0x00000928       0x1c .\CortexM3\ARM_GCC_541\Debug\UART_FSKTx.a(LCD.o)
                0x00000928                LCD_PrintString
 .text.LCD_WriteControl
                0x00000944       0x18 .\CortexM3\ARM_GCC_541\Debug\UART_FSKTx.a(LCD.o)
                0x00000944                LCD_WriteControl
 .text.LCD_Init
                0x0000095c       0x6c .\CortexM3\ARM_GCC_541\Debug\UART_FSKTx.a(LCD.o)
                0x0000095c                LCD_Init
 .text.LCD_Enable
                0x000009c8       0x14 .\CortexM3\ARM_GCC_541\Debug\UART_FSKTx.a(LCD.o)
                0x000009c8                LCD_Enable
 .text.LCD_Start
                0x000009dc       0x1c .\CortexM3\ARM_GCC_541\Debug\UART_FSKTx.a(LCD.o)
                0x000009dc                LCD_Start
 .text.LCD_Position
                0x000009f8       0x3c .\CortexM3\ARM_GCC_541\Debug\UART_FSKTx.a(LCD.o)
                0x000009f8                LCD_Position
 .text.PWM_Switch_Timer_Enable
                0x00000a34       0x10 .\CortexM3\ARM_GCC_541\Debug\UART_FSKTx.a(PWM_Switch_Timer.o)
                0x00000a34                PWM_Switch_Timer_Enable
 .text.PWM_Switch_Timer_Stop
                0x00000a44       0x10 .\CortexM3\ARM_GCC_541\Debug\UART_FSKTx.a(PWM_Switch_Timer.o)
                0x00000a44                PWM_Switch_Timer_Stop
 .text.PWM_Switch_Timer_SetInterruptMode
                0x00000a54        0xc .\CortexM3\ARM_GCC_541\Debug\UART_FSKTx.a(PWM_Switch_Timer.o)
                0x00000a54                PWM_Switch_Timer_SetInterruptMode
 .text.PWM_Switch_Timer_ReadStatusRegister
                0x00000a60        0xc .\CortexM3\ARM_GCC_541\Debug\UART_FSKTx.a(PWM_Switch_Timer.o)
                0x00000a60                PWM_Switch_Timer_ReadStatusRegister
 .text.PWM_Switch_Timer_WritePeriod
                0x00000a6c        0xc .\CortexM3\ARM_GCC_541\Debug\UART_FSKTx.a(PWM_Switch_Timer.o)
                0x00000a6c                PWM_Switch_Timer_WritePeriod
 .text.PWM_Switch_Timer_ReadCapture
                0x00000a78        0xc .\CortexM3\ARM_GCC_541\Debug\UART_FSKTx.a(PWM_Switch_Timer.o)
                0x00000a78                PWM_Switch_Timer_ReadCapture
 .text.PWM_Switch_Timer_WriteCounter
                0x00000a84        0xc .\CortexM3\ARM_GCC_541\Debug\UART_FSKTx.a(PWM_Switch_Timer.o)
                0x00000a84                PWM_Switch_Timer_WriteCounter
 .text.PWM_Switch_Timer_ClearFIFO
                0x00000a90       0x14 .\CortexM3\ARM_GCC_541\Debug\UART_FSKTx.a(PWM_Switch_Timer.o)
                0x00000a90                PWM_Switch_Timer_ClearFIFO
 .text.PWM_Switch_Timer_Init
                0x00000aa4       0x34 .\CortexM3\ARM_GCC_541\Debug\UART_FSKTx.a(PWM_Switch_Timer.o)
                0x00000aa4                PWM_Switch_Timer_Init
 .text.PWM_Switch_Timer_Start
                0x00000ad8       0x1c .\CortexM3\ARM_GCC_541\Debug\UART_FSKTx.a(PWM_Switch_Timer.o)
                0x00000ad8                PWM_Switch_Timer_Start
 .text.isr_sec_SetVector
                0x00000af4        0xc .\CortexM3\ARM_GCC_541\Debug\UART_FSKTx.a(isr_sec.o)
                0x00000af4                isr_sec_SetVector
 .text.isr_sec_SetPriority
                0x00000b00       0x10 .\CortexM3\ARM_GCC_541\Debug\UART_FSKTx.a(isr_sec.o)
                0x00000b00                isr_sec_SetPriority
 .text.isr_sec_Enable
                0x00000b10        0xc .\CortexM3\ARM_GCC_541\Debug\UART_FSKTx.a(isr_sec.o)
                0x00000b10                isr_sec_Enable
 .text.isr_sec_Disable
                0x00000b1c        0xc .\CortexM3\ARM_GCC_541\Debug\UART_FSKTx.a(isr_sec.o)
                0x00000b1c                isr_sec_Disable
 .text.isr_sec_StartEx
                0x00000b28       0x1c .\CortexM3\ARM_GCC_541\Debug\UART_FSKTx.a(isr_sec.o)
                0x00000b28                isr_sec_StartEx
 .text.HighVoltage_Write
                0x00000b44       0x18 .\CortexM3\ARM_GCC_541\Debug\UART_FSKTx.a(HighVoltage.o)
                0x00000b44                HighVoltage_Write
 .text.PWM_1_Enable
                0x00000b5c       0x10 .\CortexM3\ARM_GCC_541\Debug\UART_FSKTx.a(PWM_1.o)
                0x00000b5c                PWM_1_Enable
 .text.PWM_1_WriteCounter
                0x00000b6c        0xc .\CortexM3\ARM_GCC_541\Debug\UART_FSKTx.a(PWM_1.o)
                0x00000b6c                PWM_1_WriteCounter
 .text.PWM_1_WritePeriod
                0x00000b78        0xc .\CortexM3\ARM_GCC_541\Debug\UART_FSKTx.a(PWM_1.o)
                0x00000b78                PWM_1_WritePeriod
 .text.PWM_1_WriteCompare
                0x00000b84        0xc .\CortexM3\ARM_GCC_541\Debug\UART_FSKTx.a(PWM_1.o)
                0x00000b84                PWM_1_WriteCompare
 .text.PWM_1_SetInterruptMode
                0x00000b90        0xc .\CortexM3\ARM_GCC_541\Debug\UART_FSKTx.a(PWM_1.o)
                0x00000b90                PWM_1_SetInterruptMode
 .text.PWM_1_ReadStatusRegister
                0x00000b9c        0xc .\CortexM3\ARM_GCC_541\Debug\UART_FSKTx.a(PWM_1.o)
                0x00000b9c                PWM_1_ReadStatusRegister
 .text.PWM_1_ReadCapture
                0x00000ba8        0xc .\CortexM3\ARM_GCC_541\Debug\UART_FSKTx.a(PWM_1.o)
                0x00000ba8                PWM_1_ReadCapture
 .text.PWM_1_ClearFIFO
                0x00000bb4       0x14 .\CortexM3\ARM_GCC_541\Debug\UART_FSKTx.a(PWM_1.o)
                0x00000bb4                PWM_1_ClearFIFO
 .text.PWM_1_Init
                0x00000bc8       0x5c .\CortexM3\ARM_GCC_541\Debug\UART_FSKTx.a(PWM_1.o)
                0x00000bc8                PWM_1_Init
 .text.PWM_1_Start
                0x00000c24       0x1c .\CortexM3\ARM_GCC_541\Debug\UART_FSKTx.a(PWM_1.o)
                0x00000c24                PWM_1_Start
 .text.PWM_2_Enable
                0x00000c40       0x10 .\CortexM3\ARM_GCC_541\Debug\UART_FSKTx.a(PWM_2.o)
                0x00000c40                PWM_2_Enable
 .text.PWM_2_WriteCounter
                0x00000c50        0xc .\CortexM3\ARM_GCC_541\Debug\UART_FSKTx.a(PWM_2.o)
                0x00000c50                PWM_2_WriteCounter
 .text.PWM_2_WritePeriod
                0x00000c5c        0xc .\CortexM3\ARM_GCC_541\Debug\UART_FSKTx.a(PWM_2.o)
                0x00000c5c                PWM_2_WritePeriod
 .text.PWM_2_WriteCompare
                0x00000c68        0xc .\CortexM3\ARM_GCC_541\Debug\UART_FSKTx.a(PWM_2.o)
                0x00000c68                PWM_2_WriteCompare
 .text.PWM_2_SetInterruptMode
                0x00000c74        0xc .\CortexM3\ARM_GCC_541\Debug\UART_FSKTx.a(PWM_2.o)
                0x00000c74                PWM_2_SetInterruptMode
 .text.PWM_2_ReadStatusRegister
                0x00000c80        0xc .\CortexM3\ARM_GCC_541\Debug\UART_FSKTx.a(PWM_2.o)
                0x00000c80                PWM_2_ReadStatusRegister
 .text.PWM_2_ReadCapture
                0x00000c8c        0xc .\CortexM3\ARM_GCC_541\Debug\UART_FSKTx.a(PWM_2.o)
                0x00000c8c                PWM_2_ReadCapture
 .text.PWM_2_ClearFIFO
                0x00000c98       0x14 .\CortexM3\ARM_GCC_541\Debug\UART_FSKTx.a(PWM_2.o)
                0x00000c98                PWM_2_ClearFIFO
 .text.PWM_2_Init
                0x00000cac       0x5c .\CortexM3\ARM_GCC_541\Debug\UART_FSKTx.a(PWM_2.o)
                0x00000cac                PWM_2_Init
 .text.PWM_2_Start
                0x00000d08       0x1c .\CortexM3\ARM_GCC_541\Debug\UART_FSKTx.a(PWM_2.o)
                0x00000d08                PWM_2_Start
 .text.PWM_3_Enable
                0x00000d24       0x10 .\CortexM3\ARM_GCC_541\Debug\UART_FSKTx.a(PWM_3.o)
                0x00000d24                PWM_3_Enable
 .text.PWM_3_WriteCounter
                0x00000d34        0xc .\CortexM3\ARM_GCC_541\Debug\UART_FSKTx.a(PWM_3.o)
                0x00000d34                PWM_3_WriteCounter
 .text.PWM_3_WritePeriod
                0x00000d40        0xc .\CortexM3\ARM_GCC_541\Debug\UART_FSKTx.a(PWM_3.o)
                0x00000d40                PWM_3_WritePeriod
 .text.PWM_3_WriteCompare
                0x00000d4c        0xc .\CortexM3\ARM_GCC_541\Debug\UART_FSKTx.a(PWM_3.o)
                0x00000d4c                PWM_3_WriteCompare
 .text.PWM_3_SetInterruptMode
                0x00000d58        0xc .\CortexM3\ARM_GCC_541\Debug\UART_FSKTx.a(PWM_3.o)
                0x00000d58                PWM_3_SetInterruptMode
 .text.PWM_3_ReadStatusRegister
                0x00000d64        0xc .\CortexM3\ARM_GCC_541\Debug\UART_FSKTx.a(PWM_3.o)
                0x00000d64                PWM_3_ReadStatusRegister
 .text.PWM_3_ReadCapture
                0x00000d70        0xc .\CortexM3\ARM_GCC_541\Debug\UART_FSKTx.a(PWM_3.o)
                0x00000d70                PWM_3_ReadCapture
 .text.PWM_3_ClearFIFO
                0x00000d7c       0x14 .\CortexM3\ARM_GCC_541\Debug\UART_FSKTx.a(PWM_3.o)
                0x00000d7c                PWM_3_ClearFIFO
 .text.PWM_3_Init
                0x00000d90       0x5c .\CortexM3\ARM_GCC_541\Debug\UART_FSKTx.a(PWM_3.o)
                0x00000d90                PWM_3_Init
 .text.PWM_3_Start
                0x00000dec       0x1c .\CortexM3\ARM_GCC_541\Debug\UART_FSKTx.a(PWM_3.o)
                0x00000dec                PWM_3_Start
 .text.SignalBase_Write
                0x00000e08       0x18 .\CortexM3\ARM_GCC_541\Debug\UART_FSKTx.a(SignalBase.o)
                0x00000e08                SignalBase_Write
 .text.UART_IntClock_Start
                0x00000e20       0x1c .\CortexM3\ARM_GCC_541\Debug\UART_FSKTx.a(UART_IntClock.o)
                0x00000e20                UART_IntClock_Start
 .text.CyDelay  0x00000e3c       0x2c .\CortexM3\ARM_GCC_541\Debug\UART_FSKTx.a(CyLib.o)
                0x00000e3c                CyDelay
 .text.CyDelayUs
                0x00000e68       0x14 .\CortexM3\ARM_GCC_541\Debug\UART_FSKTx.a(CyLib.o)
                0x00000e68                CyDelayUs
 .text.CyWdtStart
                0x00000e7c       0x40 .\CortexM3\ARM_GCC_541\Debug\UART_FSKTx.a(CyLib.o)
                0x00000e7c                CyWdtStart
 .text.CyWdtClear
                0x00000ebc        0xc .\CortexM3\ARM_GCC_541\Debug\UART_FSKTx.a(CyLib.o)
                0x00000ebc                CyWdtClear
 .text.checkWatchDogTimer_Enable
                0x00000ec8       0x28 .\CortexM3\ARM_GCC_541\Debug\UART_FSKTx.a(checkWatchDogTimer.o)
                0x00000ec8                checkWatchDogTimer_Enable
 .text.checkWatchDogTimer_SetInterruptMode
                0x00000ef0        0xc .\CortexM3\ARM_GCC_541\Debug\UART_FSKTx.a(checkWatchDogTimer.o)
                0x00000ef0                checkWatchDogTimer_SetInterruptMode
 .text.checkWatchDogTimer_WritePeriod
                0x00000efc        0xc .\CortexM3\ARM_GCC_541\Debug\UART_FSKTx.a(checkWatchDogTimer.o)
                0x00000efc                checkWatchDogTimer_WritePeriod
 .text.checkWatchDogTimer_WriteCounter
                0x00000f08        0xc .\CortexM3\ARM_GCC_541\Debug\UART_FSKTx.a(checkWatchDogTimer.o)
                0x00000f08                checkWatchDogTimer_WriteCounter
 .text.checkWatchDogTimer_Init
                0x00000f14       0x68 .\CortexM3\ARM_GCC_541\Debug\UART_FSKTx.a(checkWatchDogTimer.o)
                0x00000f14                checkWatchDogTimer_Init
 .text.checkWatchDogTimer_Start
                0x00000f7c       0x1c .\CortexM3\ARM_GCC_541\Debug\UART_FSKTx.a(checkWatchDogTimer.o)
                0x00000f7c                checkWatchDogTimer_Start
 .text.watchDogCheck_SetVector
                0x00000f98        0xc .\CortexM3\ARM_GCC_541\Debug\UART_FSKTx.a(watchDogCheck.o)
                0x00000f98                watchDogCheck_SetVector
 .text.watchDogCheck_SetPriority
                0x00000fa4       0x10 .\CortexM3\ARM_GCC_541\Debug\UART_FSKTx.a(watchDogCheck.o)
                0x00000fa4                watchDogCheck_SetPriority
 .text.watchDogCheck_Enable
                0x00000fb4        0xc .\CortexM3\ARM_GCC_541\Debug\UART_FSKTx.a(watchDogCheck.o)
                0x00000fb4                watchDogCheck_Enable
 .text.watchDogCheck_Disable
                0x00000fc0        0xc .\CortexM3\ARM_GCC_541\Debug\UART_FSKTx.a(watchDogCheck.o)
                0x00000fc0                watchDogCheck_Disable
 .text.watchDogCheck_StartEx
                0x00000fcc       0x1c .\CortexM3\ARM_GCC_541\Debug\UART_FSKTx.a(watchDogCheck.o)
                0x00000fcc                watchDogCheck_StartEx
 .text          0x00000fe8       0x20 .\CortexM3\ARM_GCC_541\Debug\UART_FSKTx.a(CyBootAsmGnu.o)
                0x00000fe8                CyDelayCycles
                0x00000ff8                CyEnterCriticalSection
                0x00001000                CyExitCriticalSection
 .text.__errno  0x00001008        0xc c:/program files (x86)/cypress/psoc creator/4.1/psoc creator/import/gnu/arm/5.4.1/bin/../lib/gcc/arm-none-eabi/5.4.1/../../../../arm-none-eabi/lib/armv7-m\libg_nano.a(lib_a-errno.o)
                0x00001008                __errno
 .text.__libc_init_array
                0x00001014       0x4c c:/program files (x86)/cypress/psoc creator/4.1/psoc creator/import/gnu/arm/5.4.1/bin/../lib/gcc/arm-none-eabi/5.4.1/../../../../arm-none-eabi/lib/armv7-m\libg_nano.a(lib_a-init.o)
                0x00001014                __libc_init_array
 .text.memcpy   0x00001060       0x16 c:/program files (x86)/cypress/psoc creator/4.1/psoc creator/import/gnu/arm/5.4.1/bin/../lib/gcc/arm-none-eabi/5.4.1/../../../../arm-none-eabi/lib/armv7-m\libg_nano.a(lib_a-memcpy-stub.o)
                0x00001060                memcpy
 .text.memset   0x00001076       0x10 c:/program files (x86)/cypress/psoc creator/4.1/psoc creator/import/gnu/arm/5.4.1/bin/../lib/gcc/arm-none-eabi/5.4.1/../../../../arm-none-eabi/lib/armv7-m\libg_nano.a(lib_a-memset.o)
                0x00001076                memset
 *fill*         0x00001086        0x2 
 .text.sprintf  0x00001088       0x48 c:/program files (x86)/cypress/psoc creator/4.1/psoc creator/import/gnu/arm/5.4.1/bin/../lib/gcc/arm-none-eabi/5.4.1/../../../../arm-none-eabi/lib/armv7-m\libg_nano.a(lib_a-sprintf.o)
                0x00001088                siprintf
                0x00001088                sprintf
 .text.__ssputs_r
                0x000010d0       0xb2 c:/program files (x86)/cypress/psoc creator/4.1/psoc creator/import/gnu/arm/5.4.1/bin/../lib/gcc/arm-none-eabi/5.4.1/../../../../arm-none-eabi/lib/armv7-m\libg_nano.a(lib_a-nano-svfprintf.o)
                0x000010d0                __ssputs_r
 *fill*         0x00001182        0x2 
 .text._svfprintf_r
                0x00001184      0x1e8 c:/program files (x86)/cypress/psoc creator/4.1/psoc creator/import/gnu/arm/5.4.1/bin/../lib/gcc/arm-none-eabi/5.4.1/../../../../arm-none-eabi/lib/armv7-m\libg_nano.a(lib_a-nano-svfprintf.o)
                0x00001184                _svfiprintf_r
                0x00001184                _svfprintf_r
 .text._printf_common
                0x0000136c       0xec c:/program files (x86)/cypress/psoc creator/4.1/psoc creator/import/gnu/arm/5.4.1/bin/../lib/gcc/arm-none-eabi/5.4.1/../../../../arm-none-eabi/lib/armv7-m\libg_nano.a(lib_a-nano-vfprintf_i.o)
                0x0000136c                _printf_common
 .text._printf_i
                0x00001458      0x24c c:/program files (x86)/cypress/psoc creator/4.1/psoc creator/import/gnu/arm/5.4.1/bin/../lib/gcc/arm-none-eabi/5.4.1/../../../../arm-none-eabi/lib/armv7-m\libg_nano.a(lib_a-nano-vfprintf_i.o)
                0x00001458                _printf_i
 .text.memchr   0x000016a4       0x1c c:/program files (x86)/cypress/psoc creator/4.1/psoc creator/import/gnu/arm/5.4.1/bin/../lib/gcc/arm-none-eabi/5.4.1/../../../../arm-none-eabi/lib/armv7-m\libg_nano.a(lib_a-memchr-stub.o)
                0x000016a4                memchr
 .text.memmove  0x000016c0       0x36 c:/program files (x86)/cypress/psoc creator/4.1/psoc creator/import/gnu/arm/5.4.1/bin/../lib/gcc/arm-none-eabi/5.4.1/../../../../arm-none-eabi/lib/armv7-m\libg_nano.a(lib_a-memmove.o)
                0x000016c0                memmove
 *fill*         0x000016f6        0x2 
 .text._free_r  0x000016f8       0x98 c:/program files (x86)/cypress/psoc creator/4.1/psoc creator/import/gnu/arm/5.4.1/bin/../lib/gcc/arm-none-eabi/5.4.1/../../../../arm-none-eabi/lib/armv7-m\libg_nano.a(lib_a-nano-freer.o)
                0x000016f8                _free_r
 .text._malloc_r
                0x00001790       0xbc c:/program files (x86)/cypress/psoc creator/4.1/psoc creator/import/gnu/arm/5.4.1/bin/../lib/gcc/arm-none-eabi/5.4.1/../../../../arm-none-eabi/lib/armv7-m\libg_nano.a(lib_a-nano-mallocr.o)
                0x00001790                _malloc_r
 .text._realloc_r
                0x0000184c       0x4c c:/program files (x86)/cypress/psoc creator/4.1/psoc creator/import/gnu/arm/5.4.1/bin/../lib/gcc/arm-none-eabi/5.4.1/../../../../arm-none-eabi/lib/armv7-m\libg_nano.a(lib_a-nano-reallocr.o)
                0x0000184c                _realloc_r
 .text._sbrk_r  0x00001898       0x20 c:/program files (x86)/cypress/psoc creator/4.1/psoc creator/import/gnu/arm/5.4.1/bin/../lib/gcc/arm-none-eabi/5.4.1/../../../../arm-none-eabi/lib/armv7-m\libg_nano.a(lib_a-sbrkr.o)
                0x00001898                _sbrk_r
 .text.__malloc_lock
                0x000018b8        0x2 c:/program files (x86)/cypress/psoc creator/4.1/psoc creator/import/gnu/arm/5.4.1/bin/../lib/gcc/arm-none-eabi/5.4.1/../../../../arm-none-eabi/lib/armv7-m\libg_nano.a(lib_a-mlock.o)
                0x000018b8                __malloc_lock
 .text.__malloc_unlock
                0x000018ba        0x2 c:/program files (x86)/cypress/psoc creator/4.1/psoc creator/import/gnu/arm/5.4.1/bin/../lib/gcc/arm-none-eabi/5.4.1/../../../../arm-none-eabi/lib/armv7-m\libg_nano.a(lib_a-mlock.o)
                0x000018ba                __malloc_unlock
 .text._malloc_usable_size_r
                0x000018bc       0x14 c:/program files (x86)/cypress/psoc creator/4.1/psoc creator/import/gnu/arm/5.4.1/bin/../lib/gcc/arm-none-eabi/5.4.1/../../../../arm-none-eabi/lib/armv7-m\libg_nano.a(lib_a-nano-msizer.o)
                0x000018bc                _malloc_usable_size_r
 *(.plt)
 *(.gnu.warning)
 *(.glue_7t)
 .glue_7t       0x000018d0        0x0 linker stubs
 *(.glue_7)
 .glue_7        0x000018d0        0x0 linker stubs
 *(.vfp11_veneer)
 .vfp11_veneer  0x000018d0        0x0 linker stubs
 *(.bootloader)
 *(.ARM.extab* .gnu.linkonce.armextab.*)
 *(.gcc_except_table)

.v4_bx          0x000018d0        0x0
 .v4_bx         0x000018d0        0x0 linker stubs

.iplt           0x000018d0        0x0
 .iplt          0x000018d0        0x0 c:/program files (x86)/cypress/psoc creator/4.1/psoc creator/import/gnu/arm/5.4.1/bin/../lib/gcc/arm-none-eabi/5.4.1/armv7-m/crtbegin.o

.eh_frame_hdr
 *(.eh_frame_hdr)

.eh_frame       0x000018d0        0x4
 *(.eh_frame)
 .eh_frame      0x000018d0        0x0 c:/program files (x86)/cypress/psoc creator/4.1/psoc creator/import/gnu/arm/5.4.1/bin/../lib/gcc/arm-none-eabi/5.4.1/armv7-m/crtbegin.o
 .eh_frame      0x000018d0        0x4 c:/program files (x86)/cypress/psoc creator/4.1/psoc creator/import/gnu/arm/5.4.1/bin/../lib/gcc/arm-none-eabi/5.4.1/armv7-m/crtend.o
                [!provide]                PROVIDE (__exidx_start, .)

.ARM.exidx
 *(.ARM.exidx* .gnu.linkonce.armexidx.*)
                0x000018d4                __exidx_end = .

.rodata         0x000018d4       0xdc
 *(.rodata .rodata.* .gnu.linkonce.r.*)
 .rodata.str1.4
                0x000018d4       0x3c .\CortexM3\ARM_GCC_541\Debug\main.o
                                 0x3a (size before relaxing)
 .rodata        0x00001910       0x30 .\CortexM3\ARM_GCC_541\Debug\cyfitter_cfg.o
 .rodata.str1.1
                0x00001940        0x2 c:/program files (x86)/cypress/psoc creator/4.1/psoc creator/import/gnu/arm/5.4.1/bin/../lib/gcc/arm-none-eabi/5.4.1/../../../../arm-none-eabi/lib/armv7-m\libg_nano.a(lib_a-impure.o)
 .rodata.str1.1
                0x00001942       0x11 c:/program files (x86)/cypress/psoc creator/4.1/psoc creator/import/gnu/arm/5.4.1/bin/../lib/gcc/arm-none-eabi/5.4.1/../../../../arm-none-eabi/lib/armv7-m\libg_nano.a(lib_a-nano-svfprintf.o)
 .rodata.str1.1
                0x00001953       0x22 c:/program files (x86)/cypress/psoc creator/4.1/psoc creator/import/gnu/arm/5.4.1/bin/../lib/gcc/arm-none-eabi/5.4.1/../../../../arm-none-eabi/lib/armv7-m\libg_nano.a(lib_a-nano-vfprintf_i.o)
                0x00001978                . = ALIGN (0x4)
 *fill*         0x00001975        0x3 
 *(.init)
 .init          0x00001978        0x4 c:/program files (x86)/cypress/psoc creator/4.1/psoc creator/import/gnu/arm/5.4.1/bin/../lib/gcc/arm-none-eabi/5.4.1/armv7-m/crti.o
                0x00001978                _init
 .init          0x0000197c        0x8 c:/program files (x86)/cypress/psoc creator/4.1/psoc creator/import/gnu/arm/5.4.1/bin/../lib/gcc/arm-none-eabi/5.4.1/armv7-m/crtn.o
                0x00001984                . = ALIGN (0x4)
                0x00001984                __preinit_array_start = .
 *(.preinit_array)
                0x00001984                __preinit_array_end = .
                0x00001984                . = ALIGN (0x4)
                0x00001984                __init_array_start = .
 *(SORT(.init_array.*))
 *(.init_array)
 .init_array    0x00001984        0x4 c:/program files (x86)/cypress/psoc creator/4.1/psoc creator/import/gnu/arm/5.4.1/bin/../lib/gcc/arm-none-eabi/5.4.1/armv7-m/crtbegin.o
 .init_array    0x00001988        0x4 .\CortexM3\ARM_GCC_541\Debug\Cm3Start.o
                0x0000198c                __init_array_end = .
                0x0000198c                . = ALIGN (0x4)
 *(.fini)
 .fini          0x0000198c        0x4 c:/program files (x86)/cypress/psoc creator/4.1/psoc creator/import/gnu/arm/5.4.1/bin/../lib/gcc/arm-none-eabi/5.4.1/armv7-m/crti.o
                0x0000198c                _fini
 .fini          0x00001990        0x8 c:/program files (x86)/cypress/psoc creator/4.1/psoc creator/import/gnu/arm/5.4.1/bin/../lib/gcc/arm-none-eabi/5.4.1/armv7-m/crtn.o
                0x00001998                . = ALIGN (0x4)
                0x00001998                __fini_array_start = .
 *(.fini_array)
 .fini_array    0x00001998        0x4 c:/program files (x86)/cypress/psoc creator/4.1/psoc creator/import/gnu/arm/5.4.1/bin/../lib/gcc/arm-none-eabi/5.4.1/armv7-m/crtbegin.o
 *(SORT(.fini_array.*))
                0x0000199c                __fini_array_end = .
                0x0000199c                . = ALIGN (0x4)
 *crtbegin.o(.ctors)
 *(EXCLUDE_FILE(*crtend.o) .ctors)
 *(SORT(.ctors.*))
 *crtend.o(.ctors)
                0x0000199c                . = ALIGN (0x4)
 *crtbegin.o(.dtors)
 *(EXCLUDE_FILE(*crtend.o) .dtors)
 *(SORT(.dtors.*))
 *crtend.o(.dtors)
                0x0000199c                . = ALIGN (0x4)
                0x0000199c                __cy_regions = .
                0x0000199c        0x4 LONG 0x19b0 __cy_region_init_ram
                0x000019a0        0x4 LONG 0x1fff80c8 __cy_region_start_data
                0x000019a4        0x4 LONG 0x88 __cy_region_init_size_ram
                0x000019a8        0x4 LONG 0x80 __cy_region_zero_size_ram
                0x000019ac                __cy_regions_end = .
                0x000019b0                . = ALIGN (0x8)
 *fill*         0x000019ac        0x4 
                0x000019b0                _etext = .

.cy_checksum_exclude
                0x000019b0        0x0
 *(.cy_checksum_exclude)

.ramvectors     0x1fff8000       0xc0
                0x1fff8000                __cy_region_start_ram = .
 *(.ramvectors)
 .ramvectors    0x1fff8000       0xc0 .\CortexM3\ARM_GCC_541\Debug\Cm3Start.o
                0x1fff8000                CyRamVectors

.noinit         0x1fff80c0        0x1
 *(.noinit)
 .noinit        0x1fff80c0        0x1 .\CortexM3\ARM_GCC_541\Debug\UART_FSKTx.a(CyLib.o)
                0x1fff80c0                CyResetStatus

.data           0x1fff80c8       0x88 load address 0x000019b0
                0x1fff80c8                __cy_region_start_data = .
 *(.jcr)
 .jcr           0x1fff80c8        0x0 c:/program files (x86)/cypress/psoc creator/4.1/psoc creator/import/gnu/arm/5.4.1/bin/../lib/gcc/arm-none-eabi/5.4.1/armv7-m/crtbegin.o
 .jcr           0x1fff80c8        0x4 c:/program files (x86)/cypress/psoc creator/4.1/psoc creator/import/gnu/arm/5.4.1/bin/../lib/gcc/arm-none-eabi/5.4.1/armv7-m/crtend.o
 *(.got.plt)
 *(.got)
 *(.shdata)
 *(.data .data.* .gnu.linkonce.d.*)
 .data          0x1fff80cc        0x8 .\CortexM3\ARM_GCC_541\Debug\main.o
                0x1fff80cc                crabsToSend
                0x1fff80d0                i
 .data          0x1fff80d4        0x4 .\CortexM3\ARM_GCC_541\Debug\Cm3Start.o
 .data          0x1fff80d8       0x10 .\CortexM3\ARM_GCC_541\Debug\UART_FSKTx.a(CyLib.o)
                0x1fff80d8                cydelay_32k_ms
                0x1fff80dc                cydelay_freq_khz
                0x1fff80e0                cydelay_freq_mhz
                0x1fff80e4                cydelay_freq_hz
 .data.impure_data
                0x1fff80e8       0x60 c:/program files (x86)/cypress/psoc creator/4.1/psoc creator/import/gnu/arm/5.4.1/bin/../lib/gcc/arm-none-eabi/5.4.1/../../../../arm-none-eabi/lib/armv7-m\libg_nano.a(lib_a-impure.o)
 .data._impure_ptr
                0x1fff8148        0x4 c:/program files (x86)/cypress/psoc creator/4.1/psoc creator/import/gnu/arm/5.4.1/bin/../lib/gcc/arm-none-eabi/5.4.1/../../../../arm-none-eabi/lib/armv7-m\libg_nano.a(lib_a-impure.o)
                0x1fff8148                _impure_ptr
                0x1fff8150                . = ALIGN (0x8)
 *fill*         0x1fff814c        0x4 
 *(.ram)
                0x1fff8150                _edata = .

.igot.plt       0x1fff8150        0x0 load address 0x00001a38
 .igot.plt      0x1fff8150        0x0 c:/program files (x86)/cypress/psoc creator/4.1/psoc creator/import/gnu/arm/5.4.1/bin/../lib/gcc/arm-none-eabi/5.4.1/armv7-m/crtbegin.o

.bss            0x1fff8150       0x80 load address 0x00001a38
                0x1fff8150                PROVIDE (__bss_start__, .)
 *(.shbss)
 *(.bss .bss.* .gnu.linkonce.b.*)
 .bss           0x1fff8150       0x1c c:/program files (x86)/cypress/psoc creator/4.1/psoc creator/import/gnu/arm/5.4.1/bin/../lib/gcc/arm-none-eabi/5.4.1/armv7-m/crtbegin.o
 .bss           0x1fff816c       0x20 .\CortexM3\ARM_GCC_541\Debug\main.o
                0x1fff8178                errorStatus
                0x1fff8180                newDataflag
                0x1fff8188                error
 .bss           0x1fff818c        0x2 .\CortexM3\ARM_GCC_541\Debug\UART_FSKTx.a(UART.o)
                0x1fff818c                UART_initVar
 .bss           0x1fff818e        0x1 .\CortexM3\ARM_GCC_541\Debug\UART_FSKTx.a(PWM_Modulator.o)
                0x1fff818e                PWM_Modulator_initVar
 .bss           0x1fff818f        0x2 .\CortexM3\ARM_GCC_541\Debug\UART_FSKTx.a(LCD.o)
                0x1fff818f                LCD_enableState
                0x1fff8190                LCD_initVar
 .bss           0x1fff8191        0x1 .\CortexM3\ARM_GCC_541\Debug\UART_FSKTx.a(PWM_Switch_Timer.o)
                0x1fff8191                PWM_Switch_Timer_initVar
 .bss           0x1fff8192        0x1 .\CortexM3\ARM_GCC_541\Debug\UART_FSKTx.a(PWM_1.o)
                0x1fff8192                PWM_1_initVar
 .bss           0x1fff8193        0x1 .\CortexM3\ARM_GCC_541\Debug\UART_FSKTx.a(PWM_2.o)
                0x1fff8193                PWM_2_initVar
 .bss           0x1fff8194        0x1 .\CortexM3\ARM_GCC_541\Debug\UART_FSKTx.a(PWM_3.o)
                0x1fff8194                PWM_3_initVar
 .bss           0x1fff8195        0x1 .\CortexM3\ARM_GCC_541\Debug\UART_FSKTx.a(checkWatchDogTimer.o)
                0x1fff8195                checkWatchDogTimer_initVar
 *fill*         0x1fff8196        0x2 
 .bss.__malloc_sbrk_start
                0x1fff8198        0x4 c:/program files (x86)/cypress/psoc creator/4.1/psoc creator/import/gnu/arm/5.4.1/bin/../lib/gcc/arm-none-eabi/5.4.1/../../../../arm-none-eabi/lib/armv7-m\libg_nano.a(lib_a-nano-mallocr.o)
                0x1fff8198                __malloc_sbrk_start
 .bss.__malloc_free_list
                0x1fff819c        0x4 c:/program files (x86)/cypress/psoc creator/4.1/psoc creator/import/gnu/arm/5.4.1/bin/../lib/gcc/arm-none-eabi/5.4.1/../../../../arm-none-eabi/lib/armv7-m\libg_nano.a(lib_a-nano-mallocr.o)
                0x1fff819c                __malloc_free_list
 *(COMMON)
 COMMON         0x1fff81a0       0x2a .\CortexM3\ARM_GCC_541\Debug\main.o
                0x1fff81a0                lineStr
                0x1fff81b4                data
                0x1fff81c8                count
 *fill*         0x1fff81ca        0x2 
 COMMON         0x1fff81cc        0x4 c:/program files (x86)/cypress/psoc creator/4.1/psoc creator/import/gnu/arm/5.4.1/bin/../lib/gcc/arm-none-eabi/5.4.1/../../../../arm-none-eabi/lib/armv7-m\libg_nano.a(lib_a-reent.o)
                0x1fff81cc                errno
                0x1fff81d0                . = ALIGN (0x8)
 *(.ram.b)
                0x1fff81d0                _end = .
                0x1fff81d0                __end = .
                0x1fff81d0                PROVIDE (end, .)
                0x1fff81d0                PROVIDE (__bss_end__, .)
                0x000019b0                __cy_region_init_ram = LOADADDR (.data)
                0x00000088                __cy_region_init_size_ram = (_edata - ADDR (.data))
                0x00000080                __cy_region_zero_size_ram = (_end - _edata)

.heap           0x1fff81d0      0x300 load address 0x00001a38
                0x1fff81d0                . = _end
                0x1fff84d0                . = (. + 0x300)
 *fill*         0x1fff81d0      0x300 
                0x1fff84d0                __cy_heap_limit = .

.stack          0x20007800      0x800
                0x20007800                __cy_stack_limit = .
                0x20008000                . = (. + 0x800)
 *fill*         0x20007800      0x800 
                0x00000001                ASSERT ((__cy_stack_limit >= __cy_heap_limit), region RAM overflowed with stack)
                0x00000000                cy_checksum_exclude_size = (CY_APPL_LOADABLE == 0x1)?SIZEOF (.cy_checksum_exclude):0x0
                0x00000001                ASSERT ((cy_checksum_exclude_size <= CY_CHECKSUM_EXCLUDE_SIZE), CY_BOOT: Section .cy_checksum_exclude size exceedes specified limit.)

.cyloadermeta
 *(.cyloadermeta)

.cyloadablemeta
 *(.cyloadablemeta)

.cyconfigecc    0x80000000      0x81c
 *(.cyconfigecc)
 .cyconfigecc   0x80000000      0x81c .\CortexM3\ARM_GCC_541\Debug\cymetadata.o
                0x80000000                cy_meta_configecc

.cycustnvl      0x90000000        0x4
 *(.cycustnvl)
 .cycustnvl     0x90000000        0x4 .\CortexM3\ARM_GCC_541\Debug\cymetadata.o
                0x90000000                cy_meta_custnvl

.cywolatch      0x90100000        0x4
 *(.cywolatch)
 .cywolatch     0x90100000        0x4 .\CortexM3\ARM_GCC_541\Debug\cymetadata.o
                0x90100000                cy_meta_wonvl

.cyeeprom       0x90200000        0x0
 *(.cyeeprom)
                0x00000001                ASSERT ((. <= ((0x90200000 + ee_offset) + ee_size)), .cyeeprom data will not fit in EEPROM)

.cyflashprotect
                0x90400000      0x100
 *(.cyflashprotect)
 .cyflashprotect
                0x90400000      0x100 .\CortexM3\ARM_GCC_541\Debug\cymetadata.o
                0x90400000                cy_meta_flashprotect

.cymeta         0x90500000        0xc
 *(.cymeta)
 .cymeta        0x90500000        0xc .\CortexM3\ARM_GCC_541\Debug\cymetadata.o
                0x90500000                cy_metadata

.rel.dyn        0x00001a38        0x0 load address 0x9050000c
 .rel.iplt      0x00001a38        0x0 c:/program files (x86)/cypress/psoc creator/4.1/psoc creator/import/gnu/arm/5.4.1/bin/../lib/gcc/arm-none-eabi/5.4.1/armv7-m/crtbegin.o

.stab
 *(.stab)

.stabstr
 *(.stabstr)

.debug
 *(.debug)

.line
 *(.line)

.debug_srcinfo
 *(.debug_srcinfo)

.debug_sfnames
 *(.debug_sfnames)

.debug_aranges  0x00000000      0xcb8
 *(.debug_aranges)
 .debug_aranges
                0x00000000       0x48 .\CortexM3\ARM_GCC_541\Debug\main.o
 .debug_aranges
                0x00000048       0x58 .\CortexM3\ARM_GCC_541\Debug\cyfitter_cfg.o
 .debug_aranges
                0x000000a0       0x18 .\CortexM3\ARM_GCC_541\Debug\cymetadata.o
 .debug_aranges
                0x000000b8       0x48 .\CortexM3\ARM_GCC_541\Debug\Cm3Start.o
 .debug_aranges
                0x00000100       0xf0 .\CortexM3\ARM_GCC_541\Debug\UART_FSKTx.a(UART.o)
 .debug_aranges
                0x000001f0       0x98 .\CortexM3\ARM_GCC_541\Debug\UART_FSKTx.a(PWM_Modulator.o)
 .debug_aranges
                0x00000288       0x98 .\CortexM3\ARM_GCC_541\Debug\UART_FSKTx.a(LCD.o)
 .debug_aranges
                0x00000320       0x90 .\CortexM3\ARM_GCC_541\Debug\UART_FSKTx.a(PWM_Switch_Timer.o)
 .debug_aranges
                0x000003b0       0x80 .\CortexM3\ARM_GCC_541\Debug\UART_FSKTx.a(isr_sec.o)
 .debug_aranges
                0x00000430       0x38 .\CortexM3\ARM_GCC_541\Debug\UART_FSKTx.a(HighVoltage.o)
 .debug_aranges
                0x00000468       0x98 .\CortexM3\ARM_GCC_541\Debug\UART_FSKTx.a(PWM_1.o)
 .debug_aranges
                0x00000500       0x98 .\CortexM3\ARM_GCC_541\Debug\UART_FSKTx.a(PWM_2.o)
 .debug_aranges
                0x00000598       0x98 .\CortexM3\ARM_GCC_541\Debug\UART_FSKTx.a(PWM_3.o)
 .debug_aranges
                0x00000630       0x38 .\CortexM3\ARM_GCC_541\Debug\UART_FSKTx.a(SignalBase.o)
 .debug_aranges
                0x00000668       0x70 .\CortexM3\ARM_GCC_541\Debug\UART_FSKTx.a(UART_IntClock.o)
 .debug_aranges
                0x000006d8      0x2a8 .\CortexM3\ARM_GCC_541\Debug\UART_FSKTx.a(CyLib.o)
 .debug_aranges
                0x00000980       0x98 .\CortexM3\ARM_GCC_541\Debug\UART_FSKTx.a(cyPm.o)
 .debug_aranges
                0x00000a18       0x88 .\CortexM3\ARM_GCC_541\Debug\UART_FSKTx.a(checkWatchDogTimer.o)
 .debug_aranges
                0x00000aa0       0x80 .\CortexM3\ARM_GCC_541\Debug\UART_FSKTx.a(watchDogCheck.o)
 .debug_aranges
                0x00000b20       0x20 .\CortexM3\ARM_GCC_541\Debug\UART_FSKTx.a(CyBootAsmGnu.o)
 .debug_aranges
                0x00000b40       0x80 .\CortexM3\ARM_GCC_541\Debug\UART_FSKTx.a(CyScBoostClk.o)
 .debug_aranges
                0x00000bc0       0x80 .\CortexM3\ARM_GCC_541\Debug\UART_FSKTx.a(CyFlash.o)
 .debug_aranges
                0x00000c40       0x78 .\CortexM3\ARM_GCC_541\Debug\UART_FSKTx.a(CySpc.o)

.debug_pubnames
 *(.debug_pubnames)

.debug_info     0x00000000     0x681f
 *(.debug_info .gnu.linkonce.wi.*)
 .debug_info    0x00000000      0x7fb .\CortexM3\ARM_GCC_541\Debug\main.o
 .debug_info    0x000007fb      0x513 .\CortexM3\ARM_GCC_541\Debug\cyfitter_cfg.o
 .debug_info    0x00000d0e      0x139 .\CortexM3\ARM_GCC_541\Debug\cymetadata.o
 .debug_info    0x00000e47      0x3bb .\CortexM3\ARM_GCC_541\Debug\Cm3Start.o
 .debug_info    0x00001202      0x60c .\CortexM3\ARM_GCC_541\Debug\UART_FSKTx.a(UART.o)
 .debug_info    0x0000180e      0x334 .\CortexM3\ARM_GCC_541\Debug\UART_FSKTx.a(PWM_Modulator.o)
 .debug_info    0x00001b42      0x715 .\CortexM3\ARM_GCC_541\Debug\UART_FSKTx.a(LCD.o)
 .debug_info    0x00002257      0x2f0 .\CortexM3\ARM_GCC_541\Debug\UART_FSKTx.a(PWM_Switch_Timer.o)
 .debug_info    0x00002547      0x2d2 .\CortexM3\ARM_GCC_541\Debug\UART_FSKTx.a(isr_sec.o)
 .debug_info    0x00002819      0x11f .\CortexM3\ARM_GCC_541\Debug\UART_FSKTx.a(HighVoltage.o)
 .debug_info    0x00002938      0x351 .\CortexM3\ARM_GCC_541\Debug\UART_FSKTx.a(PWM_1.o)
 .debug_info    0x00002c89      0x34e .\CortexM3\ARM_GCC_541\Debug\UART_FSKTx.a(PWM_2.o)
 .debug_info    0x00002fd7      0x34e .\CortexM3\ARM_GCC_541\Debug\UART_FSKTx.a(PWM_3.o)
 .debug_info    0x00003325      0x11f .\CortexM3\ARM_GCC_541\Debug\UART_FSKTx.a(SignalBase.o)
 .debug_info    0x00003444      0x283 .\CortexM3\ARM_GCC_541\Debug\UART_FSKTx.a(UART_IntClock.o)
 .debug_info    0x000036c7     0x13d4 .\CortexM3\ARM_GCC_541\Debug\UART_FSKTx.a(CyLib.o)
 .debug_info    0x00004a9b      0xa2a .\CortexM3\ARM_GCC_541\Debug\UART_FSKTx.a(cyPm.o)
 .debug_info    0x000054c5      0x293 .\CortexM3\ARM_GCC_541\Debug\UART_FSKTx.a(checkWatchDogTimer.o)
 .debug_info    0x00005758      0x2d2 .\CortexM3\ARM_GCC_541\Debug\UART_FSKTx.a(watchDogCheck.o)
 .debug_info    0x00005a2a       0x90 .\CortexM3\ARM_GCC_541\Debug\UART_FSKTx.a(CyBootAsmGnu.o)
 .debug_info    0x00005aba      0x2c4 .\CortexM3\ARM_GCC_541\Debug\UART_FSKTx.a(CyScBoostClk.o)
 .debug_info    0x00005d7e      0x5b8 .\CortexM3\ARM_GCC_541\Debug\UART_FSKTx.a(CyFlash.o)
 .debug_info    0x00006336      0x4e9 .\CortexM3\ARM_GCC_541\Debug\UART_FSKTx.a(CySpc.o)

.debug_abbrev   0x00000000     0x1da4
 *(.debug_abbrev)
 .debug_abbrev  0x00000000      0x1cb .\CortexM3\ARM_GCC_541\Debug\main.o
 .debug_abbrev  0x000001cb      0x1fe .\CortexM3\ARM_GCC_541\Debug\cyfitter_cfg.o
 .debug_abbrev  0x000003c9       0x77 .\CortexM3\ARM_GCC_541\Debug\cymetadata.o
 .debug_abbrev  0x00000440      0x1e8 .\CortexM3\ARM_GCC_541\Debug\Cm3Start.o
 .debug_abbrev  0x00000628      0x175 .\CortexM3\ARM_GCC_541\Debug\UART_FSKTx.a(UART.o)
 .debug_abbrev  0x0000079d      0x133 .\CortexM3\ARM_GCC_541\Debug\UART_FSKTx.a(PWM_Modulator.o)
 .debug_abbrev  0x000008d0      0x157 .\CortexM3\ARM_GCC_541\Debug\UART_FSKTx.a(LCD.o)
 .debug_abbrev  0x00000a27      0x12b .\CortexM3\ARM_GCC_541\Debug\UART_FSKTx.a(PWM_Switch_Timer.o)
 .debug_abbrev  0x00000b52      0x173 .\CortexM3\ARM_GCC_541\Debug\UART_FSKTx.a(isr_sec.o)
 .debug_abbrev  0x00000cc5       0x90 .\CortexM3\ARM_GCC_541\Debug\UART_FSKTx.a(HighVoltage.o)
 .debug_abbrev  0x00000d55      0x133 .\CortexM3\ARM_GCC_541\Debug\UART_FSKTx.a(PWM_1.o)
 .debug_abbrev  0x00000e88      0x133 .\CortexM3\ARM_GCC_541\Debug\UART_FSKTx.a(PWM_2.o)
 .debug_abbrev  0x00000fbb      0x133 .\CortexM3\ARM_GCC_541\Debug\UART_FSKTx.a(PWM_3.o)
 .debug_abbrev  0x000010ee       0x90 .\CortexM3\ARM_GCC_541\Debug\UART_FSKTx.a(SignalBase.o)
 .debug_abbrev  0x0000117e      0x139 .\CortexM3\ARM_GCC_541\Debug\UART_FSKTx.a(UART_IntClock.o)
 .debug_abbrev  0x000012b7      0x254 .\CortexM3\ARM_GCC_541\Debug\UART_FSKTx.a(CyLib.o)
 .debug_abbrev  0x0000150b      0x1ab .\CortexM3\ARM_GCC_541\Debug\UART_FSKTx.a(cyPm.o)
 .debug_abbrev  0x000016b6      0x11a .\CortexM3\ARM_GCC_541\Debug\UART_FSKTx.a(checkWatchDogTimer.o)
 .debug_abbrev  0x000017d0      0x173 .\CortexM3\ARM_GCC_541\Debug\UART_FSKTx.a(watchDogCheck.o)
 .debug_abbrev  0x00001943       0x14 .\CortexM3\ARM_GCC_541\Debug\UART_FSKTx.a(CyBootAsmGnu.o)
 .debug_abbrev  0x00001957      0x121 .\CortexM3\ARM_GCC_541\Debug\UART_FSKTx.a(CyScBoostClk.o)
 .debug_abbrev  0x00001a78      0x198 .\CortexM3\ARM_GCC_541\Debug\UART_FSKTx.a(CyFlash.o)
 .debug_abbrev  0x00001c10      0x194 .\CortexM3\ARM_GCC_541\Debug\UART_FSKTx.a(CySpc.o)

.debug_line     0x00000000     0x2d6f
 *(.debug_line)
 .debug_line    0x00000000      0x383 .\CortexM3\ARM_GCC_541\Debug\main.o
 .debug_line    0x00000383      0x1e2 .\CortexM3\ARM_GCC_541\Debug\cyfitter_cfg.o
 .debug_line    0x00000565      0x141 .\CortexM3\ARM_GCC_541\Debug\cymetadata.o
 .debug_line    0x000006a6      0x234 .\CortexM3\ARM_GCC_541\Debug\Cm3Start.o
 .debug_line    0x000008da      0x2bc .\CortexM3\ARM_GCC_541\Debug\UART_FSKTx.a(UART.o)
 .debug_line    0x00000b96      0x18d .\CortexM3\ARM_GCC_541\Debug\UART_FSKTx.a(PWM_Modulator.o)
 .debug_line    0x00000d23      0x1dc .\CortexM3\ARM_GCC_541\Debug\UART_FSKTx.a(LCD.o)
 .debug_line    0x00000eff      0x17b .\CortexM3\ARM_GCC_541\Debug\UART_FSKTx.a(PWM_Switch_Timer.o)
 .debug_line    0x0000107a      0x134 .\CortexM3\ARM_GCC_541\Debug\UART_FSKTx.a(isr_sec.o)
 .debug_line    0x000011ae       0x98 .\CortexM3\ARM_GCC_541\Debug\UART_FSKTx.a(HighVoltage.o)
 .debug_line    0x00001246      0x188 .\CortexM3\ARM_GCC_541\Debug\UART_FSKTx.a(PWM_1.o)
 .debug_line    0x000013ce      0x188 .\CortexM3\ARM_GCC_541\Debug\UART_FSKTx.a(PWM_2.o)
 .debug_line    0x00001556      0x188 .\CortexM3\ARM_GCC_541\Debug\UART_FSKTx.a(PWM_3.o)
 .debug_line    0x000016de       0x97 .\CortexM3\ARM_GCC_541\Debug\UART_FSKTx.a(SignalBase.o)
 .debug_line    0x00001775      0x17c .\CortexM3\ARM_GCC_541\Debug\UART_FSKTx.a(UART_IntClock.o)
 .debug_line    0x000018f1      0x854 .\CortexM3\ARM_GCC_541\Debug\UART_FSKTx.a(CyLib.o)
 .debug_line    0x00002145      0x367 .\CortexM3\ARM_GCC_541\Debug\UART_FSKTx.a(cyPm.o)
 .debug_line    0x000024ac      0x160 .\CortexM3\ARM_GCC_541\Debug\UART_FSKTx.a(checkWatchDogTimer.o)
 .debug_line    0x0000260c      0x13a .\CortexM3\ARM_GCC_541\Debug\UART_FSKTx.a(watchDogCheck.o)
 .debug_line    0x00002746       0x66 .\CortexM3\ARM_GCC_541\Debug\UART_FSKTx.a(CyBootAsmGnu.o)
 .debug_line    0x000027ac      0x19e .\CortexM3\ARM_GCC_541\Debug\UART_FSKTx.a(CyScBoostClk.o)
 .debug_line    0x0000294a      0x1e9 .\CortexM3\ARM_GCC_541\Debug\UART_FSKTx.a(CyFlash.o)
 .debug_line    0x00002b33      0x23c .\CortexM3\ARM_GCC_541\Debug\UART_FSKTx.a(CySpc.o)

.debug_frame    0x00000000     0x2200
 *(.debug_frame)
 .debug_frame   0x00000000       0xa4 .\CortexM3\ARM_GCC_541\Debug\main.o
 .debug_frame   0x000000a4       0xe4 .\CortexM3\ARM_GCC_541\Debug\cyfitter_cfg.o
 .debug_frame   0x00000188       0xb8 .\CortexM3\ARM_GCC_541\Debug\Cm3Start.o
 .debug_frame   0x00000240      0x250 .\CortexM3\ARM_GCC_541\Debug\UART_FSKTx.a(UART.o)
 .debug_frame   0x00000490      0x134 .\CortexM3\ARM_GCC_541\Debug\UART_FSKTx.a(PWM_Modulator.o)
 .debug_frame   0x000005c4      0x1e8 .\CortexM3\ARM_GCC_541\Debug\UART_FSKTx.a(LCD.o)
 .debug_frame   0x000007ac      0x124 .\CortexM3\ARM_GCC_541\Debug\UART_FSKTx.a(PWM_Switch_Timer.o)
 .debug_frame   0x000008d0      0x104 .\CortexM3\ARM_GCC_541\Debug\UART_FSKTx.a(isr_sec.o)
 .debug_frame   0x000009d4       0x50 .\CortexM3\ARM_GCC_541\Debug\UART_FSKTx.a(HighVoltage.o)
 .debug_frame   0x00000a24      0x134 .\CortexM3\ARM_GCC_541\Debug\UART_FSKTx.a(PWM_1.o)
 .debug_frame   0x00000b58      0x134 .\CortexM3\ARM_GCC_541\Debug\UART_FSKTx.a(PWM_2.o)
 .debug_frame   0x00000c8c      0x134 .\CortexM3\ARM_GCC_541\Debug\UART_FSKTx.a(PWM_3.o)
 .debug_frame   0x00000dc0       0x50 .\CortexM3\ARM_GCC_541\Debug\UART_FSKTx.a(SignalBase.o)
 .debug_frame   0x00000e10       0xe0 .\CortexM3\ARM_GCC_541\Debug\UART_FSKTx.a(UART_IntClock.o)
 .debug_frame   0x00000ef0      0x754 .\CortexM3\ARM_GCC_541\Debug\UART_FSKTx.a(CyLib.o)
 .debug_frame   0x00001644      0x1f8 .\CortexM3\ARM_GCC_541\Debug\UART_FSKTx.a(cyPm.o)
 .debug_frame   0x0000183c      0x108 .\CortexM3\ARM_GCC_541\Debug\UART_FSKTx.a(checkWatchDogTimer.o)
 .debug_frame   0x00001944      0x104 .\CortexM3\ARM_GCC_541\Debug\UART_FSKTx.a(watchDogCheck.o)
 .debug_frame   0x00001a48      0x100 .\CortexM3\ARM_GCC_541\Debug\UART_FSKTx.a(CyScBoostClk.o)
 .debug_frame   0x00001b48      0x174 .\CortexM3\ARM_GCC_541\Debug\UART_FSKTx.a(CyFlash.o)
 .debug_frame   0x00001cbc      0x160 .\CortexM3\ARM_GCC_541\Debug\UART_FSKTx.a(CySpc.o)
 .debug_frame   0x00001e1c       0x20 c:/program files (x86)/cypress/psoc creator/4.1/psoc creator/import/gnu/arm/5.4.1/bin/../lib/gcc/arm-none-eabi/5.4.1/../../../../arm-none-eabi/lib/armv7-m\libg_nano.a(lib_a-errno.o)
 .debug_frame   0x00001e3c       0x28 c:/program files (x86)/cypress/psoc creator/4.1/psoc creator/import/gnu/arm/5.4.1/bin/../lib/gcc/arm-none-eabi/5.4.1/../../../../arm-none-eabi/lib/armv7-m\libg_nano.a(lib_a-exit.o)
 .debug_frame   0x00001e64       0x2c c:/program files (x86)/cypress/psoc creator/4.1/psoc creator/import/gnu/arm/5.4.1/bin/../lib/gcc/arm-none-eabi/5.4.1/../../../../arm-none-eabi/lib/armv7-m\libg_nano.a(lib_a-init.o)
 .debug_frame   0x00001e90       0x28 c:/program files (x86)/cypress/psoc creator/4.1/psoc creator/import/gnu/arm/5.4.1/bin/../lib/gcc/arm-none-eabi/5.4.1/../../../../arm-none-eabi/lib/armv7-m\libg_nano.a(lib_a-memcpy-stub.o)
 .debug_frame   0x00001eb8       0x20 c:/program files (x86)/cypress/psoc creator/4.1/psoc creator/import/gnu/arm/5.4.1/bin/../lib/gcc/arm-none-eabi/5.4.1/../../../../arm-none-eabi/lib/armv7-m\libg_nano.a(lib_a-memset.o)
 .debug_frame   0x00001ed8       0x70 c:/program files (x86)/cypress/psoc creator/4.1/psoc creator/import/gnu/arm/5.4.1/bin/../lib/gcc/arm-none-eabi/5.4.1/../../../../arm-none-eabi/lib/armv7-m\libg_nano.a(lib_a-sprintf.o)
 .debug_frame   0x00001f48       0x90 c:/program files (x86)/cypress/psoc creator/4.1/psoc creator/import/gnu/arm/5.4.1/bin/../lib/gcc/arm-none-eabi/5.4.1/../../../../arm-none-eabi/lib/armv7-m\libg_nano.a(lib_a-nano-svfprintf.o)
 .debug_frame   0x00001fd8       0x60 c:/program files (x86)/cypress/psoc creator/4.1/psoc creator/import/gnu/arm/5.4.1/bin/../lib/gcc/arm-none-eabi/5.4.1/../../../../arm-none-eabi/lib/armv7-m\libg_nano.a(lib_a-nano-vfprintf_i.o)
 .debug_frame   0x00002038       0x28 c:/program files (x86)/cypress/psoc creator/4.1/psoc creator/import/gnu/arm/5.4.1/bin/../lib/gcc/arm-none-eabi/5.4.1/../../../../arm-none-eabi/lib/armv7-m\libg_nano.a(lib_a-memchr-stub.o)
 .debug_frame   0x00002060       0x28 c:/program files (x86)/cypress/psoc creator/4.1/psoc creator/import/gnu/arm/5.4.1/bin/../lib/gcc/arm-none-eabi/5.4.1/../../../../arm-none-eabi/lib/armv7-m\libg_nano.a(lib_a-memmove.o)
 .debug_frame   0x00002088       0x38 c:/program files (x86)/cypress/psoc creator/4.1/psoc creator/import/gnu/arm/5.4.1/bin/../lib/gcc/arm-none-eabi/5.4.1/../../../../arm-none-eabi/lib/armv7-m\libg_nano.a(lib_a-nano-freer.o)
 .debug_frame   0x000020c0       0x2c c:/program files (x86)/cypress/psoc creator/4.1/psoc creator/import/gnu/arm/5.4.1/bin/../lib/gcc/arm-none-eabi/5.4.1/../../../../arm-none-eabi/lib/armv7-m\libg_nano.a(lib_a-nano-mallocr.o)
 .debug_frame   0x000020ec       0x3c c:/program files (x86)/cypress/psoc creator/4.1/psoc creator/import/gnu/arm/5.4.1/bin/../lib/gcc/arm-none-eabi/5.4.1/../../../../arm-none-eabi/lib/armv7-m\libg_nano.a(lib_a-nano-reallocr.o)
 .debug_frame   0x00002128       0x2c c:/program files (x86)/cypress/psoc creator/4.1/psoc creator/import/gnu/arm/5.4.1/bin/../lib/gcc/arm-none-eabi/5.4.1/../../../../arm-none-eabi/lib/armv7-m\libg_nano.a(lib_a-sbrkr.o)
 .debug_frame   0x00002154       0x30 c:/program files (x86)/cypress/psoc creator/4.1/psoc creator/import/gnu/arm/5.4.1/bin/../lib/gcc/arm-none-eabi/5.4.1/../../../../arm-none-eabi/lib/armv7-m\libg_nano.a(lib_a-mlock.o)
 .debug_frame   0x00002184       0x20 c:/program files (x86)/cypress/psoc creator/4.1/psoc creator/import/gnu/arm/5.4.1/bin/../lib/gcc/arm-none-eabi/5.4.1/../../../../arm-none-eabi/lib/armv7-m\libg_nano.a(lib_a-nano-msizer.o)
 .debug_frame   0x000021a4       0x5c c:/program files (x86)/cypress/psoc creator/4.1/psoc creator/import/gnu/arm/5.4.1/bin/../lib/gcc/arm-none-eabi/5.4.1/../../../../arm-none-eabi/lib/armv7-m\libg_nano.a(lib_a-reent.o)

.debug_str      0x00000000     0x289c
 *(.debug_str)
 .debug_str     0x00000000      0x44a .\CortexM3\ARM_GCC_541\Debug\main.o
                                0x4a8 (size before relaxing)
 .debug_str     0x0000044a      0x169 .\CortexM3\ARM_GCC_541\Debug\cyfitter_cfg.o
                                0x30f (size before relaxing)
 .debug_str     0x000005b3       0x7f .\CortexM3\ARM_GCC_541\Debug\cymetadata.o
                                0x1e4 (size before relaxing)
 .debug_str     0x00000632      0x144 .\CortexM3\ARM_GCC_541\Debug\Cm3Start.o
                                0x30a (size before relaxing)
 .debug_str     0x00000776      0x2ba .\CortexM3\ARM_GCC_541\Debug\UART_FSKTx.a(UART.o)
                                0x475 (size before relaxing)
 .debug_str     0x00000a30      0x1d2 .\CortexM3\ARM_GCC_541\Debug\UART_FSKTx.a(PWM_Modulator.o)
                                0x3e9 (size before relaxing)
 .debug_str     0x00000c02      0x14d .\CortexM3\ARM_GCC_541\Debug\UART_FSKTx.a(LCD.o)
                                0x32b (size before relaxing)
 .debug_str     0x00000d4f      0x1ef .\CortexM3\ARM_GCC_541\Debug\UART_FSKTx.a(PWM_Switch_Timer.o)
                                0x401 (size before relaxing)
 .debug_str     0x00000f3e      0x10a .\CortexM3\ARM_GCC_541\Debug\UART_FSKTx.a(isr_sec.o)
                                0x2c2 (size before relaxing)
 .debug_str     0x00001048       0x77 .\CortexM3\ARM_GCC_541\Debug\UART_FSKTx.a(HighVoltage.o)
                                0x200 (size before relaxing)
 .debug_str     0x000010bf      0x134 .\CortexM3\ARM_GCC_541\Debug\UART_FSKTx.a(PWM_1.o)
                                0x35e (size before relaxing)
 .debug_str     0x000011f3      0x134 .\CortexM3\ARM_GCC_541\Debug\UART_FSKTx.a(PWM_2.o)
                                0x35e (size before relaxing)
 .debug_str     0x00001327      0x134 .\CortexM3\ARM_GCC_541\Debug\UART_FSKTx.a(PWM_3.o)
                                0x35e (size before relaxing)
 .debug_str     0x0000145b       0x63 .\CortexM3\ARM_GCC_541\Debug\UART_FSKTx.a(SignalBase.o)
                                0x1fb (size before relaxing)
 .debug_str     0x000014be      0x183 .\CortexM3\ARM_GCC_541\Debug\UART_FSKTx.a(UART_IntClock.o)
                                0x336 (size before relaxing)
 .debug_str     0x00001641      0x807 .\CortexM3\ARM_GCC_541\Debug\UART_FSKTx.a(CyLib.o)
                                0xa90 (size before relaxing)
 .debug_str     0x00001e48      0x365 .\CortexM3\ARM_GCC_541\Debug\UART_FSKTx.a(cyPm.o)
                                0x733 (size before relaxing)
 .debug_str     0x000021ad      0x1f4 .\CortexM3\ARM_GCC_541\Debug\UART_FSKTx.a(checkWatchDogTimer.o)
                                0x3c5 (size before relaxing)
 .debug_str     0x000023a1      0x140 .\CortexM3\ARM_GCC_541\Debug\UART_FSKTx.a(watchDogCheck.o)
                                0x316 (size before relaxing)
 .debug_str     0x000024e1      0x173 .\CortexM3\ARM_GCC_541\Debug\UART_FSKTx.a(CyScBoostClk.o)
                                0x36f (size before relaxing)
 .debug_str     0x00002654      0x19c .\CortexM3\ARM_GCC_541\Debug\UART_FSKTx.a(CyFlash.o)
                                0x3a1 (size before relaxing)
 .debug_str     0x000027f0       0xac .\CortexM3\ARM_GCC_541\Debug\UART_FSKTx.a(CySpc.o)
                                0x32a (size before relaxing)

.debug_loc      0x00000000     0x2457
 *(.debug_loc)
 .debug_loc     0x00000000      0x160 .\CortexM3\ARM_GCC_541\Debug\main.o
 .debug_loc     0x00000160      0x1d7 .\CortexM3\ARM_GCC_541\Debug\cyfitter_cfg.o
 .debug_loc     0x00000337      0x144 .\CortexM3\ARM_GCC_541\Debug\Cm3Start.o
 .debug_loc     0x0000047b      0x258 .\CortexM3\ARM_GCC_541\Debug\UART_FSKTx.a(UART.o)
 .debug_loc     0x000006d3       0x26 .\CortexM3\ARM_GCC_541\Debug\UART_FSKTx.a(PWM_Modulator.o)
 .debug_loc     0x000006f9      0x3c6 .\CortexM3\ARM_GCC_541\Debug\UART_FSKTx.a(LCD.o)
 .debug_loc     0x00000abf       0x13 .\CortexM3\ARM_GCC_541\Debug\UART_FSKTx.a(PWM_Switch_Timer.o)
 .debug_loc     0x00000ad2       0x56 .\CortexM3\ARM_GCC_541\Debug\UART_FSKTx.a(isr_sec.o)
 .debug_loc     0x00000b28       0x42 .\CortexM3\ARM_GCC_541\Debug\UART_FSKTx.a(HighVoltage.o)
 .debug_loc     0x00000b6a       0x26 .\CortexM3\ARM_GCC_541\Debug\UART_FSKTx.a(PWM_1.o)
 .debug_loc     0x00000b90       0x26 .\CortexM3\ARM_GCC_541\Debug\UART_FSKTx.a(PWM_2.o)
 .debug_loc     0x00000bb6       0x26 .\CortexM3\ARM_GCC_541\Debug\UART_FSKTx.a(PWM_3.o)
 .debug_loc     0x00000bdc       0x42 .\CortexM3\ARM_GCC_541\Debug\UART_FSKTx.a(SignalBase.o)
 .debug_loc     0x00000c1e      0x128 .\CortexM3\ARM_GCC_541\Debug\UART_FSKTx.a(UART_IntClock.o)
 .debug_loc     0x00000d46      0xa4b .\CortexM3\ARM_GCC_541\Debug\UART_FSKTx.a(CyLib.o)
 .debug_loc     0x00001791      0x1e4 .\CortexM3\ARM_GCC_541\Debug\UART_FSKTx.a(cyPm.o)
 .debug_loc     0x00001975       0x56 .\CortexM3\ARM_GCC_541\Debug\UART_FSKTx.a(watchDogCheck.o)
 .debug_loc     0x000019cb      0x14d .\CortexM3\ARM_GCC_541\Debug\UART_FSKTx.a(CyScBoostClk.o)
 .debug_loc     0x00001b18      0x2f2 .\CortexM3\ARM_GCC_541\Debug\UART_FSKTx.a(CyFlash.o)
 .debug_loc     0x00001e0a      0x64d .\CortexM3\ARM_GCC_541\Debug\UART_FSKTx.a(CySpc.o)

.debug_macinfo
 *(.debug_macinfo)

.debug_ranges   0x00000000      0xb30
 *(.debug_ranges)
 .debug_ranges  0x00000000       0x38 .\CortexM3\ARM_GCC_541\Debug\main.o
 .debug_ranges  0x00000038       0x48 .\CortexM3\ARM_GCC_541\Debug\cyfitter_cfg.o
 .debug_ranges  0x00000080       0x38 .\CortexM3\ARM_GCC_541\Debug\Cm3Start.o
 .debug_ranges  0x000000b8       0xe0 .\CortexM3\ARM_GCC_541\Debug\UART_FSKTx.a(UART.o)
 .debug_ranges  0x00000198       0x88 .\CortexM3\ARM_GCC_541\Debug\UART_FSKTx.a(PWM_Modulator.o)
 .debug_ranges  0x00000220       0x88 .\CortexM3\ARM_GCC_541\Debug\UART_FSKTx.a(LCD.o)
 .debug_ranges  0x000002a8       0x80 .\CortexM3\ARM_GCC_541\Debug\UART_FSKTx.a(PWM_Switch_Timer.o)
 .debug_ranges  0x00000328       0x70 .\CortexM3\ARM_GCC_541\Debug\UART_FSKTx.a(isr_sec.o)
 .debug_ranges  0x00000398       0x28 .\CortexM3\ARM_GCC_541\Debug\UART_FSKTx.a(HighVoltage.o)
 .debug_ranges  0x000003c0       0x88 .\CortexM3\ARM_GCC_541\Debug\UART_FSKTx.a(PWM_1.o)
 .debug_ranges  0x00000448       0x88 .\CortexM3\ARM_GCC_541\Debug\UART_FSKTx.a(PWM_2.o)
 .debug_ranges  0x000004d0       0x88 .\CortexM3\ARM_GCC_541\Debug\UART_FSKTx.a(PWM_3.o)
 .debug_ranges  0x00000558       0x28 .\CortexM3\ARM_GCC_541\Debug\UART_FSKTx.a(SignalBase.o)
 .debug_ranges  0x00000580       0x60 .\CortexM3\ARM_GCC_541\Debug\UART_FSKTx.a(UART_IntClock.o)
 .debug_ranges  0x000005e0      0x298 .\CortexM3\ARM_GCC_541\Debug\UART_FSKTx.a(CyLib.o)
 .debug_ranges  0x00000878       0x88 .\CortexM3\ARM_GCC_541\Debug\UART_FSKTx.a(cyPm.o)
 .debug_ranges  0x00000900       0x78 .\CortexM3\ARM_GCC_541\Debug\UART_FSKTx.a(checkWatchDogTimer.o)
 .debug_ranges  0x00000978       0x70 .\CortexM3\ARM_GCC_541\Debug\UART_FSKTx.a(watchDogCheck.o)
 .debug_ranges  0x000009e8       0x70 .\CortexM3\ARM_GCC_541\Debug\UART_FSKTx.a(CyScBoostClk.o)
 .debug_ranges  0x00000a58       0x70 .\CortexM3\ARM_GCC_541\Debug\UART_FSKTx.a(CyFlash.o)
 .debug_ranges  0x00000ac8       0x68 .\CortexM3\ARM_GCC_541\Debug\UART_FSKTx.a(CySpc.o)

.comment        0x00000000       0x6e
 .comment       0x00000000       0x6e .\CortexM3\ARM_GCC_541\Debug\main.o
                                 0x6f (size before relaxing)
 .comment       0x0000006e       0x6f .\CortexM3\ARM_GCC_541\Debug\cyfitter_cfg.o
 .comment       0x0000006e       0x6f .\CortexM3\ARM_GCC_541\Debug\cymetadata.o
 .comment       0x0000006e       0x6f .\CortexM3\ARM_GCC_541\Debug\Cm3Start.o
 .comment       0x0000006e       0x6f .\CortexM3\ARM_GCC_541\Debug\UART_FSKTx.a(UART.o)
 .comment       0x0000006e       0x6f .\CortexM3\ARM_GCC_541\Debug\UART_FSKTx.a(PWM_Modulator.o)
 .comment       0x0000006e       0x6f .\CortexM3\ARM_GCC_541\Debug\UART_FSKTx.a(LCD.o)
 .comment       0x0000006e       0x6f .\CortexM3\ARM_GCC_541\Debug\UART_FSKTx.a(PWM_Switch_Timer.o)
 .comment       0x0000006e       0x6f .\CortexM3\ARM_GCC_541\Debug\UART_FSKTx.a(isr_sec.o)
 .comment       0x0000006e       0x6f .\CortexM3\ARM_GCC_541\Debug\UART_FSKTx.a(HighVoltage.o)
 .comment       0x0000006e       0x6f .\CortexM3\ARM_GCC_541\Debug\UART_FSKTx.a(PWM_1.o)
 .comment       0x0000006e       0x6f .\CortexM3\ARM_GCC_541\Debug\UART_FSKTx.a(PWM_2.o)
 .comment       0x0000006e       0x6f .\CortexM3\ARM_GCC_541\Debug\UART_FSKTx.a(PWM_3.o)
 .comment       0x0000006e       0x6f .\CortexM3\ARM_GCC_541\Debug\UART_FSKTx.a(SignalBase.o)
 .comment       0x0000006e       0x6f .\CortexM3\ARM_GCC_541\Debug\UART_FSKTx.a(UART_IntClock.o)
 .comment       0x0000006e       0x6f .\CortexM3\ARM_GCC_541\Debug\UART_FSKTx.a(CyLib.o)
 .comment       0x0000006e       0x6f .\CortexM3\ARM_GCC_541\Debug\UART_FSKTx.a(cyPm.o)
 .comment       0x0000006e       0x6f .\CortexM3\ARM_GCC_541\Debug\UART_FSKTx.a(checkWatchDogTimer.o)
 .comment       0x0000006e       0x6f .\CortexM3\ARM_GCC_541\Debug\UART_FSKTx.a(watchDogCheck.o)
 .comment       0x0000006e       0x6f .\CortexM3\ARM_GCC_541\Debug\UART_FSKTx.a(CyScBoostClk.o)
 .comment       0x0000006e       0x6f .\CortexM3\ARM_GCC_541\Debug\UART_FSKTx.a(CyFlash.o)
 .comment       0x0000006e       0x6f .\CortexM3\ARM_GCC_541\Debug\UART_FSKTx.a(CySpc.o)

.debug_weaknames
 *(.debug_weaknames)

.debug_funcnames
 *(.debug_funcnames)

.debug_typenames
 *(.debug_typenames)

.debug_varnames
 *(.debug_varnames)

.note.gnu.arm.ident
 *(.note.gnu.arm.ident)

.ARM.attributes
                0x00000000       0x29
 *(.ARM.attributes)
 .ARM.attributes
                0x00000000       0x1d c:/program files (x86)/cypress/psoc creator/4.1/psoc creator/import/gnu/arm/5.4.1/bin/../lib/gcc/arm-none-eabi/5.4.1/armv7-m/crti.o
 .ARM.attributes
                0x0000001d       0x2d c:/program files (x86)/cypress/psoc creator/4.1/psoc creator/import/gnu/arm/5.4.1/bin/../lib/gcc/arm-none-eabi/5.4.1/armv7-m/crtbegin.o
 .ARM.attributes
                0x0000004a       0x1b c:/program files (x86)/cypress/psoc creator/4.1/psoc creator/import/gnu/arm/5.4.1/bin/../lib/gcc/arm-none-eabi/5.4.1/../../../../arm-none-eabi/lib/armv7-m/crt0.o
 .ARM.attributes
                0x00000065       0x33 .\CortexM3\ARM_GCC_541\Debug\main.o
 .ARM.attributes
                0x00000098       0x33 .\CortexM3\ARM_GCC_541\Debug\cyfitter_cfg.o
 .ARM.attributes
                0x000000cb       0x33 .\CortexM3\ARM_GCC_541\Debug\cymetadata.o
 .ARM.attributes
                0x000000fe       0x33 .\CortexM3\ARM_GCC_541\Debug\Cm3Start.o
 .ARM.attributes
                0x00000131       0x33 .\CortexM3\ARM_GCC_541\Debug\UART_FSKTx.a(UART.o)
 .ARM.attributes
                0x00000164       0x33 .\CortexM3\ARM_GCC_541\Debug\UART_FSKTx.a(PWM_Modulator.o)
 .ARM.attributes
                0x00000197       0x33 .\CortexM3\ARM_GCC_541\Debug\UART_FSKTx.a(LCD.o)
 .ARM.attributes
                0x000001ca       0x33 .\CortexM3\ARM_GCC_541\Debug\UART_FSKTx.a(PWM_Switch_Timer.o)
 .ARM.attributes
                0x000001fd       0x33 .\CortexM3\ARM_GCC_541\Debug\UART_FSKTx.a(isr_sec.o)
 .ARM.attributes
                0x00000230       0x33 .\CortexM3\ARM_GCC_541\Debug\UART_FSKTx.a(HighVoltage.o)
 .ARM.attributes
                0x00000263       0x33 .\CortexM3\ARM_GCC_541\Debug\UART_FSKTx.a(PWM_1.o)
 .ARM.attributes
                0x00000296       0x33 .\CortexM3\ARM_GCC_541\Debug\UART_FSKTx.a(PWM_2.o)
 .ARM.attributes
                0x000002c9       0x33 .\CortexM3\ARM_GCC_541\Debug\UART_FSKTx.a(PWM_3.o)
 .ARM.attributes
                0x000002fc       0x33 .\CortexM3\ARM_GCC_541\Debug\UART_FSKTx.a(SignalBase.o)
 .ARM.attributes
                0x0000032f       0x33 .\CortexM3\ARM_GCC_541\Debug\UART_FSKTx.a(UART_IntClock.o)
 .ARM.attributes
                0x00000362       0x33 .\CortexM3\ARM_GCC_541\Debug\UART_FSKTx.a(CyLib.o)
 .ARM.attributes
                0x00000395       0x33 .\CortexM3\ARM_GCC_541\Debug\UART_FSKTx.a(cyPm.o)
 .ARM.attributes
                0x000003c8       0x33 .\CortexM3\ARM_GCC_541\Debug\UART_FSKTx.a(checkWatchDogTimer.o)
 .ARM.attributes
                0x000003fb       0x33 .\CortexM3\ARM_GCC_541\Debug\UART_FSKTx.a(watchDogCheck.o)
 .ARM.attributes
                0x0000042e       0x21 .\CortexM3\ARM_GCC_541\Debug\UART_FSKTx.a(CyBootAsmGnu.o)
 .ARM.attributes
                0x0000044f       0x33 .\CortexM3\ARM_GCC_541\Debug\UART_FSKTx.a(CyScBoostClk.o)
 .ARM.attributes
                0x00000482       0x33 .\CortexM3\ARM_GCC_541\Debug\UART_FSKTx.a(CyFlash.o)
 .ARM.attributes
                0x000004b5       0x33 .\CortexM3\ARM_GCC_541\Debug\UART_FSKTx.a(CySpc.o)
 .ARM.attributes
                0x000004e8       0x2d c:/program files (x86)/cypress/psoc creator/4.1/psoc creator/import/gnu/arm/5.4.1/bin/../lib/gcc/arm-none-eabi/5.4.1/../../../../arm-none-eabi/lib/armv7-m\libg_nano.a(lib_a-errno.o)
 .ARM.attributes
                0x00000515       0x2d c:/program files (x86)/cypress/psoc creator/4.1/psoc creator/import/gnu/arm/5.4.1/bin/../lib/gcc/arm-none-eabi/5.4.1/../../../../arm-none-eabi/lib/armv7-m\libg_nano.a(lib_a-exit.o)
 .ARM.attributes
                0x00000542       0x2d c:/program files (x86)/cypress/psoc creator/4.1/psoc creator/import/gnu/arm/5.4.1/bin/../lib/gcc/arm-none-eabi/5.4.1/../../../../arm-none-eabi/lib/armv7-m\libg_nano.a(lib_a-impure.o)
 .ARM.attributes
                0x0000056f       0x2d c:/program files (x86)/cypress/psoc creator/4.1/psoc creator/import/gnu/arm/5.4.1/bin/../lib/gcc/arm-none-eabi/5.4.1/../../../../arm-none-eabi/lib/armv7-m\libg_nano.a(lib_a-init.o)
 .ARM.attributes
                0x0000059c       0x2d c:/program files (x86)/cypress/psoc creator/4.1/psoc creator/import/gnu/arm/5.4.1/bin/../lib/gcc/arm-none-eabi/5.4.1/../../../../arm-none-eabi/lib/armv7-m\libg_nano.a(lib_a-memcpy-stub.o)
 .ARM.attributes
                0x000005c9       0x2d c:/program files (x86)/cypress/psoc creator/4.1/psoc creator/import/gnu/arm/5.4.1/bin/../lib/gcc/arm-none-eabi/5.4.1/../../../../arm-none-eabi/lib/armv7-m\libg_nano.a(lib_a-memset.o)
 .ARM.attributes
                0x000005f6       0x2d c:/program files (x86)/cypress/psoc creator/4.1/psoc creator/import/gnu/arm/5.4.1/bin/../lib/gcc/arm-none-eabi/5.4.1/../../../../arm-none-eabi/lib/armv7-m\libg_nano.a(lib_a-sprintf.o)
 .ARM.attributes
                0x00000623       0x2d c:/program files (x86)/cypress/psoc creator/4.1/psoc creator/import/gnu/arm/5.4.1/bin/../lib/gcc/arm-none-eabi/5.4.1/../../../../arm-none-eabi/lib/armv7-m\libg_nano.a(lib_a-nano-svfprintf.o)
 .ARM.attributes
                0x00000650       0x2d c:/program files (x86)/cypress/psoc creator/4.1/psoc creator/import/gnu/arm/5.4.1/bin/../lib/gcc/arm-none-eabi/5.4.1/../../../../arm-none-eabi/lib/armv7-m\libg_nano.a(lib_a-nano-vfprintf_i.o)
 .ARM.attributes
                0x0000067d       0x2d c:/program files (x86)/cypress/psoc creator/4.1/psoc creator/import/gnu/arm/5.4.1/bin/../lib/gcc/arm-none-eabi/5.4.1/../../../../arm-none-eabi/lib/armv7-m\libg_nano.a(lib_a-memchr-stub.o)
 .ARM.attributes
                0x000006aa       0x2d c:/program files (x86)/cypress/psoc creator/4.1/psoc creator/import/gnu/arm/5.4.1/bin/../lib/gcc/arm-none-eabi/5.4.1/../../../../arm-none-eabi/lib/armv7-m\libg_nano.a(lib_a-memmove.o)
 .ARM.attributes
                0x000006d7       0x2d c:/program files (x86)/cypress/psoc creator/4.1/psoc creator/import/gnu/arm/5.4.1/bin/../lib/gcc/arm-none-eabi/5.4.1/../../../../arm-none-eabi/lib/armv7-m\libg_nano.a(lib_a-nano-freer.o)
 .ARM.attributes
                0x00000704       0x2d c:/program files (x86)/cypress/psoc creator/4.1/psoc creator/import/gnu/arm/5.4.1/bin/../lib/gcc/arm-none-eabi/5.4.1/../../../../arm-none-eabi/lib/armv7-m\libg_nano.a(lib_a-nano-mallocr.o)
 .ARM.attributes
                0x00000731       0x2d c:/program files (x86)/cypress/psoc creator/4.1/psoc creator/import/gnu/arm/5.4.1/bin/../lib/gcc/arm-none-eabi/5.4.1/../../../../arm-none-eabi/lib/armv7-m\libg_nano.a(lib_a-nano-reallocr.o)
 .ARM.attributes
                0x0000075e       0x2d c:/program files (x86)/cypress/psoc creator/4.1/psoc creator/import/gnu/arm/5.4.1/bin/../lib/gcc/arm-none-eabi/5.4.1/../../../../arm-none-eabi/lib/armv7-m\libg_nano.a(lib_a-sbrkr.o)
 .ARM.attributes
                0x0000078b       0x2d c:/program files (x86)/cypress/psoc creator/4.1/psoc creator/import/gnu/arm/5.4.1/bin/../lib/gcc/arm-none-eabi/5.4.1/../../../../arm-none-eabi/lib/armv7-m\libg_nano.a(lib_a-mlock.o)
 .ARM.attributes
                0x000007b8       0x2d c:/program files (x86)/cypress/psoc creator/4.1/psoc creator/import/gnu/arm/5.4.1/bin/../lib/gcc/arm-none-eabi/5.4.1/../../../../arm-none-eabi/lib/armv7-m\libg_nano.a(lib_a-nano-msizer.o)
 .ARM.attributes
                0x000007e5       0x2d c:/program files (x86)/cypress/psoc creator/4.1/psoc creator/import/gnu/arm/5.4.1/bin/../lib/gcc/arm-none-eabi/5.4.1/../../../../arm-none-eabi/lib/armv7-m\libg_nano.a(lib_a-reent.o)
 .ARM.attributes
                0x00000812       0x2d c:/program files (x86)/cypress/psoc creator/4.1/psoc creator/import/gnu/arm/5.4.1/bin/../lib/gcc/arm-none-eabi/5.4.1/armv7-m/crtend.o
 .ARM.attributes
                0x0000083f       0x1d c:/program files (x86)/cypress/psoc creator/4.1/psoc creator/import/gnu/arm/5.4.1/bin/../lib/gcc/arm-none-eabi/5.4.1/armv7-m/crtn.o

/DISCARD/
 *(.note.GNU-stack)
OUTPUT(C:\Users\sdysart\Documents\UACS\UACS\HighFreqFSK\UART_FSKTx.cydsn\CortexM3\ARM_GCC_541\Debug\UART_FSKTx.elf elf32-littlearm)
