Archive member included to satisfy reference by file (symbol)

.\CortexM3\ARM_GCC_541\Debug\UART_FSKTx.a(UART.o)
                              .\CortexM3\ARM_GCC_541\Debug\main.o (UART_Start)
.\CortexM3\ARM_GCC_541\Debug\UART_FSKTx.a(UART_PM.o)
                              .\CortexM3\ARM_GCC_541\Debug\main.o (UART_Sleep)
.\CortexM3\ARM_GCC_541\Debug\UART_FSKTx.a(PWM_Modulator.o)
                              .\CortexM3\ARM_GCC_541\Debug\main.o (PWM_Modulator_Stop)
.\CortexM3\ARM_GCC_541\Debug\UART_FSKTx.a(PWM_Modulator_PM.o)
                              .\CortexM3\ARM_GCC_541\Debug\main.o (PWM_Modulator_Sleep)
.\CortexM3\ARM_GCC_541\Debug\UART_FSKTx.a(LCD.o)
                              .\CortexM3\ARM_GCC_541\Debug\main.o (LCD_PrintString)
.\CortexM3\ARM_GCC_541\Debug\UART_FSKTx.a(LCD_PM.o)
                              .\CortexM3\ARM_GCC_541\Debug\main.o (LCD_Sleep)
.\CortexM3\ARM_GCC_541\Debug\UART_FSKTx.a(PWM_Switch_Timer.o)
                              .\CortexM3\ARM_GCC_541\Debug\main.o (PWM_Switch_Timer_Stop)
.\CortexM3\ARM_GCC_541\Debug\UART_FSKTx.a(PWM_Switch_Timer_PM.o)
                              .\CortexM3\ARM_GCC_541\Debug\main.o (PWM_Switch_Timer_Sleep)
.\CortexM3\ARM_GCC_541\Debug\UART_FSKTx.a(isr_rx.o)
                              .\CortexM3\ARM_GCC_541\Debug\main.o (isr_rx_StartEx)
.\CortexM3\ARM_GCC_541\Debug\UART_FSKTx.a(isr_sec.o)
                              .\CortexM3\ARM_GCC_541\Debug\main.o (isr_sec_StartEx)
.\CortexM3\ARM_GCC_541\Debug\UART_FSKTx.a(HighVoltage.o)
                              .\CortexM3\ARM_GCC_541\Debug\main.o (HighVoltage_Write)
.\CortexM3\ARM_GCC_541\Debug\UART_FSKTx.a(SignalBase.o)
                              .\CortexM3\ARM_GCC_541\Debug\main.o (SignalBase_Write)
.\CortexM3\ARM_GCC_541\Debug\UART_FSKTx.a(UART_IntClock.o)
                              .\CortexM3\ARM_GCC_541\Debug\UART_FSKTx.a(UART.o) (UART_IntClock_Start)
.\CortexM3\ARM_GCC_541\Debug\UART_FSKTx.a(CyLib.o)
                              .\CortexM3\ARM_GCC_541\Debug\Cm3Start.o (CyHalt)
.\CortexM3\ARM_GCC_541\Debug\UART_FSKTx.a(cyPm.o)
                              .\CortexM3\ARM_GCC_541\Debug\main.o (CyPmSaveClocks)
.\CortexM3\ARM_GCC_541\Debug\UART_FSKTx.a(checkWatchDogTimer.o)
                              .\CortexM3\ARM_GCC_541\Debug\main.o (checkWatchDogTimer_Start)
.\CortexM3\ARM_GCC_541\Debug\UART_FSKTx.a(checkWatchDogTimer_PM.o)
                              .\CortexM3\ARM_GCC_541\Debug\main.o (checkWatchDogTimer_Sleep)
.\CortexM3\ARM_GCC_541\Debug\UART_FSKTx.a(watchDogCheck.o)
                              .\CortexM3\ARM_GCC_541\Debug\main.o (watchDogCheck_StartEx)
.\CortexM3\ARM_GCC_541\Debug\UART_FSKTx.a(SleepTimer.o)
                              .\CortexM3\ARM_GCC_541\Debug\main.o (SleepTimer_Stop)
.\CortexM3\ARM_GCC_541\Debug\UART_FSKTx.a(Sleep_ISR.o)
                              .\CortexM3\ARM_GCC_541\Debug\main.o (Sleep_ISR_StartEx)
.\CortexM3\ARM_GCC_541\Debug\UART_FSKTx.a(sleepToggle.o)
                              .\CortexM3\ARM_GCC_541\Debug\main.o (sleepToggle_Write)
.\CortexM3\ARM_GCC_541\Debug\UART_FSKTx.a(RxWakeUp.o)
                              .\CortexM3\ARM_GCC_541\Debug\main.o (RxWakeUp_Disable)
.\CortexM3\ARM_GCC_541\Debug\UART_FSKTx.a(CyBootAsmGnu.o)
                              .\CortexM3\ARM_GCC_541\Debug\cyfitter_cfg.o (CyDelayCycles)
.\CortexM3\ARM_GCC_541\Debug\UART_FSKTx.a(CyScBoostClk.o)
                              .\CortexM3\ARM_GCC_541\Debug\UART_FSKTx.a(CyLib.o) (CyScBoostClk_Start)
.\CortexM3\ARM_GCC_541\Debug\UART_FSKTx.a(CyFlash.o)
                              .\CortexM3\ARM_GCC_541\Debug\UART_FSKTx.a(cyPm.o) (CyFlash_SetWaitCycles)
.\CortexM3\ARM_GCC_541\Debug\UART_FSKTx.a(CySpc.o)
                              .\CortexM3\ARM_GCC_541\Debug\UART_FSKTx.a(CyFlash.o) (CySpcStart)
c:/program files (x86)/cypress/psoc creator/4.1/psoc creator/import/gnu/arm/5.4.1/bin/../lib/gcc/arm-none-eabi/5.4.1/../../../../arm-none-eabi/lib/armv7-m\libg_nano.a(lib_a-errno.o)
                              .\CortexM3\ARM_GCC_541\Debug\Cm3Start.o (__errno)
c:/program files (x86)/cypress/psoc creator/4.1/psoc creator/import/gnu/arm/5.4.1/bin/../lib/gcc/arm-none-eabi/5.4.1/../../../../arm-none-eabi/lib/armv7-m\libg_nano.a(lib_a-exit.o)
                              c:/program files (x86)/cypress/psoc creator/4.1/psoc creator/import/gnu/arm/5.4.1/bin/../lib/gcc/arm-none-eabi/5.4.1/../../../../arm-none-eabi/lib/armv7-m/crt0.o (exit)
c:/program files (x86)/cypress/psoc creator/4.1/psoc creator/import/gnu/arm/5.4.1/bin/../lib/gcc/arm-none-eabi/5.4.1/../../../../arm-none-eabi/lib/armv7-m\libg_nano.a(lib_a-impure.o)
                              c:/program files (x86)/cypress/psoc creator/4.1/psoc creator/import/gnu/arm/5.4.1/bin/../lib/gcc/arm-none-eabi/5.4.1/../../../../arm-none-eabi/lib/armv7-m\libg_nano.a(lib_a-exit.o) (_global_impure_ptr)
[...]
Memory Configuration

Name             Origin             Length             Attributes
rom              0x00000000         0x00040000         xr
ram              0x1fff8000         0x00010000         xrw
*default*        0x00000000         0xffffffff

Linker script and memory map

LOAD c:/program files (x86)/cypress/psoc creator/4.1/psoc creator/import/gnu/arm/5.4.1/bin/../lib/gcc/arm-none-eabi/5.4.1/armv7-m/crti.o
LOAD c:/program files (x86)/cypress/psoc creator/4.1/psoc creator/import/gnu/arm/5.4.1/bin/../lib/gcc/arm-none-eabi/5.4.1/armv7-m/crtbegin.o
LOAD c:/program files (x86)/cypress/psoc creator/4.1/psoc creator/import/gnu/arm/5.4.1/bin/../lib/gcc/arm-none-eabi/5.4.1/../../../../arm-none-eabi/lib/armv7-m/crt0.o
START GROUP
LOAD .\CortexM3\ARM_GCC_541\Debug\main.o
LOAD .\CortexM3\ARM_GCC_541\Debug\cyfitter_cfg.o
LOAD .\CortexM3\ARM_GCC_541\Debug\cymetadata.o
LOAD .\CortexM3\ARM_GCC_541\Debug\Cm3Start.o
LOAD .\CortexM3\ARM_GCC_541\Debug\UART_FSKTx.a
LOAD C:\Program Files (x86)\Cypress\PSoC Creator\4.1\PSoC Creator\psoc\content\cycomponentlibrary\CyComponentLibrary.cylib\CortexM3\ARM_GCC_541\Debug\CyComponentLibrary.a
END GROUP
START GROUP
LOAD c:/program files (x86)/cypress/psoc creator/4.1/psoc creator/import/gnu/arm/5.4.1/bin/../lib/gcc/arm-none-eabi/5.4.1/armv7-m\libgcc.a
LOAD c:/program files (x86)/cypress/psoc creator/4.1/psoc creator/import/gnu/arm/5.4.1/bin/../lib/gcc/arm-none-eabi/5.4.1/../../../../arm-none-eabi/lib/armv7-m\libg_nano.a
LOAD c:/program files (x86)/cypress/psoc creator/4.1/psoc creator/import/gnu/arm/5.4.1/bin/../lib/gcc/arm-none-eabi/5.4.1/../../../../arm-none-eabi/lib/armv7-m\libc_nano.a
END GROUP
START GROUP
LOAD c:/program files (x86)/cypress/psoc creator/4.1/psoc creator/import/gnu/arm/5.4.1/bin/../lib/gcc/arm-none-eabi/5.4.1/armv7-m\libgcc.a
LOAD c:/program files (x86)/cypress/psoc creator/4.1/psoc creator/import/gnu/arm/5.4.1/bin/../lib/gcc/arm-none-eabi/5.4.1/../../../../arm-none-eabi/lib/armv7-m\libc_nano.a
END GROUP
LOAD c:/program files (x86)/cypress/psoc creator/4.1/psoc creator/import/gnu/arm/5.4.1/bin/../lib/gcc/arm-none-eabi/5.4.1/armv7-m/crtend.o
LOAD c:/program files (x86)/cypress/psoc creator/4.1/psoc creator/import/gnu/arm/5.4.1/bin/../lib/gcc/arm-none-eabi/5.4.1/armv7-m/crtn.o
START GROUP
LOAD c:/program files (x86)/cypress/psoc creator/4.1/psoc creator/import/gnu/arm/5.4.1/bin/../lib/gcc/arm-none-eabi/5.4.1/armv7-m\libgcc.a
LOAD c:/program files (x86)/cypress/psoc creator/4.1/psoc creator/import/gnu/arm/5.4.1/bin/../lib/gcc/arm-none-eabi/5.4.1/../../../../arm-none-eabi/lib/armv7-m\libc.a
LOAD c:/program files (x86)/cypress/psoc creator/4.1/psoc creator/import/gnu/arm/5.4.1/bin/../lib/gcc/arm-none-eabi/5.4.1/../../../../arm-none-eabi/lib/armv7-m\libnosys.a
END GROUP
                0x00000000                CY_APPL_ORIGIN = 0x0
                0x00000100                CY_FLASH_ROW_SIZE = 0x100
                0x00000020                CY_ECC_ROW_SIZE = 0x20
                0x00000000                CY_EE_IN_BTLDR = 0x0
                0x00000000                CY_APPL_LOADABLE = 0x0
                0x00000800                CY_EE_SIZE = 0x800
                0x00000001                CY_APPL_NUM = 0x1
                0x00000001                CY_APPL_MAX = 0x1
                0x00000040                CY_METADATA_SIZE = 0x40
                0x00000000                CY_APPL_LOADABLE = 0x0
                0x00000000                CY_CHECKSUM_EXCLUDE_SIZE = ALIGN (0x0, CY_FLASH_ROW_SIZE)
                [!provide]                PROVIDE (__cy_heap_start, _end)
                0x00000001                PROVIDE (__cy_region_num, ((__cy_regions_end - __cy_regions) / 0x10))
                0x20008000                PROVIDE (__cy_stack, (ORIGIN (ram) + LENGTH (ram)))
                [!provide]                PROVIDE (__cy_heap_end, (__cy_stack - 0x800))

.cybootloader   0x00000000        0x0
 *(.cybootloader)
                0x00000000                appl1_start = CY_APPL_ORIGIN?CY_APPL_ORIGIN:ALIGN (CY_FLASH_ROW_SIZE)
                0x0001ff00                appl2_start = (appl1_start + ALIGN ((((LENGTH (rom) - appl1_start) - (0x2 * CY_FLASH_ROW_SIZE)) / 0x2), CY_FLASH_ROW_SIZE))
                0x00000000                appl_start = (CY_APPL_NUM == 0x1)?appl1_start:appl2_start
                0x00000000                ecc_offset = ((appl_start / CY_FLASH_ROW_SIZE) * CY_ECC_ROW_SIZE)
                0x00000000                ee_offset = (CY_APPL_LOADABLE && ! (CY_EE_IN_BTLDR))?((CY_EE_SIZE / CY_APPL_MAX) * (CY_APPL_NUM - 0x1)):0x0
                0x00000800                ee_size = (CY_APPL_LOADABLE && ! (CY_EE_IN_BTLDR))?(CY_EE_SIZE / CY_APPL_MAX):CY_EE_SIZE
                [!provide]                PROVIDE (CY_ECC_OFFSET, ecc_offset)

.text           0x00000000     0x2944
 CREATE_OBJECT_SYMBOLS
                0x00000000                PROVIDE (__cy_interrupt_vector, RomVectors)
 *(.romvectors)
 .romvectors    0x00000000       0x10 .\CortexM3\ARM_GCC_541\Debug\Cm3Start.o
                0x00000000                RomVectors
                0x00000001                ASSERT ((. != __cy_interrupt_vector), No interrupt vector)
                0x00000001                ASSERT (CY_APPL_ORIGIN?(SIZEOF (.cybootloader) <= CY_APPL_ORIGIN):0x1, Wrong image location)
                0x00000010                PROVIDE (__cy_reset, Reset)
 *(.text.Reset)
 .text.Reset    0x00000010       0x18 .\CortexM3\ARM_GCC_541\Debug\Cm3Start.o
                0x00000010                Reset
                0x00000001                ASSERT ((. != __cy_reset), No reset code)
 *(.dma_init)
                0x00000001                ASSERT ((((appl_start + .) <= 0x10000) || 0x1), DMA Init must be within the first 64k of flash)
 *(.text .text.* .gnu.linkonce.t.*)
 .text          0x00000028       0x5c c:/program files (x86)/cypress/psoc creator/4.1/psoc creator/import/gnu/arm/5.4.1/bin/../lib/gcc/arm-none-eabi/5.4.1/armv7-m/crtbegin.o
 .text.isr_sec  0x00000084       0x38 .\CortexM3\ARM_GCC_541\Debug\main.o
                0x00000084                isr_sec
 .text.watchDogCheck
                0x000000bc        0x8 .\CortexM3\ARM_GCC_541\Debug\main.o
                0x000000bc                watchDogCheck
 .text.wakeUpIsr
                0x000000c4       0x28 .\CortexM3\ARM_GCC_541\Debug\main.o
                0x000000c4                wakeUpIsr
 .text.Byte     0x000000ec       0x44 .\CortexM3\ARM_GCC_541\Debug\main.o
                0x000000ec                Byte
 .text.FindParity
                0x00000130       0x20 .\CortexM3\ARM_GCC_541\Debug\main.o
                0x00000130                FindParity
 .text.wakeUp   0x00000150       0x1c .\CortexM3\ARM_GCC_541\Debug\main.o
                0x00000150                wakeUp
 .text.goToSleep
                0x0000016c       0x28 .\CortexM3\ARM_GCC_541\Debug\main.o
                0x0000016c                goToSleep
 .text.main     0x00000194      0x1f4 .\CortexM3\ARM_GCC_541\Debug\main.o
                0x00000194                main
 .text.CyClockStartupError
                0x00000388        0x4 .\CortexM3\ARM_GCC_541\Debug\cyfitter_cfg.o
 .text.cfg_write_bytes32
                0x0000038c       0x34 .\CortexM3\ARM_GCC_541\Debug\cyfitter_cfg.o
 .text.AnalogSetDefault
                0x000003c0       0x28 .\CortexM3\ARM_GCC_541\Debug\cyfitter_cfg.o
 .text.CYMEMZERO
                0x000003e8        0xc .\CortexM3\ARM_GCC_541\Debug\cyfitter_cfg.o
 .text.CYCONFIGCPY
                0x000003f4        0x8 .\CortexM3\ARM_GCC_541\Debug\cyfitter_cfg.o
 .text.ClockSetup
                0x000003fc       0xe8 .\CortexM3\ARM_GCC_541\Debug\cyfitter_cfg.o
 .text.cyfitter_cfg
                0x000004e4      0x114 .\CortexM3\ARM_GCC_541\Debug\cyfitter_cfg.o
                0x000004e4                cyfitter_cfg
 .text.IntDefaultHandler
                0x000005f8       0x10 .\CortexM3\ARM_GCC_541\Debug\Cm3Start.o
                0x000005f8                IntDefaultHandler
 .text._sbrk    0x00000608       0x30 .\CortexM3\ARM_GCC_541\Debug\Cm3Start.o
                0x00000608                _sbrk
 .text.Start_c  0x00000638       0x4c .\CortexM3\ARM_GCC_541\Debug\Cm3Start.o
                0x00000638                Start_c
 .text.initialize_psoc
                0x00000684       0x68 .\CortexM3\ARM_GCC_541\Debug\Cm3Start.o
                0x00000684                initialize_psoc
 .text.UART_Init
                0x000006ec       0x28 .\CortexM3\ARM_GCC_541\Debug\UART_FSKTx.a(UART.o)
                0x000006ec                UART_Init
 .text.UART_Enable
                0x00000714       0x38 .\CortexM3\ARM_GCC_541\Debug\UART_FSKTx.a(UART.o)
                0x00000714                UART_Enable
 .text.UART_Start
                0x0000074c       0x1c .\CortexM3\ARM_GCC_541\Debug\UART_FSKTx.a(UART.o)
                0x0000074c                UART_Start
 .text.UART_Stop
                0x00000768       0x3c .\CortexM3\ARM_GCC_541\Debug\UART_FSKTx.a(UART.o)
                0x00000768                UART_Stop
 .text.UART_Sleep
                0x000007a4       0x28 .\CortexM3\ARM_GCC_541\Debug\UART_FSKTx.a(UART_PM.o)
                0x000007a4                UART_Sleep
 .text.PWM_Modulator_Enable
                0x000007cc       0x10 .\CortexM3\ARM_GCC_541\Debug\UART_FSKTx.a(PWM_Modulator.o)
                0x000007cc                PWM_Modulator_Enable
 .text.PWM_Modulator_Stop
                0x000007dc       0x10 .\CortexM3\ARM_GCC_541\Debug\UART_FSKTx.a(PWM_Modulator.o)
                0x000007dc                PWM_Modulator_Stop
 .text.PWM_Modulator_WriteCounter
                0x000007ec        0xc .\CortexM3\ARM_GCC_541\Debug\UART_FSKTx.a(PWM_Modulator.o)
                0x000007ec                PWM_Modulator_WriteCounter
 .text.PWM_Modulator_ReadCounter
                0x000007f8       0x14 .\CortexM3\ARM_GCC_541\Debug\UART_FSKTx.a(PWM_Modulator.o)
                0x000007f8                PWM_Modulator_ReadCounter
 .text.PWM_Modulator_WritePeriod
                0x0000080c        0xc .\CortexM3\ARM_GCC_541\Debug\UART_FSKTx.a(PWM_Modulator.o)
                0x0000080c                PWM_Modulator_WritePeriod
 .text.PWM_Modulator_WriteCompare
                0x00000818        0xc .\CortexM3\ARM_GCC_541\Debug\UART_FSKTx.a(PWM_Modulator.o)
                0x00000818                PWM_Modulator_WriteCompare
 .text.PWM_Modulator_SetInterruptMode
                0x00000824        0xc .\CortexM3\ARM_GCC_541\Debug\UART_FSKTx.a(PWM_Modulator.o)
                0x00000824                PWM_Modulator_SetInterruptMode
 .text.PWM_Modulator_ReadStatusRegister
                0x00000830        0xc .\CortexM3\ARM_GCC_541\Debug\UART_FSKTx.a(PWM_Modulator.o)
                0x00000830                PWM_Modulator_ReadStatusRegister
 .text.PWM_Modulator_ReadControlRegister
                0x0000083c        0xc .\CortexM3\ARM_GCC_541\Debug\UART_FSKTx.a(PWM_Modulator.o)
                0x0000083c                PWM_Modulator_ReadControlRegister
 .text.PWM_Modulator_WriteControlRegister
                0x00000848        0xc .\CortexM3\ARM_GCC_541\Debug\UART_FSKTx.a(PWM_Modulator.o)
                0x00000848                PWM_Modulator_WriteControlRegister
 .text.PWM_Modulator_ReadCapture
                0x00000854        0xc .\CortexM3\ARM_GCC_541\Debug\UART_FSKTx.a(PWM_Modulator.o)
                0x00000854                PWM_Modulator_ReadCapture
 .text.PWM_Modulator_ClearFIFO
                0x00000860       0x14 .\CortexM3\ARM_GCC_541\Debug\UART_FSKTx.a(PWM_Modulator.o)
                0x00000860                PWM_Modulator_ClearFIFO
 .text.PWM_Modulator_Init
                0x00000874       0x50 .\CortexM3\ARM_GCC_541\Debug\UART_FSKTx.a(PWM_Modulator.o)
                0x00000874                PWM_Modulator_Init
 .text.PWM_Modulator_Start
                0x000008c4       0x1c .\CortexM3\ARM_GCC_541\Debug\UART_FSKTx.a(PWM_Modulator.o)
                0x000008c4                PWM_Modulator_Start
 .text.PWM_Modulator_ReadPeriod
                0x000008e0        0xc .\CortexM3\ARM_GCC_541\Debug\UART_FSKTx.a(PWM_Modulator.o)
                0x000008e0                PWM_Modulator_ReadPeriod
 .text.PWM_Modulator_SaveConfig
                0x000008ec       0x28 .\CortexM3\ARM_GCC_541\Debug\UART_FSKTx.a(PWM_Modulator_PM.o)
                0x000008ec                PWM_Modulator_SaveConfig
 .text.PWM_Modulator_RestoreConfig
                0x00000914       0x28 .\CortexM3\ARM_GCC_541\Debug\UART_FSKTx.a(PWM_Modulator_PM.o)
                0x00000914                PWM_Modulator_RestoreConfig
 .text.PWM_Modulator_Sleep
                0x0000093c       0x2c .\CortexM3\ARM_GCC_541\Debug\UART_FSKTx.a(PWM_Modulator_PM.o)
                0x0000093c                PWM_Modulator_Sleep
 .text.PWM_Modulator_Wakeup
                0x00000968       0x18 .\CortexM3\ARM_GCC_541\Debug\UART_FSKTx.a(PWM_Modulator_PM.o)
                0x00000968                PWM_Modulator_Wakeup
 .text.LCD_WrCntrlNib
                0x00000980       0x34 .\CortexM3\ARM_GCC_541\Debug\UART_FSKTx.a(LCD.o)
 .text.LCD_WrDatNib
                0x000009b4       0x44 .\CortexM3\ARM_GCC_541\Debug\UART_FSKTx.a(LCD.o)
 .text.LCD_IsReady
                0x000009f8       0xe4 .\CortexM3\ARM_GCC_541\Debug\UART_FSKTx.a(LCD.o)
                0x000009f8                LCD_IsReady
 .text.LCD_WriteData
                0x00000adc       0x18 .\CortexM3\ARM_GCC_541\Debug\UART_FSKTx.a(LCD.o)
                0x00000adc                LCD_WriteData
 .text.LCD_PrintString
                0x00000af4       0x1c .\CortexM3\ARM_GCC_541\Debug\UART_FSKTx.a(LCD.o)
                0x00000af4                LCD_PrintString
 .text.LCD_WriteControl
                0x00000b10       0x18 .\CortexM3\ARM_GCC_541\Debug\UART_FSKTx.a(LCD.o)
                0x00000b10                LCD_WriteControl
 .text.LCD_Init
                0x00000b28       0x6c .\CortexM3\ARM_GCC_541\Debug\UART_FSKTx.a(LCD.o)
                0x00000b28                LCD_Init
 .text.LCD_Enable
                0x00000b94       0x14 .\CortexM3\ARM_GCC_541\Debug\UART_FSKTx.a(LCD.o)
                0x00000b94                LCD_Enable
 .text.LCD_Start
                0x00000ba8       0x1c .\CortexM3\ARM_GCC_541\Debug\UART_FSKTx.a(LCD.o)
                0x00000ba8                LCD_Start
 .text.LCD_Stop
                0x00000bc4       0x14 .\CortexM3\ARM_GCC_541\Debug\UART_FSKTx.a(LCD.o)
                0x00000bc4                LCD_Stop
 .text.LCD_Position
                0x00000bd8       0x3c .\CortexM3\ARM_GCC_541\Debug\UART_FSKTx.a(LCD.o)
                0x00000bd8                LCD_Position
 .text.LCD_Sleep
                0x00000c14       0x18 .\CortexM3\ARM_GCC_541\Debug\UART_FSKTx.a(LCD_PM.o)
                0x00000c14                LCD_Sleep
 .text.LCD_Wakeup
                0x00000c2c       0x14 .\CortexM3\ARM_GCC_541\Debug\UART_FSKTx.a(LCD_PM.o)
                0x00000c2c                LCD_Wakeup
 .text.PWM_Switch_Timer_Enable
                0x00000c40       0x10 .\CortexM3\ARM_GCC_541\Debug\UART_FSKTx.a(PWM_Switch_Timer.o)
                0x00000c40                PWM_Switch_Timer_Enable
 .text.PWM_Switch_Timer_Stop
                0x00000c50       0x10 .\CortexM3\ARM_GCC_541\Debug\UART_FSKTx.a(PWM_Switch_Timer.o)
                0x00000c50                PWM_Switch_Timer_Stop
 .text.PWM_Switch_Timer_SetInterruptMode
                0x00000c60        0xc .\CortexM3\ARM_GCC_541\Debug\UART_FSKTx.a(PWM_Switch_Timer.o)
                0x00000c60                PWM_Switch_Timer_SetInterruptMode
 .text.PWM_Switch_Timer_ReadStatusRegister
                0x00000c6c        0xc .\CortexM3\ARM_GCC_541\Debug\UART_FSKTx.a(PWM_Switch_Timer.o)
                0x00000c6c                PWM_Switch_Timer_ReadStatusRegister
 .text.PWM_Switch_Timer_ReadControlRegister
                0x00000c78        0xc .\CortexM3\ARM_GCC_541\Debug\UART_FSKTx.a(PWM_Switch_Timer.o)
                0x00000c78                PWM_Switch_Timer_ReadControlRegister
 .text.PWM_Switch_Timer_WriteControlRegister
                0x00000c84        0xc .\CortexM3\ARM_GCC_541\Debug\UART_FSKTx.a(PWM_Switch_Timer.o)
                0x00000c84                PWM_Switch_Timer_WriteControlRegister
 .text.PWM_Switch_Timer_WritePeriod
                0x00000c90        0xc .\CortexM3\ARM_GCC_541\Debug\UART_FSKTx.a(PWM_Switch_Timer.o)
                0x00000c90                PWM_Switch_Timer_WritePeriod
 .text.PWM_Switch_Timer_ReadCapture
                0x00000c9c        0xc .\CortexM3\ARM_GCC_541\Debug\UART_FSKTx.a(PWM_Switch_Timer.o)
                0x00000c9c                PWM_Switch_Timer_ReadCapture
 .text.PWM_Switch_Timer_WriteCounter
                0x00000ca8        0xc .\CortexM3\ARM_GCC_541\Debug\UART_FSKTx.a(PWM_Switch_Timer.o)
                0x00000ca8                PWM_Switch_Timer_WriteCounter
 .text.PWM_Switch_Timer_ReadCounter
                0x00000cb4       0x14 .\CortexM3\ARM_GCC_541\Debug\UART_FSKTx.a(PWM_Switch_Timer.o)
                0x00000cb4                PWM_Switch_Timer_ReadCounter
 .text.PWM_Switch_Timer_ClearFIFO
                0x00000cc8       0x14 .\CortexM3\ARM_GCC_541\Debug\UART_FSKTx.a(PWM_Switch_Timer.o)
                0x00000cc8                PWM_Switch_Timer_ClearFIFO
 .text.PWM_Switch_Timer_Init
                0x00000cdc       0x34 .\CortexM3\ARM_GCC_541\Debug\UART_FSKTx.a(PWM_Switch_Timer.o)
                0x00000cdc                PWM_Switch_Timer_Init
 .text.PWM_Switch_Timer_Start
                0x00000d10       0x1c .\CortexM3\ARM_GCC_541\Debug\UART_FSKTx.a(PWM_Switch_Timer.o)
                0x00000d10                PWM_Switch_Timer_Start
 .text.PWM_Switch_Timer_SaveConfig
                0x00000d2c       0x20 .\CortexM3\ARM_GCC_541\Debug\UART_FSKTx.a(PWM_Switch_Timer_PM.o)
                0x00000d2c                PWM_Switch_Timer_SaveConfig
 .text.PWM_Switch_Timer_RestoreConfig
                0x00000d4c       0x20 .\CortexM3\ARM_GCC_541\Debug\UART_FSKTx.a(PWM_Switch_Timer_PM.o)
                0x00000d4c                PWM_Switch_Timer_RestoreConfig
 .text.PWM_Switch_Timer_Sleep
                0x00000d6c       0x2c .\CortexM3\ARM_GCC_541\Debug\UART_FSKTx.a(PWM_Switch_Timer_PM.o)
                0x00000d6c                PWM_Switch_Timer_Sleep
 .text.PWM_Switch_Timer_Wakeup
                0x00000d98       0x18 .\CortexM3\ARM_GCC_541\Debug\UART_FSKTx.a(PWM_Switch_Timer_PM.o)
                0x00000d98                PWM_Switch_Timer_Wakeup
 .text.isr_rx_ClearPending
                0x00000db0        0xc .\CortexM3\ARM_GCC_541\Debug\UART_FSKTx.a(isr_rx.o)
                0x00000db0                isr_rx_ClearPending
 .text.isr_sec_SetVector
                0x00000dbc        0xc .\CortexM3\ARM_GCC_541\Debug\UART_FSKTx.a(isr_sec.o)
                0x00000dbc                isr_sec_SetVector
 .text.isr_sec_SetPriority
                0x00000dc8       0x10 .\CortexM3\ARM_GCC_541\Debug\UART_FSKTx.a(isr_sec.o)
                0x00000dc8                isr_sec_SetPriority
 .text.isr_sec_Enable
                0x00000dd8        0xc .\CortexM3\ARM_GCC_541\Debug\UART_FSKTx.a(isr_sec.o)
                0x00000dd8                isr_sec_Enable
 .text.isr_sec_Disable
                0x00000de4        0xc .\CortexM3\ARM_GCC_541\Debug\UART_FSKTx.a(isr_sec.o)
                0x00000de4                isr_sec_Disable
 .text.isr_sec_StartEx
                0x00000df0       0x1c .\CortexM3\ARM_GCC_541\Debug\UART_FSKTx.a(isr_sec.o)
                0x00000df0                isr_sec_StartEx
 .text.isr_sec_ClearPending
                0x00000e0c        0xc .\CortexM3\ARM_GCC_541\Debug\UART_FSKTx.a(isr_sec.o)
                0x00000e0c                isr_sec_ClearPending
 .text.HighVoltage_Write
                0x00000e18       0x18 .\CortexM3\ARM_GCC_541\Debug\UART_FSKTx.a(HighVoltage.o)
                0x00000e18                HighVoltage_Write
 .text.SignalBase_Write
                0x00000e30       0x18 .\CortexM3\ARM_GCC_541\Debug\UART_FSKTx.a(SignalBase.o)
                0x00000e30                SignalBase_Write
 .text.UART_IntClock_Start
                0x00000e48       0x1c .\CortexM3\ARM_GCC_541\Debug\UART_FSKTx.a(UART_IntClock.o)
                0x00000e48                UART_IntClock_Start
 .text.UART_IntClock_Stop
                0x00000e64       0x1c .\CortexM3\ARM_GCC_541\Debug\UART_FSKTx.a(UART_IntClock.o)
                0x00000e64                UART_IntClock_Stop
 .text.CyUSB_PowerOnCheck
                0x00000e80       0x48 .\CortexM3\ARM_GCC_541\Debug\UART_FSKTx.a(CyLib.o)
 .text.CyBusClk_Internal_SetDivider
                0x00000ec8       0x48 .\CortexM3\ARM_GCC_541\Debug\UART_FSKTx.a(CyLib.o)
 .text.CyPLL_OUT_Stop
                0x00000f10       0x10 .\CortexM3\ARM_GCC_541\Debug\UART_FSKTx.a(CyLib.o)
                0x00000f10                CyPLL_OUT_Stop
 .text.CyIMO_Stop
                0x00000f20       0x1c .\CortexM3\ARM_GCC_541\Debug\UART_FSKTx.a(CyLib.o)
                0x00000f20                CyIMO_Stop
 .text.CyIMO_EnableDoubler
                0x00000f3c       0x10 .\CortexM3\ARM_GCC_541\Debug\UART_FSKTx.a(CyLib.o)
                0x00000f3c                CyIMO_EnableDoubler
 .text.CyIMO_DisableDoubler
                0x00000f4c       0x10 .\CortexM3\ARM_GCC_541\Debug\UART_FSKTx.a(CyLib.o)
                0x00000f4c                CyIMO_DisableDoubler
 .text.CyMasterClk_SetSource
                0x00000f5c       0x18 .\CortexM3\ARM_GCC_541\Debug\UART_FSKTx.a(CyLib.o)
                0x00000f5c                CyMasterClk_SetSource
 .text.CyMasterClk_SetDivider
                0x00000f74        0xc .\CortexM3\ARM_GCC_541\Debug\UART_FSKTx.a(CyLib.o)
                0x00000f74                CyMasterClk_SetDivider
 .text.CyBusClk_SetDivider
                0x00000f80       0x70 .\CortexM3\ARM_GCC_541\Debug\UART_FSKTx.a(CyLib.o)
                0x00000f80                CyBusClk_SetDivider
 .text.CyILO_Start100K
                0x00000ff0       0x10 .\CortexM3\ARM_GCC_541\Debug\UART_FSKTx.a(CyLib.o)
                0x00000ff0                CyILO_Start100K
 .text.CyILO_Stop100K
                0x00001000       0x10 .\CortexM3\ARM_GCC_541\Debug\UART_FSKTx.a(CyLib.o)
                0x00001000                CyILO_Stop100K
 .text.CyPLL_OUT_Start
                0x00001010       0x78 .\CortexM3\ARM_GCC_541\Debug\UART_FSKTx.a(CyLib.o)
                0x00001010                CyPLL_OUT_Start
 .text.CyIMO_Start
                0x00001088       0x60 .\CortexM3\ARM_GCC_541\Debug\UART_FSKTx.a(CyLib.o)
                0x00001088                CyIMO_Start
 .text.CyXTAL_Start
                0x000010e8       0xac .\CortexM3\ARM_GCC_541\Debug\UART_FSKTx.a(CyLib.o)
                0x000010e8                CyXTAL_Start
 .text.CyXTAL_Stop
                0x00001194       0x10 .\CortexM3\ARM_GCC_541\Debug\UART_FSKTx.a(CyLib.o)
                0x00001194                CyXTAL_Stop
 .text.CyHalt   0x000011a4        0x4 .\CortexM3\ARM_GCC_541\Debug\UART_FSKTx.a(CyLib.o)
                0x000011a4                CyHalt
 .text.CyIMO_SetTrimValue
                0x000011a8       0xcc .\CortexM3\ARM_GCC_541\Debug\UART_FSKTx.a(CyLib.o)
 .text.CyIMO_SetFreq
                0x00001274       0xf4 .\CortexM3\ARM_GCC_541\Debug\UART_FSKTx.a(CyLib.o)
                0x00001274                CyIMO_SetFreq
 .text.CyIMO_SetSource
                0x00001368       0x58 .\CortexM3\ARM_GCC_541\Debug\UART_FSKTx.a(CyLib.o)
                0x00001368                CyIMO_SetSource
 .text.CyDelay  0x000013c0       0x2c .\CortexM3\ARM_GCC_541\Debug\UART_FSKTx.a(CyLib.o)
                0x000013c0                CyDelay
 .text.CyDelayUs
                0x000013ec       0x14 .\CortexM3\ARM_GCC_541\Debug\UART_FSKTx.a(CyLib.o)
                0x000013ec                CyDelayUs
 .text.CyWdtStart
                0x00001400       0x40 .\CortexM3\ARM_GCC_541\Debug\UART_FSKTx.a(CyLib.o)
                0x00001400                CyWdtStart
 .text.CyWdtClear
                0x00001440        0xc .\CortexM3\ARM_GCC_541\Debug\UART_FSKTx.a(CyLib.o)
                0x00001440                CyWdtClear
 .text.CyPmHibSlpSaveSet
                0x0000144c      0x1dc .\CortexM3\ARM_GCC_541\Debug\UART_FSKTx.a(cyPm.o)
 .text.CyPmHibSlpRestore
                0x00001628       0xd8 .\CortexM3\ARM_GCC_541\Debug\UART_FSKTx.a(cyPm.o)
 .text.CyPmSaveClocks
                0x00001700      0x218 .\CortexM3\ARM_GCC_541\Debug\UART_FSKTx.a(cyPm.o)
                0x00001700                CyPmSaveClocks
 .text.CyPmRestoreClocks
                0x00001918      0x24c .\CortexM3\ARM_GCC_541\Debug\UART_FSKTx.a(cyPm.o)
                0x00001918                CyPmRestoreClocks
 .text.CyPmSleep
                0x00001b64       0xf4 .\CortexM3\ARM_GCC_541\Debug\UART_FSKTx.a(cyPm.o)
                0x00001b64                CyPmSleep
 .text.CyPmReadStatus
                0x00001c58       0x30 .\CortexM3\ARM_GCC_541\Debug\UART_FSKTx.a(cyPm.o)
                0x00001c58                CyPmReadStatus
 .text.CyPmFtwSetInterval
                0x00001c88       0x5c .\CortexM3\ARM_GCC_541\Debug\UART_FSKTx.a(cyPm.o)
                0x00001c88                CyPmFtwSetInterval
 .text.checkWatchDogTimer_Enable
                0x00001ce4       0x10 .\CortexM3\ARM_GCC_541\Debug\UART_FSKTx.a(checkWatchDogTimer.o)
                0x00001ce4                checkWatchDogTimer_Enable
 .text.checkWatchDogTimer_Stop
                0x00001cf4       0x10 .\CortexM3\ARM_GCC_541\Debug\UART_FSKTx.a(checkWatchDogTimer.o)
                0x00001cf4                checkWatchDogTimer_Stop
 .text.checkWatchDogTimer_SetInterruptMode
                0x00001d04        0xc .\CortexM3\ARM_GCC_541\Debug\UART_FSKTx.a(checkWatchDogTimer.o)
                0x00001d04                checkWatchDogTimer_SetInterruptMode
 .text.checkWatchDogTimer_ReadStatusRegister
                0x00001d10        0xc .\CortexM3\ARM_GCC_541\Debug\UART_FSKTx.a(checkWatchDogTimer.o)
                0x00001d10                checkWatchDogTimer_ReadStatusRegister
 .text.checkWatchDogTimer_ReadControlRegister
                0x00001d1c        0xc .\CortexM3\ARM_GCC_541\Debug\UART_FSKTx.a(checkWatchDogTimer.o)
                0x00001d1c                checkWatchDogTimer_ReadControlRegister
 .text.checkWatchDogTimer_WriteControlRegister
                0x00001d28        0xc .\CortexM3\ARM_GCC_541\Debug\UART_FSKTx.a(checkWatchDogTimer.o)
                0x00001d28                checkWatchDogTimer_WriteControlRegister
 .text.checkWatchDogTimer_WritePeriod
                0x00001d34        0xc .\CortexM3\ARM_GCC_541\Debug\UART_FSKTx.a(checkWatchDogTimer.o)
                0x00001d34                checkWatchDogTimer_WritePeriod
 .text.checkWatchDogTimer_ReadCapture
                0x00001d40        0xc .\CortexM3\ARM_GCC_541\Debug\UART_FSKTx.a(checkWatchDogTimer.o)
                0x00001d40                checkWatchDogTimer_ReadCapture
 .text.checkWatchDogTimer_WriteCounter
                0x00001d4c        0xc .\CortexM3\ARM_GCC_541\Debug\UART_FSKTx.a(checkWatchDogTimer.o)
                0x00001d4c                checkWatchDogTimer_WriteCounter
 .text.checkWatchDogTimer_ReadCounter
                0x00001d58       0x14 .\CortexM3\ARM_GCC_541\Debug\UART_FSKTx.a(checkWatchDogTimer.o)
                0x00001d58                checkWatchDogTimer_ReadCounter
 .text.checkWatchDogTimer_ClearFIFO
                0x00001d6c       0x14 .\CortexM3\ARM_GCC_541\Debug\UART_FSKTx.a(checkWatchDogTimer.o)
                0x00001d6c                checkWatchDogTimer_ClearFIFO
 .text.checkWatchDogTimer_Init
                0x00001d80       0x38 .\CortexM3\ARM_GCC_541\Debug\UART_FSKTx.a(checkWatchDogTimer.o)
                0x00001d80                checkWatchDogTimer_Init
 .text.checkWatchDogTimer_Start
                0x00001db8       0x1c .\CortexM3\ARM_GCC_541\Debug\UART_FSKTx.a(checkWatchDogTimer.o)
                0x00001db8                checkWatchDogTimer_Start
 .text.checkWatchDogTimer_SaveConfig
                0x00001dd4       0x20 .\CortexM3\ARM_GCC_541\Debug\UART_FSKTx.a(checkWatchDogTimer_PM.o)
                0x00001dd4                checkWatchDogTimer_SaveConfig
 .text.checkWatchDogTimer_RestoreConfig
                0x00001df4       0x20 .\CortexM3\ARM_GCC_541\Debug\UART_FSKTx.a(checkWatchDogTimer_PM.o)
                0x00001df4                checkWatchDogTimer_RestoreConfig
 .text.checkWatchDogTimer_Sleep
                0x00001e14       0x2c .\CortexM3\ARM_GCC_541\Debug\UART_FSKTx.a(checkWatchDogTimer_PM.o)
                0x00001e14                checkWatchDogTimer_Sleep
 .text.checkWatchDogTimer_Wakeup
                0x00001e40       0x18 .\CortexM3\ARM_GCC_541\Debug\UART_FSKTx.a(checkWatchDogTimer_PM.o)
                0x00001e40                checkWatchDogTimer_Wakeup
 .text.watchDogCheck_SetVector
                0x00001e58        0xc .\CortexM3\ARM_GCC_541\Debug\UART_FSKTx.a(watchDogCheck.o)
                0x00001e58                watchDogCheck_SetVector
 .text.watchDogCheck_SetPriority
                0x00001e64       0x10 .\CortexM3\ARM_GCC_541\Debug\UART_FSKTx.a(watchDogCheck.o)
                0x00001e64                watchDogCheck_SetPriority
 .text.watchDogCheck_Enable
                0x00001e74        0xc .\CortexM3\ARM_GCC_541\Debug\UART_FSKTx.a(watchDogCheck.o)
                0x00001e74                watchDogCheck_Enable
 .text.watchDogCheck_Disable
                0x00001e80        0xc .\CortexM3\ARM_GCC_541\Debug\UART_FSKTx.a(watchDogCheck.o)
                0x00001e80                watchDogCheck_Disable
 .text.watchDogCheck_StartEx
                0x00001e8c       0x1c .\CortexM3\ARM_GCC_541\Debug\UART_FSKTx.a(watchDogCheck.o)
                0x00001e8c                watchDogCheck_StartEx
 .text.watchDogCheck_ClearPending
                0x00001ea8        0xc .\CortexM3\ARM_GCC_541\Debug\UART_FSKTx.a(watchDogCheck.o)
                0x00001ea8                watchDogCheck_ClearPending
 .text.SleepTimer_Enable
                0x00001eb4       0x48 .\CortexM3\ARM_GCC_541\Debug\UART_FSKTx.a(SleepTimer.o)
                0x00001eb4                SleepTimer_Enable
 .text.SleepTimer_Stop
                0x00001efc       0x1c .\CortexM3\ARM_GCC_541\Debug\UART_FSKTx.a(SleepTimer.o)
                0x00001efc                SleepTimer_Stop
 .text.SleepTimer_EnableInt
                0x00001f18       0x1c .\CortexM3\ARM_GCC_541\Debug\UART_FSKTx.a(SleepTimer.o)
                0x00001f18                SleepTimer_EnableInt
 .text.SleepTimer_SetInterval
                0x00001f34       0x24 .\CortexM3\ARM_GCC_541\Debug\UART_FSKTx.a(SleepTimer.o)
                0x00001f34                SleepTimer_SetInterval
 .text.SleepTimer_Init
                0x00001f58       0x10 .\CortexM3\ARM_GCC_541\Debug\UART_FSKTx.a(SleepTimer.o)
                0x00001f58                SleepTimer_Init
 .text.SleepTimer_Start
                0x00001f68       0x1c .\CortexM3\ARM_GCC_541\Debug\UART_FSKTx.a(SleepTimer.o)
                0x00001f68                SleepTimer_Start
 .text.SleepTimer_GetStatus
                0x00001f84        0xc .\CortexM3\ARM_GCC_541\Debug\UART_FSKTx.a(SleepTimer.o)
                0x00001f84                SleepTimer_GetStatus
 .text.Sleep_ISR_SetVector
                0x00001f90        0xc .\CortexM3\ARM_GCC_541\Debug\UART_FSKTx.a(Sleep_ISR.o)
                0x00001f90                Sleep_ISR_SetVector
 .text.Sleep_ISR_SetPriority
                0x00001f9c       0x10 .\CortexM3\ARM_GCC_541\Debug\UART_FSKTx.a(Sleep_ISR.o)
                0x00001f9c                Sleep_ISR_SetPriority
 .text.Sleep_ISR_Enable
                0x00001fac        0xc .\CortexM3\ARM_GCC_541\Debug\UART_FSKTx.a(Sleep_ISR.o)
                0x00001fac                Sleep_ISR_Enable
 .text.Sleep_ISR_Disable
                0x00001fb8        0xc .\CortexM3\ARM_GCC_541\Debug\UART_FSKTx.a(Sleep_ISR.o)
                0x00001fb8                Sleep_ISR_Disable
 .text.Sleep_ISR_StartEx
                0x00001fc4       0x1c .\CortexM3\ARM_GCC_541\Debug\UART_FSKTx.a(Sleep_ISR.o)
                0x00001fc4                Sleep_ISR_StartEx
 .text          0x00001fe0       0x20 .\CortexM3\ARM_GCC_541\Debug\UART_FSKTx.a(CyBootAsmGnu.o)
                0x00001fe0                CyDelayCycles
                0x00001ff0                CyEnterCriticalSection
                0x00001ff8                CyExitCriticalSection
 .text.CyFlash_SetWaitCycles
                0x00002000       0x7c .\CortexM3\ARM_GCC_541\Debug\UART_FSKTx.a(CyFlash.o)
                0x00002000                CyFlash_SetWaitCycles
 .text.__errno  0x0000207c        0xc c:/program files (x86)/cypress/psoc creator/4.1/psoc creator/import/gnu/arm/5.4.1/bin/../lib/gcc/arm-none-eabi/5.4.1/../../../../arm-none-eabi/lib/armv7-m\libg_nano.a(lib_a-errno.o)
                0x0000207c                __errno
 .text.__libc_init_array
                0x00002088       0x4c c:/program files (x86)/cypress/psoc creator/4.1/psoc creator/import/gnu/arm/5.4.1/bin/../lib/gcc/arm-none-eabi/5.4.1/../../../../arm-none-eabi/lib/armv7-m\libg_nano.a(lib_a-init.o)
                0x00002088                __libc_init_array
 .text.memcpy   0x000020d4       0x16 c:/program files (x86)/cypress/psoc creator/4.1/psoc creator/import/gnu/arm/5.4.1/bin/../lib/gcc/arm-none-eabi/5.4.1/../../../../arm-none-eabi/lib/armv7-m\libg_nano.a(lib_a-memcpy-stub.o)
                0x000020d4                memcpy
 .text.memset   0x000020ea       0x10 c:/program files (x86)/cypress/psoc creator/4.1/psoc creator/import/gnu/arm/5.4.1/bin/../lib/gcc/arm-none-eabi/5.4.1/../../../../arm-none-eabi/lib/armv7-m\libg_nano.a(lib_a-memset.o)
                0x000020ea                memset
 *fill*         0x000020fa        0x2 
 .text.sprintf  0x000020fc       0x48 c:/program files (x86)/cypress/psoc creator/4.1/psoc creator/import/gnu/arm/5.4.1/bin/../lib/gcc/arm-none-eabi/5.4.1/../../../../arm-none-eabi/lib/armv7-m\libg_nano.a(lib_a-sprintf.o)
                0x000020fc                siprintf
                0x000020fc                sprintf
 .text.__ssputs_r
                0x00002144       0xb2 c:/program files (x86)/cypress/psoc creator/4.1/psoc creator/import/gnu/arm/5.4.1/bin/../lib/gcc/arm-none-eabi/5.4.1/../../../../arm-none-eabi/lib/armv7-m\libg_nano.a(lib_a-nano-svfprintf.o)
                0x00002144                __ssputs_r
 *fill*         0x000021f6        0x2 
 .text._svfprintf_r
                0x000021f8      0x1e8 c:/program files (x86)/cypress/psoc creator/4.1/psoc creator/import/gnu/arm/5.4.1/bin/../lib/gcc/arm-none-eabi/5.4.1/../../../../arm-none-eabi/lib/armv7-m\libg_nano.a(lib_a-nano-svfprintf.o)
                0x000021f8                _svfiprintf_r
                0x000021f8                _svfprintf_r
 .text._printf_common
                0x000023e0       0xec c:/program files (x86)/cypress/psoc creator/4.1/psoc creator/import/gnu/arm/5.4.1/bin/../lib/gcc/arm-none-eabi/5.4.1/../../../../arm-none-eabi/lib/armv7-m\libg_nano.a(lib_a-nano-vfprintf_i.o)
                0x000023e0                _printf_common
 .text._printf_i
                0x000024cc      0x24c c:/program files (x86)/cypress/psoc creator/4.1/psoc creator/import/gnu/arm/5.4.1/bin/../lib/gcc/arm-none-eabi/5.4.1/../../../../arm-none-eabi/lib/armv7-m\libg_nano.a(lib_a-nano-vfprintf_i.o)
                0x000024cc                _printf_i
 .text.memchr   0x00002718       0x1c c:/program files (x86)/cypress/psoc creator/4.1/psoc creator/import/gnu/arm/5.4.1/bin/../lib/gcc/arm-none-eabi/5.4.1/../../../../arm-none-eabi/lib/armv7-m\libg_nano.a(lib_a-memchr-stub.o)
                0x00002718                memchr
 .text.memmove  0x00002734       0x36 c:/program files (x86)/cypress/psoc creator/4.1/psoc creator/import/gnu/arm/5.4.1/bin/../lib/gcc/arm-none-eabi/5.4.1/../../../../arm-none-eabi/lib/armv7-m\libg_nano.a(lib_a-memmove.o)
                0x00002734                memmove
 *fill*         0x0000276a        0x2 
 .text._free_r  0x0000276c       0x98 c:/program files (x86)/cypress/psoc creator/4.1/psoc creator/import/gnu/arm/5.4.1/bin/../lib/gcc/arm-none-eabi/5.4.1/../../../../arm-none-eabi/lib/armv7-m\libg_nano.a(lib_a-nano-freer.o)
                0x0000276c                _free_r
 .text._malloc_r
                0x00002804       0xbc c:/program files (x86)/cypress/psoc creator/4.1/psoc creator/import/gnu/arm/5.4.1/bin/../lib/gcc/arm-none-eabi/5.4.1/../../../../arm-none-eabi/lib/armv7-m\libg_nano.a(lib_a-nano-mallocr.o)
                0x00002804                _malloc_r
 .text._realloc_r
                0x000028c0       0x4c c:/program files (x86)/cypress/psoc creator/4.1/psoc creator/import/gnu/arm/5.4.1/bin/../lib/gcc/arm-none-eabi/5.4.1/../../../../arm-none-eabi/lib/armv7-m\libg_nano.a(lib_a-nano-reallocr.o)
                0x000028c0                _realloc_r
 .text._sbrk_r  0x0000290c       0x20 c:/program files (x86)/cypress/psoc creator/4.1/psoc creator/import/gnu/arm/5.4.1/bin/../lib/gcc/arm-none-eabi/5.4.1/../../../../arm-none-eabi/lib/armv7-m\libg_nano.a(lib_a-sbrkr.o)
                0x0000290c                _sbrk_r
 .text.__malloc_lock
                0x0000292c        0x2 c:/program files (x86)/cypress/psoc creator/4.1/psoc creator/import/gnu/arm/5.4.1/bin/../lib/gcc/arm-none-eabi/5.4.1/../../../../arm-none-eabi/lib/armv7-m\libg_nano.a(lib_a-mlock.o)
                0x0000292c                __malloc_lock
 .text.__malloc_unlock
                0x0000292e        0x2 c:/program files (x86)/cypress/psoc creator/4.1/psoc creator/import/gnu/arm/5.4.1/bin/../lib/gcc/arm-none-eabi/5.4.1/../../../../arm-none-eabi/lib/armv7-m\libg_nano.a(lib_a-mlock.o)
                0x0000292e                __malloc_unlock
 .text._malloc_usable_size_r
                0x00002930       0x14 c:/program files (x86)/cypress/psoc creator/4.1/psoc creator/import/gnu/arm/5.4.1/bin/../lib/gcc/arm-none-eabi/5.4.1/../../../../arm-none-eabi/lib/armv7-m\libg_nano.a(lib_a-nano-msizer.o)
                0x00002930                _malloc_usable_size_r
 *(.plt)
 *(.gnu.warning)
 *(.glue_7t)
 .glue_7t       0x00002944        0x0 linker stubs
 *(.glue_7)
 .glue_7        0x00002944        0x0 linker stubs
 *(.vfp11_veneer)
 .vfp11_veneer  0x00002944        0x0 linker stubs
 *(.bootloader)
 *(.ARM.extab* .gnu.linkonce.armextab.*)
 *(.gcc_except_table)

.v4_bx          0x00002944        0x0
 .v4_bx         0x00002944        0x0 linker stubs

.iplt           0x00002944        0x0
 .iplt          0x00002944        0x0 c:/program files (x86)/cypress/psoc creator/4.1/psoc creator/import/gnu/arm/5.4.1/bin/../lib/gcc/arm-none-eabi/5.4.1/armv7-m/crtbegin.o

.eh_frame_hdr
 *(.eh_frame_hdr)

.eh_frame       0x00002944        0x4
 *(.eh_frame)
 .eh_frame      0x00002944        0x0 c:/program files (x86)/cypress/psoc creator/4.1/psoc creator/import/gnu/arm/5.4.1/bin/../lib/gcc/arm-none-eabi/5.4.1/armv7-m/crtbegin.o
 .eh_frame      0x00002944        0x4 c:/program files (x86)/cypress/psoc creator/4.1/psoc creator/import/gnu/arm/5.4.1/bin/../lib/gcc/arm-none-eabi/5.4.1/armv7-m/crtend.o
                [!provide]                PROVIDE (__exidx_start, .)

.ARM.exidx
 *(.ARM.exidx* .gnu.linkonce.armexidx.*)
                0x00002948                __exidx_end = .

.rodata         0x00002948       0xf8
 *(.rodata .rodata.* .gnu.linkonce.r.*)
 .rodata.str1.4
                0x00002948       0x40 .\CortexM3\ARM_GCC_541\Debug\main.o
                                 0x3e (size before relaxing)
 .rodata        0x00002988       0x3a .\CortexM3\ARM_GCC_541\Debug\cyfitter_cfg.o
 *fill*         0x000029c2        0x2 
 .rodata        0x000029c4        0xf .\CortexM3\ARM_GCC_541\Debug\UART_FSKTx.a(cyPm.o)
 .rodata.str1.1
                0x000029d3        0x2 c:/program files (x86)/cypress/psoc creator/4.1/psoc creator/import/gnu/arm/5.4.1/bin/../lib/gcc/arm-none-eabi/5.4.1/../../../../arm-none-eabi/lib/armv7-m\libg_nano.a(lib_a-impure.o)
 .rodata.str1.1
                0x000029d5       0x11 c:/program files (x86)/cypress/psoc creator/4.1/psoc creator/import/gnu/arm/5.4.1/bin/../lib/gcc/arm-none-eabi/5.4.1/../../../../arm-none-eabi/lib/armv7-m\libg_nano.a(lib_a-nano-svfprintf.o)
 .rodata.str1.1
                0x000029e6       0x22 c:/program files (x86)/cypress/psoc creator/4.1/psoc creator/import/gnu/arm/5.4.1/bin/../lib/gcc/arm-none-eabi/5.4.1/../../../../arm-none-eabi/lib/armv7-m\libg_nano.a(lib_a-nano-vfprintf_i.o)
                0x00002a08                . = ALIGN (0x4)
 *(.init)
 .init          0x00002a08        0x4 c:/program files (x86)/cypress/psoc creator/4.1/psoc creator/import/gnu/arm/5.4.1/bin/../lib/gcc/arm-none-eabi/5.4.1/armv7-m/crti.o
                0x00002a08                _init
 .init          0x00002a0c        0x8 c:/program files (x86)/cypress/psoc creator/4.1/psoc creator/import/gnu/arm/5.4.1/bin/../lib/gcc/arm-none-eabi/5.4.1/armv7-m/crtn.o
                0x00002a14                . = ALIGN (0x4)
                0x00002a14                __preinit_array_start = .
 *(.preinit_array)
                0x00002a14                __preinit_array_end = .
                0x00002a14                . = ALIGN (0x4)
                0x00002a14                __init_array_start = .
 *(SORT(.init_array.*))
 *(.init_array)
 .init_array    0x00002a14        0x4 c:/program files (x86)/cypress/psoc creator/4.1/psoc creator/import/gnu/arm/5.4.1/bin/../lib/gcc/arm-none-eabi/5.4.1/armv7-m/crtbegin.o
 .init_array    0x00002a18        0x4 .\CortexM3\ARM_GCC_541\Debug\Cm3Start.o
                0x00002a1c                __init_array_end = .
                0x00002a1c                . = ALIGN (0x4)
 *(.fini)
 .fini          0x00002a1c        0x4 c:/program files (x86)/cypress/psoc creator/4.1/psoc creator/import/gnu/arm/5.4.1/bin/../lib/gcc/arm-none-eabi/5.4.1/armv7-m/crti.o
                0x00002a1c                _fini
 .fini          0x00002a20        0x8 c:/program files (x86)/cypress/psoc creator/4.1/psoc creator/import/gnu/arm/5.4.1/bin/../lib/gcc/arm-none-eabi/5.4.1/armv7-m/crtn.o
                0x00002a28                . = ALIGN (0x4)
                0x00002a28                __fini_array_start = .
 *(.fini_array)
 .fini_array    0x00002a28        0x4 c:/program files (x86)/cypress/psoc creator/4.1/psoc creator/import/gnu/arm/5.4.1/bin/../lib/gcc/arm-none-eabi/5.4.1/armv7-m/crtbegin.o
 *(SORT(.fini_array.*))
                0x00002a2c                __fini_array_end = .
                0x00002a2c                . = ALIGN (0x4)
 *crtbegin.o(.ctors)
 *(EXCLUDE_FILE(*crtend.o) .ctors)
 *(SORT(.ctors.*))
 *crtend.o(.ctors)
                0x00002a2c                . = ALIGN (0x4)
 *crtbegin.o(.dtors)
 *(EXCLUDE_FILE(*crtend.o) .dtors)
 *(SORT(.dtors.*))
 *crtend.o(.dtors)
                0x00002a2c                . = ALIGN (0x4)
                0x00002a2c                __cy_regions = .
                0x00002a2c        0x4 LONG 0x2a40 __cy_region_init_ram
                0x00002a30        0x4 LONG 0x1fff80c8 __cy_region_start_data
                0x00002a34        0x4 LONG 0x80 __cy_region_init_size_ram
                0x00002a38        0x4 LONG 0xe8 __cy_region_zero_size_ram
                0x00002a3c                __cy_regions_end = .
                0x00002a40                . = ALIGN (0x8)
 *fill*         0x00002a3c        0x4 
                0x00002a40                _etext = .

.cy_checksum_exclude
                0x00002a40        0x0
 *(.cy_checksum_exclude)

.ramvectors     0x1fff8000       0xc0
                0x1fff8000                __cy_region_start_ram = .
 *(.ramvectors)
 .ramvectors    0x1fff8000       0xc0 .\CortexM3\ARM_GCC_541\Debug\Cm3Start.o
                0x1fff8000                CyRamVectors

.noinit         0x1fff80c0        0x1
 *(.noinit)
 .noinit        0x1fff80c0        0x1 .\CortexM3\ARM_GCC_541\Debug\UART_FSKTx.a(CyLib.o)
                0x1fff80c0                CyResetStatus

.data           0x1fff80c8       0x80 load address 0x00002a40
                0x1fff80c8                __cy_region_start_data = .
 *(.jcr)
 .jcr           0x1fff80c8        0x0 c:/program files (x86)/cypress/psoc creator/4.1/psoc creator/import/gnu/arm/5.4.1/bin/../lib/gcc/arm-none-eabi/5.4.1/armv7-m/crtbegin.o
 .jcr           0x1fff80c8        0x4 c:/program files (x86)/cypress/psoc creator/4.1/psoc creator/import/gnu/arm/5.4.1/bin/../lib/gcc/arm-none-eabi/5.4.1/armv7-m/crtend.o
 *(.got.plt)
 *(.got)
 *(.shdata)
 *(.data .data.* .gnu.linkonce.d.*)
 .data          0x1fff80cc        0x1 .\CortexM3\ARM_GCC_541\Debug\main.o
                0x1fff80cc                crabsToSend
 *fill*         0x1fff80cd        0x3 
 .data          0x1fff80d0        0x4 .\CortexM3\ARM_GCC_541\Debug\Cm3Start.o
 .data          0x1fff80d4       0x10 .\CortexM3\ARM_GCC_541\Debug\UART_FSKTx.a(CyLib.o)
                0x1fff80d4                cydelay_32k_ms
                0x1fff80d8                cydelay_freq_khz
                0x1fff80dc                cydelay_freq_mhz
                0x1fff80e0                cydelay_freq_hz
 .data.impure_data
                0x1fff80e4       0x60 c:/program files (x86)/cypress/psoc creator/4.1/psoc creator/import/gnu/arm/5.4.1/bin/../lib/gcc/arm-none-eabi/5.4.1/../../../../arm-none-eabi/lib/armv7-m\libg_nano.a(lib_a-impure.o)
 .data._impure_ptr
                0x1fff8144        0x4 c:/program files (x86)/cypress/psoc creator/4.1/psoc creator/import/gnu/arm/5.4.1/bin/../lib/gcc/arm-none-eabi/5.4.1/../../../../arm-none-eabi/lib/armv7-m\libg_nano.a(lib_a-impure.o)
                0x1fff8144                _impure_ptr
                0x1fff8148                . = ALIGN (0x8)
 *(.ram)
                0x1fff8148                _edata = .

.igot.plt       0x1fff8148        0x0 load address 0x00002ac0
 .igot.plt      0x1fff8148        0x0 c:/program files (x86)/cypress/psoc creator/4.1/psoc creator/import/gnu/arm/5.4.1/bin/../lib/gcc/arm-none-eabi/5.4.1/armv7-m/crtbegin.o

.bss            0x1fff8148       0xe8 load address 0x00002ac0
                0x1fff8148                PROVIDE (__bss_start__, .)
 *(.shbss)
 *(.bss .bss.* .gnu.linkonce.b.*)
 .bss           0x1fff8148       0x1c c:/program files (x86)/cypress/psoc creator/4.1/psoc creator/import/gnu/arm/5.4.1/bin/../lib/gcc/arm-none-eabi/5.4.1/armv7-m/crtbegin.o
 .bss           0x1fff8164       0x20 .\CortexM3\ARM_GCC_541\Debug\main.o
                0x1fff8170                errorStatus
                0x1fff8171                newDataflag
 .bss           0x1fff8184        0x2 .\CortexM3\ARM_GCC_541\Debug\UART_FSKTx.a(UART.o)
                0x1fff8184                UART_initVar
 *fill*         0x1fff8186        0x2 
 .bss           0x1fff8188        0x1 .\CortexM3\ARM_GCC_541\Debug\UART_FSKTx.a(UART_PM.o)
 .bss           0x1fff8189        0x1 .\CortexM3\ARM_GCC_541\Debug\UART_FSKTx.a(PWM_Modulator.o)
                0x1fff8189                PWM_Modulator_initVar
 *fill*         0x1fff818a        0x2 
 .bss           0x1fff818c        0x5 .\CortexM3\ARM_GCC_541\Debug\UART_FSKTx.a(PWM_Modulator_PM.o)
 .bss           0x1fff8191        0x2 .\CortexM3\ARM_GCC_541\Debug\UART_FSKTx.a(LCD.o)
                0x1fff8191                LCD_enableState
                0x1fff8192                LCD_initVar
 *fill*         0x1fff8193        0x1 
 .bss           0x1fff8194        0x1 .\CortexM3\ARM_GCC_541\Debug\UART_FSKTx.a(LCD_PM.o)
 .bss           0x1fff8195        0x1 .\CortexM3\ARM_GCC_541\Debug\UART_FSKTx.a(PWM_Switch_Timer.o)
                0x1fff8195                PWM_Switch_Timer_initVar
 *fill*         0x1fff8196        0x2 
 .bss           0x1fff8198        0x6 .\CortexM3\ARM_GCC_541\Debug\UART_FSKTx.a(PWM_Switch_Timer_PM.o)
 *fill*         0x1fff819e        0x2 
 .bss           0x1fff81a0       0x43 .\CortexM3\ARM_GCC_541\Debug\UART_FSKTx.a(cyPm.o)
 .bss           0x1fff81e3        0x1 .\CortexM3\ARM_GCC_541\Debug\UART_FSKTx.a(checkWatchDogTimer.o)
                0x1fff81e3                checkWatchDogTimer_initVar
 .bss           0x1fff81e4        0xc .\CortexM3\ARM_GCC_541\Debug\UART_FSKTx.a(checkWatchDogTimer_PM.o)
 .bss           0x1fff81f0        0x1 .\CortexM3\ARM_GCC_541\Debug\UART_FSKTx.a(SleepTimer.o)
                0x1fff81f0                SleepTimer_initVar
 *fill*         0x1fff81f1        0x3 
 .bss.__malloc_sbrk_start
                0x1fff81f4        0x4 c:/program files (x86)/cypress/psoc creator/4.1/psoc creator/import/gnu/arm/5.4.1/bin/../lib/gcc/arm-none-eabi/5.4.1/../../../../arm-none-eabi/lib/armv7-m\libg_nano.a(lib_a-nano-mallocr.o)
                0x1fff81f4                __malloc_sbrk_start
 .bss.__malloc_free_list
                0x1fff81f8        0x4 c:/program files (x86)/cypress/psoc creator/4.1/psoc creator/import/gnu/arm/5.4.1/bin/../lib/gcc/arm-none-eabi/5.4.1/../../../../arm-none-eabi/lib/armv7-m\libg_nano.a(lib_a-nano-mallocr.o)
                0x1fff81f8                __malloc_free_list
 *(COMMON)
 COMMON         0x1fff81fc       0x2a .\CortexM3\ARM_GCC_541\Debug\main.o
                0x1fff81fc                lineStr
                0x1fff8210                data
                0x1fff8224                count
 *fill*         0x1fff8226        0x2 
 COMMON         0x1fff8228        0x4 c:/program files (x86)/cypress/psoc creator/4.1/psoc creator/import/gnu/arm/5.4.1/bin/../lib/gcc/arm-none-eabi/5.4.1/../../../../arm-none-eabi/lib/armv7-m\libg_nano.a(lib_a-reent.o)
                0x1fff8228                errno
                0x1fff8230                . = ALIGN (0x8)
 *fill*         0x1fff822c        0x4 
 *(.ram.b)
                0x1fff8230                _end = .
                0x1fff8230                __end = .
                0x1fff8230                PROVIDE (end, .)
                0x1fff8230                PROVIDE (__bss_end__, .)
                0x00002a40                __cy_region_init_ram = LOADADDR (.data)
                0x00000080                __cy_region_init_size_ram = (_edata - ADDR (.data))
                0x000000e8                __cy_region_zero_size_ram = (_end - _edata)

.heap           0x1fff8230      0x300 load address 0x00002ac0
                0x1fff8230                . = _end
                0x1fff8530                . = (. + 0x300)
 *fill*         0x1fff8230      0x300 
                0x1fff8530                __cy_heap_limit = .

.stack          0x20007800      0x800
                0x20007800                __cy_stack_limit = .
                0x20008000                . = (. + 0x800)
 *fill*         0x20007800      0x800 
                0x00000001                ASSERT ((__cy_stack_limit >= __cy_heap_limit), region RAM overflowed with stack)
                0x00000000                cy_checksum_exclude_size = (CY_APPL_LOADABLE == 0x1)?SIZEOF (.cy_checksum_exclude):0x0
                0x00000001                ASSERT ((cy_checksum_exclude_size <= CY_CHECKSUM_EXCLUDE_SIZE), CY_BOOT: Section .cy_checksum_exclude size exceedes specified limit.)

.cyloadermeta
 *(.cyloadermeta)

.cyloadablemeta
 *(.cyloadablemeta)

.cyconfigecc    0x80000000      0x638
 *(.cyconfigecc)
 .cyconfigecc   0x80000000      0x638 .\CortexM3\ARM_GCC_541\Debug\cymetadata.o
                0x80000000                cy_meta_configecc

.cycustnvl      0x90000000        0x4
 *(.cycustnvl)
 .cycustnvl     0x90000000        0x4 .\CortexM3\ARM_GCC_541\Debug\cymetadata.o
                0x90000000                cy_meta_custnvl

.cywolatch      0x90100000        0x4
 *(.cywolatch)
 .cywolatch     0x90100000        0x4 .\CortexM3\ARM_GCC_541\Debug\cymetadata.o
                0x90100000                cy_meta_wonvl

.cyeeprom       0x90200000        0x0
 *(.cyeeprom)
                0x00000001                ASSERT ((. <= ((0x90200000 + ee_offset) + ee_size)), .cyeeprom data will not fit in EEPROM)

.cyflashprotect
                0x90400000      0x100
 *(.cyflashprotect)
 .cyflashprotect
                0x90400000      0x100 .\CortexM3\ARM_GCC_541\Debug\cymetadata.o
                0x90400000                cy_meta_flashprotect

.cymeta         0x90500000        0xc
 *(.cymeta)
 .cymeta        0x90500000        0xc .\CortexM3\ARM_GCC_541\Debug\cymetadata.o
                0x90500000                cy_metadata

.rel.dyn        0x00002ac0        0x0 load address 0x9050000c
 .rel.iplt      0x00002ac0        0x0 c:/program files (x86)/cypress/psoc creator/4.1/psoc creator/import/gnu/arm/5.4.1/bin/../lib/gcc/arm-none-eabi/5.4.1/armv7-m/crtbegin.o

.stab
 *(.stab)

.stabstr
 *(.stabstr)

.debug
 *(.debug)

.line
 *(.line)

.debug_srcinfo
 *(.debug_srcinfo)

.debug_sfnames
 *(.debug_sfnames)

.debug_aranges  0x00000000      0xe40
 *(.debug_aranges)
 .debug_aranges
                0x00000000       0x68 .\CortexM3\ARM_GCC_541\Debug\main.o
 .debug_aranges
                0x00000068       0x58 .\CortexM3\ARM_GCC_541\Debug\cyfitter_cfg.o
 .debug_aranges
                0x000000c0       0x18 .\CortexM3\ARM_GCC_541\Debug\cymetadata.o
 .debug_aranges
                0x000000d8       0x48 .\CortexM3\ARM_GCC_541\Debug\Cm3Start.o
 .debug_aranges
                0x00000120       0xf0 .\CortexM3\ARM_GCC_541\Debug\UART_FSKTx.a(UART.o)
 .debug_aranges
                0x00000210       0x38 .\CortexM3\ARM_GCC_541\Debug\UART_FSKTx.a(UART_PM.o)
 .debug_aranges
                0x00000248       0x98 .\CortexM3\ARM_GCC_541\Debug\UART_FSKTx.a(PWM_Modulator.o)
 .debug_aranges
                0x000002e0       0x38 .\CortexM3\ARM_GCC_541\Debug\UART_FSKTx.a(PWM_Modulator_PM.o)
 .debug_aranges
                0x00000318       0x98 .\CortexM3\ARM_GCC_541\Debug\UART_FSKTx.a(LCD.o)
 .debug_aranges
                0x000003b0       0x38 .\CortexM3\ARM_GCC_541\Debug\UART_FSKTx.a(LCD_PM.o)
 .debug_aranges
                0x000003e8       0x90 .\CortexM3\ARM_GCC_541\Debug\UART_FSKTx.a(PWM_Switch_Timer.o)
 .debug_aranges
                0x00000478       0x38 .\CortexM3\ARM_GCC_541\Debug\UART_FSKTx.a(PWM_Switch_Timer_PM.o)
 .debug_aranges
                0x000004b0       0x80 .\CortexM3\ARM_GCC_541\Debug\UART_FSKTx.a(isr_rx.o)
 .debug_aranges
                0x00000530       0x80 .\CortexM3\ARM_GCC_541\Debug\UART_FSKTx.a(isr_sec.o)
 .debug_aranges
                0x000005b0       0x38 .\CortexM3\ARM_GCC_541\Debug\UART_FSKTx.a(HighVoltage.o)
 .debug_aranges
                0x000005e8       0x38 .\CortexM3\ARM_GCC_541\Debug\UART_FSKTx.a(SignalBase.o)
 .debug_aranges
                0x00000620       0x70 .\CortexM3\ARM_GCC_541\Debug\UART_FSKTx.a(UART_IntClock.o)
 .debug_aranges
                0x00000690      0x2a8 .\CortexM3\ARM_GCC_541\Debug\UART_FSKTx.a(CyLib.o)
 .debug_aranges
                0x00000938       0x98 .\CortexM3\ARM_GCC_541\Debug\UART_FSKTx.a(cyPm.o)
 .debug_aranges
                0x000009d0       0x90 .\CortexM3\ARM_GCC_541\Debug\UART_FSKTx.a(checkWatchDogTimer.o)
 .debug_aranges
                0x00000a60       0x38 .\CortexM3\ARM_GCC_541\Debug\UART_FSKTx.a(checkWatchDogTimer_PM.o)
 .debug_aranges
                0x00000a98       0x80 .\CortexM3\ARM_GCC_541\Debug\UART_FSKTx.a(watchDogCheck.o)
 .debug_aranges
                0x00000b18       0x58 .\CortexM3\ARM_GCC_541\Debug\UART_FSKTx.a(SleepTimer.o)
 .debug_aranges
                0x00000b70       0x80 .\CortexM3\ARM_GCC_541\Debug\UART_FSKTx.a(Sleep_ISR.o)
 .debug_aranges
                0x00000bf0       0x38 .\CortexM3\ARM_GCC_541\Debug\UART_FSKTx.a(sleepToggle.o)
 .debug_aranges
                0x00000c28       0x80 .\CortexM3\ARM_GCC_541\Debug\UART_FSKTx.a(RxWakeUp.o)
 .debug_aranges
                0x00000ca8       0x20 .\CortexM3\ARM_GCC_541\Debug\UART_FSKTx.a(CyBootAsmGnu.o)
 .debug_aranges
                0x00000cc8       0x80 .\CortexM3\ARM_GCC_541\Debug\UART_FSKTx.a(CyScBoostClk.o)
 .debug_aranges
                0x00000d48       0x80 .\CortexM3\ARM_GCC_541\Debug\UART_FSKTx.a(CyFlash.o)
 .debug_aranges
                0x00000dc8       0x78 .\CortexM3\ARM_GCC_541\Debug\UART_FSKTx.a(CySpc.o)

.debug_pubnames
 *(.debug_pubnames)

.debug_info     0x00000000     0x7678
 *(.debug_info .gnu.linkonce.wi.*)
 .debug_info    0x00000000      0xa5c .\CortexM3\ARM_GCC_541\Debug\main.o
 .debug_info    0x00000a5c      0x5df .\CortexM3\ARM_GCC_541\Debug\cyfitter_cfg.o
 .debug_info    0x0000103b      0x138 .\CortexM3\ARM_GCC_541\Debug\cymetadata.o
 .debug_info    0x00001173      0x3bb .\CortexM3\ARM_GCC_541\Debug\Cm3Start.o
 .debug_info    0x0000152e      0x60c .\CortexM3\ARM_GCC_541\Debug\UART_FSKTx.a(UART.o)
 .debug_info    0x00001b3a      0x17f .\CortexM3\ARM_GCC_541\Debug\UART_FSKTx.a(UART_PM.o)
 .debug_info    0x00001cb9      0x334 .\CortexM3\ARM_GCC_541\Debug\UART_FSKTx.a(PWM_Modulator.o)
 .debug_info    0x00001fed      0x217 .\CortexM3\ARM_GCC_541\Debug\UART_FSKTx.a(PWM_Modulator_PM.o)
 .debug_info    0x00002204      0x715 .\CortexM3\ARM_GCC_541\Debug\UART_FSKTx.a(LCD.o)
 .debug_info    0x00002919      0x13f .\CortexM3\ARM_GCC_541\Debug\UART_FSKTx.a(LCD_PM.o)
 .debug_info    0x00002a58      0x2f0 .\CortexM3\ARM_GCC_541\Debug\UART_FSKTx.a(PWM_Switch_Timer.o)
 .debug_info    0x00002d48      0x1ef .\CortexM3\ARM_GCC_541\Debug\UART_FSKTx.a(PWM_Switch_Timer_PM.o)
 .debug_info    0x00002f37      0x2d2 .\CortexM3\ARM_GCC_541\Debug\UART_FSKTx.a(isr_rx.o)
 .debug_info    0x00003209      0x2d2 .\CortexM3\ARM_GCC_541\Debug\UART_FSKTx.a(isr_sec.o)
 .debug_info    0x000034db      0x11f .\CortexM3\ARM_GCC_541\Debug\UART_FSKTx.a(HighVoltage.o)
 .debug_info    0x000035fa      0x11f .\CortexM3\ARM_GCC_541\Debug\UART_FSKTx.a(SignalBase.o)
 .debug_info    0x00003719      0x283 .\CortexM3\ARM_GCC_541\Debug\UART_FSKTx.a(UART_IntClock.o)
 .debug_info    0x0000399c     0x13d4 .\CortexM3\ARM_GCC_541\Debug\UART_FSKTx.a(CyLib.o)
 .debug_info    0x00004d70      0xa2a .\CortexM3\ARM_GCC_541\Debug\UART_FSKTx.a(cyPm.o)
 .debug_info    0x0000579a      0x2ee .\CortexM3\ARM_GCC_541\Debug\UART_FSKTx.a(checkWatchDogTimer.o)
 .debug_info    0x00005a88      0x1ef .\CortexM3\ARM_GCC_541\Debug\UART_FSKTx.a(checkWatchDogTimer_PM.o)
 .debug_info    0x00005c77      0x2d2 .\CortexM3\ARM_GCC_541\Debug\UART_FSKTx.a(watchDogCheck.o)
 .debug_info    0x00005f49      0x277 .\CortexM3\ARM_GCC_541\Debug\UART_FSKTx.a(SleepTimer.o)
 .debug_info    0x000061c0      0x2d2 .\CortexM3\ARM_GCC_541\Debug\UART_FSKTx.a(Sleep_ISR.o)
 .debug_info    0x00006492      0x11f .\CortexM3\ARM_GCC_541\Debug\UART_FSKTx.a(sleepToggle.o)
 .debug_info    0x000065b1      0x2d2 .\CortexM3\ARM_GCC_541\Debug\UART_FSKTx.a(RxWakeUp.o)
 .debug_info    0x00006883       0x90 .\CortexM3\ARM_GCC_541\Debug\UART_FSKTx.a(CyBootAsmGnu.o)
 .debug_info    0x00006913      0x2c4 .\CortexM3\ARM_GCC_541\Debug\UART_FSKTx.a(CyScBoostClk.o)
 .debug_info    0x00006bd7      0x5b8 .\CortexM3\ARM_GCC_541\Debug\UART_FSKTx.a(CyFlash.o)
 .debug_info    0x0000718f      0x4e9 .\CortexM3\ARM_GCC_541\Debug\UART_FSKTx.a(CySpc.o)

.debug_abbrev   0x00000000     0x23b6
 *(.debug_abbrev)
 .debug_abbrev  0x00000000      0x1d8 .\CortexM3\ARM_GCC_541\Debug\main.o
 .debug_abbrev  0x000001d8      0x20d .\CortexM3\ARM_GCC_541\Debug\cyfitter_cfg.o
 .debug_abbrev  0x000003e5       0x77 .\CortexM3\ARM_GCC_541\Debug\cymetadata.o
 .debug_abbrev  0x0000045c      0x1e8 .\CortexM3\ARM_GCC_541\Debug\Cm3Start.o
 .debug_abbrev  0x00000644      0x175 .\CortexM3\ARM_GCC_541\Debug\UART_FSKTx.a(UART.o)
 .debug_abbrev  0x000007b9       0xc6 .\CortexM3\ARM_GCC_541\Debug\UART_FSKTx.a(UART_PM.o)
 .debug_abbrev  0x0000087f      0x133 .\CortexM3\ARM_GCC_541\Debug\UART_FSKTx.a(PWM_Modulator.o)
 .debug_abbrev  0x000009b2       0xac .\CortexM3\ARM_GCC_541\Debug\UART_FSKTx.a(PWM_Modulator_PM.o)
 .debug_abbrev  0x00000a5e      0x157 .\CortexM3\ARM_GCC_541\Debug\UART_FSKTx.a(LCD.o)
 .debug_abbrev  0x00000bb5       0xce .\CortexM3\ARM_GCC_541\Debug\UART_FSKTx.a(LCD_PM.o)
 .debug_abbrev  0x00000c83      0x12b .\CortexM3\ARM_GCC_541\Debug\UART_FSKTx.a(PWM_Switch_Timer.o)
 .debug_abbrev  0x00000dae       0xac .\CortexM3\ARM_GCC_541\Debug\UART_FSKTx.a(PWM_Switch_Timer_PM.o)
 .debug_abbrev  0x00000e5a      0x173 .\CortexM3\ARM_GCC_541\Debug\UART_FSKTx.a(isr_rx.o)
 .debug_abbrev  0x00000fcd      0x173 .\CortexM3\ARM_GCC_541\Debug\UART_FSKTx.a(isr_sec.o)
 .debug_abbrev  0x00001140       0x90 .\CortexM3\ARM_GCC_541\Debug\UART_FSKTx.a(HighVoltage.o)
 .debug_abbrev  0x000011d0       0x90 .\CortexM3\ARM_GCC_541\Debug\UART_FSKTx.a(SignalBase.o)
 .debug_abbrev  0x00001260      0x139 .\CortexM3\ARM_GCC_541\Debug\UART_FSKTx.a(UART_IntClock.o)
 .debug_abbrev  0x00001399      0x254 .\CortexM3\ARM_GCC_541\Debug\UART_FSKTx.a(CyLib.o)
 .debug_abbrev  0x000015ed      0x1ab .\CortexM3\ARM_GCC_541\Debug\UART_FSKTx.a(cyPm.o)
 .debug_abbrev  0x00001798      0x12b .\CortexM3\ARM_GCC_541\Debug\UART_FSKTx.a(checkWatchDogTimer.o)
 .debug_abbrev  0x000018c3       0xac .\CortexM3\ARM_GCC_541\Debug\UART_FSKTx.a(checkWatchDogTimer_PM.o)
 .debug_abbrev  0x0000196f      0x173 .\CortexM3\ARM_GCC_541\Debug\UART_FSKTx.a(watchDogCheck.o)
 .debug_abbrev  0x00001ae2       0xfd .\CortexM3\ARM_GCC_541\Debug\UART_FSKTx.a(SleepTimer.o)
 .debug_abbrev  0x00001bdf      0x173 .\CortexM3\ARM_GCC_541\Debug\UART_FSKTx.a(Sleep_ISR.o)
 .debug_abbrev  0x00001d52       0x90 .\CortexM3\ARM_GCC_541\Debug\UART_FSKTx.a(sleepToggle.o)
 .debug_abbrev  0x00001de2      0x173 .\CortexM3\ARM_GCC_541\Debug\UART_FSKTx.a(RxWakeUp.o)
 .debug_abbrev  0x00001f55       0x14 .\CortexM3\ARM_GCC_541\Debug\UART_FSKTx.a(CyBootAsmGnu.o)
 .debug_abbrev  0x00001f69      0x121 .\CortexM3\ARM_GCC_541\Debug\UART_FSKTx.a(CyScBoostClk.o)
 .debug_abbrev  0x0000208a      0x198 .\CortexM3\ARM_GCC_541\Debug\UART_FSKTx.a(CyFlash.o)
 .debug_abbrev  0x00002222      0x194 .\CortexM3\ARM_GCC_541\Debug\UART_FSKTx.a(CySpc.o)

.debug_line     0x00000000     0x324e
 *(.debug_line)
 .debug_line    0x00000000      0x418 .\CortexM3\ARM_GCC_541\Debug\main.o
 .debug_line    0x00000418      0x1f8 .\CortexM3\ARM_GCC_541\Debug\cyfitter_cfg.o
 .debug_line    0x00000610      0x141 .\CortexM3\ARM_GCC_541\Debug\cymetadata.o
 .debug_line    0x00000751      0x234 .\CortexM3\ARM_GCC_541\Debug\Cm3Start.o
 .debug_line    0x00000985      0x2bc .\CortexM3\ARM_GCC_541\Debug\UART_FSKTx.a(UART.o)
 .debug_line    0x00000c41       0xa2 .\CortexM3\ARM_GCC_541\Debug\UART_FSKTx.a(UART_PM.o)
 .debug_line    0x00000ce3      0x18d .\CortexM3\ARM_GCC_541\Debug\UART_FSKTx.a(PWM_Modulator.o)
 .debug_line    0x00000e70       0xbd .\CortexM3\ARM_GCC_541\Debug\UART_FSKTx.a(PWM_Modulator_PM.o)
 .debug_line    0x00000f2d      0x1dc .\CortexM3\ARM_GCC_541\Debug\UART_FSKTx.a(LCD.o)
 .debug_line    0x00001109       0x99 .\CortexM3\ARM_GCC_541\Debug\UART_FSKTx.a(LCD_PM.o)
 .debug_line    0x000011a2      0x17b .\CortexM3\ARM_GCC_541\Debug\UART_FSKTx.a(PWM_Switch_Timer.o)
 .debug_line    0x0000131d       0xbd .\CortexM3\ARM_GCC_541\Debug\UART_FSKTx.a(PWM_Switch_Timer_PM.o)
 .debug_line    0x000013da      0x133 .\CortexM3\ARM_GCC_541\Debug\UART_FSKTx.a(isr_rx.o)
 .debug_line    0x0000150d      0x134 .\CortexM3\ARM_GCC_541\Debug\UART_FSKTx.a(isr_sec.o)
 .debug_line    0x00001641       0x98 .\CortexM3\ARM_GCC_541\Debug\UART_FSKTx.a(HighVoltage.o)
 .debug_line    0x000016d9       0x97 .\CortexM3\ARM_GCC_541\Debug\UART_FSKTx.a(SignalBase.o)
 .debug_line    0x00001770      0x17c .\CortexM3\ARM_GCC_541\Debug\UART_FSKTx.a(UART_IntClock.o)
 .debug_line    0x000018ec      0x854 .\CortexM3\ARM_GCC_541\Debug\UART_FSKTx.a(CyLib.o)
 .debug_line    0x00002140      0x367 .\CortexM3\ARM_GCC_541\Debug\UART_FSKTx.a(cyPm.o)
 .debug_line    0x000024a7      0x17d .\CortexM3\ARM_GCC_541\Debug\UART_FSKTx.a(checkWatchDogTimer.o)
 .debug_line    0x00002624       0xc1 .\CortexM3\ARM_GCC_541\Debug\UART_FSKTx.a(checkWatchDogTimer_PM.o)
 .debug_line    0x000026e5      0x13a .\CortexM3\ARM_GCC_541\Debug\UART_FSKTx.a(watchDogCheck.o)
 .debug_line    0x0000281f      0x103 .\CortexM3\ARM_GCC_541\Debug\UART_FSKTx.a(SleepTimer.o)
 .debug_line    0x00002922      0x136 .\CortexM3\ARM_GCC_541\Debug\UART_FSKTx.a(Sleep_ISR.o)
 .debug_line    0x00002a58       0x98 .\CortexM3\ARM_GCC_541\Debug\UART_FSKTx.a(sleepToggle.o)
 .debug_line    0x00002af0      0x135 .\CortexM3\ARM_GCC_541\Debug\UART_FSKTx.a(RxWakeUp.o)
 .debug_line    0x00002c25       0x66 .\CortexM3\ARM_GCC_541\Debug\UART_FSKTx.a(CyBootAsmGnu.o)
 .debug_line    0x00002c8b      0x19e .\CortexM3\ARM_GCC_541\Debug\UART_FSKTx.a(CyScBoostClk.o)
 .debug_line    0x00002e29      0x1e9 .\CortexM3\ARM_GCC_541\Debug\UART_FSKTx.a(CyFlash.o)
 .debug_line    0x00003012      0x23c .\CortexM3\ARM_GCC_541\Debug\UART_FSKTx.a(CySpc.o)

.debug_frame    0x00000000     0x2580
 *(.debug_frame)
 .debug_frame   0x00000000      0x114 .\CortexM3\ARM_GCC_541\Debug\main.o
 .debug_frame   0x00000114       0xe4 .\CortexM3\ARM_GCC_541\Debug\cyfitter_cfg.o
 .debug_frame   0x000001f8       0xb8 .\CortexM3\ARM_GCC_541\Debug\Cm3Start.o
 .debug_frame   0x000002b0      0x250 .\CortexM3\ARM_GCC_541\Debug\UART_FSKTx.a(UART.o)
 .debug_frame   0x00000500       0x68 .\CortexM3\ARM_GCC_541\Debug\UART_FSKTx.a(UART_PM.o)
 .debug_frame   0x00000568      0x134 .\CortexM3\ARM_GCC_541\Debug\UART_FSKTx.a(PWM_Modulator.o)
 .debug_frame   0x0000069c       0x80 .\CortexM3\ARM_GCC_541\Debug\UART_FSKTx.a(PWM_Modulator_PM.o)
 .debug_frame   0x0000071c      0x1e8 .\CortexM3\ARM_GCC_541\Debug\UART_FSKTx.a(LCD.o)
 .debug_frame   0x00000904       0x68 .\CortexM3\ARM_GCC_541\Debug\UART_FSKTx.a(LCD_PM.o)
 .debug_frame   0x0000096c      0x124 .\CortexM3\ARM_GCC_541\Debug\UART_FSKTx.a(PWM_Switch_Timer.o)
 .debug_frame   0x00000a90       0x80 .\CortexM3\ARM_GCC_541\Debug\UART_FSKTx.a(PWM_Switch_Timer_PM.o)
 .debug_frame   0x00000b10      0x104 .\CortexM3\ARM_GCC_541\Debug\UART_FSKTx.a(isr_rx.o)
 .debug_frame   0x00000c14      0x104 .\CortexM3\ARM_GCC_541\Debug\UART_FSKTx.a(isr_sec.o)
 .debug_frame   0x00000d18       0x50 .\CortexM3\ARM_GCC_541\Debug\UART_FSKTx.a(HighVoltage.o)
 .debug_frame   0x00000d68       0x50 .\CortexM3\ARM_GCC_541\Debug\UART_FSKTx.a(SignalBase.o)
 .debug_frame   0x00000db8       0xe0 .\CortexM3\ARM_GCC_541\Debug\UART_FSKTx.a(UART_IntClock.o)
 .debug_frame   0x00000e98      0x754 .\CortexM3\ARM_GCC_541\Debug\UART_FSKTx.a(CyLib.o)
 .debug_frame   0x000015ec      0x1f8 .\CortexM3\ARM_GCC_541\Debug\UART_FSKTx.a(cyPm.o)
 .debug_frame   0x000017e4      0x124 .\CortexM3\ARM_GCC_541\Debug\UART_FSKTx.a(checkWatchDogTimer.o)
 .debug_frame   0x00001908       0x80 .\CortexM3\ARM_GCC_541\Debug\UART_FSKTx.a(checkWatchDogTimer_PM.o)
 .debug_frame   0x00001988      0x104 .\CortexM3\ARM_GCC_541\Debug\UART_FSKTx.a(watchDogCheck.o)
 .debug_frame   0x00001a8c       0xe4 .\CortexM3\ARM_GCC_541\Debug\UART_FSKTx.a(SleepTimer.o)
 .debug_frame   0x00001b70      0x104 .\CortexM3\ARM_GCC_541\Debug\UART_FSKTx.a(Sleep_ISR.o)
 .debug_frame   0x00001c74       0x50 .\CortexM3\ARM_GCC_541\Debug\UART_FSKTx.a(sleepToggle.o)
 .debug_frame   0x00001cc4      0x104 .\CortexM3\ARM_GCC_541\Debug\UART_FSKTx.a(RxWakeUp.o)
 .debug_frame   0x00001dc8      0x100 .\CortexM3\ARM_GCC_541\Debug\UART_FSKTx.a(CyScBoostClk.o)
 .debug_frame   0x00001ec8      0x174 .\CortexM3\ARM_GCC_541\Debug\UART_FSKTx.a(CyFlash.o)
 .debug_frame   0x0000203c      0x160 .\CortexM3\ARM_GCC_541\Debug\UART_FSKTx.a(CySpc.o)
 .debug_frame   0x0000219c       0x20 c:/program files (x86)/cypress/psoc creator/4.1/psoc creator/import/gnu/arm/5.4.1/bin/../lib/gcc/arm-none-eabi/5.4.1/../../../../arm-none-eabi/lib/armv7-m\libg_nano.a(lib_a-errno.o)
 .debug_frame   0x000021bc       0x28 c:/program files (x86)/cypress/psoc creator/4.1/psoc creator/import/gnu/arm/5.4.1/bin/../lib/gcc/arm-none-eabi/5.4.1/../../../../arm-none-eabi/lib/armv7-m\libg_nano.a(lib_a-exit.o)
 .debug_frame   0x000021e4       0x2c c:/program files (x86)/cypress/psoc creator/4.1/psoc creator/import/gnu/arm/5.4.1/bin/../lib/gcc/arm-none-eabi/5.4.1/../../../../arm-none-eabi/lib/armv7-m\libg_nano.a(lib_a-init.o)
 .debug_frame   0x00002210       0x28 c:/program files (x86)/cypress/psoc creator/4.1/psoc creator/import/gnu/arm/5.4.1/bin/../lib/gcc/arm-none-eabi/5.4.1/../../../../arm-none-eabi/lib/armv7-m\libg_nano.a(lib_a-memcpy-stub.o)
 .debug_frame   0x00002238       0x20 c:/program files (x86)/cypress/psoc creator/4.1/psoc creator/import/gnu/arm/5.4.1/bin/../lib/gcc/arm-none-eabi/5.4.1/../../../../arm-none-eabi/lib/armv7-m\libg_nano.a(lib_a-memset.o)
 .debug_frame   0x00002258       0x70 c:/program files (x86)/cypress/psoc creator/4.1/psoc creator/import/gnu/arm/5.4.1/bin/../lib/gcc/arm-none-eabi/5.4.1/../../../../arm-none-eabi/lib/armv7-m\libg_nano.a(lib_a-sprintf.o)
 .debug_frame   0x000022c8       0x90 c:/program files (x86)/cypress/psoc creator/4.1/psoc creator/import/gnu/arm/5.4.1/bin/../lib/gcc/arm-none-eabi/5.4.1/../../../../arm-none-eabi/lib/armv7-m\libg_nano.a(lib_a-nano-svfprintf.o)
 .debug_frame   0x00002358       0x60 c:/program files (x86)/cypress/psoc creator/4.1/psoc creator/import/gnu/arm/5.4.1/bin/../lib/gcc/arm-none-eabi/5.4.1/../../../../arm-none-eabi/lib/armv7-m\libg_nano.a(lib_a-nano-vfprintf_i.o)
 .debug_frame   0x000023b8       0x28 c:/program files (x86)/cypress/psoc creator/4.1/psoc creator/import/gnu/arm/5.4.1/bin/../lib/gcc/arm-none-eabi/5.4.1/../../../../arm-none-eabi/lib/armv7-m\libg_nano.a(lib_a-memchr-stub.o)
 .debug_frame   0x000023e0       0x28 c:/program files (x86)/cypress/psoc creator/4.1/psoc creator/import/gnu/arm/5.4.1/bin/../lib/gcc/arm-none-eabi/5.4.1/../../../../arm-none-eabi/lib/armv7-m\libg_nano.a(lib_a-memmove.o)
 .debug_frame   0x00002408       0x38 c:/program files (x86)/cypress/psoc creator/4.1/psoc creator/import/gnu/arm/5.4.1/bin/../lib/gcc/arm-none-eabi/5.4.1/../../../../arm-none-eabi/lib/armv7-m\libg_nano.a(lib_a-nano-freer.o)
 .debug_frame   0x00002440       0x2c c:/program files (x86)/cypress/psoc creator/4.1/psoc creator/import/gnu/arm/5.4.1/bin/../lib/gcc/arm-none-eabi/5.4.1/../../../../arm-none-eabi/lib/armv7-m\libg_nano.a(lib_a-nano-mallocr.o)
 .debug_frame   0x0000246c       0x3c c:/program files (x86)/cypress/psoc creator/4.1/psoc creator/import/gnu/arm/5.4.1/bin/../lib/gcc/arm-none-eabi/5.4.1/../../../../arm-none-eabi/lib/armv7-m\libg_nano.a(lib_a-nano-reallocr.o)
 .debug_frame   0x000024a8       0x2c c:/program files (x86)/cypress/psoc creator/4.1/psoc creator/import/gnu/arm/5.4.1/bin/../lib/gcc/arm-none-eabi/5.4.1/../../../../arm-none-eabi/lib/armv7-m\libg_nano.a(lib_a-sbrkr.o)
 .debug_frame   0x000024d4       0x30 c:/program files (x86)/cypress/psoc creator/4.1/psoc creator/import/gnu/arm/5.4.1/bin/../lib/gcc/arm-none-eabi/5.4.1/../../../../arm-none-eabi/lib/armv7-m\libg_nano.a(lib_a-mlock.o)
 .debug_frame   0x00002504       0x20 c:/program files (x86)/cypress/psoc creator/4.1/psoc creator/import/gnu/arm/5.4.1/bin/../lib/gcc/arm-none-eabi/5.4.1/../../../../arm-none-eabi/lib/armv7-m\libg_nano.a(lib_a-nano-msizer.o)
 .debug_frame   0x00002524       0x5c c:/program files (x86)/cypress/psoc creator/4.1/psoc creator/import/gnu/arm/5.4.1/bin/../lib/gcc/arm-none-eabi/5.4.1/../../../../arm-none-eabi/lib/armv7-m\libg_nano.a(lib_a-reent.o)

.debug_str      0x00000000     0x2d57
 *(.debug_str)
 .debug_str     0x00000000      0x5c4 .\CortexM3\ARM_GCC_541\Debug\main.o
                                0x622 (size before relaxing)
 .debug_str     0x000005c4      0x19e .\CortexM3\ARM_GCC_541\Debug\cyfitter_cfg.o
                                0x344 (size before relaxing)
 .debug_str     0x00000762       0x7f .\CortexM3\ARM_GCC_541\Debug\cymetadata.o
                                0x1e4 (size before relaxing)
 .debug_str     0x000007e1      0x144 .\CortexM3\ARM_GCC_541\Debug\Cm3Start.o
                                0x30a (size before relaxing)
 .debug_str     0x00000925      0x2ad .\CortexM3\ARM_GCC_541\Debug\UART_FSKTx.a(UART.o)
                                0x475 (size before relaxing)
 .debug_str     0x00000bd2       0x76 .\CortexM3\ARM_GCC_541\Debug\UART_FSKTx.a(UART_PM.o)
                                0x25b (size before relaxing)
 .debug_str     0x00000c48      0x1d2 .\CortexM3\ARM_GCC_541\Debug\UART_FSKTx.a(PWM_Modulator.o)
                                0x3e9 (size before relaxing)
 .debug_str     0x00000e1a       0xd5 .\CortexM3\ARM_GCC_541\Debug\UART_FSKTx.a(PWM_Modulator_PM.o)
                                0x359 (size before relaxing)
 .debug_str     0x00000eef      0x14d .\CortexM3\ARM_GCC_541\Debug\UART_FSKTx.a(LCD.o)
                                0x32b (size before relaxing)
 .debug_str     0x0000103c       0x5e .\CortexM3\ARM_GCC_541\Debug\UART_FSKTx.a(LCD_PM.o)
                                0x20f (size before relaxing)
 .debug_str     0x0000109a      0x1ef .\CortexM3\ARM_GCC_541\Debug\UART_FSKTx.a(PWM_Switch_Timer.o)
                                0x401 (size before relaxing)
 .debug_str     0x00001289       0xcd .\CortexM3\ARM_GCC_541\Debug\UART_FSKTx.a(PWM_Switch_Timer_PM.o)
                                0x350 (size before relaxing)
 .debug_str     0x00001356       0xd7 .\CortexM3\ARM_GCC_541\Debug\UART_FSKTx.a(isr_rx.o)
                                0x2b4 (size before relaxing)
 .debug_str     0x0000142d       0xdd .\CortexM3\ARM_GCC_541\Debug\UART_FSKTx.a(isr_sec.o)
                                0x2c2 (size before relaxing)
 .debug_str     0x0000150a       0x77 .\CortexM3\ARM_GCC_541\Debug\UART_FSKTx.a(HighVoltage.o)
                                0x200 (size before relaxing)
 .debug_str     0x00001581       0x63 .\CortexM3\ARM_GCC_541\Debug\UART_FSKTx.a(SignalBase.o)
                                0x1fb (size before relaxing)
 .debug_str     0x000015e4      0x183 .\CortexM3\ARM_GCC_541\Debug\UART_FSKTx.a(UART_IntClock.o)
                                0x336 (size before relaxing)
 .debug_str     0x00001767      0x807 .\CortexM3\ARM_GCC_541\Debug\UART_FSKTx.a(CyLib.o)
                                0xa90 (size before relaxing)
 .debug_str     0x00001f6e      0x33a .\CortexM3\ARM_GCC_541\Debug\UART_FSKTx.a(cyPm.o)
                                0x733 (size before relaxing)
 .debug_str     0x000022a8      0x227 .\CortexM3\ARM_GCC_541\Debug\UART_FSKTx.a(checkWatchDogTimer.o)
                                0x425 (size before relaxing)
 .debug_str     0x000024cf       0xa8 .\CortexM3\ARM_GCC_541\Debug\UART_FSKTx.a(checkWatchDogTimer_PM.o)
                                0x36a (size before relaxing)
 .debug_str     0x00002577      0x125 .\CortexM3\ARM_GCC_541\Debug\UART_FSKTx.a(watchDogCheck.o)
                                0x316 (size before relaxing)
 .debug_str     0x0000269c       0xa4 .\CortexM3\ARM_GCC_541\Debug\UART_FSKTx.a(SleepTimer.o)
                                0x2ab (size before relaxing)
 .debug_str     0x00002740      0x10c .\CortexM3\ARM_GCC_541\Debug\UART_FSKTx.a(Sleep_ISR.o)
                                0x2de (size before relaxing)
 .debug_str     0x0000284c       0x67 .\CortexM3\ARM_GCC_541\Debug\UART_FSKTx.a(sleepToggle.o)
                                0x200 (size before relaxing)
 .debug_str     0x000028b3       0xe9 .\CortexM3\ARM_GCC_541\Debug\UART_FSKTx.a(RxWakeUp.o)
                                0x2d0 (size before relaxing)
 .debug_str     0x0000299c      0x173 .\CortexM3\ARM_GCC_541\Debug\UART_FSKTx.a(CyScBoostClk.o)
                                0x36f (size before relaxing)
 .debug_str     0x00002b0f      0x19c .\CortexM3\ARM_GCC_541\Debug\UART_FSKTx.a(CyFlash.o)
                                0x3a1 (size before relaxing)
 .debug_str     0x00002cab       0xac .\CortexM3\ARM_GCC_541\Debug\UART_FSKTx.a(CySpc.o)
                                0x32a (size before relaxing)

.debug_loc      0x00000000     0x2637
 *(.debug_loc)
 .debug_loc     0x00000000      0x160 .\CortexM3\ARM_GCC_541\Debug\main.o
 .debug_loc     0x00000160      0x25a .\CortexM3\ARM_GCC_541\Debug\cyfitter_cfg.o
 .debug_loc     0x000003ba      0x144 .\CortexM3\ARM_GCC_541\Debug\Cm3Start.o
 .debug_loc     0x000004fe      0x258 .\CortexM3\ARM_GCC_541\Debug\UART_FSKTx.a(UART.o)
 .debug_loc     0x00000756       0x26 .\CortexM3\ARM_GCC_541\Debug\UART_FSKTx.a(PWM_Modulator.o)
 .debug_loc     0x0000077c      0x3c6 .\CortexM3\ARM_GCC_541\Debug\UART_FSKTx.a(LCD.o)
 .debug_loc     0x00000b42       0x13 .\CortexM3\ARM_GCC_541\Debug\UART_FSKTx.a(PWM_Switch_Timer.o)
 .debug_loc     0x00000b55       0x56 .\CortexM3\ARM_GCC_541\Debug\UART_FSKTx.a(isr_rx.o)
 .debug_loc     0x00000bab       0x56 .\CortexM3\ARM_GCC_541\Debug\UART_FSKTx.a(isr_sec.o)
 .debug_loc     0x00000c01       0x42 .\CortexM3\ARM_GCC_541\Debug\UART_FSKTx.a(HighVoltage.o)
 .debug_loc     0x00000c43       0x42 .\CortexM3\ARM_GCC_541\Debug\UART_FSKTx.a(SignalBase.o)
 .debug_loc     0x00000c85      0x128 .\CortexM3\ARM_GCC_541\Debug\UART_FSKTx.a(UART_IntClock.o)
 .debug_loc     0x00000dad      0xa4b .\CortexM3\ARM_GCC_541\Debug\UART_FSKTx.a(CyLib.o)
 .debug_loc     0x000017f8      0x1e4 .\CortexM3\ARM_GCC_541\Debug\UART_FSKTx.a(cyPm.o)
 .debug_loc     0x000019dc       0x13 .\CortexM3\ARM_GCC_541\Debug\UART_FSKTx.a(checkWatchDogTimer.o)
 .debug_loc     0x000019ef       0x56 .\CortexM3\ARM_GCC_541\Debug\UART_FSKTx.a(watchDogCheck.o)
 .debug_loc     0x00001a45       0x78 .\CortexM3\ARM_GCC_541\Debug\UART_FSKTx.a(SleepTimer.o)
 .debug_loc     0x00001abd       0x56 .\CortexM3\ARM_GCC_541\Debug\UART_FSKTx.a(Sleep_ISR.o)
 .debug_loc     0x00001b13       0x42 .\CortexM3\ARM_GCC_541\Debug\UART_FSKTx.a(sleepToggle.o)
 .debug_loc     0x00001b55       0x56 .\CortexM3\ARM_GCC_541\Debug\UART_FSKTx.a(RxWakeUp.o)
 .debug_loc     0x00001bab      0x14d .\CortexM3\ARM_GCC_541\Debug\UART_FSKTx.a(CyScBoostClk.o)
 .debug_loc     0x00001cf8      0x2f2 .\CortexM3\ARM_GCC_541\Debug\UART_FSKTx.a(CyFlash.o)
 .debug_loc     0x00001fea      0x64d .\CortexM3\ARM_GCC_541\Debug\UART_FSKTx.a(CySpc.o)

.debug_macinfo
 *(.debug_macinfo)

.debug_ranges   0x00000000      0xc48
 *(.debug_ranges)
 .debug_ranges  0x00000000       0x58 .\CortexM3\ARM_GCC_541\Debug\main.o
 .debug_ranges  0x00000058       0x48 .\CortexM3\ARM_GCC_541\Debug\cyfitter_cfg.o
 .debug_ranges  0x000000a0       0x38 .\CortexM3\ARM_GCC_541\Debug\Cm3Start.o
 .debug_ranges  0x000000d8       0xe0 .\CortexM3\ARM_GCC_541\Debug\UART_FSKTx.a(UART.o)
 .debug_ranges  0x000001b8       0x28 .\CortexM3\ARM_GCC_541\Debug\UART_FSKTx.a(UART_PM.o)
 .debug_ranges  0x000001e0       0x88 .\CortexM3\ARM_GCC_541\Debug\UART_FSKTx.a(PWM_Modulator.o)
 .debug_ranges  0x00000268       0x28 .\CortexM3\ARM_GCC_541\Debug\UART_FSKTx.a(PWM_Modulator_PM.o)
 .debug_ranges  0x00000290       0x88 .\CortexM3\ARM_GCC_541\Debug\UART_FSKTx.a(LCD.o)
 .debug_ranges  0x00000318       0x28 .\CortexM3\ARM_GCC_541\Debug\UART_FSKTx.a(LCD_PM.o)
 .debug_ranges  0x00000340       0x80 .\CortexM3\ARM_GCC_541\Debug\UART_FSKTx.a(PWM_Switch_Timer.o)
 .debug_ranges  0x000003c0       0x28 .\CortexM3\ARM_GCC_541\Debug\UART_FSKTx.a(PWM_Switch_Timer_PM.o)
 .debug_ranges  0x000003e8       0x70 .\CortexM3\ARM_GCC_541\Debug\UART_FSKTx.a(isr_rx.o)
 .debug_ranges  0x00000458       0x70 .\CortexM3\ARM_GCC_541\Debug\UART_FSKTx.a(isr_sec.o)
 .debug_ranges  0x000004c8       0x28 .\CortexM3\ARM_GCC_541\Debug\UART_FSKTx.a(HighVoltage.o)
 .debug_ranges  0x000004f0       0x28 .\CortexM3\ARM_GCC_541\Debug\UART_FSKTx.a(SignalBase.o)
 .debug_ranges  0x00000518       0x60 .\CortexM3\ARM_GCC_541\Debug\UART_FSKTx.a(UART_IntClock.o)
 .debug_ranges  0x00000578      0x298 .\CortexM3\ARM_GCC_541\Debug\UART_FSKTx.a(CyLib.o)
 .debug_ranges  0x00000810       0x88 .\CortexM3\ARM_GCC_541\Debug\UART_FSKTx.a(cyPm.o)
 .debug_ranges  0x00000898       0x80 .\CortexM3\ARM_GCC_541\Debug\UART_FSKTx.a(checkWatchDogTimer.o)
 .debug_ranges  0x00000918       0x28 .\CortexM3\ARM_GCC_541\Debug\UART_FSKTx.a(checkWatchDogTimer_PM.o)
 .debug_ranges  0x00000940       0x70 .\CortexM3\ARM_GCC_541\Debug\UART_FSKTx.a(watchDogCheck.o)
 .debug_ranges  0x000009b0       0x48 .\CortexM3\ARM_GCC_541\Debug\UART_FSKTx.a(SleepTimer.o)
 .debug_ranges  0x000009f8       0x70 .\CortexM3\ARM_GCC_541\Debug\UART_FSKTx.a(Sleep_ISR.o)
 .debug_ranges  0x00000a68       0x28 .\CortexM3\ARM_GCC_541\Debug\UART_FSKTx.a(sleepToggle.o)
 .debug_ranges  0x00000a90       0x70 .\CortexM3\ARM_GCC_541\Debug\UART_FSKTx.a(RxWakeUp.o)
 .debug_ranges  0x00000b00       0x70 .\CortexM3\ARM_GCC_541\Debug\UART_FSKTx.a(CyScBoostClk.o)
 .debug_ranges  0x00000b70       0x70 .\CortexM3\ARM_GCC_541\Debug\UART_FSKTx.a(CyFlash.o)
 .debug_ranges  0x00000be0       0x68 .\CortexM3\ARM_GCC_541\Debug\UART_FSKTx.a(CySpc.o)

.comment        0x00000000       0x6e
 .comment       0x00000000       0x6e .\CortexM3\ARM_GCC_541\Debug\main.o
                                 0x6f (size before relaxing)
 .comment       0x0000006e       0x6f .\CortexM3\ARM_GCC_541\Debug\cyfitter_cfg.o
 .comment       0x0000006e       0x6f .\CortexM3\ARM_GCC_541\Debug\cymetadata.o
 .comment       0x0000006e       0x6f .\CortexM3\ARM_GCC_541\Debug\Cm3Start.o
 .comment       0x0000006e       0x6f .\CortexM3\ARM_GCC_541\Debug\UART_FSKTx.a(UART.o)
 .comment       0x0000006e       0x6f .\CortexM3\ARM_GCC_541\Debug\UART_FSKTx.a(UART_PM.o)
 .comment       0x0000006e       0x6f .\CortexM3\ARM_GCC_541\Debug\UART_FSKTx.a(PWM_Modulator.o)
 .comment       0x0000006e       0x6f .\CortexM3\ARM_GCC_541\Debug\UART_FSKTx.a(PWM_Modulator_PM.o)
 .comment       0x0000006e       0x6f .\CortexM3\ARM_GCC_541\Debug\UART_FSKTx.a(LCD.o)
 .comment       0x0000006e       0x6f .\CortexM3\ARM_GCC_541\Debug\UART_FSKTx.a(LCD_PM.o)
 .comment       0x0000006e       0x6f .\CortexM3\ARM_GCC_541\Debug\UART_FSKTx.a(PWM_Switch_Timer.o)
 .comment       0x0000006e       0x6f .\CortexM3\ARM_GCC_541\Debug\UART_FSKTx.a(PWM_Switch_Timer_PM.o)
 .comment       0x0000006e       0x6f .\CortexM3\ARM_GCC_541\Debug\UART_FSKTx.a(isr_rx.o)
 .comment       0x0000006e       0x6f .\CortexM3\ARM_GCC_541\Debug\UART_FSKTx.a(isr_sec.o)
 .comment       0x0000006e       0x6f .\CortexM3\ARM_GCC_541\Debug\UART_FSKTx.a(HighVoltage.o)
 .comment       0x0000006e       0x6f .\CortexM3\ARM_GCC_541\Debug\UART_FSKTx.a(SignalBase.o)
 .comment       0x0000006e       0x6f .\CortexM3\ARM_GCC_541\Debug\UART_FSKTx.a(UART_IntClock.o)
 .comment       0x0000006e       0x6f .\CortexM3\ARM_GCC_541\Debug\UART_FSKTx.a(CyLib.o)
 .comment       0x0000006e       0x6f .\CortexM3\ARM_GCC_541\Debug\UART_FSKTx.a(cyPm.o)
 .comment       0x0000006e       0x6f .\CortexM3\ARM_GCC_541\Debug\UART_FSKTx.a(checkWatchDogTimer.o)
 .comment       0x0000006e       0x6f .\CortexM3\ARM_GCC_541\Debug\UART_FSKTx.a(checkWatchDogTimer_PM.o)
 .comment       0x0000006e       0x6f .\CortexM3\ARM_GCC_541\Debug\UART_FSKTx.a(watchDogCheck.o)
 .comment       0x0000006e       0x6f .\CortexM3\ARM_GCC_541\Debug\UART_FSKTx.a(SleepTimer.o)
 .comment       0x0000006e       0x6f .\CortexM3\ARM_GCC_541\Debug\UART_FSKTx.a(Sleep_ISR.o)
 .comment       0x0000006e       0x6f .\CortexM3\ARM_GCC_541\Debug\UART_FSKTx.a(sleepToggle.o)
 .comment       0x0000006e       0x6f .\CortexM3\ARM_GCC_541\Debug\UART_FSKTx.a(RxWakeUp.o)
 .comment       0x0000006e       0x6f .\CortexM3\ARM_GCC_541\Debug\UART_FSKTx.a(CyScBoostClk.o)
 .comment       0x0000006e       0x6f .\CortexM3\ARM_GCC_541\Debug\UART_FSKTx.a(CyFlash.o)
 .comment       0x0000006e       0x6f .\CortexM3\ARM_GCC_541\Debug\UART_FSKTx.a(CySpc.o)

.debug_weaknames
 *(.debug_weaknames)

.debug_funcnames
 *(.debug_funcnames)

.debug_typenames
 *(.debug_typenames)

.debug_varnames
 *(.debug_varnames)

.note.gnu.arm.ident
 *(.note.gnu.arm.ident)

.ARM.attributes
                0x00000000       0x29
 *(.ARM.attributes)
 .ARM.attributes
                0x00000000       0x1d c:/program files (x86)/cypress/psoc creator/4.1/psoc creator/import/gnu/arm/5.4.1/bin/../lib/gcc/arm-none-eabi/5.4.1/armv7-m/crti.o
 .ARM.attributes
                0x0000001d       0x2d c:/program files (x86)/cypress/psoc creator/4.1/psoc creator/import/gnu/arm/5.4.1/bin/../lib/gcc/arm-none-eabi/5.4.1/armv7-m/crtbegin.o
 .ARM.attributes
                0x0000004a       0x1b c:/program files (x86)/cypress/psoc creator/4.1/psoc creator/import/gnu/arm/5.4.1/bin/../lib/gcc/arm-none-eabi/5.4.1/../../../../arm-none-eabi/lib/armv7-m/crt0.o
 .ARM.attributes
                0x00000065       0x33 .\CortexM3\ARM_GCC_541\Debug\main.o
 .ARM.attributes
                0x00000098       0x33 .\CortexM3\ARM_GCC_541\Debug\cyfitter_cfg.o
 .ARM.attributes
                0x000000cb       0x33 .\CortexM3\ARM_GCC_541\Debug\cymetadata.o
 .ARM.attributes
                0x000000fe       0x33 .\CortexM3\ARM_GCC_541\Debug\Cm3Start.o
 .ARM.attributes
                0x00000131       0x33 .\CortexM3\ARM_GCC_541\Debug\UART_FSKTx.a(UART.o)
 .ARM.attributes
                0x00000164       0x33 .\CortexM3\ARM_GCC_541\Debug\UART_FSKTx.a(UART_PM.o)
 .ARM.attributes
                0x00000197       0x33 .\CortexM3\ARM_GCC_541\Debug\UART_FSKTx.a(PWM_Modulator.o)
 .ARM.attributes
                0x000001ca       0x33 .\CortexM3\ARM_GCC_541\Debug\UART_FSKTx.a(PWM_Modulator_PM.o)
 .ARM.attributes
                0x000001fd       0x33 .\CortexM3\ARM_GCC_541\Debug\UART_FSKTx.a(LCD.o)
 .ARM.attributes
                0x00000230       0x33 .\CortexM3\ARM_GCC_541\Debug\UART_FSKTx.a(LCD_PM.o)
 .ARM.attributes
                0x00000263       0x33 .\CortexM3\ARM_GCC_541\Debug\UART_FSKTx.a(PWM_Switch_Timer.o)
 .ARM.attributes
                0x00000296       0x33 .\CortexM3\ARM_GCC_541\Debug\UART_FSKTx.a(PWM_Switch_Timer_PM.o)
 .ARM.attributes
                0x000002c9       0x33 .\CortexM3\ARM_GCC_541\Debug\UART_FSKTx.a(isr_rx.o)
 .ARM.attributes
                0x000002fc       0x33 .\CortexM3\ARM_GCC_541\Debug\UART_FSKTx.a(isr_sec.o)
 .ARM.attributes
                0x0000032f       0x33 .\CortexM3\ARM_GCC_541\Debug\UART_FSKTx.a(HighVoltage.o)
 .ARM.attributes
                0x00000362       0x33 .\CortexM3\ARM_GCC_541\Debug\UART_FSKTx.a(SignalBase.o)
 .ARM.attributes
                0x00000395       0x33 .\CortexM3\ARM_GCC_541\Debug\UART_FSKTx.a(UART_IntClock.o)
 .ARM.attributes
                0x000003c8       0x33 .\CortexM3\ARM_GCC_541\Debug\UART_FSKTx.a(CyLib.o)
 .ARM.attributes
                0x000003fb       0x33 .\CortexM3\ARM_GCC_541\Debug\UART_FSKTx.a(cyPm.o)
 .ARM.attributes
                0x0000042e       0x33 .\CortexM3\ARM_GCC_541\Debug\UART_FSKTx.a(checkWatchDogTimer.o)
 .ARM.attributes
                0x00000461       0x33 .\CortexM3\ARM_GCC_541\Debug\UART_FSKTx.a(checkWatchDogTimer_PM.o)
 .ARM.attributes
                0x00000494       0x33 .\CortexM3\ARM_GCC_541\Debug\UART_FSKTx.a(watchDogCheck.o)
 .ARM.attributes
                0x000004c7       0x33 .\CortexM3\ARM_GCC_541\Debug\UART_FSKTx.a(SleepTimer.o)
 .ARM.attributes
                0x000004fa       0x33 .\CortexM3\ARM_GCC_541\Debug\UART_FSKTx.a(Sleep_ISR.o)
 .ARM.attributes
                0x0000052d       0x33 .\CortexM3\ARM_GCC_541\Debug\UART_FSKTx.a(sleepToggle.o)
 .ARM.attributes
                0x00000560       0x33 .\CortexM3\ARM_GCC_541\Debug\UART_FSKTx.a(RxWakeUp.o)
 .ARM.attributes
                0x00000593       0x21 .\CortexM3\ARM_GCC_541\Debug\UART_FSKTx.a(CyBootAsmGnu.o)
 .ARM.attributes
                0x000005b4       0x33 .\CortexM3\ARM_GCC_541\Debug\UART_FSKTx.a(CyScBoostClk.o)
 .ARM.attributes
                0x000005e7       0x33 .\CortexM3\ARM_GCC_541\Debug\UART_FSKTx.a(CyFlash.o)
 .ARM.attributes
                0x0000061a       0x33 .\CortexM3\ARM_GCC_541\Debug\UART_FSKTx.a(CySpc.o)
 .ARM.attributes
                0x0000064d       0x2d c:/program files (x86)/cypress/psoc creator/4.1/psoc creator/import/gnu/arm/5.4.1/bin/../lib/gcc/arm-none-eabi/5.4.1/../../../../arm-none-eabi/lib/armv7-m\libg_nano.a(lib_a-errno.o)
 .ARM.attributes
                0x0000067a       0x2d c:/program files (x86)/cypress/psoc creator/4.1/psoc creator/import/gnu/arm/5.4.1/bin/../lib/gcc/arm-none-eabi/5.4.1/../../../../arm-none-eabi/lib/armv7-m\libg_nano.a(lib_a-exit.o)
 .ARM.attributes
                0x000006a7       0x2d c:/program files (x86)/cypress/psoc creator/4.1/psoc creator/import/gnu/arm/5.4.1/bin/../lib/gcc/arm-none-eabi/5.4.1/../../../../arm-none-eabi/lib/armv7-m\libg_nano.a(lib_a-impure.o)
 .ARM.attributes
                0x000006d4       0x2d c:/program files (x86)/cypress/psoc creator/4.1/psoc creator/import/gnu/arm/5.4.1/bin/../lib/gcc/arm-none-eabi/5.4.1/../../../../arm-none-eabi/lib/armv7-m\libg_nano.a(lib_a-init.o)
 .ARM.attributes
                0x00000701       0x2d c:/program files (x86)/cypress/psoc creator/4.1/psoc creator/import/gnu/arm/5.4.1/bin/../lib/gcc/arm-none-eabi/5.4.1/../../../../arm-none-eabi/lib/armv7-m\libg_nano.a(lib_a-memcpy-stub.o)
 .ARM.attributes
                0x0000072e       0x2d c:/program files (x86)/cypress/psoc creator/4.1/psoc creator/import/gnu/arm/5.4.1/bin/../lib/gcc/arm-none-eabi/5.4.1/../../../../arm-none-eabi/lib/armv7-m\libg_nano.a(lib_a-memset.o)
 .ARM.attributes
                0x0000075b       0x2d c:/program files (x86)/cypress/psoc creator/4.1/psoc creator/import/gnu/arm/5.4.1/bin/../lib/gcc/arm-none-eabi/5.4.1/../../../../arm-none-eabi/lib/armv7-m\libg_nano.a(lib_a-sprintf.o)
 .ARM.attributes
                0x00000788       0x2d c:/program files (x86)/cypress/psoc creator/4.1/psoc creator/import/gnu/arm/5.4.1/bin/../lib/gcc/arm-none-eabi/5.4.1/../../../../arm-none-eabi/lib/armv7-m\libg_nano.a(lib_a-nano-svfprintf.o)
 .ARM.attributes
                0x000007b5       0x2d c:/program files (x86)/cypress/psoc creator/4.1/psoc creator/import/gnu/arm/5.4.1/bin/../lib/gcc/arm-none-eabi/5.4.1/../../../../arm-none-eabi/lib/armv7-m\libg_nano.a(lib_a-nano-vfprintf_i.o)
 .ARM.attributes
                0x000007e2       0x2d c:/program files (x86)/cypress/psoc creator/4.1/psoc creator/import/gnu/arm/5.4.1/bin/../lib/gcc/arm-none-eabi/5.4.1/../../../../arm-none-eabi/lib/armv7-m\libg_nano.a(lib_a-memchr-stub.o)
 .ARM.attributes
                0x0000080f       0x2d c:/program files (x86)/cypress/psoc creator/4.1/psoc creator/import/gnu/arm/5.4.1/bin/../lib/gcc/arm-none-eabi/5.4.1/../../../../arm-none-eabi/lib/armv7-m\libg_nano.a(lib_a-memmove.o)
 .ARM.attributes
                0x0000083c       0x2d c:/program files (x86)/cypress/psoc creator/4.1/psoc creator/import/gnu/arm/5.4.1/bin/../lib/gcc/arm-none-eabi/5.4.1/../../../../arm-none-eabi/lib/armv7-m\libg_nano.a(lib_a-nano-freer.o)
 .ARM.attributes
                0x00000869       0x2d c:/program files (x86)/cypress/psoc creator/4.1/psoc creator/import/gnu/arm/5.4.1/bin/../lib/gcc/arm-none-eabi/5.4.1/../../../../arm-none-eabi/lib/armv7-m\libg_nano.a(lib_a-nano-mallocr.o)
 .ARM.attributes
                0x00000896       0x2d c:/program files (x86)/cypress/psoc creator/4.1/psoc creator/import/gnu/arm/5.4.1/bin/../lib/gcc/arm-none-eabi/5.4.1/../../../../arm-none-eabi/lib/armv7-m\libg_nano.a(lib_a-nano-reallocr.o)
 .ARM.attributes
                0x000008c3       0x2d c:/program files (x86)/cypress/psoc creator/4.1/psoc creator/import/gnu/arm/5.4.1/bin/../lib/gcc/arm-none-eabi/5.4.1/../../../../arm-none-eabi/lib/armv7-m\libg_nano.a(lib_a-sbrkr.o)
 .ARM.attributes
                0x000008f0       0x2d c:/program files (x86)/cypress/psoc creator/4.1/psoc creator/import/gnu/arm/5.4.1/bin/../lib/gcc/arm-none-eabi/5.4.1/../../../../arm-none-eabi/lib/armv7-m\libg_nano.a(lib_a-mlock.o)
 .ARM.attributes
                0x0000091d       0x2d c:/program files (x86)/cypress/psoc creator/4.1/psoc creator/import/gnu/arm/5.4.1/bin/../lib/gcc/arm-none-eabi/5.4.1/../../../../arm-none-eabi/lib/armv7-m\libg_nano.a(lib_a-nano-msizer.o)
 .ARM.attributes
                0x0000094a       0x2d c:/program files (x86)/cypress/psoc creator/4.1/psoc creator/import/gnu/arm/5.4.1/bin/../lib/gcc/arm-none-eabi/5.4.1/../../../../arm-none-eabi/lib/armv7-m\libg_nano.a(lib_a-reent.o)
 .ARM.attributes
                0x00000977       0x2d c:/program files (x86)/cypress/psoc creator/4.1/psoc creator/import/gnu/arm/5.4.1/bin/../lib/gcc/arm-none-eabi/5.4.1/armv7-m/crtend.o
 .ARM.attributes
                0x000009a4       0x1d c:/program files (x86)/cypress/psoc creator/4.1/psoc creator/import/gnu/arm/5.4.1/bin/../lib/gcc/arm-none-eabi/5.4.1/armv7-m/crtn.o

/DISCARD/
 *(.note.GNU-stack)
OUTPUT(C:\Users\sdysart\Documents\UACS\UACS\HighFreqFSK\UART_FSKTx.cydsn\CortexM3\ARM_GCC_541\Debug\UART_FSKTx.elf elf32-littlearm)
