Archive member included to satisfy reference by file (symbol)

.\CortexM3\ARM_GCC_541\Debug\UART_FSKTx.a(UART.o)
                              .\CortexM3\ARM_GCC_541\Debug\main.o (UART_Start)
.\CortexM3\ARM_GCC_541\Debug\UART_FSKTx.a(PWM_Modulator.o)
                              .\CortexM3\ARM_GCC_541\Debug\main.o (PWM_Modulator_Stop)
.\CortexM3\ARM_GCC_541\Debug\UART_FSKTx.a(LCD.o)
                              .\CortexM3\ARM_GCC_541\Debug\main.o (LCD_PrintString)
.\CortexM3\ARM_GCC_541\Debug\UART_FSKTx.a(PWM_Switch_Timer.o)
                              .\CortexM3\ARM_GCC_541\Debug\main.o (PWM_Switch_Timer_Stop)
.\CortexM3\ARM_GCC_541\Debug\UART_FSKTx.a(isr_rx.o)
                              .\CortexM3\ARM_GCC_541\Debug\main.o (isr_rx_StartEx)
.\CortexM3\ARM_GCC_541\Debug\UART_FSKTx.a(isr_sec.o)
                              .\CortexM3\ARM_GCC_541\Debug\main.o (isr_sec_StartEx)
.\CortexM3\ARM_GCC_541\Debug\UART_FSKTx.a(HighVoltage.o)
                              .\CortexM3\ARM_GCC_541\Debug\main.o (HighVoltage_Write)
.\CortexM3\ARM_GCC_541\Debug\UART_FSKTx.a(PWM_1.o)
                              .\CortexM3\ARM_GCC_541\Debug\main.o (PWM_1_WritePeriod)
.\CortexM3\ARM_GCC_541\Debug\UART_FSKTx.a(PWM_2.o)
                              .\CortexM3\ARM_GCC_541\Debug\main.o (PWM_2_WritePeriod)
.\CortexM3\ARM_GCC_541\Debug\UART_FSKTx.a(PWM_3.o)
                              .\CortexM3\ARM_GCC_541\Debug\main.o (PWM_3_WritePeriod)
.\CortexM3\ARM_GCC_541\Debug\UART_FSKTx.a(SignalBase.o)
                              .\CortexM3\ARM_GCC_541\Debug\main.o (SignalBase_Write)
.\CortexM3\ARM_GCC_541\Debug\UART_FSKTx.a(UART_IntClock.o)
                              .\CortexM3\ARM_GCC_541\Debug\UART_FSKTx.a(UART.o) (UART_IntClock_Start)
.\CortexM3\ARM_GCC_541\Debug\UART_FSKTx.a(CyLib.o)
                              .\CortexM3\ARM_GCC_541\Debug\Cm3Start.o (CyHalt)
.\CortexM3\ARM_GCC_541\Debug\UART_FSKTx.a(cyPm.o)
                              .\CortexM3\ARM_GCC_541\Debug\UART_FSKTx.a(CyLib.o) (CyPmReadStatus)
.\CortexM3\ARM_GCC_541\Debug\UART_FSKTx.a(CyBootAsmGnu.o)
                              .\CortexM3\ARM_GCC_541\Debug\cyfitter_cfg.o (CyDelayCycles)
.\CortexM3\ARM_GCC_541\Debug\UART_FSKTx.a(CyScBoostClk.o)
                              .\CortexM3\ARM_GCC_541\Debug\UART_FSKTx.a(CyLib.o) (CyScBoostClk_Start)
.\CortexM3\ARM_GCC_541\Debug\UART_FSKTx.a(CyFlash.o)
                              .\CortexM3\ARM_GCC_541\Debug\UART_FSKTx.a(cyPm.o) (CyFlash_SetWaitCycles)
.\CortexM3\ARM_GCC_541\Debug\UART_FSKTx.a(CySpc.o)
                              .\CortexM3\ARM_GCC_541\Debug\UART_FSKTx.a(CyFlash.o) (CySpcStart)
c:/program files (x86)/cypress/psoc creator/4.1/psoc creator/import/gnu/arm/5.4.1/bin/../lib/gcc/arm-none-eabi/5.4.1/../../../../arm-none-eabi/lib/armv7-m\libg_nano.a(lib_a-errno.o)
                              .\CortexM3\ARM_GCC_541\Debug\Cm3Start.o (__errno)
c:/program files (x86)/cypress/psoc creator/4.1/psoc creator/import/gnu/arm/5.4.1/bin/../lib/gcc/arm-none-eabi/5.4.1/../../../../arm-none-eabi/lib/armv7-m\libg_nano.a(lib_a-exit.o)
                              c:/program files (x86)/cypress/psoc creator/4.1/psoc creator/import/gnu/arm/5.4.1/bin/../lib/gcc/arm-none-eabi/5.4.1/../../../../arm-none-eabi/lib/armv7-m/crt0.o (exit)
c:/program files (x86)/cypress/psoc creator/4.1/psoc creator/import/gnu/arm/5.4.1/bin/../lib/gcc/arm-none-eabi/5.4.1/../../../../arm-none-eabi/lib/armv7-m\libg_nano.a(lib_a-impure.o)
                              c:/program files (x86)/cypress/psoc creator/4.1/psoc creator/import/gnu/arm/5.4.1/bin/../lib/gcc/arm-none-eabi/5.4.1/../../../../arm-none-eabi/lib/armv7-m\libg_nano.a(lib_a-exit.o) (_global_impure_ptr)
c:/program files (x86)/cypress/psoc creator/4.1/psoc creator/import/gnu/arm/5.4.1/bin/../lib/gcc/arm-none-eabi/5.4.1/../../../../arm-none-eabi/lib/armv7-m\libg_nano.a(lib_a-init.o)
                              c:/program files (x86)/cypress/psoc creator/4.1/psoc creator/import/gnu/arm/5.4.1/bin/../lib/gcc/arm-none-eabi/5.4.1/../../../../arm-none-eabi/lib/armv7-m/crt0.o (__libc_init_array)
c:/program files (x86)/cypress/psoc creator/4.1/psoc creator/import/gnu/arm/5.4.1/bin/../lib/gcc/arm-none-eabi/5.4.1/../../../../arm-none-eabi/lib/armv7-m\libg_nano.a(lib_a-memcpy-stub.o)
                              .\CortexM3\ARM_GCC_541\Debug\cyfitter_cfg.o (memcpy)
c:/program files (x86)/cypress/psoc creator/4.1/psoc creator/import/gnu/arm/5.4.1/bin/../lib/gcc/arm-none-eabi/5.4.1/../../../../arm-none-eabi/lib/armv7-m\libg_nano.a(lib_a-memset.o)
                              c:/program files (x86)/cypress/psoc creator/4.1/psoc creator/import/gnu/arm/5.4.1/bin/../lib/gcc/arm-none-eabi/5.4.1/../../../../arm-none-eabi/lib/armv7-m/crt0.o (memset)
c:/program files (x86)/cypress/psoc creator/4.1/psoc creator/import/gnu/arm/5.4.1/bin/../lib/gcc/arm-none-eabi/5.4.1/../../../../arm-none-eabi/lib/armv7-m\libg_nano.a(lib_a-sprintf.o)
[...]
Memory Configuration

Name             Origin             Length             Attributes
rom              0x00000000         0x00040000         xr
ram              0x1fff8000         0x00010000         xrw
*default*        0x00000000         0xffffffff

Linker script and memory map

LOAD c:/program files (x86)/cypress/psoc creator/4.1/psoc creator/import/gnu/arm/5.4.1/bin/../lib/gcc/arm-none-eabi/5.4.1/armv7-m/crti.o
LOAD c:/program files (x86)/cypress/psoc creator/4.1/psoc creator/import/gnu/arm/5.4.1/bin/../lib/gcc/arm-none-eabi/5.4.1/armv7-m/crtbegin.o
LOAD c:/program files (x86)/cypress/psoc creator/4.1/psoc creator/import/gnu/arm/5.4.1/bin/../lib/gcc/arm-none-eabi/5.4.1/../../../../arm-none-eabi/lib/armv7-m/crt0.o
START GROUP
LOAD .\CortexM3\ARM_GCC_541\Debug\main.o
LOAD .\CortexM3\ARM_GCC_541\Debug\cyfitter_cfg.o
LOAD .\CortexM3\ARM_GCC_541\Debug\cymetadata.o
LOAD .\CortexM3\ARM_GCC_541\Debug\Cm3Start.o
LOAD .\CortexM3\ARM_GCC_541\Debug\UART_FSKTx.a
LOAD C:\Program Files (x86)\Cypress\PSoC Creator\4.1\PSoC Creator\psoc\content\cycomponentlibrary\CyComponentLibrary.cylib\CortexM3\ARM_GCC_541\Debug\CyComponentLibrary.a
END GROUP
START GROUP
LOAD c:/program files (x86)/cypress/psoc creator/4.1/psoc creator/import/gnu/arm/5.4.1/bin/../lib/gcc/arm-none-eabi/5.4.1/armv7-m\libgcc.a
LOAD c:/program files (x86)/cypress/psoc creator/4.1/psoc creator/import/gnu/arm/5.4.1/bin/../lib/gcc/arm-none-eabi/5.4.1/../../../../arm-none-eabi/lib/armv7-m\libg_nano.a
LOAD c:/program files (x86)/cypress/psoc creator/4.1/psoc creator/import/gnu/arm/5.4.1/bin/../lib/gcc/arm-none-eabi/5.4.1/../../../../arm-none-eabi/lib/armv7-m\libc_nano.a
END GROUP
START GROUP
LOAD c:/program files (x86)/cypress/psoc creator/4.1/psoc creator/import/gnu/arm/5.4.1/bin/../lib/gcc/arm-none-eabi/5.4.1/armv7-m\libgcc.a
LOAD c:/program files (x86)/cypress/psoc creator/4.1/psoc creator/import/gnu/arm/5.4.1/bin/../lib/gcc/arm-none-eabi/5.4.1/../../../../arm-none-eabi/lib/armv7-m\libc_nano.a
END GROUP
LOAD c:/program files (x86)/cypress/psoc creator/4.1/psoc creator/import/gnu/arm/5.4.1/bin/../lib/gcc/arm-none-eabi/5.4.1/armv7-m/crtend.o
LOAD c:/program files (x86)/cypress/psoc creator/4.1/psoc creator/import/gnu/arm/5.4.1/bin/../lib/gcc/arm-none-eabi/5.4.1/armv7-m/crtn.o
START GROUP
LOAD c:/program files (x86)/cypress/psoc creator/4.1/psoc creator/import/gnu/arm/5.4.1/bin/../lib/gcc/arm-none-eabi/5.4.1/armv7-m\libgcc.a
LOAD c:/program files (x86)/cypress/psoc creator/4.1/psoc creator/import/gnu/arm/5.4.1/bin/../lib/gcc/arm-none-eabi/5.4.1/../../../../arm-none-eabi/lib/armv7-m\libc.a
LOAD c:/program files (x86)/cypress/psoc creator/4.1/psoc creator/import/gnu/arm/5.4.1/bin/../lib/gcc/arm-none-eabi/5.4.1/../../../../arm-none-eabi/lib/armv7-m\libnosys.a
END GROUP
                0x00000000                CY_APPL_ORIGIN = 0x0
                0x00000100                CY_FLASH_ROW_SIZE = 0x100
                0x00000020                CY_ECC_ROW_SIZE = 0x20
                0x00000000                CY_EE_IN_BTLDR = 0x0
                0x00000000                CY_APPL_LOADABLE = 0x0
                0x00000800                CY_EE_SIZE = 0x800
                0x00000001                CY_APPL_NUM = 0x1
                0x00000001                CY_APPL_MAX = 0x1
                0x00000040                CY_METADATA_SIZE = 0x40
                0x00000000                CY_APPL_LOADABLE = 0x0
                0x00000000                CY_CHECKSUM_EXCLUDE_SIZE = ALIGN (0x0, CY_FLASH_ROW_SIZE)
                [!provide]                PROVIDE (__cy_heap_start, _end)
                0x00000001                PROVIDE (__cy_region_num, ((__cy_regions_end - __cy_regions) / 0x10))
                0x20008000                PROVIDE (__cy_stack, (ORIGIN (ram) + LENGTH (ram)))
                [!provide]                PROVIDE (__cy_heap_end, (__cy_stack - 0x800))

.cybootloader   0x00000000        0x0
 *(.cybootloader)
                0x00000000                appl1_start = CY_APPL_ORIGIN?CY_APPL_ORIGIN:ALIGN (CY_FLASH_ROW_SIZE)
                0x0001ff00                appl2_start = (appl1_start + ALIGN ((((LENGTH (rom) - appl1_start) - (0x2 * CY_FLASH_ROW_SIZE)) / 0x2), CY_FLASH_ROW_SIZE))
                0x00000000                appl_start = (CY_APPL_NUM == 0x1)?appl1_start:appl2_start
                0x00000000                ecc_offset = ((appl_start / CY_FLASH_ROW_SIZE) * CY_ECC_ROW_SIZE)
                0x00000000                ee_offset = (CY_APPL_LOADABLE && ! (CY_EE_IN_BTLDR))?((CY_EE_SIZE / CY_APPL_MAX) * (CY_APPL_NUM - 0x1)):0x0
                0x00000800                ee_size = (CY_APPL_LOADABLE && ! (CY_EE_IN_BTLDR))?(CY_EE_SIZE / CY_APPL_MAX):CY_EE_SIZE
                [!provide]                PROVIDE (CY_ECC_OFFSET, ecc_offset)

.text           0x00000000     0x1808
 CREATE_OBJECT_SYMBOLS
                0x00000000                PROVIDE (__cy_interrupt_vector, RomVectors)
 *(.romvectors)
 .romvectors    0x00000000       0x10 .\CortexM3\ARM_GCC_541\Debug\Cm3Start.o
                0x00000000                RomVectors
                0x00000001                ASSERT ((. != __cy_interrupt_vector), No interrupt vector)
                0x00000001                ASSERT (CY_APPL_ORIGIN?(SIZEOF (.cybootloader) <= CY_APPL_ORIGIN):0x1, Wrong image location)
                0x00000010                PROVIDE (__cy_reset, Reset)
 *(.text.Reset)
 .text.Reset    0x00000010       0x18 .\CortexM3\ARM_GCC_541\Debug\Cm3Start.o
                0x00000010                Reset
                0x00000001                ASSERT ((. != __cy_reset), No reset code)
 *(.dma_init)
                0x00000001                ASSERT ((((appl_start + .) <= 0x10000) || 0x1), DMA Init must be within the first 64k of flash)
 *(.text .text.* .gnu.linkonce.t.*)
 .text          0x00000028       0x5c c:/program files (x86)/cypress/psoc creator/4.1/psoc creator/import/gnu/arm/5.4.1/bin/../lib/gcc/arm-none-eabi/5.4.1/armv7-m/crtbegin.o
 .text.isr_sec  0x00000084       0x40 .\CortexM3\ARM_GCC_541\Debug\main.o
                0x00000084                isr_sec
 .text.RxIsr    0x000000c4       0x90 .\CortexM3\ARM_GCC_541\Debug\main.o
                0x000000c4                RxIsr
 .text.Byte     0x00000154       0x44 .\CortexM3\ARM_GCC_541\Debug\main.o
                0x00000154                Byte
 .text.FindParity
                0x00000198       0x20 .\CortexM3\ARM_GCC_541\Debug\main.o
                0x00000198                FindParity
 .text.main     0x000001b8      0x174 .\CortexM3\ARM_GCC_541\Debug\main.o
                0x000001b8                main
 .text.CyClockStartupError
                0x0000032c        0x4 .\CortexM3\ARM_GCC_541\Debug\cyfitter_cfg.o
 .text.cfg_write_bytes32
                0x00000330       0x34 .\CortexM3\ARM_GCC_541\Debug\cyfitter_cfg.o
 .text.AnalogSetDefault
                0x00000364       0x28 .\CortexM3\ARM_GCC_541\Debug\cyfitter_cfg.o
 .text.CYMEMZERO
                0x0000038c        0xc .\CortexM3\ARM_GCC_541\Debug\cyfitter_cfg.o
 .text.CYCONFIGCPY
                0x00000398        0x8 .\CortexM3\ARM_GCC_541\Debug\cyfitter_cfg.o
 .text.ClockSetup
                0x000003a0      0x100 .\CortexM3\ARM_GCC_541\Debug\cyfitter_cfg.o
 .text.cyfitter_cfg
                0x000004a0      0x114 .\CortexM3\ARM_GCC_541\Debug\cyfitter_cfg.o
                0x000004a0                cyfitter_cfg
 .text.IntDefaultHandler
                0x000005b4       0x10 .\CortexM3\ARM_GCC_541\Debug\Cm3Start.o
                0x000005b4                IntDefaultHandler
 .text._sbrk    0x000005c4       0x30 .\CortexM3\ARM_GCC_541\Debug\Cm3Start.o
                0x000005c4                _sbrk
 .text.Start_c  0x000005f4       0x4c .\CortexM3\ARM_GCC_541\Debug\Cm3Start.o
                0x000005f4                Start_c
 .text.initialize_psoc
                0x00000640       0x68 .\CortexM3\ARM_GCC_541\Debug\Cm3Start.o
                0x00000640                initialize_psoc
 .text.UART_Init
                0x000006a8       0x24 .\CortexM3\ARM_GCC_541\Debug\UART_FSKTx.a(UART.o)
                0x000006a8                UART_Init
 .text.UART_Enable
                0x000006cc       0x38 .\CortexM3\ARM_GCC_541\Debug\UART_FSKTx.a(UART.o)
                0x000006cc                UART_Enable
 .text.UART_Start
                0x00000704       0x1c .\CortexM3\ARM_GCC_541\Debug\UART_FSKTx.a(UART.o)
                0x00000704                UART_Start
 .text.PWM_Modulator_Enable
                0x00000720       0x10 .\CortexM3\ARM_GCC_541\Debug\UART_FSKTx.a(PWM_Modulator.o)
                0x00000720                PWM_Modulator_Enable
 .text.PWM_Modulator_Stop
                0x00000730       0x10 .\CortexM3\ARM_GCC_541\Debug\UART_FSKTx.a(PWM_Modulator.o)
                0x00000730                PWM_Modulator_Stop
 .text.PWM_Modulator_WriteCounter
                0x00000740        0xc .\CortexM3\ARM_GCC_541\Debug\UART_FSKTx.a(PWM_Modulator.o)
                0x00000740                PWM_Modulator_WriteCounter
 .text.PWM_Modulator_WritePeriod
                0x0000074c        0xc .\CortexM3\ARM_GCC_541\Debug\UART_FSKTx.a(PWM_Modulator.o)
                0x0000074c                PWM_Modulator_WritePeriod
 .text.PWM_Modulator_WriteCompare
                0x00000758        0xc .\CortexM3\ARM_GCC_541\Debug\UART_FSKTx.a(PWM_Modulator.o)
                0x00000758                PWM_Modulator_WriteCompare
 .text.PWM_Modulator_SetInterruptMode
                0x00000764        0xc .\CortexM3\ARM_GCC_541\Debug\UART_FSKTx.a(PWM_Modulator.o)
                0x00000764                PWM_Modulator_SetInterruptMode
 .text.PWM_Modulator_ReadStatusRegister
                0x00000770        0xc .\CortexM3\ARM_GCC_541\Debug\UART_FSKTx.a(PWM_Modulator.o)
                0x00000770                PWM_Modulator_ReadStatusRegister
 .text.PWM_Modulator_ReadCapture
                0x0000077c        0xc .\CortexM3\ARM_GCC_541\Debug\UART_FSKTx.a(PWM_Modulator.o)
                0x0000077c                PWM_Modulator_ReadCapture
 .text.PWM_Modulator_ClearFIFO
                0x00000788       0x14 .\CortexM3\ARM_GCC_541\Debug\UART_FSKTx.a(PWM_Modulator.o)
                0x00000788                PWM_Modulator_ClearFIFO
 .text.PWM_Modulator_Init
                0x0000079c       0x50 .\CortexM3\ARM_GCC_541\Debug\UART_FSKTx.a(PWM_Modulator.o)
                0x0000079c                PWM_Modulator_Init
 .text.PWM_Modulator_Start
                0x000007ec       0x1c .\CortexM3\ARM_GCC_541\Debug\UART_FSKTx.a(PWM_Modulator.o)
                0x000007ec                PWM_Modulator_Start
 .text.LCD_WrCntrlNib
                0x00000808       0x34 .\CortexM3\ARM_GCC_541\Debug\UART_FSKTx.a(LCD.o)
 .text.LCD_WrDatNib
                0x0000083c       0x44 .\CortexM3\ARM_GCC_541\Debug\UART_FSKTx.a(LCD.o)
 .text.LCD_IsReady
                0x00000880       0xe4 .\CortexM3\ARM_GCC_541\Debug\UART_FSKTx.a(LCD.o)
                0x00000880                LCD_IsReady
 .text.LCD_WriteData
                0x00000964       0x18 .\CortexM3\ARM_GCC_541\Debug\UART_FSKTx.a(LCD.o)
                0x00000964                LCD_WriteData
 .text.LCD_PrintString
                0x0000097c       0x1c .\CortexM3\ARM_GCC_541\Debug\UART_FSKTx.a(LCD.o)
                0x0000097c                LCD_PrintString
 .text.LCD_WriteControl
                0x00000998       0x18 .\CortexM3\ARM_GCC_541\Debug\UART_FSKTx.a(LCD.o)
                0x00000998                LCD_WriteControl
 .text.LCD_Init
                0x000009b0       0x6c .\CortexM3\ARM_GCC_541\Debug\UART_FSKTx.a(LCD.o)
                0x000009b0                LCD_Init
 .text.LCD_Enable
                0x00000a1c       0x14 .\CortexM3\ARM_GCC_541\Debug\UART_FSKTx.a(LCD.o)
                0x00000a1c                LCD_Enable
 .text.LCD_Start
                0x00000a30       0x1c .\CortexM3\ARM_GCC_541\Debug\UART_FSKTx.a(LCD.o)
                0x00000a30                LCD_Start
 .text.LCD_Position
                0x00000a4c       0x3c .\CortexM3\ARM_GCC_541\Debug\UART_FSKTx.a(LCD.o)
                0x00000a4c                LCD_Position
 .text.PWM_Switch_Timer_Enable
                0x00000a88       0x10 .\CortexM3\ARM_GCC_541\Debug\UART_FSKTx.a(PWM_Switch_Timer.o)
                0x00000a88                PWM_Switch_Timer_Enable
 .text.PWM_Switch_Timer_Stop
                0x00000a98       0x10 .\CortexM3\ARM_GCC_541\Debug\UART_FSKTx.a(PWM_Switch_Timer.o)
                0x00000a98                PWM_Switch_Timer_Stop
 .text.PWM_Switch_Timer_SetInterruptMode
                0x00000aa8        0xc .\CortexM3\ARM_GCC_541\Debug\UART_FSKTx.a(PWM_Switch_Timer.o)
                0x00000aa8                PWM_Switch_Timer_SetInterruptMode
 .text.PWM_Switch_Timer_ReadStatusRegister
                0x00000ab4        0xc .\CortexM3\ARM_GCC_541\Debug\UART_FSKTx.a(PWM_Switch_Timer.o)
                0x00000ab4                PWM_Switch_Timer_ReadStatusRegister
 .text.PWM_Switch_Timer_WritePeriod
                0x00000ac0        0xc .\CortexM3\ARM_GCC_541\Debug\UART_FSKTx.a(PWM_Switch_Timer.o)
                0x00000ac0                PWM_Switch_Timer_WritePeriod
 .text.PWM_Switch_Timer_ReadCapture
                0x00000acc        0xc .\CortexM3\ARM_GCC_541\Debug\UART_FSKTx.a(PWM_Switch_Timer.o)
                0x00000acc                PWM_Switch_Timer_ReadCapture
 .text.PWM_Switch_Timer_WriteCounter
                0x00000ad8        0xc .\CortexM3\ARM_GCC_541\Debug\UART_FSKTx.a(PWM_Switch_Timer.o)
                0x00000ad8                PWM_Switch_Timer_WriteCounter
 .text.PWM_Switch_Timer_ClearFIFO
                0x00000ae4       0x14 .\CortexM3\ARM_GCC_541\Debug\UART_FSKTx.a(PWM_Switch_Timer.o)
                0x00000ae4                PWM_Switch_Timer_ClearFIFO
 .text.PWM_Switch_Timer_Init
                0x00000af8       0x34 .\CortexM3\ARM_GCC_541\Debug\UART_FSKTx.a(PWM_Switch_Timer.o)
                0x00000af8                PWM_Switch_Timer_Init
 .text.PWM_Switch_Timer_Start
                0x00000b2c       0x1c .\CortexM3\ARM_GCC_541\Debug\UART_FSKTx.a(PWM_Switch_Timer.o)
                0x00000b2c                PWM_Switch_Timer_Start
 .text.isr_rx_SetVector
                0x00000b48        0xc .\CortexM3\ARM_GCC_541\Debug\UART_FSKTx.a(isr_rx.o)
                0x00000b48                isr_rx_SetVector
 .text.isr_rx_SetPriority
                0x00000b54       0x10 .\CortexM3\ARM_GCC_541\Debug\UART_FSKTx.a(isr_rx.o)
                0x00000b54                isr_rx_SetPriority
 .text.isr_rx_Enable
                0x00000b64        0xc .\CortexM3\ARM_GCC_541\Debug\UART_FSKTx.a(isr_rx.o)
                0x00000b64                isr_rx_Enable
 .text.isr_rx_Disable
                0x00000b70        0xc .\CortexM3\ARM_GCC_541\Debug\UART_FSKTx.a(isr_rx.o)
                0x00000b70                isr_rx_Disable
 .text.isr_rx_StartEx
                0x00000b7c       0x1c .\CortexM3\ARM_GCC_541\Debug\UART_FSKTx.a(isr_rx.o)
                0x00000b7c                isr_rx_StartEx
 .text.isr_sec_SetVector
                0x00000b98        0xc .\CortexM3\ARM_GCC_541\Debug\UART_FSKTx.a(isr_sec.o)
                0x00000b98                isr_sec_SetVector
 .text.isr_sec_SetPriority
                0x00000ba4       0x10 .\CortexM3\ARM_GCC_541\Debug\UART_FSKTx.a(isr_sec.o)
                0x00000ba4                isr_sec_SetPriority
 .text.isr_sec_Enable
                0x00000bb4        0xc .\CortexM3\ARM_GCC_541\Debug\UART_FSKTx.a(isr_sec.o)
                0x00000bb4                isr_sec_Enable
 .text.isr_sec_Disable
                0x00000bc0        0xc .\CortexM3\ARM_GCC_541\Debug\UART_FSKTx.a(isr_sec.o)
                0x00000bc0                isr_sec_Disable
 .text.isr_sec_StartEx
                0x00000bcc       0x1c .\CortexM3\ARM_GCC_541\Debug\UART_FSKTx.a(isr_sec.o)
                0x00000bcc                isr_sec_StartEx
 .text.HighVoltage_Write
                0x00000be8       0x18 .\CortexM3\ARM_GCC_541\Debug\UART_FSKTx.a(HighVoltage.o)
                0x00000be8                HighVoltage_Write
 .text.PWM_1_Enable
                0x00000c00       0x10 .\CortexM3\ARM_GCC_541\Debug\UART_FSKTx.a(PWM_1.o)
                0x00000c00                PWM_1_Enable
 .text.PWM_1_WriteCounter
                0x00000c10        0xc .\CortexM3\ARM_GCC_541\Debug\UART_FSKTx.a(PWM_1.o)
                0x00000c10                PWM_1_WriteCounter
 .text.PWM_1_WritePeriod
                0x00000c1c        0xc .\CortexM3\ARM_GCC_541\Debug\UART_FSKTx.a(PWM_1.o)
                0x00000c1c                PWM_1_WritePeriod
 .text.PWM_1_WriteCompare
                0x00000c28        0xc .\CortexM3\ARM_GCC_541\Debug\UART_FSKTx.a(PWM_1.o)
                0x00000c28                PWM_1_WriteCompare
 .text.PWM_1_SetInterruptMode
                0x00000c34        0xc .\CortexM3\ARM_GCC_541\Debug\UART_FSKTx.a(PWM_1.o)
                0x00000c34                PWM_1_SetInterruptMode
 .text.PWM_1_ReadStatusRegister
                0x00000c40        0xc .\CortexM3\ARM_GCC_541\Debug\UART_FSKTx.a(PWM_1.o)
                0x00000c40                PWM_1_ReadStatusRegister
 .text.PWM_1_ReadCapture
                0x00000c4c        0xc .\CortexM3\ARM_GCC_541\Debug\UART_FSKTx.a(PWM_1.o)
                0x00000c4c                PWM_1_ReadCapture
 .text.PWM_1_ClearFIFO
                0x00000c58       0x14 .\CortexM3\ARM_GCC_541\Debug\UART_FSKTx.a(PWM_1.o)
                0x00000c58                PWM_1_ClearFIFO
 .text.PWM_1_Init
                0x00000c6c       0x5c .\CortexM3\ARM_GCC_541\Debug\UART_FSKTx.a(PWM_1.o)
                0x00000c6c                PWM_1_Init
 .text.PWM_1_Start
                0x00000cc8       0x1c .\CortexM3\ARM_GCC_541\Debug\UART_FSKTx.a(PWM_1.o)
                0x00000cc8                PWM_1_Start
 .text.PWM_2_Enable
                0x00000ce4       0x10 .\CortexM3\ARM_GCC_541\Debug\UART_FSKTx.a(PWM_2.o)
                0x00000ce4                PWM_2_Enable
 .text.PWM_2_WriteCounter
                0x00000cf4        0xc .\CortexM3\ARM_GCC_541\Debug\UART_FSKTx.a(PWM_2.o)
                0x00000cf4                PWM_2_WriteCounter
 .text.PWM_2_WritePeriod
                0x00000d00        0xc .\CortexM3\ARM_GCC_541\Debug\UART_FSKTx.a(PWM_2.o)
                0x00000d00                PWM_2_WritePeriod
 .text.PWM_2_WriteCompare
                0x00000d0c        0xc .\CortexM3\ARM_GCC_541\Debug\UART_FSKTx.a(PWM_2.o)
                0x00000d0c                PWM_2_WriteCompare
 .text.PWM_2_SetInterruptMode
                0x00000d18        0xc .\CortexM3\ARM_GCC_541\Debug\UART_FSKTx.a(PWM_2.o)
                0x00000d18                PWM_2_SetInterruptMode
 .text.PWM_2_ReadStatusRegister
                0x00000d24        0xc .\CortexM3\ARM_GCC_541\Debug\UART_FSKTx.a(PWM_2.o)
                0x00000d24                PWM_2_ReadStatusRegister
 .text.PWM_2_ReadCapture
                0x00000d30        0xc .\CortexM3\ARM_GCC_541\Debug\UART_FSKTx.a(PWM_2.o)
                0x00000d30                PWM_2_ReadCapture
 .text.PWM_2_ClearFIFO
                0x00000d3c       0x14 .\CortexM3\ARM_GCC_541\Debug\UART_FSKTx.a(PWM_2.o)
                0x00000d3c                PWM_2_ClearFIFO
 .text.PWM_2_Init
                0x00000d50       0x5c .\CortexM3\ARM_GCC_541\Debug\UART_FSKTx.a(PWM_2.o)
                0x00000d50                PWM_2_Init
 .text.PWM_2_Start
                0x00000dac       0x1c .\CortexM3\ARM_GCC_541\Debug\UART_FSKTx.a(PWM_2.o)
                0x00000dac                PWM_2_Start
 .text.PWM_3_Enable
                0x00000dc8       0x10 .\CortexM3\ARM_GCC_541\Debug\UART_FSKTx.a(PWM_3.o)
                0x00000dc8                PWM_3_Enable
 .text.PWM_3_WriteCounter
                0x00000dd8        0xc .\CortexM3\ARM_GCC_541\Debug\UART_FSKTx.a(PWM_3.o)
                0x00000dd8                PWM_3_WriteCounter
 .text.PWM_3_WritePeriod
                0x00000de4        0xc .\CortexM3\ARM_GCC_541\Debug\UART_FSKTx.a(PWM_3.o)
                0x00000de4                PWM_3_WritePeriod
 .text.PWM_3_WriteCompare
                0x00000df0        0xc .\CortexM3\ARM_GCC_541\Debug\UART_FSKTx.a(PWM_3.o)
                0x00000df0                PWM_3_WriteCompare
 .text.PWM_3_SetInterruptMode
                0x00000dfc        0xc .\CortexM3\ARM_GCC_541\Debug\UART_FSKTx.a(PWM_3.o)
                0x00000dfc                PWM_3_SetInterruptMode
 .text.PWM_3_ReadStatusRegister
                0x00000e08        0xc .\CortexM3\ARM_GCC_541\Debug\UART_FSKTx.a(PWM_3.o)
                0x00000e08                PWM_3_ReadStatusRegister
 .text.PWM_3_ReadCapture
                0x00000e14        0xc .\CortexM3\ARM_GCC_541\Debug\UART_FSKTx.a(PWM_3.o)
                0x00000e14                PWM_3_ReadCapture
 .text.PWM_3_ClearFIFO
                0x00000e20       0x14 .\CortexM3\ARM_GCC_541\Debug\UART_FSKTx.a(PWM_3.o)
                0x00000e20                PWM_3_ClearFIFO
 .text.PWM_3_Init
                0x00000e34       0x5c .\CortexM3\ARM_GCC_541\Debug\UART_FSKTx.a(PWM_3.o)
                0x00000e34                PWM_3_Init
 .text.PWM_3_Start
                0x00000e90       0x1c .\CortexM3\ARM_GCC_541\Debug\UART_FSKTx.a(PWM_3.o)
                0x00000e90                PWM_3_Start
 .text.SignalBase_Write
                0x00000eac       0x18 .\CortexM3\ARM_GCC_541\Debug\UART_FSKTx.a(SignalBase.o)
                0x00000eac                SignalBase_Write
 .text.UART_IntClock_Start
                0x00000ec4       0x1c .\CortexM3\ARM_GCC_541\Debug\UART_FSKTx.a(UART_IntClock.o)
                0x00000ec4                UART_IntClock_Start
 .text.CyDelay  0x00000ee0       0x2c .\CortexM3\ARM_GCC_541\Debug\UART_FSKTx.a(CyLib.o)
                0x00000ee0                CyDelay
 .text.CyDelayUs
                0x00000f0c       0x14 .\CortexM3\ARM_GCC_541\Debug\UART_FSKTx.a(CyLib.o)
                0x00000f0c                CyDelayUs
 .text          0x00000f20       0x20 .\CortexM3\ARM_GCC_541\Debug\UART_FSKTx.a(CyBootAsmGnu.o)
                0x00000f20                CyDelayCycles
                0x00000f30                CyEnterCriticalSection
                0x00000f38                CyExitCriticalSection
 .text.__errno  0x00000f40        0xc c:/program files (x86)/cypress/psoc creator/4.1/psoc creator/import/gnu/arm/5.4.1/bin/../lib/gcc/arm-none-eabi/5.4.1/../../../../arm-none-eabi/lib/armv7-m\libg_nano.a(lib_a-errno.o)
                0x00000f40                __errno
 .text.__libc_init_array
                0x00000f4c       0x4c c:/program files (x86)/cypress/psoc creator/4.1/psoc creator/import/gnu/arm/5.4.1/bin/../lib/gcc/arm-none-eabi/5.4.1/../../../../arm-none-eabi/lib/armv7-m\libg_nano.a(lib_a-init.o)
                0x00000f4c                __libc_init_array
 .text.memcpy   0x00000f98       0x16 c:/program files (x86)/cypress/psoc creator/4.1/psoc creator/import/gnu/arm/5.4.1/bin/../lib/gcc/arm-none-eabi/5.4.1/../../../../arm-none-eabi/lib/armv7-m\libg_nano.a(lib_a-memcpy-stub.o)
                0x00000f98                memcpy
 .text.memset   0x00000fae       0x10 c:/program files (x86)/cypress/psoc creator/4.1/psoc creator/import/gnu/arm/5.4.1/bin/../lib/gcc/arm-none-eabi/5.4.1/../../../../arm-none-eabi/lib/armv7-m\libg_nano.a(lib_a-memset.o)
                0x00000fae                memset
 *fill*         0x00000fbe        0x2 
 .text.sprintf  0x00000fc0       0x48 c:/program files (x86)/cypress/psoc creator/4.1/psoc creator/import/gnu/arm/5.4.1/bin/../lib/gcc/arm-none-eabi/5.4.1/../../../../arm-none-eabi/lib/armv7-m\libg_nano.a(lib_a-sprintf.o)
                0x00000fc0                siprintf
                0x00000fc0                sprintf
 .text.__ssputs_r
                0x00001008       0xb2 c:/program files (x86)/cypress/psoc creator/4.1/psoc creator/import/gnu/arm/5.4.1/bin/../lib/gcc/arm-none-eabi/5.4.1/../../../../arm-none-eabi/lib/armv7-m\libg_nano.a(lib_a-nano-svfprintf.o)
                0x00001008                __ssputs_r
 *fill*         0x000010ba        0x2 
 .text._svfprintf_r
                0x000010bc      0x1e8 c:/program files (x86)/cypress/psoc creator/4.1/psoc creator/import/gnu/arm/5.4.1/bin/../lib/gcc/arm-none-eabi/5.4.1/../../../../arm-none-eabi/lib/armv7-m\libg_nano.a(lib_a-nano-svfprintf.o)
                0x000010bc                _svfiprintf_r
                0x000010bc                _svfprintf_r
 .text._printf_common
                0x000012a4       0xec c:/program files (x86)/cypress/psoc creator/4.1/psoc creator/import/gnu/arm/5.4.1/bin/../lib/gcc/arm-none-eabi/5.4.1/../../../../arm-none-eabi/lib/armv7-m\libg_nano.a(lib_a-nano-vfprintf_i.o)
                0x000012a4                _printf_common
 .text._printf_i
                0x00001390      0x24c c:/program files (x86)/cypress/psoc creator/4.1/psoc creator/import/gnu/arm/5.4.1/bin/../lib/gcc/arm-none-eabi/5.4.1/../../../../arm-none-eabi/lib/armv7-m\libg_nano.a(lib_a-nano-vfprintf_i.o)
                0x00001390                _printf_i
 .text.memchr   0x000015dc       0x1c c:/program files (x86)/cypress/psoc creator/4.1/psoc creator/import/gnu/arm/5.4.1/bin/../lib/gcc/arm-none-eabi/5.4.1/../../../../arm-none-eabi/lib/armv7-m\libg_nano.a(lib_a-memchr-stub.o)
                0x000015dc                memchr
 .text.memmove  0x000015f8       0x36 c:/program files (x86)/cypress/psoc creator/4.1/psoc creator/import/gnu/arm/5.4.1/bin/../lib/gcc/arm-none-eabi/5.4.1/../../../../arm-none-eabi/lib/armv7-m\libg_nano.a(lib_a-memmove.o)
                0x000015f8                memmove
 *fill*         0x0000162e        0x2 
 .text._free_r  0x00001630       0x98 c:/program files (x86)/cypress/psoc creator/4.1/psoc creator/import/gnu/arm/5.4.1/bin/../lib/gcc/arm-none-eabi/5.4.1/../../../../arm-none-eabi/lib/armv7-m\libg_nano.a(lib_a-nano-freer.o)
                0x00001630                _free_r
 .text._malloc_r
                0x000016c8       0xbc c:/program files (x86)/cypress/psoc creator/4.1/psoc creator/import/gnu/arm/5.4.1/bin/../lib/gcc/arm-none-eabi/5.4.1/../../../../arm-none-eabi/lib/armv7-m\libg_nano.a(lib_a-nano-mallocr.o)
                0x000016c8                _malloc_r
 .text._realloc_r
                0x00001784       0x4c c:/program files (x86)/cypress/psoc creator/4.1/psoc creator/import/gnu/arm/5.4.1/bin/../lib/gcc/arm-none-eabi/5.4.1/../../../../arm-none-eabi/lib/armv7-m\libg_nano.a(lib_a-nano-reallocr.o)
                0x00001784                _realloc_r
 .text._sbrk_r  0x000017d0       0x20 c:/program files (x86)/cypress/psoc creator/4.1/psoc creator/import/gnu/arm/5.4.1/bin/../lib/gcc/arm-none-eabi/5.4.1/../../../../arm-none-eabi/lib/armv7-m\libg_nano.a(lib_a-sbrkr.o)
                0x000017d0                _sbrk_r
 .text.__malloc_lock
                0x000017f0        0x2 c:/program files (x86)/cypress/psoc creator/4.1/psoc creator/import/gnu/arm/5.4.1/bin/../lib/gcc/arm-none-eabi/5.4.1/../../../../arm-none-eabi/lib/armv7-m\libg_nano.a(lib_a-mlock.o)
                0x000017f0                __malloc_lock
 .text.__malloc_unlock
                0x000017f2        0x2 c:/program files (x86)/cypress/psoc creator/4.1/psoc creator/import/gnu/arm/5.4.1/bin/../lib/gcc/arm-none-eabi/5.4.1/../../../../arm-none-eabi/lib/armv7-m\libg_nano.a(lib_a-mlock.o)
                0x000017f2                __malloc_unlock
 .text._malloc_usable_size_r
                0x000017f4       0x14 c:/program files (x86)/cypress/psoc creator/4.1/psoc creator/import/gnu/arm/5.4.1/bin/../lib/gcc/arm-none-eabi/5.4.1/../../../../arm-none-eabi/lib/armv7-m\libg_nano.a(lib_a-nano-msizer.o)
                0x000017f4                _malloc_usable_size_r
 *(.plt)
 *(.gnu.warning)
 *(.glue_7t)
 .glue_7t       0x00001808        0x0 linker stubs
 *(.glue_7)
 .glue_7        0x00001808        0x0 linker stubs
 *(.vfp11_veneer)
 .vfp11_veneer  0x00001808        0x0 linker stubs
 *(.bootloader)
 *(.ARM.extab* .gnu.linkonce.armextab.*)
 *(.gcc_except_table)

.v4_bx          0x00001808        0x0
 .v4_bx         0x00001808        0x0 linker stubs

.iplt           0x00001808        0x0
 .iplt          0x00001808        0x0 c:/program files (x86)/cypress/psoc creator/4.1/psoc creator/import/gnu/arm/5.4.1/bin/../lib/gcc/arm-none-eabi/5.4.1/armv7-m/crtbegin.o

.eh_frame_hdr
 *(.eh_frame_hdr)

.eh_frame       0x00001808        0x4
 *(.eh_frame)
 .eh_frame      0x00001808        0x0 c:/program files (x86)/cypress/psoc creator/4.1/psoc creator/import/gnu/arm/5.4.1/bin/../lib/gcc/arm-none-eabi/5.4.1/armv7-m/crtbegin.o
 .eh_frame      0x00001808        0x4 c:/program files (x86)/cypress/psoc creator/4.1/psoc creator/import/gnu/arm/5.4.1/bin/../lib/gcc/arm-none-eabi/5.4.1/armv7-m/crtend.o
                [!provide]                PROVIDE (__exidx_start, .)

.ARM.exidx
 *(.ARM.exidx* .gnu.linkonce.armexidx.*)
                0x0000180c                __exidx_end = .

.rodata         0x0000180c       0xdc
 *(.rodata .rodata.* .gnu.linkonce.r.*)
 .rodata.str1.4
                0x0000180c       0x3c .\CortexM3\ARM_GCC_541\Debug\main.o
                                 0x3a (size before relaxing)
 .rodata        0x00001848       0x36 .\CortexM3\ARM_GCC_541\Debug\cyfitter_cfg.o
 .rodata.str1.1
                0x0000187e        0x2 c:/program files (x86)/cypress/psoc creator/4.1/psoc creator/import/gnu/arm/5.4.1/bin/../lib/gcc/arm-none-eabi/5.4.1/../../../../arm-none-eabi/lib/armv7-m\libg_nano.a(lib_a-impure.o)
 .rodata.str1.1
                0x00001880       0x11 c:/program files (x86)/cypress/psoc creator/4.1/psoc creator/import/gnu/arm/5.4.1/bin/../lib/gcc/arm-none-eabi/5.4.1/../../../../arm-none-eabi/lib/armv7-m\libg_nano.a(lib_a-nano-svfprintf.o)
 .rodata.str1.1
                0x00001891       0x22 c:/program files (x86)/cypress/psoc creator/4.1/psoc creator/import/gnu/arm/5.4.1/bin/../lib/gcc/arm-none-eabi/5.4.1/../../../../arm-none-eabi/lib/armv7-m\libg_nano.a(lib_a-nano-vfprintf_i.o)
                0x000018b4                . = ALIGN (0x4)
 *fill*         0x000018b3        0x1 
 *(.init)
 .init          0x000018b4        0x4 c:/program files (x86)/cypress/psoc creator/4.1/psoc creator/import/gnu/arm/5.4.1/bin/../lib/gcc/arm-none-eabi/5.4.1/armv7-m/crti.o
                0x000018b4                _init
 .init          0x000018b8        0x8 c:/program files (x86)/cypress/psoc creator/4.1/psoc creator/import/gnu/arm/5.4.1/bin/../lib/gcc/arm-none-eabi/5.4.1/armv7-m/crtn.o
                0x000018c0                . = ALIGN (0x4)
                0x000018c0                __preinit_array_start = .
 *(.preinit_array)
                0x000018c0                __preinit_array_end = .
                0x000018c0                . = ALIGN (0x4)
                0x000018c0                __init_array_start = .
 *(SORT(.init_array.*))
 *(.init_array)
 .init_array    0x000018c0        0x4 c:/program files (x86)/cypress/psoc creator/4.1/psoc creator/import/gnu/arm/5.4.1/bin/../lib/gcc/arm-none-eabi/5.4.1/armv7-m/crtbegin.o
 .init_array    0x000018c4        0x4 .\CortexM3\ARM_GCC_541\Debug\Cm3Start.o
                0x000018c8                __init_array_end = .
                0x000018c8                . = ALIGN (0x4)
 *(.fini)
 .fini          0x000018c8        0x4 c:/program files (x86)/cypress/psoc creator/4.1/psoc creator/import/gnu/arm/5.4.1/bin/../lib/gcc/arm-none-eabi/5.4.1/armv7-m/crti.o
                0x000018c8                _fini
 .fini          0x000018cc        0x8 c:/program files (x86)/cypress/psoc creator/4.1/psoc creator/import/gnu/arm/5.4.1/bin/../lib/gcc/arm-none-eabi/5.4.1/armv7-m/crtn.o
                0x000018d4                . = ALIGN (0x4)
                0x000018d4                __fini_array_start = .
 *(.fini_array)
 .fini_array    0x000018d4        0x4 c:/program files (x86)/cypress/psoc creator/4.1/psoc creator/import/gnu/arm/5.4.1/bin/../lib/gcc/arm-none-eabi/5.4.1/armv7-m/crtbegin.o
 *(SORT(.fini_array.*))
                0x000018d8                __fini_array_end = .
                0x000018d8                . = ALIGN (0x4)
 *crtbegin.o(.ctors)
 *(EXCLUDE_FILE(*crtend.o) .ctors)
 *(SORT(.ctors.*))
 *crtend.o(.ctors)
                0x000018d8                . = ALIGN (0x4)
 *crtbegin.o(.dtors)
 *(EXCLUDE_FILE(*crtend.o) .dtors)
 *(SORT(.dtors.*))
 *crtend.o(.dtors)
                0x000018d8                . = ALIGN (0x4)
                0x000018d8                __cy_regions = .
                0x000018d8        0x4 LONG 0x18e8 __cy_region_init_ram
                0x000018dc        0x4 LONG 0x1fff80c8 __cy_region_start_data
                0x000018e0        0x4 LONG 0x90 __cy_region_init_size_ram
                0x000018e4        0x4 LONG 0x70 __cy_region_zero_size_ram
                0x000018e8                __cy_regions_end = .
                0x000018e8                . = ALIGN (0x8)
                0x000018e8                _etext = .

.cy_checksum_exclude
                0x000018e8        0x0
 *(.cy_checksum_exclude)

.ramvectors     0x1fff8000       0xc0
                0x1fff8000                __cy_region_start_ram = .
 *(.ramvectors)
 .ramvectors    0x1fff8000       0xc0 .\CortexM3\ARM_GCC_541\Debug\Cm3Start.o
                0x1fff8000                CyRamVectors

.noinit         0x1fff80c0        0x1
 *(.noinit)
 .noinit        0x1fff80c0        0x1 .\CortexM3\ARM_GCC_541\Debug\UART_FSKTx.a(CyLib.o)
                0x1fff80c0                CyResetStatus

.data           0x1fff80c8       0x90 load address 0x000018e8
                0x1fff80c8                __cy_region_start_data = .
 *(.jcr)
 .jcr           0x1fff80c8        0x0 c:/program files (x86)/cypress/psoc creator/4.1/psoc creator/import/gnu/arm/5.4.1/bin/../lib/gcc/arm-none-eabi/5.4.1/armv7-m/crtbegin.o
 .jcr           0x1fff80c8        0x4 c:/program files (x86)/cypress/psoc creator/4.1/psoc creator/import/gnu/arm/5.4.1/bin/../lib/gcc/arm-none-eabi/5.4.1/armv7-m/crtend.o
 *(.got.plt)
 *(.got)
 *(.shdata)
 *(.data .data.* .gnu.linkonce.d.*)
 .data          0x1fff80cc       0x10 .\CortexM3\ARM_GCC_541\Debug\main.o
                0x1fff80d0                crabsToSend
                0x1fff80d8                i
 .data          0x1fff80dc        0x4 .\CortexM3\ARM_GCC_541\Debug\Cm3Start.o
 .data          0x1fff80e0       0x10 .\CortexM3\ARM_GCC_541\Debug\UART_FSKTx.a(CyLib.o)
                0x1fff80e0                cydelay_32k_ms
                0x1fff80e4                cydelay_freq_khz
                0x1fff80e8                cydelay_freq_mhz
                0x1fff80ec                cydelay_freq_hz
 .data.impure_data
                0x1fff80f0       0x60 c:/program files (x86)/cypress/psoc creator/4.1/psoc creator/import/gnu/arm/5.4.1/bin/../lib/gcc/arm-none-eabi/5.4.1/../../../../arm-none-eabi/lib/armv7-m\libg_nano.a(lib_a-impure.o)
 .data._impure_ptr
                0x1fff8150        0x4 c:/program files (x86)/cypress/psoc creator/4.1/psoc creator/import/gnu/arm/5.4.1/bin/../lib/gcc/arm-none-eabi/5.4.1/../../../../arm-none-eabi/lib/armv7-m\libg_nano.a(lib_a-impure.o)
                0x1fff8150                _impure_ptr
                0x1fff8158                . = ALIGN (0x8)
 *fill*         0x1fff8154        0x4 
 *(.ram)
                0x1fff8158                _edata = .

.igot.plt       0x1fff8158        0x0 load address 0x00001978
 .igot.plt      0x1fff8158        0x0 c:/program files (x86)/cypress/psoc creator/4.1/psoc creator/import/gnu/arm/5.4.1/bin/../lib/gcc/arm-none-eabi/5.4.1/armv7-m/crtbegin.o

.bss            0x1fff8158       0x70 load address 0x00001978
                0x1fff8158                PROVIDE (__bss_start__, .)
 *(.shbss)
 *(.bss .bss.* .gnu.linkonce.b.*)
 .bss           0x1fff8158       0x1c c:/program files (x86)/cypress/psoc creator/4.1/psoc creator/import/gnu/arm/5.4.1/bin/../lib/gcc/arm-none-eabi/5.4.1/armv7-m/crtbegin.o
 .bss           0x1fff8174       0x10 .\CortexM3\ARM_GCC_541\Debug\main.o
                0x1fff817c                newDataflag
                0x1fff817d                errorStatus
                0x1fff8180                error
 .bss           0x1fff8184        0x2 .\CortexM3\ARM_GCC_541\Debug\UART_FSKTx.a(UART.o)
                0x1fff8184                UART_initVar
 .bss           0x1fff8186        0x1 .\CortexM3\ARM_GCC_541\Debug\UART_FSKTx.a(PWM_Modulator.o)
                0x1fff8186                PWM_Modulator_initVar
 .bss           0x1fff8187        0x2 .\CortexM3\ARM_GCC_541\Debug\UART_FSKTx.a(LCD.o)
                0x1fff8187                LCD_enableState
                0x1fff8188                LCD_initVar
 .bss           0x1fff8189        0x1 .\CortexM3\ARM_GCC_541\Debug\UART_FSKTx.a(PWM_Switch_Timer.o)
                0x1fff8189                PWM_Switch_Timer_initVar
 .bss           0x1fff818a        0x1 .\CortexM3\ARM_GCC_541\Debug\UART_FSKTx.a(PWM_1.o)
                0x1fff818a                PWM_1_initVar
 .bss           0x1fff818b        0x1 .\CortexM3\ARM_GCC_541\Debug\UART_FSKTx.a(PWM_2.o)
                0x1fff818b                PWM_2_initVar
 .bss           0x1fff818c        0x1 .\CortexM3\ARM_GCC_541\Debug\UART_FSKTx.a(PWM_3.o)
                0x1fff818c                PWM_3_initVar
 *fill*         0x1fff818d        0x3 
 .bss.__malloc_sbrk_start
                0x1fff8190        0x4 c:/program files (x86)/cypress/psoc creator/4.1/psoc creator/import/gnu/arm/5.4.1/bin/../lib/gcc/arm-none-eabi/5.4.1/../../../../arm-none-eabi/lib/armv7-m\libg_nano.a(lib_a-nano-mallocr.o)
                0x1fff8190                __malloc_sbrk_start
 .bss.__malloc_free_list
                0x1fff8194        0x4 c:/program files (x86)/cypress/psoc creator/4.1/psoc creator/import/gnu/arm/5.4.1/bin/../lib/gcc/arm-none-eabi/5.4.1/../../../../arm-none-eabi/lib/armv7-m\libg_nano.a(lib_a-nano-mallocr.o)
                0x1fff8194                __malloc_free_list
 *(COMMON)
 COMMON         0x1fff8198       0x2a .\CortexM3\ARM_GCC_541\Debug\main.o
                0x1fff8198                lineStr
                0x1fff81ac                data
                0x1fff81c0                count
 *fill*         0x1fff81c2        0x2 
 COMMON         0x1fff81c4        0x4 c:/program files (x86)/cypress/psoc creator/4.1/psoc creator/import/gnu/arm/5.4.1/bin/../lib/gcc/arm-none-eabi/5.4.1/../../../../arm-none-eabi/lib/armv7-m\libg_nano.a(lib_a-reent.o)
                0x1fff81c4                errno
                0x1fff81c8                . = ALIGN (0x8)
 *(.ram.b)
                0x1fff81c8                _end = .
                0x1fff81c8                __end = .
                0x1fff81c8                PROVIDE (end, .)
                0x1fff81c8                PROVIDE (__bss_end__, .)
                0x000018e8                __cy_region_init_ram = LOADADDR (.data)
                0x00000090                __cy_region_init_size_ram = (_edata - ADDR (.data))
                0x00000070                __cy_region_zero_size_ram = (_end - _edata)

.heap           0x1fff81c8      0x300 load address 0x00001978
                0x1fff81c8                . = _end
                0x1fff84c8                . = (. + 0x300)
 *fill*         0x1fff81c8      0x300 
                0x1fff84c8                __cy_heap_limit = .

.stack          0x20007800      0x800
                0x20007800                __cy_stack_limit = .
                0x20008000                . = (. + 0x800)
 *fill*         0x20007800      0x800 
                0x00000001                ASSERT ((__cy_stack_limit >= __cy_heap_limit), region RAM overflowed with stack)
                0x00000000                cy_checksum_exclude_size = (CY_APPL_LOADABLE == 0x1)?SIZEOF (.cy_checksum_exclude):0x0
                0x00000001                ASSERT ((cy_checksum_exclude_size <= CY_CHECKSUM_EXCLUDE_SIZE), CY_BOOT: Section .cy_checksum_exclude size exceedes specified limit.)

.cyloadermeta
 *(.cyloadermeta)

.cyloadablemeta
 *(.cyloadablemeta)

.cyconfigecc    0x80000000      0x764
 *(.cyconfigecc)
 .cyconfigecc   0x80000000      0x764 .\CortexM3\ARM_GCC_541\Debug\cymetadata.o
                0x80000000                cy_meta_configecc

.cycustnvl      0x90000000        0x4
 *(.cycustnvl)
 .cycustnvl     0x90000000        0x4 .\CortexM3\ARM_GCC_541\Debug\cymetadata.o
                0x90000000                cy_meta_custnvl

.cywolatch      0x90100000        0x4
 *(.cywolatch)
 .cywolatch     0x90100000        0x4 .\CortexM3\ARM_GCC_541\Debug\cymetadata.o
                0x90100000                cy_meta_wonvl

.cyeeprom       0x90200000        0x0
 *(.cyeeprom)
                0x00000001                ASSERT ((. <= ((0x90200000 + ee_offset) + ee_size)), .cyeeprom data will not fit in EEPROM)

.cyflashprotect
                0x90400000      0x100
 *(.cyflashprotect)
 .cyflashprotect
                0x90400000      0x100 .\CortexM3\ARM_GCC_541\Debug\cymetadata.o
                0x90400000                cy_meta_flashprotect

.cymeta         0x90500000        0xc
 *(.cymeta)
 .cymeta        0x90500000        0xc .\CortexM3\ARM_GCC_541\Debug\cymetadata.o
                0x90500000                cy_metadata

.rel.dyn        0x00001978        0x0 load address 0x9050000c
 .rel.iplt      0x00001978        0x0 c:/program files (x86)/cypress/psoc creator/4.1/psoc creator/import/gnu/arm/5.4.1/bin/../lib/gcc/arm-none-eabi/5.4.1/armv7-m/crtbegin.o

.stab
 *(.stab)

.stabstr
 *(.stabstr)

.debug
 *(.debug)

.line
 *(.line)

.debug_srcinfo
 *(.debug_srcinfo)

.debug_sfnames
 *(.debug_sfnames)

.debug_aranges  0x00000000      0xc28
 *(.debug_aranges)
 .debug_aranges
                0x00000000       0x40 .\CortexM3\ARM_GCC_541\Debug\main.o
 .debug_aranges
                0x00000040       0x58 .\CortexM3\ARM_GCC_541\Debug\cyfitter_cfg.o
 .debug_aranges
                0x00000098       0x18 .\CortexM3\ARM_GCC_541\Debug\cymetadata.o
 .debug_aranges
                0x000000b0       0x48 .\CortexM3\ARM_GCC_541\Debug\Cm3Start.o
 .debug_aranges
                0x000000f8       0xf0 .\CortexM3\ARM_GCC_541\Debug\UART_FSKTx.a(UART.o)
 .debug_aranges
                0x000001e8       0x98 .\CortexM3\ARM_GCC_541\Debug\UART_FSKTx.a(PWM_Modulator.o)
 .debug_aranges
                0x00000280       0x98 .\CortexM3\ARM_GCC_541\Debug\UART_FSKTx.a(LCD.o)
 .debug_aranges
                0x00000318       0x90 .\CortexM3\ARM_GCC_541\Debug\UART_FSKTx.a(PWM_Switch_Timer.o)
 .debug_aranges
                0x000003a8       0x80 .\CortexM3\ARM_GCC_541\Debug\UART_FSKTx.a(isr_rx.o)
 .debug_aranges
                0x00000428       0x80 .\CortexM3\ARM_GCC_541\Debug\UART_FSKTx.a(isr_sec.o)
 .debug_aranges
                0x000004a8       0x38 .\CortexM3\ARM_GCC_541\Debug\UART_FSKTx.a(HighVoltage.o)
 .debug_aranges
                0x000004e0       0x98 .\CortexM3\ARM_GCC_541\Debug\UART_FSKTx.a(PWM_1.o)
 .debug_aranges
                0x00000578       0x98 .\CortexM3\ARM_GCC_541\Debug\UART_FSKTx.a(PWM_2.o)
 .debug_aranges
                0x00000610       0x98 .\CortexM3\ARM_GCC_541\Debug\UART_FSKTx.a(PWM_3.o)
 .debug_aranges
                0x000006a8       0x38 .\CortexM3\ARM_GCC_541\Debug\UART_FSKTx.a(SignalBase.o)
 .debug_aranges
                0x000006e0       0x70 .\CortexM3\ARM_GCC_541\Debug\UART_FSKTx.a(UART_IntClock.o)
 .debug_aranges
                0x00000750      0x2a8 .\CortexM3\ARM_GCC_541\Debug\UART_FSKTx.a(CyLib.o)
 .debug_aranges
                0x000009f8       0x98 .\CortexM3\ARM_GCC_541\Debug\UART_FSKTx.a(cyPm.o)
 .debug_aranges
                0x00000a90       0x20 .\CortexM3\ARM_GCC_541\Debug\UART_FSKTx.a(CyBootAsmGnu.o)
 .debug_aranges
                0x00000ab0       0x80 .\CortexM3\ARM_GCC_541\Debug\UART_FSKTx.a(CyScBoostClk.o)
 .debug_aranges
                0x00000b30       0x80 .\CortexM3\ARM_GCC_541\Debug\UART_FSKTx.a(CyFlash.o)
 .debug_aranges
                0x00000bb0       0x78 .\CortexM3\ARM_GCC_541\Debug\UART_FSKTx.a(CySpc.o)

.debug_pubnames
 *(.debug_pubnames)

.debug_info     0x00000000     0x6535
 *(.debug_info .gnu.linkonce.wi.*)
 .debug_info    0x00000000      0x6d9 .\CortexM3\ARM_GCC_541\Debug\main.o
 .debug_info    0x000006d9      0x5de .\CortexM3\ARM_GCC_541\Debug\cyfitter_cfg.o
 .debug_info    0x00000cb7      0x139 .\CortexM3\ARM_GCC_541\Debug\cymetadata.o
 .debug_info    0x00000df0      0x3bb .\CortexM3\ARM_GCC_541\Debug\Cm3Start.o
 .debug_info    0x000011ab      0x60c .\CortexM3\ARM_GCC_541\Debug\UART_FSKTx.a(UART.o)
 .debug_info    0x000017b7      0x334 .\CortexM3\ARM_GCC_541\Debug\UART_FSKTx.a(PWM_Modulator.o)
 .debug_info    0x00001aeb      0x715 .\CortexM3\ARM_GCC_541\Debug\UART_FSKTx.a(LCD.o)
 .debug_info    0x00002200      0x2f0 .\CortexM3\ARM_GCC_541\Debug\UART_FSKTx.a(PWM_Switch_Timer.o)
 .debug_info    0x000024f0      0x2d2 .\CortexM3\ARM_GCC_541\Debug\UART_FSKTx.a(isr_rx.o)
 .debug_info    0x000027c2      0x2d2 .\CortexM3\ARM_GCC_541\Debug\UART_FSKTx.a(isr_sec.o)
 .debug_info    0x00002a94      0x11f .\CortexM3\ARM_GCC_541\Debug\UART_FSKTx.a(HighVoltage.o)
 .debug_info    0x00002bb3      0x351 .\CortexM3\ARM_GCC_541\Debug\UART_FSKTx.a(PWM_1.o)
 .debug_info    0x00002f04      0x34e .\CortexM3\ARM_GCC_541\Debug\UART_FSKTx.a(PWM_2.o)
 .debug_info    0x00003252      0x34e .\CortexM3\ARM_GCC_541\Debug\UART_FSKTx.a(PWM_3.o)
 .debug_info    0x000035a0      0x11f .\CortexM3\ARM_GCC_541\Debug\UART_FSKTx.a(SignalBase.o)
 .debug_info    0x000036bf      0x283 .\CortexM3\ARM_GCC_541\Debug\UART_FSKTx.a(UART_IntClock.o)
 .debug_info    0x00003942     0x13d4 .\CortexM3\ARM_GCC_541\Debug\UART_FSKTx.a(CyLib.o)
 .debug_info    0x00004d16      0xa2a .\CortexM3\ARM_GCC_541\Debug\UART_FSKTx.a(cyPm.o)
 .debug_info    0x00005740       0x90 .\CortexM3\ARM_GCC_541\Debug\UART_FSKTx.a(CyBootAsmGnu.o)
 .debug_info    0x000057d0      0x2c4 .\CortexM3\ARM_GCC_541\Debug\UART_FSKTx.a(CyScBoostClk.o)
 .debug_info    0x00005a94      0x5b8 .\CortexM3\ARM_GCC_541\Debug\UART_FSKTx.a(CyFlash.o)
 .debug_info    0x0000604c      0x4e9 .\CortexM3\ARM_GCC_541\Debug\UART_FSKTx.a(CySpc.o)

.debug_abbrev   0x00000000     0x1c99
 *(.debug_abbrev)
 .debug_abbrev  0x00000000      0x1cb .\CortexM3\ARM_GCC_541\Debug\main.o
 .debug_abbrev  0x000001cb      0x20d .\CortexM3\ARM_GCC_541\Debug\cyfitter_cfg.o
 .debug_abbrev  0x000003d8       0x77 .\CortexM3\ARM_GCC_541\Debug\cymetadata.o
 .debug_abbrev  0x0000044f      0x1e8 .\CortexM3\ARM_GCC_541\Debug\Cm3Start.o
 .debug_abbrev  0x00000637      0x175 .\CortexM3\ARM_GCC_541\Debug\UART_FSKTx.a(UART.o)
 .debug_abbrev  0x000007ac      0x133 .\CortexM3\ARM_GCC_541\Debug\UART_FSKTx.a(PWM_Modulator.o)
 .debug_abbrev  0x000008df      0x157 .\CortexM3\ARM_GCC_541\Debug\UART_FSKTx.a(LCD.o)
 .debug_abbrev  0x00000a36      0x12b .\CortexM3\ARM_GCC_541\Debug\UART_FSKTx.a(PWM_Switch_Timer.o)
 .debug_abbrev  0x00000b61      0x173 .\CortexM3\ARM_GCC_541\Debug\UART_FSKTx.a(isr_rx.o)
 .debug_abbrev  0x00000cd4      0x173 .\CortexM3\ARM_GCC_541\Debug\UART_FSKTx.a(isr_sec.o)
 .debug_abbrev  0x00000e47       0x90 .\CortexM3\ARM_GCC_541\Debug\UART_FSKTx.a(HighVoltage.o)
 .debug_abbrev  0x00000ed7      0x133 .\CortexM3\ARM_GCC_541\Debug\UART_FSKTx.a(PWM_1.o)
 .debug_abbrev  0x0000100a      0x133 .\CortexM3\ARM_GCC_541\Debug\UART_FSKTx.a(PWM_2.o)
 .debug_abbrev  0x0000113d      0x133 .\CortexM3\ARM_GCC_541\Debug\UART_FSKTx.a(PWM_3.o)
 .debug_abbrev  0x00001270       0x90 .\CortexM3\ARM_GCC_541\Debug\UART_FSKTx.a(SignalBase.o)
 .debug_abbrev  0x00001300      0x139 .\CortexM3\ARM_GCC_541\Debug\UART_FSKTx.a(UART_IntClock.o)
 .debug_abbrev  0x00001439      0x254 .\CortexM3\ARM_GCC_541\Debug\UART_FSKTx.a(CyLib.o)
 .debug_abbrev  0x0000168d      0x1ab .\CortexM3\ARM_GCC_541\Debug\UART_FSKTx.a(cyPm.o)
 .debug_abbrev  0x00001838       0x14 .\CortexM3\ARM_GCC_541\Debug\UART_FSKTx.a(CyBootAsmGnu.o)
 .debug_abbrev  0x0000184c      0x121 .\CortexM3\ARM_GCC_541\Debug\UART_FSKTx.a(CyScBoostClk.o)
 .debug_abbrev  0x0000196d      0x198 .\CortexM3\ARM_GCC_541\Debug\UART_FSKTx.a(CyFlash.o)
 .debug_abbrev  0x00001b05      0x194 .\CortexM3\ARM_GCC_541\Debug\UART_FSKTx.a(CySpc.o)

.debug_line     0x00000000     0x2be7
 *(.debug_line)
 .debug_line    0x00000000      0x346 .\CortexM3\ARM_GCC_541\Debug\main.o
 .debug_line    0x00000346      0x1fe .\CortexM3\ARM_GCC_541\Debug\cyfitter_cfg.o
 .debug_line    0x00000544      0x141 .\CortexM3\ARM_GCC_541\Debug\cymetadata.o
 .debug_line    0x00000685      0x234 .\CortexM3\ARM_GCC_541\Debug\Cm3Start.o
 .debug_line    0x000008b9      0x2bc .\CortexM3\ARM_GCC_541\Debug\UART_FSKTx.a(UART.o)
 .debug_line    0x00000b75      0x18d .\CortexM3\ARM_GCC_541\Debug\UART_FSKTx.a(PWM_Modulator.o)
 .debug_line    0x00000d02      0x1dc .\CortexM3\ARM_GCC_541\Debug\UART_FSKTx.a(LCD.o)
 .debug_line    0x00000ede      0x17b .\CortexM3\ARM_GCC_541\Debug\UART_FSKTx.a(PWM_Switch_Timer.o)
 .debug_line    0x00001059      0x133 .\CortexM3\ARM_GCC_541\Debug\UART_FSKTx.a(isr_rx.o)
 .debug_line    0x0000118c      0x134 .\CortexM3\ARM_GCC_541\Debug\UART_FSKTx.a(isr_sec.o)
 .debug_line    0x000012c0       0x98 .\CortexM3\ARM_GCC_541\Debug\UART_FSKTx.a(HighVoltage.o)
 .debug_line    0x00001358      0x188 .\CortexM3\ARM_GCC_541\Debug\UART_FSKTx.a(PWM_1.o)
 .debug_line    0x000014e0      0x188 .\CortexM3\ARM_GCC_541\Debug\UART_FSKTx.a(PWM_2.o)
 .debug_line    0x00001668      0x188 .\CortexM3\ARM_GCC_541\Debug\UART_FSKTx.a(PWM_3.o)
 .debug_line    0x000017f0       0x97 .\CortexM3\ARM_GCC_541\Debug\UART_FSKTx.a(SignalBase.o)
 .debug_line    0x00001887      0x17c .\CortexM3\ARM_GCC_541\Debug\UART_FSKTx.a(UART_IntClock.o)
 .debug_line    0x00001a03      0x854 .\CortexM3\ARM_GCC_541\Debug\UART_FSKTx.a(CyLib.o)
 .debug_line    0x00002257      0x367 .\CortexM3\ARM_GCC_541\Debug\UART_FSKTx.a(cyPm.o)
 .debug_line    0x000025be       0x66 .\CortexM3\ARM_GCC_541\Debug\UART_FSKTx.a(CyBootAsmGnu.o)
 .debug_line    0x00002624      0x19e .\CortexM3\ARM_GCC_541\Debug\UART_FSKTx.a(CyScBoostClk.o)
 .debug_line    0x000027c2      0x1e9 .\CortexM3\ARM_GCC_541\Debug\UART_FSKTx.a(CyFlash.o)
 .debug_line    0x000029ab      0x23c .\CortexM3\ARM_GCC_541\Debug\UART_FSKTx.a(CySpc.o)

.debug_frame    0x00000000     0x20d4
 *(.debug_frame)
 .debug_frame   0x00000000       0x80 .\CortexM3\ARM_GCC_541\Debug\main.o
 .debug_frame   0x00000080       0xe4 .\CortexM3\ARM_GCC_541\Debug\cyfitter_cfg.o
 .debug_frame   0x00000164       0xb8 .\CortexM3\ARM_GCC_541\Debug\Cm3Start.o
 .debug_frame   0x0000021c      0x250 .\CortexM3\ARM_GCC_541\Debug\UART_FSKTx.a(UART.o)
 .debug_frame   0x0000046c      0x134 .\CortexM3\ARM_GCC_541\Debug\UART_FSKTx.a(PWM_Modulator.o)
 .debug_frame   0x000005a0      0x1e8 .\CortexM3\ARM_GCC_541\Debug\UART_FSKTx.a(LCD.o)
 .debug_frame   0x00000788      0x124 .\CortexM3\ARM_GCC_541\Debug\UART_FSKTx.a(PWM_Switch_Timer.o)
 .debug_frame   0x000008ac      0x104 .\CortexM3\ARM_GCC_541\Debug\UART_FSKTx.a(isr_rx.o)
 .debug_frame   0x000009b0      0x104 .\CortexM3\ARM_GCC_541\Debug\UART_FSKTx.a(isr_sec.o)
 .debug_frame   0x00000ab4       0x50 .\CortexM3\ARM_GCC_541\Debug\UART_FSKTx.a(HighVoltage.o)
 .debug_frame   0x00000b04      0x134 .\CortexM3\ARM_GCC_541\Debug\UART_FSKTx.a(PWM_1.o)
 .debug_frame   0x00000c38      0x134 .\CortexM3\ARM_GCC_541\Debug\UART_FSKTx.a(PWM_2.o)
 .debug_frame   0x00000d6c      0x134 .\CortexM3\ARM_GCC_541\Debug\UART_FSKTx.a(PWM_3.o)
 .debug_frame   0x00000ea0       0x50 .\CortexM3\ARM_GCC_541\Debug\UART_FSKTx.a(SignalBase.o)
 .debug_frame   0x00000ef0       0xe0 .\CortexM3\ARM_GCC_541\Debug\UART_FSKTx.a(UART_IntClock.o)
 .debug_frame   0x00000fd0      0x754 .\CortexM3\ARM_GCC_541\Debug\UART_FSKTx.a(CyLib.o)
 .debug_frame   0x00001724      0x1f8 .\CortexM3\ARM_GCC_541\Debug\UART_FSKTx.a(cyPm.o)
 .debug_frame   0x0000191c      0x100 .\CortexM3\ARM_GCC_541\Debug\UART_FSKTx.a(CyScBoostClk.o)
 .debug_frame   0x00001a1c      0x174 .\CortexM3\ARM_GCC_541\Debug\UART_FSKTx.a(CyFlash.o)
 .debug_frame   0x00001b90      0x160 .\CortexM3\ARM_GCC_541\Debug\UART_FSKTx.a(CySpc.o)
 .debug_frame   0x00001cf0       0x20 c:/program files (x86)/cypress/psoc creator/4.1/psoc creator/import/gnu/arm/5.4.1/bin/../lib/gcc/arm-none-eabi/5.4.1/../../../../arm-none-eabi/lib/armv7-m\libg_nano.a(lib_a-errno.o)
 .debug_frame   0x00001d10       0x28 c:/program files (x86)/cypress/psoc creator/4.1/psoc creator/import/gnu/arm/5.4.1/bin/../lib/gcc/arm-none-eabi/5.4.1/../../../../arm-none-eabi/lib/armv7-m\libg_nano.a(lib_a-exit.o)
 .debug_frame   0x00001d38       0x2c c:/program files (x86)/cypress/psoc creator/4.1/psoc creator/import/gnu/arm/5.4.1/bin/../lib/gcc/arm-none-eabi/5.4.1/../../../../arm-none-eabi/lib/armv7-m\libg_nano.a(lib_a-init.o)
 .debug_frame   0x00001d64       0x28 c:/program files (x86)/cypress/psoc creator/4.1/psoc creator/import/gnu/arm/5.4.1/bin/../lib/gcc/arm-none-eabi/5.4.1/../../../../arm-none-eabi/lib/armv7-m\libg_nano.a(lib_a-memcpy-stub.o)
 .debug_frame   0x00001d8c       0x20 c:/program files (x86)/cypress/psoc creator/4.1/psoc creator/import/gnu/arm/5.4.1/bin/../lib/gcc/arm-none-eabi/5.4.1/../../../../arm-none-eabi/lib/armv7-m\libg_nano.a(lib_a-memset.o)
 .debug_frame   0x00001dac       0x70 c:/program files (x86)/cypress/psoc creator/4.1/psoc creator/import/gnu/arm/5.4.1/bin/../lib/gcc/arm-none-eabi/5.4.1/../../../../arm-none-eabi/lib/armv7-m\libg_nano.a(lib_a-sprintf.o)
 .debug_frame   0x00001e1c       0x90 c:/program files (x86)/cypress/psoc creator/4.1/psoc creator/import/gnu/arm/5.4.1/bin/../lib/gcc/arm-none-eabi/5.4.1/../../../../arm-none-eabi/lib/armv7-m\libg_nano.a(lib_a-nano-svfprintf.o)
 .debug_frame   0x00001eac       0x60 c:/program files (x86)/cypress/psoc creator/4.1/psoc creator/import/gnu/arm/5.4.1/bin/../lib/gcc/arm-none-eabi/5.4.1/../../../../arm-none-eabi/lib/armv7-m\libg_nano.a(lib_a-nano-vfprintf_i.o)
 .debug_frame   0x00001f0c       0x28 c:/program files (x86)/cypress/psoc creator/4.1/psoc creator/import/gnu/arm/5.4.1/bin/../lib/gcc/arm-none-eabi/5.4.1/../../../../arm-none-eabi/lib/armv7-m\libg_nano.a(lib_a-memchr-stub.o)
 .debug_frame   0x00001f34       0x28 c:/program files (x86)/cypress/psoc creator/4.1/psoc creator/import/gnu/arm/5.4.1/bin/../lib/gcc/arm-none-eabi/5.4.1/../../../../arm-none-eabi/lib/armv7-m\libg_nano.a(lib_a-memmove.o)
 .debug_frame   0x00001f5c       0x38 c:/program files (x86)/cypress/psoc creator/4.1/psoc creator/import/gnu/arm/5.4.1/bin/../lib/gcc/arm-none-eabi/5.4.1/../../../../arm-none-eabi/lib/armv7-m\libg_nano.a(lib_a-nano-freer.o)
 .debug_frame   0x00001f94       0x2c c:/program files (x86)/cypress/psoc creator/4.1/psoc creator/import/gnu/arm/5.4.1/bin/../lib/gcc/arm-none-eabi/5.4.1/../../../../arm-none-eabi/lib/armv7-m\libg_nano.a(lib_a-nano-mallocr.o)
 .debug_frame   0x00001fc0       0x3c c:/program files (x86)/cypress/psoc creator/4.1/psoc creator/import/gnu/arm/5.4.1/bin/../lib/gcc/arm-none-eabi/5.4.1/../../../../arm-none-eabi/lib/armv7-m\libg_nano.a(lib_a-nano-reallocr.o)
 .debug_frame   0x00001ffc       0x2c c:/program files (x86)/cypress/psoc creator/4.1/psoc creator/import/gnu/arm/5.4.1/bin/../lib/gcc/arm-none-eabi/5.4.1/../../../../arm-none-eabi/lib/armv7-m\libg_nano.a(lib_a-sbrkr.o)
 .debug_frame   0x00002028       0x30 c:/program files (x86)/cypress/psoc creator/4.1/psoc creator/import/gnu/arm/5.4.1/bin/../lib/gcc/arm-none-eabi/5.4.1/../../../../arm-none-eabi/lib/armv7-m\libg_nano.a(lib_a-mlock.o)
 .debug_frame   0x00002058       0x20 c:/program files (x86)/cypress/psoc creator/4.1/psoc creator/import/gnu/arm/5.4.1/bin/../lib/gcc/arm-none-eabi/5.4.1/../../../../arm-none-eabi/lib/armv7-m\libg_nano.a(lib_a-nano-msizer.o)
 .debug_frame   0x00002078       0x5c c:/program files (x86)/cypress/psoc creator/4.1/psoc creator/import/gnu/arm/5.4.1/bin/../lib/gcc/arm-none-eabi/5.4.1/../../../../arm-none-eabi/lib/armv7-m\libg_nano.a(lib_a-reent.o)

.debug_str      0x00000000     0x2648
 *(.debug_str)
 .debug_str     0x00000000      0x3fa .\CortexM3\ARM_GCC_541\Debug\main.o
                                0x458 (size before relaxing)
 .debug_str     0x000003fa      0x19e .\CortexM3\ARM_GCC_541\Debug\cyfitter_cfg.o
                                0x344 (size before relaxing)
 .debug_str     0x00000598       0x7f .\CortexM3\ARM_GCC_541\Debug\cymetadata.o
                                0x1e4 (size before relaxing)
 .debug_str     0x00000617      0x144 .\CortexM3\ARM_GCC_541\Debug\Cm3Start.o
                                0x30a (size before relaxing)
 .debug_str     0x0000075b      0x2ba .\CortexM3\ARM_GCC_541\Debug\UART_FSKTx.a(UART.o)
                                0x475 (size before relaxing)
 .debug_str     0x00000a15      0x1d2 .\CortexM3\ARM_GCC_541\Debug\UART_FSKTx.a(PWM_Modulator.o)
                                0x3e9 (size before relaxing)
 .debug_str     0x00000be7      0x14d .\CortexM3\ARM_GCC_541\Debug\UART_FSKTx.a(LCD.o)
                                0x32b (size before relaxing)
 .debug_str     0x00000d34      0x1ef .\CortexM3\ARM_GCC_541\Debug\UART_FSKTx.a(PWM_Switch_Timer.o)
                                0x401 (size before relaxing)
 .debug_str     0x00000f23       0xfd .\CortexM3\ARM_GCC_541\Debug\UART_FSKTx.a(isr_rx.o)
                                0x2b4 (size before relaxing)
 .debug_str     0x00001020       0xf2 .\CortexM3\ARM_GCC_541\Debug\UART_FSKTx.a(isr_sec.o)
                                0x2c2 (size before relaxing)
 .debug_str     0x00001112       0x77 .\CortexM3\ARM_GCC_541\Debug\UART_FSKTx.a(HighVoltage.o)
                                0x200 (size before relaxing)
 .debug_str     0x00001189      0x134 .\CortexM3\ARM_GCC_541\Debug\UART_FSKTx.a(PWM_1.o)
                                0x35e (size before relaxing)
 .debug_str     0x000012bd      0x134 .\CortexM3\ARM_GCC_541\Debug\UART_FSKTx.a(PWM_2.o)
                                0x35e (size before relaxing)
 .debug_str     0x000013f1      0x134 .\CortexM3\ARM_GCC_541\Debug\UART_FSKTx.a(PWM_3.o)
                                0x35e (size before relaxing)
 .debug_str     0x00001525       0x63 .\CortexM3\ARM_GCC_541\Debug\UART_FSKTx.a(SignalBase.o)
                                0x1fb (size before relaxing)
 .debug_str     0x00001588      0x183 .\CortexM3\ARM_GCC_541\Debug\UART_FSKTx.a(UART_IntClock.o)
                                0x336 (size before relaxing)
 .debug_str     0x0000170b      0x81d .\CortexM3\ARM_GCC_541\Debug\UART_FSKTx.a(CyLib.o)
                                0xa90 (size before relaxing)
 .debug_str     0x00001f28      0x365 .\CortexM3\ARM_GCC_541\Debug\UART_FSKTx.a(cyPm.o)
                                0x733 (size before relaxing)
 .debug_str     0x0000228d      0x173 .\CortexM3\ARM_GCC_541\Debug\UART_FSKTx.a(CyScBoostClk.o)
                                0x36f (size before relaxing)
 .debug_str     0x00002400      0x19c .\CortexM3\ARM_GCC_541\Debug\UART_FSKTx.a(CyFlash.o)
                                0x3a1 (size before relaxing)
 .debug_str     0x0000259c       0xac .\CortexM3\ARM_GCC_541\Debug\UART_FSKTx.a(CySpc.o)
                                0x32a (size before relaxing)

.debug_loc      0x00000000     0x24c2
 *(.debug_loc)
 .debug_loc     0x00000000      0x149 .\CortexM3\ARM_GCC_541\Debug\main.o
 .debug_loc     0x00000149      0x259 .\CortexM3\ARM_GCC_541\Debug\cyfitter_cfg.o
 .debug_loc     0x000003a2      0x144 .\CortexM3\ARM_GCC_541\Debug\Cm3Start.o
 .debug_loc     0x000004e6      0x258 .\CortexM3\ARM_GCC_541\Debug\UART_FSKTx.a(UART.o)
 .debug_loc     0x0000073e       0x26 .\CortexM3\ARM_GCC_541\Debug\UART_FSKTx.a(PWM_Modulator.o)
 .debug_loc     0x00000764      0x3c6 .\CortexM3\ARM_GCC_541\Debug\UART_FSKTx.a(LCD.o)
 .debug_loc     0x00000b2a       0x13 .\CortexM3\ARM_GCC_541\Debug\UART_FSKTx.a(PWM_Switch_Timer.o)
 .debug_loc     0x00000b3d       0x56 .\CortexM3\ARM_GCC_541\Debug\UART_FSKTx.a(isr_rx.o)
 .debug_loc     0x00000b93       0x56 .\CortexM3\ARM_GCC_541\Debug\UART_FSKTx.a(isr_sec.o)
 .debug_loc     0x00000be9       0x42 .\CortexM3\ARM_GCC_541\Debug\UART_FSKTx.a(HighVoltage.o)
 .debug_loc     0x00000c2b       0x26 .\CortexM3\ARM_GCC_541\Debug\UART_FSKTx.a(PWM_1.o)
 .debug_loc     0x00000c51       0x26 .\CortexM3\ARM_GCC_541\Debug\UART_FSKTx.a(PWM_2.o)
 .debug_loc     0x00000c77       0x26 .\CortexM3\ARM_GCC_541\Debug\UART_FSKTx.a(PWM_3.o)
 .debug_loc     0x00000c9d       0x42 .\CortexM3\ARM_GCC_541\Debug\UART_FSKTx.a(SignalBase.o)
 .debug_loc     0x00000cdf      0x128 .\CortexM3\ARM_GCC_541\Debug\UART_FSKTx.a(UART_IntClock.o)
 .debug_loc     0x00000e07      0xa4b .\CortexM3\ARM_GCC_541\Debug\UART_FSKTx.a(CyLib.o)
 .debug_loc     0x00001852      0x1e4 .\CortexM3\ARM_GCC_541\Debug\UART_FSKTx.a(cyPm.o)
 .debug_loc     0x00001a36      0x14d .\CortexM3\ARM_GCC_541\Debug\UART_FSKTx.a(CyScBoostClk.o)
 .debug_loc     0x00001b83      0x2f2 .\CortexM3\ARM_GCC_541\Debug\UART_FSKTx.a(CyFlash.o)
 .debug_loc     0x00001e75      0x64d .\CortexM3\ARM_GCC_541\Debug\UART_FSKTx.a(CySpc.o)

.debug_macinfo
 *(.debug_macinfo)

.debug_ranges   0x00000000      0xab0
 *(.debug_ranges)
 .debug_ranges  0x00000000       0x30 .\CortexM3\ARM_GCC_541\Debug\main.o
 .debug_ranges  0x00000030       0x48 .\CortexM3\ARM_GCC_541\Debug\cyfitter_cfg.o
 .debug_ranges  0x00000078       0x38 .\CortexM3\ARM_GCC_541\Debug\Cm3Start.o
 .debug_ranges  0x000000b0       0xe0 .\CortexM3\ARM_GCC_541\Debug\UART_FSKTx.a(UART.o)
 .debug_ranges  0x00000190       0x88 .\CortexM3\ARM_GCC_541\Debug\UART_FSKTx.a(PWM_Modulator.o)
 .debug_ranges  0x00000218       0x88 .\CortexM3\ARM_GCC_541\Debug\UART_FSKTx.a(LCD.o)
 .debug_ranges  0x000002a0       0x80 .\CortexM3\ARM_GCC_541\Debug\UART_FSKTx.a(PWM_Switch_Timer.o)
 .debug_ranges  0x00000320       0x70 .\CortexM3\ARM_GCC_541\Debug\UART_FSKTx.a(isr_rx.o)
 .debug_ranges  0x00000390       0x70 .\CortexM3\ARM_GCC_541\Debug\UART_FSKTx.a(isr_sec.o)
 .debug_ranges  0x00000400       0x28 .\CortexM3\ARM_GCC_541\Debug\UART_FSKTx.a(HighVoltage.o)
 .debug_ranges  0x00000428       0x88 .\CortexM3\ARM_GCC_541\Debug\UART_FSKTx.a(PWM_1.o)
 .debug_ranges  0x000004b0       0x88 .\CortexM3\ARM_GCC_541\Debug\UART_FSKTx.a(PWM_2.o)
 .debug_ranges  0x00000538       0x88 .\CortexM3\ARM_GCC_541\Debug\UART_FSKTx.a(PWM_3.o)
 .debug_ranges  0x000005c0       0x28 .\CortexM3\ARM_GCC_541\Debug\UART_FSKTx.a(SignalBase.o)
 .debug_ranges  0x000005e8       0x60 .\CortexM3\ARM_GCC_541\Debug\UART_FSKTx.a(UART_IntClock.o)
 .debug_ranges  0x00000648      0x298 .\CortexM3\ARM_GCC_541\Debug\UART_FSKTx.a(CyLib.o)
 .debug_ranges  0x000008e0       0x88 .\CortexM3\ARM_GCC_541\Debug\UART_FSKTx.a(cyPm.o)
 .debug_ranges  0x00000968       0x70 .\CortexM3\ARM_GCC_541\Debug\UART_FSKTx.a(CyScBoostClk.o)
 .debug_ranges  0x000009d8       0x70 .\CortexM3\ARM_GCC_541\Debug\UART_FSKTx.a(CyFlash.o)
 .debug_ranges  0x00000a48       0x68 .\CortexM3\ARM_GCC_541\Debug\UART_FSKTx.a(CySpc.o)

.comment        0x00000000       0x6e
 .comment       0x00000000       0x6e .\CortexM3\ARM_GCC_541\Debug\main.o
                                 0x6f (size before relaxing)
 .comment       0x0000006e       0x6f .\CortexM3\ARM_GCC_541\Debug\cyfitter_cfg.o
 .comment       0x0000006e       0x6f .\CortexM3\ARM_GCC_541\Debug\cymetadata.o
 .comment       0x0000006e       0x6f .\CortexM3\ARM_GCC_541\Debug\Cm3Start.o
 .comment       0x0000006e       0x6f .\CortexM3\ARM_GCC_541\Debug\UART_FSKTx.a(UART.o)
 .comment       0x0000006e       0x6f .\CortexM3\ARM_GCC_541\Debug\UART_FSKTx.a(PWM_Modulator.o)
 .comment       0x0000006e       0x6f .\CortexM3\ARM_GCC_541\Debug\UART_FSKTx.a(LCD.o)
 .comment       0x0000006e       0x6f .\CortexM3\ARM_GCC_541\Debug\UART_FSKTx.a(PWM_Switch_Timer.o)
 .comment       0x0000006e       0x6f .\CortexM3\ARM_GCC_541\Debug\UART_FSKTx.a(isr_rx.o)
 .comment       0x0000006e       0x6f .\CortexM3\ARM_GCC_541\Debug\UART_FSKTx.a(isr_sec.o)
 .comment       0x0000006e       0x6f .\CortexM3\ARM_GCC_541\Debug\UART_FSKTx.a(HighVoltage.o)
 .comment       0x0000006e       0x6f .\CortexM3\ARM_GCC_541\Debug\UART_FSKTx.a(PWM_1.o)
 .comment       0x0000006e       0x6f .\CortexM3\ARM_GCC_541\Debug\UART_FSKTx.a(PWM_2.o)
 .comment       0x0000006e       0x6f .\CortexM3\ARM_GCC_541\Debug\UART_FSKTx.a(PWM_3.o)
 .comment       0x0000006e       0x6f .\CortexM3\ARM_GCC_541\Debug\UART_FSKTx.a(SignalBase.o)
 .comment       0x0000006e       0x6f .\CortexM3\ARM_GCC_541\Debug\UART_FSKTx.a(UART_IntClock.o)
 .comment       0x0000006e       0x6f .\CortexM3\ARM_GCC_541\Debug\UART_FSKTx.a(CyLib.o)
 .comment       0x0000006e       0x6f .\CortexM3\ARM_GCC_541\Debug\UART_FSKTx.a(cyPm.o)
 .comment       0x0000006e       0x6f .\CortexM3\ARM_GCC_541\Debug\UART_FSKTx.a(CyScBoostClk.o)
 .comment       0x0000006e       0x6f .\CortexM3\ARM_GCC_541\Debug\UART_FSKTx.a(CyFlash.o)
 .comment       0x0000006e       0x6f .\CortexM3\ARM_GCC_541\Debug\UART_FSKTx.a(CySpc.o)

.debug_weaknames
 *(.debug_weaknames)

.debug_funcnames
 *(.debug_funcnames)

.debug_typenames
 *(.debug_typenames)

.debug_varnames
 *(.debug_varnames)

.note.gnu.arm.ident
 *(.note.gnu.arm.ident)

.ARM.attributes
                0x00000000       0x29
 *(.ARM.attributes)
 .ARM.attributes
                0x00000000       0x1d c:/program files (x86)/cypress/psoc creator/4.1/psoc creator/import/gnu/arm/5.4.1/bin/../lib/gcc/arm-none-eabi/5.4.1/armv7-m/crti.o
 .ARM.attributes
                0x0000001d       0x2d c:/program files (x86)/cypress/psoc creator/4.1/psoc creator/import/gnu/arm/5.4.1/bin/../lib/gcc/arm-none-eabi/5.4.1/armv7-m/crtbegin.o
 .ARM.attributes
                0x0000004a       0x1b c:/program files (x86)/cypress/psoc creator/4.1/psoc creator/import/gnu/arm/5.4.1/bin/../lib/gcc/arm-none-eabi/5.4.1/../../../../arm-none-eabi/lib/armv7-m/crt0.o
 .ARM.attributes
                0x00000065       0x33 .\CortexM3\ARM_GCC_541\Debug\main.o
 .ARM.attributes
                0x00000098       0x33 .\CortexM3\ARM_GCC_541\Debug\cyfitter_cfg.o
 .ARM.attributes
                0x000000cb       0x33 .\CortexM3\ARM_GCC_541\Debug\cymetadata.o
 .ARM.attributes
                0x000000fe       0x33 .\CortexM3\ARM_GCC_541\Debug\Cm3Start.o
 .ARM.attributes
                0x00000131       0x33 .\CortexM3\ARM_GCC_541\Debug\UART_FSKTx.a(UART.o)
 .ARM.attributes
                0x00000164       0x33 .\CortexM3\ARM_GCC_541\Debug\UART_FSKTx.a(PWM_Modulator.o)
 .ARM.attributes
                0x00000197       0x33 .\CortexM3\ARM_GCC_541\Debug\UART_FSKTx.a(LCD.o)
 .ARM.attributes
                0x000001ca       0x33 .\CortexM3\ARM_GCC_541\Debug\UART_FSKTx.a(PWM_Switch_Timer.o)
 .ARM.attributes
                0x000001fd       0x33 .\CortexM3\ARM_GCC_541\Debug\UART_FSKTx.a(isr_rx.o)
 .ARM.attributes
                0x00000230       0x33 .\CortexM3\ARM_GCC_541\Debug\UART_FSKTx.a(isr_sec.o)
 .ARM.attributes
                0x00000263       0x33 .\CortexM3\ARM_GCC_541\Debug\UART_FSKTx.a(HighVoltage.o)
 .ARM.attributes
                0x00000296       0x33 .\CortexM3\ARM_GCC_541\Debug\UART_FSKTx.a(PWM_1.o)
 .ARM.attributes
                0x000002c9       0x33 .\CortexM3\ARM_GCC_541\Debug\UART_FSKTx.a(PWM_2.o)
 .ARM.attributes
                0x000002fc       0x33 .\CortexM3\ARM_GCC_541\Debug\UART_FSKTx.a(PWM_3.o)
 .ARM.attributes
                0x0000032f       0x33 .\CortexM3\ARM_GCC_541\Debug\UART_FSKTx.a(SignalBase.o)
 .ARM.attributes
                0x00000362       0x33 .\CortexM3\ARM_GCC_541\Debug\UART_FSKTx.a(UART_IntClock.o)
 .ARM.attributes
                0x00000395       0x33 .\CortexM3\ARM_GCC_541\Debug\UART_FSKTx.a(CyLib.o)
 .ARM.attributes
                0x000003c8       0x33 .\CortexM3\ARM_GCC_541\Debug\UART_FSKTx.a(cyPm.o)
 .ARM.attributes
                0x000003fb       0x21 .\CortexM3\ARM_GCC_541\Debug\UART_FSKTx.a(CyBootAsmGnu.o)
 .ARM.attributes
                0x0000041c       0x33 .\CortexM3\ARM_GCC_541\Debug\UART_FSKTx.a(CyScBoostClk.o)
 .ARM.attributes
                0x0000044f       0x33 .\CortexM3\ARM_GCC_541\Debug\UART_FSKTx.a(CyFlash.o)
 .ARM.attributes
                0x00000482       0x33 .\CortexM3\ARM_GCC_541\Debug\UART_FSKTx.a(CySpc.o)
 .ARM.attributes
                0x000004b5       0x2d c:/program files (x86)/cypress/psoc creator/4.1/psoc creator/import/gnu/arm/5.4.1/bin/../lib/gcc/arm-none-eabi/5.4.1/../../../../arm-none-eabi/lib/armv7-m\libg_nano.a(lib_a-errno.o)
 .ARM.attributes
                0x000004e2       0x2d c:/program files (x86)/cypress/psoc creator/4.1/psoc creator/import/gnu/arm/5.4.1/bin/../lib/gcc/arm-none-eabi/5.4.1/../../../../arm-none-eabi/lib/armv7-m\libg_nano.a(lib_a-exit.o)
 .ARM.attributes
                0x0000050f       0x2d c:/program files (x86)/cypress/psoc creator/4.1/psoc creator/import/gnu/arm/5.4.1/bin/../lib/gcc/arm-none-eabi/5.4.1/../../../../arm-none-eabi/lib/armv7-m\libg_nano.a(lib_a-impure.o)
 .ARM.attributes
                0x0000053c       0x2d c:/program files (x86)/cypress/psoc creator/4.1/psoc creator/import/gnu/arm/5.4.1/bin/../lib/gcc/arm-none-eabi/5.4.1/../../../../arm-none-eabi/lib/armv7-m\libg_nano.a(lib_a-init.o)
 .ARM.attributes
                0x00000569       0x2d c:/program files (x86)/cypress/psoc creator/4.1/psoc creator/import/gnu/arm/5.4.1/bin/../lib/gcc/arm-none-eabi/5.4.1/../../../../arm-none-eabi/lib/armv7-m\libg_nano.a(lib_a-memcpy-stub.o)
 .ARM.attributes
                0x00000596       0x2d c:/program files (x86)/cypress/psoc creator/4.1/psoc creator/import/gnu/arm/5.4.1/bin/../lib/gcc/arm-none-eabi/5.4.1/../../../../arm-none-eabi/lib/armv7-m\libg_nano.a(lib_a-memset.o)
 .ARM.attributes
                0x000005c3       0x2d c:/program files (x86)/cypress/psoc creator/4.1/psoc creator/import/gnu/arm/5.4.1/bin/../lib/gcc/arm-none-eabi/5.4.1/../../../../arm-none-eabi/lib/armv7-m\libg_nano.a(lib_a-sprintf.o)
 .ARM.attributes
                0x000005f0       0x2d c:/program files (x86)/cypress/psoc creator/4.1/psoc creator/import/gnu/arm/5.4.1/bin/../lib/gcc/arm-none-eabi/5.4.1/../../../../arm-none-eabi/lib/armv7-m\libg_nano.a(lib_a-nano-svfprintf.o)
 .ARM.attributes
                0x0000061d       0x2d c:/program files (x86)/cypress/psoc creator/4.1/psoc creator/import/gnu/arm/5.4.1/bin/../lib/gcc/arm-none-eabi/5.4.1/../../../../arm-none-eabi/lib/armv7-m\libg_nano.a(lib_a-nano-vfprintf_i.o)
 .ARM.attributes
                0x0000064a       0x2d c:/program files (x86)/cypress/psoc creator/4.1/psoc creator/import/gnu/arm/5.4.1/bin/../lib/gcc/arm-none-eabi/5.4.1/../../../../arm-none-eabi/lib/armv7-m\libg_nano.a(lib_a-memchr-stub.o)
 .ARM.attributes
                0x00000677       0x2d c:/program files (x86)/cypress/psoc creator/4.1/psoc creator/import/gnu/arm/5.4.1/bin/../lib/gcc/arm-none-eabi/5.4.1/../../../../arm-none-eabi/lib/armv7-m\libg_nano.a(lib_a-memmove.o)
 .ARM.attributes
                0x000006a4       0x2d c:/program files (x86)/cypress/psoc creator/4.1/psoc creator/import/gnu/arm/5.4.1/bin/../lib/gcc/arm-none-eabi/5.4.1/../../../../arm-none-eabi/lib/armv7-m\libg_nano.a(lib_a-nano-freer.o)
 .ARM.attributes
                0x000006d1       0x2d c:/program files (x86)/cypress/psoc creator/4.1/psoc creator/import/gnu/arm/5.4.1/bin/../lib/gcc/arm-none-eabi/5.4.1/../../../../arm-none-eabi/lib/armv7-m\libg_nano.a(lib_a-nano-mallocr.o)
 .ARM.attributes
                0x000006fe       0x2d c:/program files (x86)/cypress/psoc creator/4.1/psoc creator/import/gnu/arm/5.4.1/bin/../lib/gcc/arm-none-eabi/5.4.1/../../../../arm-none-eabi/lib/armv7-m\libg_nano.a(lib_a-nano-reallocr.o)
 .ARM.attributes
                0x0000072b       0x2d c:/program files (x86)/cypress/psoc creator/4.1/psoc creator/import/gnu/arm/5.4.1/bin/../lib/gcc/arm-none-eabi/5.4.1/../../../../arm-none-eabi/lib/armv7-m\libg_nano.a(lib_a-sbrkr.o)
 .ARM.attributes
                0x00000758       0x2d c:/program files (x86)/cypress/psoc creator/4.1/psoc creator/import/gnu/arm/5.4.1/bin/../lib/gcc/arm-none-eabi/5.4.1/../../../../arm-none-eabi/lib/armv7-m\libg_nano.a(lib_a-mlock.o)
 .ARM.attributes
                0x00000785       0x2d c:/program files (x86)/cypress/psoc creator/4.1/psoc creator/import/gnu/arm/5.4.1/bin/../lib/gcc/arm-none-eabi/5.4.1/../../../../arm-none-eabi/lib/armv7-m\libg_nano.a(lib_a-nano-msizer.o)
 .ARM.attributes
                0x000007b2       0x2d c:/program files (x86)/cypress/psoc creator/4.1/psoc creator/import/gnu/arm/5.4.1/bin/../lib/gcc/arm-none-eabi/5.4.1/../../../../arm-none-eabi/lib/armv7-m\libg_nano.a(lib_a-reent.o)
 .ARM.attributes
                0x000007df       0x2d c:/program files (x86)/cypress/psoc creator/4.1/psoc creator/import/gnu/arm/5.4.1/bin/../lib/gcc/arm-none-eabi/5.4.1/armv7-m/crtend.o
 .ARM.attributes
                0x0000080c       0x1d c:/program files (x86)/cypress/psoc creator/4.1/psoc creator/import/gnu/arm/5.4.1/bin/../lib/gcc/arm-none-eabi/5.4.1/armv7-m/crtn.o

/DISCARD/
 *(.note.GNU-stack)
OUTPUT(C:\Users\sdysart\Documents\UACS\UACS\HighFreqFSK\UART_FSKTx.cydsn\CortexM3\ARM_GCC_541\Debug\UART_FSKTx.elf elf32-littlearm)
