Archive member included to satisfy reference by file (symbol)

.\CortexM3\ARM_GCC_541\Debug\UART_FSKTx.a(UART.o)
                              .\CortexM3\ARM_GCC_541\Debug\main.o (UART_Start)
.\CortexM3\ARM_GCC_541\Debug\UART_FSKTx.a(PWM_Modulator.o)
                              .\CortexM3\ARM_GCC_541\Debug\main.o (PWM_Modulator_Stop)
.\CortexM3\ARM_GCC_541\Debug\UART_FSKTx.a(LCD.o)
                              .\CortexM3\ARM_GCC_541\Debug\main.o (LCD_PrintString)
.\CortexM3\ARM_GCC_541\Debug\UART_FSKTx.a(PWM_Switch_Timer.o)
                              .\CortexM3\ARM_GCC_541\Debug\main.o (PWM_Switch_Timer_Stop)
.\CortexM3\ARM_GCC_541\Debug\UART_FSKTx.a(isr_rx.o)
                              .\CortexM3\ARM_GCC_541\Debug\main.o (isr_rx_StartEx)
.\CortexM3\ARM_GCC_541\Debug\UART_FSKTx.a(isr_sec.o)
                              .\CortexM3\ARM_GCC_541\Debug\main.o (isr_sec_StartEx)
.\CortexM3\ARM_GCC_541\Debug\UART_FSKTx.a(HighVoltage.o)
                              .\CortexM3\ARM_GCC_541\Debug\main.o (HighVoltage_Write)
.\CortexM3\ARM_GCC_541\Debug\UART_FSKTx.a(PWM_1.o)
                              .\CortexM3\ARM_GCC_541\Debug\main.o (PWM_1_WritePeriod)
.\CortexM3\ARM_GCC_541\Debug\UART_FSKTx.a(PWM_2.o)
                              .\CortexM3\ARM_GCC_541\Debug\main.o (PWM_2_WritePeriod)
.\CortexM3\ARM_GCC_541\Debug\UART_FSKTx.a(PWM_3.o)
                              .\CortexM3\ARM_GCC_541\Debug\main.o (PWM_3_WritePeriod)
.\CortexM3\ARM_GCC_541\Debug\UART_FSKTx.a(SignalBase.o)
                              .\CortexM3\ARM_GCC_541\Debug\main.o (SignalBase_Write)
.\CortexM3\ARM_GCC_541\Debug\UART_FSKTx.a(UART_IntClock.o)
                              .\CortexM3\ARM_GCC_541\Debug\UART_FSKTx.a(UART.o) (UART_IntClock_Start)
.\CortexM3\ARM_GCC_541\Debug\UART_FSKTx.a(CyLib.o)
                              .\CortexM3\ARM_GCC_541\Debug\Cm3Start.o (CyHalt)
.\CortexM3\ARM_GCC_541\Debug\UART_FSKTx.a(cyPm.o)
                              .\CortexM3\ARM_GCC_541\Debug\UART_FSKTx.a(CyLib.o) (CyPmReadStatus)
.\CortexM3\ARM_GCC_541\Debug\UART_FSKTx.a(CyBootAsmGnu.o)
                              .\CortexM3\ARM_GCC_541\Debug\cyfitter_cfg.o (CyDelayCycles)
.\CortexM3\ARM_GCC_541\Debug\UART_FSKTx.a(CyScBoostClk.o)
                              .\CortexM3\ARM_GCC_541\Debug\UART_FSKTx.a(CyLib.o) (CyScBoostClk_Start)
.\CortexM3\ARM_GCC_541\Debug\UART_FSKTx.a(CyFlash.o)
                              .\CortexM3\ARM_GCC_541\Debug\UART_FSKTx.a(cyPm.o) (CyFlash_SetWaitCycles)
.\CortexM3\ARM_GCC_541\Debug\UART_FSKTx.a(CySpc.o)
                              .\CortexM3\ARM_GCC_541\Debug\UART_FSKTx.a(CyFlash.o) (CySpcStart)
c:/program files (x86)/cypress/psoc creator/4.1/psoc creator/import/gnu/arm/5.4.1/bin/../lib/gcc/arm-none-eabi/5.4.1/../../../../arm-none-eabi/lib/armv7-m\libg_nano.a(lib_a-errno.o)
                              .\CortexM3\ARM_GCC_541\Debug\Cm3Start.o (__errno)
c:/program files (x86)/cypress/psoc creator/4.1/psoc creator/import/gnu/arm/5.4.1/bin/../lib/gcc/arm-none-eabi/5.4.1/../../../../arm-none-eabi/lib/armv7-m\libg_nano.a(lib_a-exit.o)
                              c:/program files (x86)/cypress/psoc creator/4.1/psoc creator/import/gnu/arm/5.4.1/bin/../lib/gcc/arm-none-eabi/5.4.1/../../../../arm-none-eabi/lib/armv7-m/crt0.o (exit)
c:/program files (x86)/cypress/psoc creator/4.1/psoc creator/import/gnu/arm/5.4.1/bin/../lib/gcc/arm-none-eabi/5.4.1/../../../../arm-none-eabi/lib/armv7-m\libg_nano.a(lib_a-impure.o)
                              c:/program files (x86)/cypress/psoc creator/4.1/psoc creator/import/gnu/arm/5.4.1/bin/../lib/gcc/arm-none-eabi/5.4.1/../../../../arm-none-eabi/lib/armv7-m\libg_nano.a(lib_a-exit.o) (_global_impure_ptr)
c:/program files (x86)/cypress/psoc creator/4.1/psoc creator/import/gnu/arm/5.4.1/bin/../lib/gcc/arm-none-eabi/5.4.1/../../../../arm-none-eabi/lib/armv7-m\libg_nano.a(lib_a-init.o)
                              c:/program files (x86)/cypress/psoc creator/4.1/psoc creator/import/gnu/arm/5.4.1/bin/../lib/gcc/arm-none-eabi/5.4.1/../../../../arm-none-eabi/lib/armv7-m/crt0.o (__libc_init_array)
c:/program files (x86)/cypress/psoc creator/4.1/psoc creator/import/gnu/arm/5.4.1/bin/../lib/gcc/arm-none-eabi/5.4.1/../../../../arm-none-eabi/lib/armv7-m\libg_nano.a(lib_a-memcpy-stub.o)
                              .\CortexM3\ARM_GCC_541\Debug\cyfitter_cfg.o (memcpy)
c:/program files (x86)/cypress/psoc creator/4.1/psoc creator/import/gnu/arm/5.4.1/bin/../lib/gcc/arm-none-eabi/5.4.1/../../../../arm-none-eabi/lib/armv7-m\libg_nano.a(lib_a-memset.o)
                              c:/program files (x86)/cypress/psoc creator/4.1/psoc creator/import/gnu/arm/5.4.1/bin/../lib/gcc/arm-none-eabi/5.4.1/../../../../arm-none-eabi/lib/armv7-m/crt0.o (memset)
c:/program files (x86)/cypress/psoc creator/4.1/psoc creator/import/gnu/arm/5.4.1/bin/../lib/gcc/arm-none-eabi/5.4.1/../../../../arm-none-eabi/lib/armv7-m\libg_nano.a(lib_a-sprintf.o)
[...]
Memory Configuration

Name             Origin             Length             Attributes
rom              0x00000000         0x00040000         xr
ram              0x1fff8000         0x00010000         xrw
*default*        0x00000000         0xffffffff

Linker script and memory map

LOAD c:/program files (x86)/cypress/psoc creator/4.1/psoc creator/import/gnu/arm/5.4.1/bin/../lib/gcc/arm-none-eabi/5.4.1/armv7-m/crti.o
LOAD c:/program files (x86)/cypress/psoc creator/4.1/psoc creator/import/gnu/arm/5.4.1/bin/../lib/gcc/arm-none-eabi/5.4.1/armv7-m/crtbegin.o
LOAD c:/program files (x86)/cypress/psoc creator/4.1/psoc creator/import/gnu/arm/5.4.1/bin/../lib/gcc/arm-none-eabi/5.4.1/../../../../arm-none-eabi/lib/armv7-m/crt0.o
START GROUP
LOAD .\CortexM3\ARM_GCC_541\Debug\main.o
LOAD .\CortexM3\ARM_GCC_541\Debug\debug.o
LOAD .\CortexM3\ARM_GCC_541\Debug\cyfitter_cfg.o
LOAD .\CortexM3\ARM_GCC_541\Debug\cymetadata.o
LOAD .\CortexM3\ARM_GCC_541\Debug\Cm3Start.o
LOAD .\CortexM3\ARM_GCC_541\Debug\UART_FSKTx.a
LOAD C:\Program Files (x86)\Cypress\PSoC Creator\4.1\PSoC Creator\psoc\content\cycomponentlibrary\CyComponentLibrary.cylib\CortexM3\ARM_GCC_541\Debug\CyComponentLibrary.a
END GROUP
START GROUP
LOAD c:/program files (x86)/cypress/psoc creator/4.1/psoc creator/import/gnu/arm/5.4.1/bin/../lib/gcc/arm-none-eabi/5.4.1/armv7-m\libgcc.a
LOAD c:/program files (x86)/cypress/psoc creator/4.1/psoc creator/import/gnu/arm/5.4.1/bin/../lib/gcc/arm-none-eabi/5.4.1/../../../../arm-none-eabi/lib/armv7-m\libg_nano.a
LOAD c:/program files (x86)/cypress/psoc creator/4.1/psoc creator/import/gnu/arm/5.4.1/bin/../lib/gcc/arm-none-eabi/5.4.1/../../../../arm-none-eabi/lib/armv7-m\libc_nano.a
END GROUP
START GROUP
LOAD c:/program files (x86)/cypress/psoc creator/4.1/psoc creator/import/gnu/arm/5.4.1/bin/../lib/gcc/arm-none-eabi/5.4.1/armv7-m\libgcc.a
LOAD c:/program files (x86)/cypress/psoc creator/4.1/psoc creator/import/gnu/arm/5.4.1/bin/../lib/gcc/arm-none-eabi/5.4.1/../../../../arm-none-eabi/lib/armv7-m\libc_nano.a
END GROUP
LOAD c:/program files (x86)/cypress/psoc creator/4.1/psoc creator/import/gnu/arm/5.4.1/bin/../lib/gcc/arm-none-eabi/5.4.1/armv7-m/crtend.o
LOAD c:/program files (x86)/cypress/psoc creator/4.1/psoc creator/import/gnu/arm/5.4.1/bin/../lib/gcc/arm-none-eabi/5.4.1/armv7-m/crtn.o
START GROUP
LOAD c:/program files (x86)/cypress/psoc creator/4.1/psoc creator/import/gnu/arm/5.4.1/bin/../lib/gcc/arm-none-eabi/5.4.1/armv7-m\libgcc.a
LOAD c:/program files (x86)/cypress/psoc creator/4.1/psoc creator/import/gnu/arm/5.4.1/bin/../lib/gcc/arm-none-eabi/5.4.1/../../../../arm-none-eabi/lib/armv7-m\libc.a
LOAD c:/program files (x86)/cypress/psoc creator/4.1/psoc creator/import/gnu/arm/5.4.1/bin/../lib/gcc/arm-none-eabi/5.4.1/../../../../arm-none-eabi/lib/armv7-m\libnosys.a
END GROUP
                0x00000000                CY_APPL_ORIGIN = 0x0
                0x00000100                CY_FLASH_ROW_SIZE = 0x100
                0x00000020                CY_ECC_ROW_SIZE = 0x20
                0x00000000                CY_EE_IN_BTLDR = 0x0
                0x00000000                CY_APPL_LOADABLE = 0x0
                0x00000800                CY_EE_SIZE = 0x800
                0x00000001                CY_APPL_NUM = 0x1
                0x00000001                CY_APPL_MAX = 0x1
                0x00000040                CY_METADATA_SIZE = 0x40
                0x00000000                CY_APPL_LOADABLE = 0x0
                0x00000000                CY_CHECKSUM_EXCLUDE_SIZE = ALIGN (0x0, CY_FLASH_ROW_SIZE)
                [!provide]                PROVIDE (__cy_heap_start, _end)
                0x00000001                PROVIDE (__cy_region_num, ((__cy_regions_end - __cy_regions) / 0x10))
                0x20008000                PROVIDE (__cy_stack, (ORIGIN (ram) + LENGTH (ram)))
                [!provide]                PROVIDE (__cy_heap_end, (__cy_stack - 0x800))

.cybootloader   0x00000000        0x0
 *(.cybootloader)
                0x00000000                appl1_start = CY_APPL_ORIGIN?CY_APPL_ORIGIN:ALIGN (CY_FLASH_ROW_SIZE)
                0x0001ff00                appl2_start = (appl1_start + ALIGN ((((LENGTH (rom) - appl1_start) - (0x2 * CY_FLASH_ROW_SIZE)) / 0x2), CY_FLASH_ROW_SIZE))
                0x00000000                appl_start = (CY_APPL_NUM == 0x1)?appl1_start:appl2_start
                0x00000000                ecc_offset = ((appl_start / CY_FLASH_ROW_SIZE) * CY_ECC_ROW_SIZE)
                0x00000000                ee_offset = (CY_APPL_LOADABLE && ! (CY_EE_IN_BTLDR))?((CY_EE_SIZE / CY_APPL_MAX) * (CY_APPL_NUM - 0x1)):0x0
                0x00000800                ee_size = (CY_APPL_LOADABLE && ! (CY_EE_IN_BTLDR))?(CY_EE_SIZE / CY_APPL_MAX):CY_EE_SIZE
                [!provide]                PROVIDE (CY_ECC_OFFSET, ecc_offset)

.text           0x00000000     0x1850
 CREATE_OBJECT_SYMBOLS
                0x00000000                PROVIDE (__cy_interrupt_vector, RomVectors)
 *(.romvectors)
 .romvectors    0x00000000       0x10 .\CortexM3\ARM_GCC_541\Debug\Cm3Start.o
                0x00000000                RomVectors
                0x00000001                ASSERT ((. != __cy_interrupt_vector), No interrupt vector)
                0x00000001                ASSERT (CY_APPL_ORIGIN?(SIZEOF (.cybootloader) <= CY_APPL_ORIGIN):0x1, Wrong image location)
                0x00000010                PROVIDE (__cy_reset, Reset)
 *(.text.Reset)
 .text.Reset    0x00000010       0x18 .\CortexM3\ARM_GCC_541\Debug\Cm3Start.o
                0x00000010                Reset
                0x00000001                ASSERT ((. != __cy_reset), No reset code)
 *(.dma_init)
                0x00000001                ASSERT ((((appl_start + .) <= 0x10000) || 0x1), DMA Init must be within the first 64k of flash)
 *(.text .text.* .gnu.linkonce.t.*)
 .text          0x00000028       0x5c c:/program files (x86)/cypress/psoc creator/4.1/psoc creator/import/gnu/arm/5.4.1/bin/../lib/gcc/arm-none-eabi/5.4.1/armv7-m/crtbegin.o
 .text.isr_sec  0x00000084       0x2c .\CortexM3\ARM_GCC_541\Debug\main.o
                0x00000084                isr_sec
 .text.RxIsr    0x000000b0       0x8c .\CortexM3\ARM_GCC_541\Debug\main.o
                0x000000b0                RxIsr
 .text.Data     0x0000013c       0x28 .\CortexM3\ARM_GCC_541\Debug\main.o
                0x0000013c                Data
 .text.Decode   0x00000164       0x44 .\CortexM3\ARM_GCC_541\Debug\main.o
                0x00000164                Decode
 .text.PreFix   0x000001a8       0x44 .\CortexM3\ARM_GCC_541\Debug\main.o
                0x000001a8                PreFix
 .text.main     0x000001ec      0x150 .\CortexM3\ARM_GCC_541\Debug\main.o
                0x000001ec                main
 .text.CyClockStartupError
                0x0000033c        0x4 .\CortexM3\ARM_GCC_541\Debug\cyfitter_cfg.o
 .text.cfg_write_bytes32
                0x00000340       0x34 .\CortexM3\ARM_GCC_541\Debug\cyfitter_cfg.o
 .text.AnalogSetDefault
                0x00000374       0x28 .\CortexM3\ARM_GCC_541\Debug\cyfitter_cfg.o
 .text.CYMEMZERO
                0x0000039c        0xc .\CortexM3\ARM_GCC_541\Debug\cyfitter_cfg.o
 .text.CYCONFIGCPY
                0x000003a8        0x8 .\CortexM3\ARM_GCC_541\Debug\cyfitter_cfg.o
 .text.ClockSetup
                0x000003b0      0x100 .\CortexM3\ARM_GCC_541\Debug\cyfitter_cfg.o
 .text.cyfitter_cfg
                0x000004b0      0x114 .\CortexM3\ARM_GCC_541\Debug\cyfitter_cfg.o
                0x000004b0                cyfitter_cfg
 .text.IntDefaultHandler
                0x000005c4       0x10 .\CortexM3\ARM_GCC_541\Debug\Cm3Start.o
                0x000005c4                IntDefaultHandler
 .text._sbrk    0x000005d4       0x30 .\CortexM3\ARM_GCC_541\Debug\Cm3Start.o
                0x000005d4                _sbrk
 .text.Start_c  0x00000604       0x4c .\CortexM3\ARM_GCC_541\Debug\Cm3Start.o
                0x00000604                Start_c
 .text.initialize_psoc
                0x00000650       0x68 .\CortexM3\ARM_GCC_541\Debug\Cm3Start.o
                0x00000650                initialize_psoc
 .text.UART_Init
                0x000006b8       0x24 .\CortexM3\ARM_GCC_541\Debug\UART_FSKTx.a(UART.o)
                0x000006b8                UART_Init
 .text.UART_Enable
                0x000006dc       0x38 .\CortexM3\ARM_GCC_541\Debug\UART_FSKTx.a(UART.o)
                0x000006dc                UART_Enable
 .text.UART_Start
                0x00000714       0x1c .\CortexM3\ARM_GCC_541\Debug\UART_FSKTx.a(UART.o)
                0x00000714                UART_Start
 .text.UART_PutChar
                0x00000730       0x18 .\CortexM3\ARM_GCC_541\Debug\UART_FSKTx.a(UART.o)
                0x00000730                UART_PutChar
 .text.UART_PutString
                0x00000748       0x24 .\CortexM3\ARM_GCC_541\Debug\UART_FSKTx.a(UART.o)
                0x00000748                UART_PutString
 .text.PWM_Modulator_Enable
                0x0000076c       0x10 .\CortexM3\ARM_GCC_541\Debug\UART_FSKTx.a(PWM_Modulator.o)
                0x0000076c                PWM_Modulator_Enable
 .text.PWM_Modulator_Stop
                0x0000077c       0x10 .\CortexM3\ARM_GCC_541\Debug\UART_FSKTx.a(PWM_Modulator.o)
                0x0000077c                PWM_Modulator_Stop
 .text.PWM_Modulator_WriteCounter
                0x0000078c        0xc .\CortexM3\ARM_GCC_541\Debug\UART_FSKTx.a(PWM_Modulator.o)
                0x0000078c                PWM_Modulator_WriteCounter
 .text.PWM_Modulator_WritePeriod
                0x00000798        0xc .\CortexM3\ARM_GCC_541\Debug\UART_FSKTx.a(PWM_Modulator.o)
                0x00000798                PWM_Modulator_WritePeriod
 .text.PWM_Modulator_WriteCompare
                0x000007a4        0xc .\CortexM3\ARM_GCC_541\Debug\UART_FSKTx.a(PWM_Modulator.o)
                0x000007a4                PWM_Modulator_WriteCompare
 .text.PWM_Modulator_SetInterruptMode
                0x000007b0        0xc .\CortexM3\ARM_GCC_541\Debug\UART_FSKTx.a(PWM_Modulator.o)
                0x000007b0                PWM_Modulator_SetInterruptMode
 .text.PWM_Modulator_ReadStatusRegister
                0x000007bc        0xc .\CortexM3\ARM_GCC_541\Debug\UART_FSKTx.a(PWM_Modulator.o)
                0x000007bc                PWM_Modulator_ReadStatusRegister
 .text.PWM_Modulator_ReadCapture
                0x000007c8        0xc .\CortexM3\ARM_GCC_541\Debug\UART_FSKTx.a(PWM_Modulator.o)
                0x000007c8                PWM_Modulator_ReadCapture
 .text.PWM_Modulator_ClearFIFO
                0x000007d4       0x14 .\CortexM3\ARM_GCC_541\Debug\UART_FSKTx.a(PWM_Modulator.o)
                0x000007d4                PWM_Modulator_ClearFIFO
 .text.PWM_Modulator_Init
                0x000007e8       0x50 .\CortexM3\ARM_GCC_541\Debug\UART_FSKTx.a(PWM_Modulator.o)
                0x000007e8                PWM_Modulator_Init
 .text.PWM_Modulator_Start
                0x00000838       0x1c .\CortexM3\ARM_GCC_541\Debug\UART_FSKTx.a(PWM_Modulator.o)
                0x00000838                PWM_Modulator_Start
 .text.LCD_WrCntrlNib
                0x00000854       0x34 .\CortexM3\ARM_GCC_541\Debug\UART_FSKTx.a(LCD.o)
 .text.LCD_WrDatNib
                0x00000888       0x44 .\CortexM3\ARM_GCC_541\Debug\UART_FSKTx.a(LCD.o)
 .text.LCD_IsReady
                0x000008cc       0xe4 .\CortexM3\ARM_GCC_541\Debug\UART_FSKTx.a(LCD.o)
                0x000008cc                LCD_IsReady
 .text.LCD_WriteData
                0x000009b0       0x18 .\CortexM3\ARM_GCC_541\Debug\UART_FSKTx.a(LCD.o)
                0x000009b0                LCD_WriteData
 .text.LCD_PrintString
                0x000009c8       0x1c .\CortexM3\ARM_GCC_541\Debug\UART_FSKTx.a(LCD.o)
                0x000009c8                LCD_PrintString
 .text.LCD_WriteControl
                0x000009e4       0x18 .\CortexM3\ARM_GCC_541\Debug\UART_FSKTx.a(LCD.o)
                0x000009e4                LCD_WriteControl
 .text.LCD_Init
                0x000009fc       0x6c .\CortexM3\ARM_GCC_541\Debug\UART_FSKTx.a(LCD.o)
                0x000009fc                LCD_Init
 .text.LCD_Enable
                0x00000a68       0x14 .\CortexM3\ARM_GCC_541\Debug\UART_FSKTx.a(LCD.o)
                0x00000a68                LCD_Enable
 .text.LCD_Start
                0x00000a7c       0x1c .\CortexM3\ARM_GCC_541\Debug\UART_FSKTx.a(LCD.o)
                0x00000a7c                LCD_Start
 .text.LCD_Position
                0x00000a98       0x3c .\CortexM3\ARM_GCC_541\Debug\UART_FSKTx.a(LCD.o)
                0x00000a98                LCD_Position
 .text.PWM_Switch_Timer_Enable
                0x00000ad4       0x10 .\CortexM3\ARM_GCC_541\Debug\UART_FSKTx.a(PWM_Switch_Timer.o)
                0x00000ad4                PWM_Switch_Timer_Enable
 .text.PWM_Switch_Timer_Stop
                0x00000ae4       0x10 .\CortexM3\ARM_GCC_541\Debug\UART_FSKTx.a(PWM_Switch_Timer.o)
                0x00000ae4                PWM_Switch_Timer_Stop
 .text.PWM_Switch_Timer_SetInterruptMode
                0x00000af4        0xc .\CortexM3\ARM_GCC_541\Debug\UART_FSKTx.a(PWM_Switch_Timer.o)
                0x00000af4                PWM_Switch_Timer_SetInterruptMode
 .text.PWM_Switch_Timer_ReadStatusRegister
                0x00000b00        0xc .\CortexM3\ARM_GCC_541\Debug\UART_FSKTx.a(PWM_Switch_Timer.o)
                0x00000b00                PWM_Switch_Timer_ReadStatusRegister
 .text.PWM_Switch_Timer_WritePeriod
                0x00000b0c        0xc .\CortexM3\ARM_GCC_541\Debug\UART_FSKTx.a(PWM_Switch_Timer.o)
                0x00000b0c                PWM_Switch_Timer_WritePeriod
 .text.PWM_Switch_Timer_ReadCapture
                0x00000b18        0xc .\CortexM3\ARM_GCC_541\Debug\UART_FSKTx.a(PWM_Switch_Timer.o)
                0x00000b18                PWM_Switch_Timer_ReadCapture
 .text.PWM_Switch_Timer_WriteCounter
                0x00000b24        0xc .\CortexM3\ARM_GCC_541\Debug\UART_FSKTx.a(PWM_Switch_Timer.o)
                0x00000b24                PWM_Switch_Timer_WriteCounter
 .text.PWM_Switch_Timer_ClearFIFO
                0x00000b30       0x14 .\CortexM3\ARM_GCC_541\Debug\UART_FSKTx.a(PWM_Switch_Timer.o)
                0x00000b30                PWM_Switch_Timer_ClearFIFO
 .text.PWM_Switch_Timer_Init
                0x00000b44       0x30 .\CortexM3\ARM_GCC_541\Debug\UART_FSKTx.a(PWM_Switch_Timer.o)
                0x00000b44                PWM_Switch_Timer_Init
 .text.PWM_Switch_Timer_Start
                0x00000b74       0x1c .\CortexM3\ARM_GCC_541\Debug\UART_FSKTx.a(PWM_Switch_Timer.o)
                0x00000b74                PWM_Switch_Timer_Start
 .text.isr_rx_SetVector
                0x00000b90        0xc .\CortexM3\ARM_GCC_541\Debug\UART_FSKTx.a(isr_rx.o)
                0x00000b90                isr_rx_SetVector
 .text.isr_rx_SetPriority
                0x00000b9c       0x10 .\CortexM3\ARM_GCC_541\Debug\UART_FSKTx.a(isr_rx.o)
                0x00000b9c                isr_rx_SetPriority
 .text.isr_rx_Enable
                0x00000bac        0xc .\CortexM3\ARM_GCC_541\Debug\UART_FSKTx.a(isr_rx.o)
                0x00000bac                isr_rx_Enable
 .text.isr_rx_Disable
                0x00000bb8        0xc .\CortexM3\ARM_GCC_541\Debug\UART_FSKTx.a(isr_rx.o)
                0x00000bb8                isr_rx_Disable
 .text.isr_rx_StartEx
                0x00000bc4       0x1c .\CortexM3\ARM_GCC_541\Debug\UART_FSKTx.a(isr_rx.o)
                0x00000bc4                isr_rx_StartEx
 .text.isr_sec_SetVector
                0x00000be0        0xc .\CortexM3\ARM_GCC_541\Debug\UART_FSKTx.a(isr_sec.o)
                0x00000be0                isr_sec_SetVector
 .text.isr_sec_SetPriority
                0x00000bec       0x10 .\CortexM3\ARM_GCC_541\Debug\UART_FSKTx.a(isr_sec.o)
                0x00000bec                isr_sec_SetPriority
 .text.isr_sec_Enable
                0x00000bfc        0xc .\CortexM3\ARM_GCC_541\Debug\UART_FSKTx.a(isr_sec.o)
                0x00000bfc                isr_sec_Enable
 .text.isr_sec_Disable
                0x00000c08        0xc .\CortexM3\ARM_GCC_541\Debug\UART_FSKTx.a(isr_sec.o)
                0x00000c08                isr_sec_Disable
 .text.isr_sec_StartEx
                0x00000c14       0x1c .\CortexM3\ARM_GCC_541\Debug\UART_FSKTx.a(isr_sec.o)
                0x00000c14                isr_sec_StartEx
 .text.HighVoltage_Write
                0x00000c30       0x18 .\CortexM3\ARM_GCC_541\Debug\UART_FSKTx.a(HighVoltage.o)
                0x00000c30                HighVoltage_Write
 .text.PWM_1_Enable
                0x00000c48       0x10 .\CortexM3\ARM_GCC_541\Debug\UART_FSKTx.a(PWM_1.o)
                0x00000c48                PWM_1_Enable
 .text.PWM_1_WriteCounter
                0x00000c58        0xc .\CortexM3\ARM_GCC_541\Debug\UART_FSKTx.a(PWM_1.o)
                0x00000c58                PWM_1_WriteCounter
 .text.PWM_1_WritePeriod
                0x00000c64        0xc .\CortexM3\ARM_GCC_541\Debug\UART_FSKTx.a(PWM_1.o)
                0x00000c64                PWM_1_WritePeriod
 .text.PWM_1_WriteCompare
                0x00000c70        0xc .\CortexM3\ARM_GCC_541\Debug\UART_FSKTx.a(PWM_1.o)
                0x00000c70                PWM_1_WriteCompare
 .text.PWM_1_SetInterruptMode
                0x00000c7c        0xc .\CortexM3\ARM_GCC_541\Debug\UART_FSKTx.a(PWM_1.o)
                0x00000c7c                PWM_1_SetInterruptMode
 .text.PWM_1_ReadStatusRegister
                0x00000c88        0xc .\CortexM3\ARM_GCC_541\Debug\UART_FSKTx.a(PWM_1.o)
                0x00000c88                PWM_1_ReadStatusRegister
 .text.PWM_1_ReadCapture
                0x00000c94        0xc .\CortexM3\ARM_GCC_541\Debug\UART_FSKTx.a(PWM_1.o)
                0x00000c94                PWM_1_ReadCapture
 .text.PWM_1_ClearFIFO
                0x00000ca0       0x14 .\CortexM3\ARM_GCC_541\Debug\UART_FSKTx.a(PWM_1.o)
                0x00000ca0                PWM_1_ClearFIFO
 .text.PWM_1_Init
                0x00000cb4       0x5c .\CortexM3\ARM_GCC_541\Debug\UART_FSKTx.a(PWM_1.o)
                0x00000cb4                PWM_1_Init
 .text.PWM_1_Start
                0x00000d10       0x1c .\CortexM3\ARM_GCC_541\Debug\UART_FSKTx.a(PWM_1.o)
                0x00000d10                PWM_1_Start
 .text.PWM_2_Enable
                0x00000d2c       0x10 .\CortexM3\ARM_GCC_541\Debug\UART_FSKTx.a(PWM_2.o)
                0x00000d2c                PWM_2_Enable
 .text.PWM_2_WriteCounter
                0x00000d3c        0xc .\CortexM3\ARM_GCC_541\Debug\UART_FSKTx.a(PWM_2.o)
                0x00000d3c                PWM_2_WriteCounter
 .text.PWM_2_WritePeriod
                0x00000d48        0xc .\CortexM3\ARM_GCC_541\Debug\UART_FSKTx.a(PWM_2.o)
                0x00000d48                PWM_2_WritePeriod
 .text.PWM_2_WriteCompare
                0x00000d54        0xc .\CortexM3\ARM_GCC_541\Debug\UART_FSKTx.a(PWM_2.o)
                0x00000d54                PWM_2_WriteCompare
 .text.PWM_2_SetInterruptMode
                0x00000d60        0xc .\CortexM3\ARM_GCC_541\Debug\UART_FSKTx.a(PWM_2.o)
                0x00000d60                PWM_2_SetInterruptMode
 .text.PWM_2_ReadStatusRegister
                0x00000d6c        0xc .\CortexM3\ARM_GCC_541\Debug\UART_FSKTx.a(PWM_2.o)
                0x00000d6c                PWM_2_ReadStatusRegister
 .text.PWM_2_ReadCapture
                0x00000d78        0xc .\CortexM3\ARM_GCC_541\Debug\UART_FSKTx.a(PWM_2.o)
                0x00000d78                PWM_2_ReadCapture
 .text.PWM_2_ClearFIFO
                0x00000d84       0x14 .\CortexM3\ARM_GCC_541\Debug\UART_FSKTx.a(PWM_2.o)
                0x00000d84                PWM_2_ClearFIFO
 .text.PWM_2_Init
                0x00000d98       0x5c .\CortexM3\ARM_GCC_541\Debug\UART_FSKTx.a(PWM_2.o)
                0x00000d98                PWM_2_Init
 .text.PWM_2_Start
                0x00000df4       0x1c .\CortexM3\ARM_GCC_541\Debug\UART_FSKTx.a(PWM_2.o)
                0x00000df4                PWM_2_Start
 .text.PWM_3_Enable
                0x00000e10       0x10 .\CortexM3\ARM_GCC_541\Debug\UART_FSKTx.a(PWM_3.o)
                0x00000e10                PWM_3_Enable
 .text.PWM_3_WriteCounter
                0x00000e20        0xc .\CortexM3\ARM_GCC_541\Debug\UART_FSKTx.a(PWM_3.o)
                0x00000e20                PWM_3_WriteCounter
 .text.PWM_3_WritePeriod
                0x00000e2c        0xc .\CortexM3\ARM_GCC_541\Debug\UART_FSKTx.a(PWM_3.o)
                0x00000e2c                PWM_3_WritePeriod
 .text.PWM_3_WriteCompare
                0x00000e38        0xc .\CortexM3\ARM_GCC_541\Debug\UART_FSKTx.a(PWM_3.o)
                0x00000e38                PWM_3_WriteCompare
 .text.PWM_3_SetInterruptMode
                0x00000e44        0xc .\CortexM3\ARM_GCC_541\Debug\UART_FSKTx.a(PWM_3.o)
                0x00000e44                PWM_3_SetInterruptMode
 .text.PWM_3_ReadStatusRegister
                0x00000e50        0xc .\CortexM3\ARM_GCC_541\Debug\UART_FSKTx.a(PWM_3.o)
                0x00000e50                PWM_3_ReadStatusRegister
 .text.PWM_3_ReadCapture
                0x00000e5c        0xc .\CortexM3\ARM_GCC_541\Debug\UART_FSKTx.a(PWM_3.o)
                0x00000e5c                PWM_3_ReadCapture
 .text.PWM_3_ClearFIFO
                0x00000e68       0x14 .\CortexM3\ARM_GCC_541\Debug\UART_FSKTx.a(PWM_3.o)
                0x00000e68                PWM_3_ClearFIFO
 .text.PWM_3_Init
                0x00000e7c       0x5c .\CortexM3\ARM_GCC_541\Debug\UART_FSKTx.a(PWM_3.o)
                0x00000e7c                PWM_3_Init
 .text.PWM_3_Start
                0x00000ed8       0x1c .\CortexM3\ARM_GCC_541\Debug\UART_FSKTx.a(PWM_3.o)
                0x00000ed8                PWM_3_Start
 .text.SignalBase_Write
                0x00000ef4       0x18 .\CortexM3\ARM_GCC_541\Debug\UART_FSKTx.a(SignalBase.o)
                0x00000ef4                SignalBase_Write
 .text.UART_IntClock_Start
                0x00000f0c       0x1c .\CortexM3\ARM_GCC_541\Debug\UART_FSKTx.a(UART_IntClock.o)
                0x00000f0c                UART_IntClock_Start
 .text.CyDelay  0x00000f28       0x2c .\CortexM3\ARM_GCC_541\Debug\UART_FSKTx.a(CyLib.o)
                0x00000f28                CyDelay
 .text.CyDelayUs
                0x00000f54       0x14 .\CortexM3\ARM_GCC_541\Debug\UART_FSKTx.a(CyLib.o)
                0x00000f54                CyDelayUs
 .text          0x00000f68       0x20 .\CortexM3\ARM_GCC_541\Debug\UART_FSKTx.a(CyBootAsmGnu.o)
                0x00000f68                CyDelayCycles
                0x00000f78                CyEnterCriticalSection
                0x00000f80                CyExitCriticalSection
 .text.__errno  0x00000f88        0xc c:/program files (x86)/cypress/psoc creator/4.1/psoc creator/import/gnu/arm/5.4.1/bin/../lib/gcc/arm-none-eabi/5.4.1/../../../../arm-none-eabi/lib/armv7-m\libg_nano.a(lib_a-errno.o)
                0x00000f88                __errno
 .text.__libc_init_array
                0x00000f94       0x4c c:/program files (x86)/cypress/psoc creator/4.1/psoc creator/import/gnu/arm/5.4.1/bin/../lib/gcc/arm-none-eabi/5.4.1/../../../../arm-none-eabi/lib/armv7-m\libg_nano.a(lib_a-init.o)
                0x00000f94                __libc_init_array
 .text.memcpy   0x00000fe0       0x16 c:/program files (x86)/cypress/psoc creator/4.1/psoc creator/import/gnu/arm/5.4.1/bin/../lib/gcc/arm-none-eabi/5.4.1/../../../../arm-none-eabi/lib/armv7-m\libg_nano.a(lib_a-memcpy-stub.o)
                0x00000fe0                memcpy
 .text.memset   0x00000ff6       0x10 c:/program files (x86)/cypress/psoc creator/4.1/psoc creator/import/gnu/arm/5.4.1/bin/../lib/gcc/arm-none-eabi/5.4.1/../../../../arm-none-eabi/lib/armv7-m\libg_nano.a(lib_a-memset.o)
                0x00000ff6                memset
 *fill*         0x00001006        0x2 
 .text.sprintf  0x00001008       0x48 c:/program files (x86)/cypress/psoc creator/4.1/psoc creator/import/gnu/arm/5.4.1/bin/../lib/gcc/arm-none-eabi/5.4.1/../../../../arm-none-eabi/lib/armv7-m\libg_nano.a(lib_a-sprintf.o)
                0x00001008                siprintf
                0x00001008                sprintf
 .text.__ssputs_r
                0x00001050       0xb2 c:/program files (x86)/cypress/psoc creator/4.1/psoc creator/import/gnu/arm/5.4.1/bin/../lib/gcc/arm-none-eabi/5.4.1/../../../../arm-none-eabi/lib/armv7-m\libg_nano.a(lib_a-nano-svfprintf.o)
                0x00001050                __ssputs_r
 *fill*         0x00001102        0x2 
 .text._svfprintf_r
                0x00001104      0x1e8 c:/program files (x86)/cypress/psoc creator/4.1/psoc creator/import/gnu/arm/5.4.1/bin/../lib/gcc/arm-none-eabi/5.4.1/../../../../arm-none-eabi/lib/armv7-m\libg_nano.a(lib_a-nano-svfprintf.o)
                0x00001104                _svfiprintf_r
                0x00001104                _svfprintf_r
 .text._printf_common
                0x000012ec       0xec c:/program files (x86)/cypress/psoc creator/4.1/psoc creator/import/gnu/arm/5.4.1/bin/../lib/gcc/arm-none-eabi/5.4.1/../../../../arm-none-eabi/lib/armv7-m\libg_nano.a(lib_a-nano-vfprintf_i.o)
                0x000012ec                _printf_common
 .text._printf_i
                0x000013d8      0x24c c:/program files (x86)/cypress/psoc creator/4.1/psoc creator/import/gnu/arm/5.4.1/bin/../lib/gcc/arm-none-eabi/5.4.1/../../../../arm-none-eabi/lib/armv7-m\libg_nano.a(lib_a-nano-vfprintf_i.o)
                0x000013d8                _printf_i
 .text.memchr   0x00001624       0x1c c:/program files (x86)/cypress/psoc creator/4.1/psoc creator/import/gnu/arm/5.4.1/bin/../lib/gcc/arm-none-eabi/5.4.1/../../../../arm-none-eabi/lib/armv7-m\libg_nano.a(lib_a-memchr-stub.o)
                0x00001624                memchr
 .text.memmove  0x00001640       0x36 c:/program files (x86)/cypress/psoc creator/4.1/psoc creator/import/gnu/arm/5.4.1/bin/../lib/gcc/arm-none-eabi/5.4.1/../../../../arm-none-eabi/lib/armv7-m\libg_nano.a(lib_a-memmove.o)
                0x00001640                memmove
 *fill*         0x00001676        0x2 
 .text._free_r  0x00001678       0x98 c:/program files (x86)/cypress/psoc creator/4.1/psoc creator/import/gnu/arm/5.4.1/bin/../lib/gcc/arm-none-eabi/5.4.1/../../../../arm-none-eabi/lib/armv7-m\libg_nano.a(lib_a-nano-freer.o)
                0x00001678                _free_r
 .text._malloc_r
                0x00001710       0xbc c:/program files (x86)/cypress/psoc creator/4.1/psoc creator/import/gnu/arm/5.4.1/bin/../lib/gcc/arm-none-eabi/5.4.1/../../../../arm-none-eabi/lib/armv7-m\libg_nano.a(lib_a-nano-mallocr.o)
                0x00001710                _malloc_r
 .text._realloc_r
                0x000017cc       0x4c c:/program files (x86)/cypress/psoc creator/4.1/psoc creator/import/gnu/arm/5.4.1/bin/../lib/gcc/arm-none-eabi/5.4.1/../../../../arm-none-eabi/lib/armv7-m\libg_nano.a(lib_a-nano-reallocr.o)
                0x000017cc                _realloc_r
 .text._sbrk_r  0x00001818       0x20 c:/program files (x86)/cypress/psoc creator/4.1/psoc creator/import/gnu/arm/5.4.1/bin/../lib/gcc/arm-none-eabi/5.4.1/../../../../arm-none-eabi/lib/armv7-m\libg_nano.a(lib_a-sbrkr.o)
                0x00001818                _sbrk_r
 .text.__malloc_lock
                0x00001838        0x2 c:/program files (x86)/cypress/psoc creator/4.1/psoc creator/import/gnu/arm/5.4.1/bin/../lib/gcc/arm-none-eabi/5.4.1/../../../../arm-none-eabi/lib/armv7-m\libg_nano.a(lib_a-mlock.o)
                0x00001838                __malloc_lock
 .text.__malloc_unlock
                0x0000183a        0x2 c:/program files (x86)/cypress/psoc creator/4.1/psoc creator/import/gnu/arm/5.4.1/bin/../lib/gcc/arm-none-eabi/5.4.1/../../../../arm-none-eabi/lib/armv7-m\libg_nano.a(lib_a-mlock.o)
                0x0000183a                __malloc_unlock
 .text._malloc_usable_size_r
                0x0000183c       0x14 c:/program files (x86)/cypress/psoc creator/4.1/psoc creator/import/gnu/arm/5.4.1/bin/../lib/gcc/arm-none-eabi/5.4.1/../../../../arm-none-eabi/lib/armv7-m\libg_nano.a(lib_a-nano-msizer.o)
                0x0000183c                _malloc_usable_size_r
 *(.plt)
 *(.gnu.warning)
 *(.glue_7t)
 .glue_7t       0x00001850        0x0 linker stubs
 *(.glue_7)
 .glue_7        0x00001850        0x0 linker stubs
 *(.vfp11_veneer)
 .vfp11_veneer  0x00001850        0x0 linker stubs
 *(.bootloader)
 *(.ARM.extab* .gnu.linkonce.armextab.*)
 *(.gcc_except_table)

.v4_bx          0x00001850        0x0
 .v4_bx         0x00001850        0x0 linker stubs

.iplt           0x00001850        0x0
 .iplt          0x00001850        0x0 c:/program files (x86)/cypress/psoc creator/4.1/psoc creator/import/gnu/arm/5.4.1/bin/../lib/gcc/arm-none-eabi/5.4.1/armv7-m/crtbegin.o

.eh_frame_hdr
 *(.eh_frame_hdr)

.eh_frame       0x00001850        0x4
 *(.eh_frame)
 .eh_frame      0x00001850        0x0 c:/program files (x86)/cypress/psoc creator/4.1/psoc creator/import/gnu/arm/5.4.1/bin/../lib/gcc/arm-none-eabi/5.4.1/armv7-m/crtbegin.o
 .eh_frame      0x00001850        0x4 c:/program files (x86)/cypress/psoc creator/4.1/psoc creator/import/gnu/arm/5.4.1/bin/../lib/gcc/arm-none-eabi/5.4.1/armv7-m/crtend.o
                [!provide]                PROVIDE (__exidx_start, .)

.ARM.exidx
 *(.ARM.exidx* .gnu.linkonce.armexidx.*)
                0x00001854                __exidx_end = .

.rodata         0x00001854      0x11c
 *(.rodata .rodata.* .gnu.linkonce.r.*)
 .rodata.str1.4
                0x00001854       0x7c .\CortexM3\ARM_GCC_541\Debug\main.o
                                 0x7a (size before relaxing)
 .rodata        0x000018d0       0x36 .\CortexM3\ARM_GCC_541\Debug\cyfitter_cfg.o
 .rodata.str1.1
                0x00001906        0x2 c:/program files (x86)/cypress/psoc creator/4.1/psoc creator/import/gnu/arm/5.4.1/bin/../lib/gcc/arm-none-eabi/5.4.1/../../../../arm-none-eabi/lib/armv7-m\libg_nano.a(lib_a-impure.o)
 .rodata.str1.1
                0x00001908       0x11 c:/program files (x86)/cypress/psoc creator/4.1/psoc creator/import/gnu/arm/5.4.1/bin/../lib/gcc/arm-none-eabi/5.4.1/../../../../arm-none-eabi/lib/armv7-m\libg_nano.a(lib_a-nano-svfprintf.o)
 .rodata.str1.1
                0x00001919       0x22 c:/program files (x86)/cypress/psoc creator/4.1/psoc creator/import/gnu/arm/5.4.1/bin/../lib/gcc/arm-none-eabi/5.4.1/../../../../arm-none-eabi/lib/armv7-m\libg_nano.a(lib_a-nano-vfprintf_i.o)
                0x0000193c                . = ALIGN (0x4)
 *fill*         0x0000193b        0x1 
 *(.init)
 .init          0x0000193c        0x4 c:/program files (x86)/cypress/psoc creator/4.1/psoc creator/import/gnu/arm/5.4.1/bin/../lib/gcc/arm-none-eabi/5.4.1/armv7-m/crti.o
                0x0000193c                _init
 .init          0x00001940        0x8 c:/program files (x86)/cypress/psoc creator/4.1/psoc creator/import/gnu/arm/5.4.1/bin/../lib/gcc/arm-none-eabi/5.4.1/armv7-m/crtn.o
                0x00001948                . = ALIGN (0x4)
                0x00001948                __preinit_array_start = .
 *(.preinit_array)
                0x00001948                __preinit_array_end = .
                0x00001948                . = ALIGN (0x4)
                0x00001948                __init_array_start = .
 *(SORT(.init_array.*))
 *(.init_array)
 .init_array    0x00001948        0x4 c:/program files (x86)/cypress/psoc creator/4.1/psoc creator/import/gnu/arm/5.4.1/bin/../lib/gcc/arm-none-eabi/5.4.1/armv7-m/crtbegin.o
 .init_array    0x0000194c        0x4 .\CortexM3\ARM_GCC_541\Debug\Cm3Start.o
                0x00001950                __init_array_end = .
                0x00001950                . = ALIGN (0x4)
 *(.fini)
 .fini          0x00001950        0x4 c:/program files (x86)/cypress/psoc creator/4.1/psoc creator/import/gnu/arm/5.4.1/bin/../lib/gcc/arm-none-eabi/5.4.1/armv7-m/crti.o
                0x00001950                _fini
 .fini          0x00001954        0x8 c:/program files (x86)/cypress/psoc creator/4.1/psoc creator/import/gnu/arm/5.4.1/bin/../lib/gcc/arm-none-eabi/5.4.1/armv7-m/crtn.o
                0x0000195c                . = ALIGN (0x4)
                0x0000195c                __fini_array_start = .
 *(.fini_array)
 .fini_array    0x0000195c        0x4 c:/program files (x86)/cypress/psoc creator/4.1/psoc creator/import/gnu/arm/5.4.1/bin/../lib/gcc/arm-none-eabi/5.4.1/armv7-m/crtbegin.o
 *(SORT(.fini_array.*))
                0x00001960                __fini_array_end = .
                0x00001960                . = ALIGN (0x4)
 *crtbegin.o(.ctors)
 *(EXCLUDE_FILE(*crtend.o) .ctors)
 *(SORT(.ctors.*))
 *crtend.o(.ctors)
                0x00001960                . = ALIGN (0x4)
 *crtbegin.o(.dtors)
 *(EXCLUDE_FILE(*crtend.o) .dtors)
 *(SORT(.dtors.*))
 *crtend.o(.dtors)
                0x00001960                . = ALIGN (0x4)
                0x00001960                __cy_regions = .
                0x00001960        0x4 LONG 0x1970 __cy_region_init_ram
                0x00001964        0x4 LONG 0x1fff80c8 __cy_region_start_data
                0x00001968        0x4 LONG 0x80 __cy_region_init_size_ram
                0x0000196c        0x4 LONG 0x70 __cy_region_zero_size_ram
                0x00001970                __cy_regions_end = .
                0x00001970                . = ALIGN (0x8)
                0x00001970                _etext = .

.cy_checksum_exclude
                0x00001970        0x0
 *(.cy_checksum_exclude)

.ramvectors     0x1fff8000       0xc0
                0x1fff8000                __cy_region_start_ram = .
 *(.ramvectors)
 .ramvectors    0x1fff8000       0xc0 .\CortexM3\ARM_GCC_541\Debug\Cm3Start.o
                0x1fff8000                CyRamVectors

.noinit         0x1fff80c0        0x1
 *(.noinit)
 .noinit        0x1fff80c0        0x1 .\CortexM3\ARM_GCC_541\Debug\UART_FSKTx.a(CyLib.o)
                0x1fff80c0                CyResetStatus

.data           0x1fff80c8       0x80 load address 0x00001970
                0x1fff80c8                __cy_region_start_data = .
 *(.jcr)
 .jcr           0x1fff80c8        0x0 c:/program files (x86)/cypress/psoc creator/4.1/psoc creator/import/gnu/arm/5.4.1/bin/../lib/gcc/arm-none-eabi/5.4.1/armv7-m/crtbegin.o
 .jcr           0x1fff80c8        0x4 c:/program files (x86)/cypress/psoc creator/4.1/psoc creator/import/gnu/arm/5.4.1/bin/../lib/gcc/arm-none-eabi/5.4.1/armv7-m/crtend.o
 *(.got.plt)
 *(.got)
 *(.shdata)
 *(.data .data.* .gnu.linkonce.d.*)
 .data          0x1fff80cc        0x4 .\CortexM3\ARM_GCC_541\Debug\Cm3Start.o
 .data          0x1fff80d0       0x10 .\CortexM3\ARM_GCC_541\Debug\UART_FSKTx.a(CyLib.o)
                0x1fff80d0                cydelay_32k_ms
                0x1fff80d4                cydelay_freq_khz
                0x1fff80d8                cydelay_freq_mhz
                0x1fff80dc                cydelay_freq_hz
 .data.impure_data
                0x1fff80e0       0x60 c:/program files (x86)/cypress/psoc creator/4.1/psoc creator/import/gnu/arm/5.4.1/bin/../lib/gcc/arm-none-eabi/5.4.1/../../../../arm-none-eabi/lib/armv7-m\libg_nano.a(lib_a-impure.o)
 .data._impure_ptr
                0x1fff8140        0x4 c:/program files (x86)/cypress/psoc creator/4.1/psoc creator/import/gnu/arm/5.4.1/bin/../lib/gcc/arm-none-eabi/5.4.1/../../../../arm-none-eabi/lib/armv7-m\libg_nano.a(lib_a-impure.o)
                0x1fff8140                _impure_ptr
                0x1fff8148                . = ALIGN (0x8)
 *fill*         0x1fff8144        0x4 
 *(.ram)
                0x1fff8148                _edata = .

.igot.plt       0x1fff8148        0x0 load address 0x000019f0
 .igot.plt      0x1fff8148        0x0 c:/program files (x86)/cypress/psoc creator/4.1/psoc creator/import/gnu/arm/5.4.1/bin/../lib/gcc/arm-none-eabi/5.4.1/armv7-m/crtbegin.o

.bss            0x1fff8148       0x70 load address 0x000019f0
                0x1fff8148                PROVIDE (__bss_start__, .)
 *(.shbss)
 *(.bss .bss.* .gnu.linkonce.b.*)
 .bss           0x1fff8148       0x1c c:/program files (x86)/cypress/psoc creator/4.1/psoc creator/import/gnu/arm/5.4.1/bin/../lib/gcc/arm-none-eabi/5.4.1/armv7-m/crtbegin.o
 .bss           0x1fff8164       0x10 .\CortexM3\ARM_GCC_541\Debug\main.o
                0x1fff816c                newDataflag
                0x1fff816d                errorStatus
                0x1fff816e                rxData
                0x1fff8170                error
 .bss           0x1fff8174        0x2 .\CortexM3\ARM_GCC_541\Debug\UART_FSKTx.a(UART.o)
                0x1fff8174                UART_initVar
 .bss           0x1fff8176        0x1 .\CortexM3\ARM_GCC_541\Debug\UART_FSKTx.a(PWM_Modulator.o)
                0x1fff8176                PWM_Modulator_initVar
 .bss           0x1fff8177        0x2 .\CortexM3\ARM_GCC_541\Debug\UART_FSKTx.a(LCD.o)
                0x1fff8177                LCD_enableState
                0x1fff8178                LCD_initVar
 .bss           0x1fff8179        0x1 .\CortexM3\ARM_GCC_541\Debug\UART_FSKTx.a(PWM_Switch_Timer.o)
                0x1fff8179                PWM_Switch_Timer_initVar
 .bss           0x1fff817a        0x1 .\CortexM3\ARM_GCC_541\Debug\UART_FSKTx.a(PWM_1.o)
                0x1fff817a                PWM_1_initVar
 .bss           0x1fff817b        0x1 .\CortexM3\ARM_GCC_541\Debug\UART_FSKTx.a(PWM_2.o)
                0x1fff817b                PWM_2_initVar
 .bss           0x1fff817c        0x1 .\CortexM3\ARM_GCC_541\Debug\UART_FSKTx.a(PWM_3.o)
                0x1fff817c                PWM_3_initVar
 *fill*         0x1fff817d        0x3 
 .bss.__malloc_sbrk_start
                0x1fff8180        0x4 c:/program files (x86)/cypress/psoc creator/4.1/psoc creator/import/gnu/arm/5.4.1/bin/../lib/gcc/arm-none-eabi/5.4.1/../../../../arm-none-eabi/lib/armv7-m\libg_nano.a(lib_a-nano-mallocr.o)
                0x1fff8180                __malloc_sbrk_start
 .bss.__malloc_free_list
                0x1fff8184        0x4 c:/program files (x86)/cypress/psoc creator/4.1/psoc creator/import/gnu/arm/5.4.1/bin/../lib/gcc/arm-none-eabi/5.4.1/../../../../arm-none-eabi/lib/armv7-m\libg_nano.a(lib_a-nano-mallocr.o)
                0x1fff8184                __malloc_free_list
 *(COMMON)
 COMMON         0x1fff8188       0x2a .\CortexM3\ARM_GCC_541\Debug\main.o
                0x1fff8188                lineStr
                0x1fff819c                data
                0x1fff81b0                count
 *fill*         0x1fff81b2        0x2 
 COMMON         0x1fff81b4        0x4 c:/program files (x86)/cypress/psoc creator/4.1/psoc creator/import/gnu/arm/5.4.1/bin/../lib/gcc/arm-none-eabi/5.4.1/../../../../arm-none-eabi/lib/armv7-m\libg_nano.a(lib_a-reent.o)
                0x1fff81b4                errno
                0x1fff81b8                . = ALIGN (0x8)
 *(.ram.b)
                0x1fff81b8                _end = .
                0x1fff81b8                __end = .
                0x1fff81b8                PROVIDE (end, .)
                0x1fff81b8                PROVIDE (__bss_end__, .)
                0x00001970                __cy_region_init_ram = LOADADDR (.data)
                0x00000080                __cy_region_init_size_ram = (_edata - ADDR (.data))
                0x00000070                __cy_region_zero_size_ram = (_end - _edata)

.heap           0x1fff81b8      0x300 load address 0x000019f0
                0x1fff81b8                . = _end
                0x1fff84b8                . = (. + 0x300)
 *fill*         0x1fff81b8      0x300 
                0x1fff84b8                __cy_heap_limit = .

.stack          0x20007800      0x800
                0x20007800                __cy_stack_limit = .
                0x20008000                . = (. + 0x800)
 *fill*         0x20007800      0x800 
                0x00000001                ASSERT ((__cy_stack_limit >= __cy_heap_limit), region RAM overflowed with stack)
                0x00000000                cy_checksum_exclude_size = (CY_APPL_LOADABLE == 0x1)?SIZEOF (.cy_checksum_exclude):0x0
                0x00000001                ASSERT ((cy_checksum_exclude_size <= CY_CHECKSUM_EXCLUDE_SIZE), CY_BOOT: Section .cy_checksum_exclude size exceedes specified limit.)

.cyloadermeta
 *(.cyloadermeta)

.cyloadablemeta
 *(.cyloadablemeta)

.cyconfigecc    0x80000000      0x764
 *(.cyconfigecc)
 .cyconfigecc   0x80000000      0x764 .\CortexM3\ARM_GCC_541\Debug\cymetadata.o
                0x80000000                cy_meta_configecc

.cycustnvl      0x90000000        0x4
 *(.cycustnvl)
 .cycustnvl     0x90000000        0x4 .\CortexM3\ARM_GCC_541\Debug\cymetadata.o
                0x90000000                cy_meta_custnvl

.cywolatch      0x90100000        0x4
 *(.cywolatch)
 .cywolatch     0x90100000        0x4 .\CortexM3\ARM_GCC_541\Debug\cymetadata.o
                0x90100000                cy_meta_wonvl

.cyeeprom       0x90200000        0x0
 *(.cyeeprom)
                0x00000001                ASSERT ((. <= ((0x90200000 + ee_offset) + ee_size)), .cyeeprom data will not fit in EEPROM)

.cyflashprotect
                0x90400000      0x100
 *(.cyflashprotect)
 .cyflashprotect
                0x90400000      0x100 .\CortexM3\ARM_GCC_541\Debug\cymetadata.o
                0x90400000                cy_meta_flashprotect

.cymeta         0x90500000        0xc
 *(.cymeta)
 .cymeta        0x90500000        0xc .\CortexM3\ARM_GCC_541\Debug\cymetadata.o
                0x90500000                cy_metadata

.rel.dyn        0x000019f0        0x0 load address 0x9050000c
 .rel.iplt      0x000019f0        0x0 c:/program files (x86)/cypress/psoc creator/4.1/psoc creator/import/gnu/arm/5.4.1/bin/../lib/gcc/arm-none-eabi/5.4.1/armv7-m/crtbegin.o

.stab
 *(.stab)

.stabstr
 *(.stabstr)

.debug
 *(.debug)

.line
 *(.line)

.debug_srcinfo
 *(.debug_srcinfo)

.debug_sfnames
 *(.debug_sfnames)

.debug_aranges  0x00000000      0xc50
 *(.debug_aranges)
 .debug_aranges
                0x00000000       0x48 .\CortexM3\ARM_GCC_541\Debug\main.o
 .debug_aranges
                0x00000048       0x20 .\CortexM3\ARM_GCC_541\Debug\debug.o
 .debug_aranges
                0x00000068       0x58 .\CortexM3\ARM_GCC_541\Debug\cyfitter_cfg.o
 .debug_aranges
                0x000000c0       0x18 .\CortexM3\ARM_GCC_541\Debug\cymetadata.o
 .debug_aranges
                0x000000d8       0x48 .\CortexM3\ARM_GCC_541\Debug\Cm3Start.o
 .debug_aranges
                0x00000120       0xf0 .\CortexM3\ARM_GCC_541\Debug\UART_FSKTx.a(UART.o)
 .debug_aranges
                0x00000210       0x98 .\CortexM3\ARM_GCC_541\Debug\UART_FSKTx.a(PWM_Modulator.o)
 .debug_aranges
                0x000002a8       0x98 .\CortexM3\ARM_GCC_541\Debug\UART_FSKTx.a(LCD.o)
 .debug_aranges
                0x00000340       0x90 .\CortexM3\ARM_GCC_541\Debug\UART_FSKTx.a(PWM_Switch_Timer.o)
 .debug_aranges
                0x000003d0       0x80 .\CortexM3\ARM_GCC_541\Debug\UART_FSKTx.a(isr_rx.o)
 .debug_aranges
                0x00000450       0x80 .\CortexM3\ARM_GCC_541\Debug\UART_FSKTx.a(isr_sec.o)
 .debug_aranges
                0x000004d0       0x38 .\CortexM3\ARM_GCC_541\Debug\UART_FSKTx.a(HighVoltage.o)
 .debug_aranges
                0x00000508       0x98 .\CortexM3\ARM_GCC_541\Debug\UART_FSKTx.a(PWM_1.o)
 .debug_aranges
                0x000005a0       0x98 .\CortexM3\ARM_GCC_541\Debug\UART_FSKTx.a(PWM_2.o)
 .debug_aranges
                0x00000638       0x98 .\CortexM3\ARM_GCC_541\Debug\UART_FSKTx.a(PWM_3.o)
 .debug_aranges
                0x000006d0       0x38 .\CortexM3\ARM_GCC_541\Debug\UART_FSKTx.a(SignalBase.o)
 .debug_aranges
                0x00000708       0x70 .\CortexM3\ARM_GCC_541\Debug\UART_FSKTx.a(UART_IntClock.o)
 .debug_aranges
                0x00000778      0x2a8 .\CortexM3\ARM_GCC_541\Debug\UART_FSKTx.a(CyLib.o)
 .debug_aranges
                0x00000a20       0x98 .\CortexM3\ARM_GCC_541\Debug\UART_FSKTx.a(cyPm.o)
 .debug_aranges
                0x00000ab8       0x20 .\CortexM3\ARM_GCC_541\Debug\UART_FSKTx.a(CyBootAsmGnu.o)
 .debug_aranges
                0x00000ad8       0x80 .\CortexM3\ARM_GCC_541\Debug\UART_FSKTx.a(CyScBoostClk.o)
 .debug_aranges
                0x00000b58       0x80 .\CortexM3\ARM_GCC_541\Debug\UART_FSKTx.a(CyFlash.o)
 .debug_aranges
                0x00000bd8       0x78 .\CortexM3\ARM_GCC_541\Debug\UART_FSKTx.a(CySpc.o)

.debug_pubnames
 *(.debug_pubnames)

.debug_info     0x00000000     0x6681
 *(.debug_info .gnu.linkonce.wi.*)
 .debug_info    0x00000000      0x703 .\CortexM3\ARM_GCC_541\Debug\main.o
 .debug_info    0x00000703      0x124 .\CortexM3\ARM_GCC_541\Debug\debug.o
 .debug_info    0x00000827      0x5de .\CortexM3\ARM_GCC_541\Debug\cyfitter_cfg.o
 .debug_info    0x00000e05      0x139 .\CortexM3\ARM_GCC_541\Debug\cymetadata.o
 .debug_info    0x00000f3e      0x3bb .\CortexM3\ARM_GCC_541\Debug\Cm3Start.o
 .debug_info    0x000012f9      0x60c .\CortexM3\ARM_GCC_541\Debug\UART_FSKTx.a(UART.o)
 .debug_info    0x00001905      0x334 .\CortexM3\ARM_GCC_541\Debug\UART_FSKTx.a(PWM_Modulator.o)
 .debug_info    0x00001c39      0x715 .\CortexM3\ARM_GCC_541\Debug\UART_FSKTx.a(LCD.o)
 .debug_info    0x0000234e      0x2ee .\CortexM3\ARM_GCC_541\Debug\UART_FSKTx.a(PWM_Switch_Timer.o)
 .debug_info    0x0000263c      0x2d2 .\CortexM3\ARM_GCC_541\Debug\UART_FSKTx.a(isr_rx.o)
 .debug_info    0x0000290e      0x2d2 .\CortexM3\ARM_GCC_541\Debug\UART_FSKTx.a(isr_sec.o)
 .debug_info    0x00002be0      0x11f .\CortexM3\ARM_GCC_541\Debug\UART_FSKTx.a(HighVoltage.o)
 .debug_info    0x00002cff      0x351 .\CortexM3\ARM_GCC_541\Debug\UART_FSKTx.a(PWM_1.o)
 .debug_info    0x00003050      0x34e .\CortexM3\ARM_GCC_541\Debug\UART_FSKTx.a(PWM_2.o)
 .debug_info    0x0000339e      0x34e .\CortexM3\ARM_GCC_541\Debug\UART_FSKTx.a(PWM_3.o)
 .debug_info    0x000036ec      0x11f .\CortexM3\ARM_GCC_541\Debug\UART_FSKTx.a(SignalBase.o)
 .debug_info    0x0000380b      0x283 .\CortexM3\ARM_GCC_541\Debug\UART_FSKTx.a(UART_IntClock.o)
 .debug_info    0x00003a8e     0x13d4 .\CortexM3\ARM_GCC_541\Debug\UART_FSKTx.a(CyLib.o)
 .debug_info    0x00004e62      0xa2a .\CortexM3\ARM_GCC_541\Debug\UART_FSKTx.a(cyPm.o)
 .debug_info    0x0000588c       0x90 .\CortexM3\ARM_GCC_541\Debug\UART_FSKTx.a(CyBootAsmGnu.o)
 .debug_info    0x0000591c      0x2c4 .\CortexM3\ARM_GCC_541\Debug\UART_FSKTx.a(CyScBoostClk.o)
 .debug_info    0x00005be0      0x5b8 .\CortexM3\ARM_GCC_541\Debug\UART_FSKTx.a(CyFlash.o)
 .debug_info    0x00006198      0x4e9 .\CortexM3\ARM_GCC_541\Debug\UART_FSKTx.a(CySpc.o)

.debug_abbrev   0x00000000     0x1d2f
 *(.debug_abbrev)
 .debug_abbrev  0x00000000      0x1a4 .\CortexM3\ARM_GCC_541\Debug\main.o
 .debug_abbrev  0x000001a4       0xbd .\CortexM3\ARM_GCC_541\Debug\debug.o
 .debug_abbrev  0x00000261      0x20d .\CortexM3\ARM_GCC_541\Debug\cyfitter_cfg.o
 .debug_abbrev  0x0000046e       0x77 .\CortexM3\ARM_GCC_541\Debug\cymetadata.o
 .debug_abbrev  0x000004e5      0x1e8 .\CortexM3\ARM_GCC_541\Debug\Cm3Start.o
 .debug_abbrev  0x000006cd      0x175 .\CortexM3\ARM_GCC_541\Debug\UART_FSKTx.a(UART.o)
 .debug_abbrev  0x00000842      0x133 .\CortexM3\ARM_GCC_541\Debug\UART_FSKTx.a(PWM_Modulator.o)
 .debug_abbrev  0x00000975      0x157 .\CortexM3\ARM_GCC_541\Debug\UART_FSKTx.a(LCD.o)
 .debug_abbrev  0x00000acc      0x12b .\CortexM3\ARM_GCC_541\Debug\UART_FSKTx.a(PWM_Switch_Timer.o)
 .debug_abbrev  0x00000bf7      0x173 .\CortexM3\ARM_GCC_541\Debug\UART_FSKTx.a(isr_rx.o)
 .debug_abbrev  0x00000d6a      0x173 .\CortexM3\ARM_GCC_541\Debug\UART_FSKTx.a(isr_sec.o)
 .debug_abbrev  0x00000edd       0x90 .\CortexM3\ARM_GCC_541\Debug\UART_FSKTx.a(HighVoltage.o)
 .debug_abbrev  0x00000f6d      0x133 .\CortexM3\ARM_GCC_541\Debug\UART_FSKTx.a(PWM_1.o)
 .debug_abbrev  0x000010a0      0x133 .\CortexM3\ARM_GCC_541\Debug\UART_FSKTx.a(PWM_2.o)
 .debug_abbrev  0x000011d3      0x133 .\CortexM3\ARM_GCC_541\Debug\UART_FSKTx.a(PWM_3.o)
 .debug_abbrev  0x00001306       0x90 .\CortexM3\ARM_GCC_541\Debug\UART_FSKTx.a(SignalBase.o)
 .debug_abbrev  0x00001396      0x139 .\CortexM3\ARM_GCC_541\Debug\UART_FSKTx.a(UART_IntClock.o)
 .debug_abbrev  0x000014cf      0x254 .\CortexM3\ARM_GCC_541\Debug\UART_FSKTx.a(CyLib.o)
 .debug_abbrev  0x00001723      0x1ab .\CortexM3\ARM_GCC_541\Debug\UART_FSKTx.a(cyPm.o)
 .debug_abbrev  0x000018ce       0x14 .\CortexM3\ARM_GCC_541\Debug\UART_FSKTx.a(CyBootAsmGnu.o)
 .debug_abbrev  0x000018e2      0x121 .\CortexM3\ARM_GCC_541\Debug\UART_FSKTx.a(CyScBoostClk.o)
 .debug_abbrev  0x00001a03      0x198 .\CortexM3\ARM_GCC_541\Debug\UART_FSKTx.a(CyFlash.o)
 .debug_abbrev  0x00001b9b      0x194 .\CortexM3\ARM_GCC_541\Debug\UART_FSKTx.a(CySpc.o)

.debug_line     0x00000000     0x2d6e
 *(.debug_line)
 .debug_line    0x00000000      0x353 .\CortexM3\ARM_GCC_541\Debug\main.o
 .debug_line    0x00000353      0x17a .\CortexM3\ARM_GCC_541\Debug\debug.o
 .debug_line    0x000004cd      0x1fe .\CortexM3\ARM_GCC_541\Debug\cyfitter_cfg.o
 .debug_line    0x000006cb      0x141 .\CortexM3\ARM_GCC_541\Debug\cymetadata.o
 .debug_line    0x0000080c      0x234 .\CortexM3\ARM_GCC_541\Debug\Cm3Start.o
 .debug_line    0x00000a40      0x2bc .\CortexM3\ARM_GCC_541\Debug\UART_FSKTx.a(UART.o)
 .debug_line    0x00000cfc      0x18d .\CortexM3\ARM_GCC_541\Debug\UART_FSKTx.a(PWM_Modulator.o)
 .debug_line    0x00000e89      0x1dc .\CortexM3\ARM_GCC_541\Debug\UART_FSKTx.a(LCD.o)
 .debug_line    0x00001065      0x17b .\CortexM3\ARM_GCC_541\Debug\UART_FSKTx.a(PWM_Switch_Timer.o)
 .debug_line    0x000011e0      0x133 .\CortexM3\ARM_GCC_541\Debug\UART_FSKTx.a(isr_rx.o)
 .debug_line    0x00001313      0x134 .\CortexM3\ARM_GCC_541\Debug\UART_FSKTx.a(isr_sec.o)
 .debug_line    0x00001447       0x98 .\CortexM3\ARM_GCC_541\Debug\UART_FSKTx.a(HighVoltage.o)
 .debug_line    0x000014df      0x188 .\CortexM3\ARM_GCC_541\Debug\UART_FSKTx.a(PWM_1.o)
 .debug_line    0x00001667      0x188 .\CortexM3\ARM_GCC_541\Debug\UART_FSKTx.a(PWM_2.o)
 .debug_line    0x000017ef      0x188 .\CortexM3\ARM_GCC_541\Debug\UART_FSKTx.a(PWM_3.o)
 .debug_line    0x00001977       0x97 .\CortexM3\ARM_GCC_541\Debug\UART_FSKTx.a(SignalBase.o)
 .debug_line    0x00001a0e      0x17c .\CortexM3\ARM_GCC_541\Debug\UART_FSKTx.a(UART_IntClock.o)
 .debug_line    0x00001b8a      0x854 .\CortexM3\ARM_GCC_541\Debug\UART_FSKTx.a(CyLib.o)
 .debug_line    0x000023de      0x367 .\CortexM3\ARM_GCC_541\Debug\UART_FSKTx.a(cyPm.o)
 .debug_line    0x00002745       0x66 .\CortexM3\ARM_GCC_541\Debug\UART_FSKTx.a(CyBootAsmGnu.o)
 .debug_line    0x000027ab      0x19e .\CortexM3\ARM_GCC_541\Debug\UART_FSKTx.a(CyScBoostClk.o)
 .debug_line    0x00002949      0x1e9 .\CortexM3\ARM_GCC_541\Debug\UART_FSKTx.a(CyFlash.o)
 .debug_line    0x00002b32      0x23c .\CortexM3\ARM_GCC_541\Debug\UART_FSKTx.a(CySpc.o)

.debug_frame    0x00000000     0x2114
 *(.debug_frame)
 .debug_frame   0x00000000       0x90 .\CortexM3\ARM_GCC_541\Debug\main.o
 .debug_frame   0x00000090       0x30 .\CortexM3\ARM_GCC_541\Debug\debug.o
 .debug_frame   0x000000c0       0xe4 .\CortexM3\ARM_GCC_541\Debug\cyfitter_cfg.o
 .debug_frame   0x000001a4       0xb8 .\CortexM3\ARM_GCC_541\Debug\Cm3Start.o
 .debug_frame   0x0000025c      0x250 .\CortexM3\ARM_GCC_541\Debug\UART_FSKTx.a(UART.o)
 .debug_frame   0x000004ac      0x134 .\CortexM3\ARM_GCC_541\Debug\UART_FSKTx.a(PWM_Modulator.o)
 .debug_frame   0x000005e0      0x1e8 .\CortexM3\ARM_GCC_541\Debug\UART_FSKTx.a(LCD.o)
 .debug_frame   0x000007c8      0x124 .\CortexM3\ARM_GCC_541\Debug\UART_FSKTx.a(PWM_Switch_Timer.o)
 .debug_frame   0x000008ec      0x104 .\CortexM3\ARM_GCC_541\Debug\UART_FSKTx.a(isr_rx.o)
 .debug_frame   0x000009f0      0x104 .\CortexM3\ARM_GCC_541\Debug\UART_FSKTx.a(isr_sec.o)
 .debug_frame   0x00000af4       0x50 .\CortexM3\ARM_GCC_541\Debug\UART_FSKTx.a(HighVoltage.o)
 .debug_frame   0x00000b44      0x134 .\CortexM3\ARM_GCC_541\Debug\UART_FSKTx.a(PWM_1.o)
 .debug_frame   0x00000c78      0x134 .\CortexM3\ARM_GCC_541\Debug\UART_FSKTx.a(PWM_2.o)
 .debug_frame   0x00000dac      0x134 .\CortexM3\ARM_GCC_541\Debug\UART_FSKTx.a(PWM_3.o)
 .debug_frame   0x00000ee0       0x50 .\CortexM3\ARM_GCC_541\Debug\UART_FSKTx.a(SignalBase.o)
 .debug_frame   0x00000f30       0xe0 .\CortexM3\ARM_GCC_541\Debug\UART_FSKTx.a(UART_IntClock.o)
 .debug_frame   0x00001010      0x754 .\CortexM3\ARM_GCC_541\Debug\UART_FSKTx.a(CyLib.o)
 .debug_frame   0x00001764      0x1f8 .\CortexM3\ARM_GCC_541\Debug\UART_FSKTx.a(cyPm.o)
 .debug_frame   0x0000195c      0x100 .\CortexM3\ARM_GCC_541\Debug\UART_FSKTx.a(CyScBoostClk.o)
 .debug_frame   0x00001a5c      0x174 .\CortexM3\ARM_GCC_541\Debug\UART_FSKTx.a(CyFlash.o)
 .debug_frame   0x00001bd0      0x160 .\CortexM3\ARM_GCC_541\Debug\UART_FSKTx.a(CySpc.o)
 .debug_frame   0x00001d30       0x20 c:/program files (x86)/cypress/psoc creator/4.1/psoc creator/import/gnu/arm/5.4.1/bin/../lib/gcc/arm-none-eabi/5.4.1/../../../../arm-none-eabi/lib/armv7-m\libg_nano.a(lib_a-errno.o)
 .debug_frame   0x00001d50       0x28 c:/program files (x86)/cypress/psoc creator/4.1/psoc creator/import/gnu/arm/5.4.1/bin/../lib/gcc/arm-none-eabi/5.4.1/../../../../arm-none-eabi/lib/armv7-m\libg_nano.a(lib_a-exit.o)
 .debug_frame   0x00001d78       0x2c c:/program files (x86)/cypress/psoc creator/4.1/psoc creator/import/gnu/arm/5.4.1/bin/../lib/gcc/arm-none-eabi/5.4.1/../../../../arm-none-eabi/lib/armv7-m\libg_nano.a(lib_a-init.o)
 .debug_frame   0x00001da4       0x28 c:/program files (x86)/cypress/psoc creator/4.1/psoc creator/import/gnu/arm/5.4.1/bin/../lib/gcc/arm-none-eabi/5.4.1/../../../../arm-none-eabi/lib/armv7-m\libg_nano.a(lib_a-memcpy-stub.o)
 .debug_frame   0x00001dcc       0x20 c:/program files (x86)/cypress/psoc creator/4.1/psoc creator/import/gnu/arm/5.4.1/bin/../lib/gcc/arm-none-eabi/5.4.1/../../../../arm-none-eabi/lib/armv7-m\libg_nano.a(lib_a-memset.o)
 .debug_frame   0x00001dec       0x70 c:/program files (x86)/cypress/psoc creator/4.1/psoc creator/import/gnu/arm/5.4.1/bin/../lib/gcc/arm-none-eabi/5.4.1/../../../../arm-none-eabi/lib/armv7-m\libg_nano.a(lib_a-sprintf.o)
 .debug_frame   0x00001e5c       0x90 c:/program files (x86)/cypress/psoc creator/4.1/psoc creator/import/gnu/arm/5.4.1/bin/../lib/gcc/arm-none-eabi/5.4.1/../../../../arm-none-eabi/lib/armv7-m\libg_nano.a(lib_a-nano-svfprintf.o)
 .debug_frame   0x00001eec       0x60 c:/program files (x86)/cypress/psoc creator/4.1/psoc creator/import/gnu/arm/5.4.1/bin/../lib/gcc/arm-none-eabi/5.4.1/../../../../arm-none-eabi/lib/armv7-m\libg_nano.a(lib_a-nano-vfprintf_i.o)
 .debug_frame   0x00001f4c       0x28 c:/program files (x86)/cypress/psoc creator/4.1/psoc creator/import/gnu/arm/5.4.1/bin/../lib/gcc/arm-none-eabi/5.4.1/../../../../arm-none-eabi/lib/armv7-m\libg_nano.a(lib_a-memchr-stub.o)
 .debug_frame   0x00001f74       0x28 c:/program files (x86)/cypress/psoc creator/4.1/psoc creator/import/gnu/arm/5.4.1/bin/../lib/gcc/arm-none-eabi/5.4.1/../../../../arm-none-eabi/lib/armv7-m\libg_nano.a(lib_a-memmove.o)
 .debug_frame   0x00001f9c       0x38 c:/program files (x86)/cypress/psoc creator/4.1/psoc creator/import/gnu/arm/5.4.1/bin/../lib/gcc/arm-none-eabi/5.4.1/../../../../arm-none-eabi/lib/armv7-m\libg_nano.a(lib_a-nano-freer.o)
 .debug_frame   0x00001fd4       0x2c c:/program files (x86)/cypress/psoc creator/4.1/psoc creator/import/gnu/arm/5.4.1/bin/../lib/gcc/arm-none-eabi/5.4.1/../../../../arm-none-eabi/lib/armv7-m\libg_nano.a(lib_a-nano-mallocr.o)
 .debug_frame   0x00002000       0x3c c:/program files (x86)/cypress/psoc creator/4.1/psoc creator/import/gnu/arm/5.4.1/bin/../lib/gcc/arm-none-eabi/5.4.1/../../../../arm-none-eabi/lib/armv7-m\libg_nano.a(lib_a-nano-reallocr.o)
 .debug_frame   0x0000203c       0x2c c:/program files (x86)/cypress/psoc creator/4.1/psoc creator/import/gnu/arm/5.4.1/bin/../lib/gcc/arm-none-eabi/5.4.1/../../../../arm-none-eabi/lib/armv7-m\libg_nano.a(lib_a-sbrkr.o)
 .debug_frame   0x00002068       0x30 c:/program files (x86)/cypress/psoc creator/4.1/psoc creator/import/gnu/arm/5.4.1/bin/../lib/gcc/arm-none-eabi/5.4.1/../../../../arm-none-eabi/lib/armv7-m\libg_nano.a(lib_a-mlock.o)
 .debug_frame   0x00002098       0x20 c:/program files (x86)/cypress/psoc creator/4.1/psoc creator/import/gnu/arm/5.4.1/bin/../lib/gcc/arm-none-eabi/5.4.1/../../../../arm-none-eabi/lib/armv7-m\libg_nano.a(lib_a-nano-msizer.o)
 .debug_frame   0x000020b8       0x5c c:/program files (x86)/cypress/psoc creator/4.1/psoc creator/import/gnu/arm/5.4.1/bin/../lib/gcc/arm-none-eabi/5.4.1/../../../../arm-none-eabi/lib/armv7-m\libg_nano.a(lib_a-reent.o)

.debug_str      0x00000000     0x2624
 *(.debug_str)
 .debug_str     0x00000000      0x3d2 .\CortexM3\ARM_GCC_541\Debug\main.o
                                0x424 (size before relaxing)
 .debug_str     0x000003d2       0x21 .\CortexM3\ARM_GCC_541\Debug\debug.o
                                0x1bb (size before relaxing)
 .debug_str     0x000003f3      0x19e .\CortexM3\ARM_GCC_541\Debug\cyfitter_cfg.o
                                0x344 (size before relaxing)
 .debug_str     0x00000591       0x7f .\CortexM3\ARM_GCC_541\Debug\cymetadata.o
                                0x1e4 (size before relaxing)
 .debug_str     0x00000610      0x144 .\CortexM3\ARM_GCC_541\Debug\Cm3Start.o
                                0x30a (size before relaxing)
 .debug_str     0x00000754      0x297 .\CortexM3\ARM_GCC_541\Debug\UART_FSKTx.a(UART.o)
                                0x475 (size before relaxing)
 .debug_str     0x000009eb      0x1d2 .\CortexM3\ARM_GCC_541\Debug\UART_FSKTx.a(PWM_Modulator.o)
                                0x3e9 (size before relaxing)
 .debug_str     0x00000bbd      0x14d .\CortexM3\ARM_GCC_541\Debug\UART_FSKTx.a(LCD.o)
                                0x32b (size before relaxing)
 .debug_str     0x00000d0a      0x1ef .\CortexM3\ARM_GCC_541\Debug\UART_FSKTx.a(PWM_Switch_Timer.o)
                                0x401 (size before relaxing)
 .debug_str     0x00000ef9       0xfd .\CortexM3\ARM_GCC_541\Debug\UART_FSKTx.a(isr_rx.o)
                                0x2b4 (size before relaxing)
 .debug_str     0x00000ff6       0xf2 .\CortexM3\ARM_GCC_541\Debug\UART_FSKTx.a(isr_sec.o)
                                0x2c2 (size before relaxing)
 .debug_str     0x000010e8       0x77 .\CortexM3\ARM_GCC_541\Debug\UART_FSKTx.a(HighVoltage.o)
                                0x200 (size before relaxing)
 .debug_str     0x0000115f      0x134 .\CortexM3\ARM_GCC_541\Debug\UART_FSKTx.a(PWM_1.o)
                                0x35e (size before relaxing)
 .debug_str     0x00001293      0x134 .\CortexM3\ARM_GCC_541\Debug\UART_FSKTx.a(PWM_2.o)
                                0x35e (size before relaxing)
 .debug_str     0x000013c7      0x134 .\CortexM3\ARM_GCC_541\Debug\UART_FSKTx.a(PWM_3.o)
                                0x35e (size before relaxing)
 .debug_str     0x000014fb       0x63 .\CortexM3\ARM_GCC_541\Debug\UART_FSKTx.a(SignalBase.o)
                                0x1fb (size before relaxing)
 .debug_str     0x0000155e      0x189 .\CortexM3\ARM_GCC_541\Debug\UART_FSKTx.a(UART_IntClock.o)
                                0x336 (size before relaxing)
 .debug_str     0x000016e7      0x81d .\CortexM3\ARM_GCC_541\Debug\UART_FSKTx.a(CyLib.o)
                                0xa90 (size before relaxing)
 .debug_str     0x00001f04      0x365 .\CortexM3\ARM_GCC_541\Debug\UART_FSKTx.a(cyPm.o)
                                0x733 (size before relaxing)
 .debug_str     0x00002269      0x173 .\CortexM3\ARM_GCC_541\Debug\UART_FSKTx.a(CyScBoostClk.o)
                                0x36f (size before relaxing)
 .debug_str     0x000023dc      0x19c .\CortexM3\ARM_GCC_541\Debug\UART_FSKTx.a(CyFlash.o)
                                0x3a1 (size before relaxing)
 .debug_str     0x00002578       0xac .\CortexM3\ARM_GCC_541\Debug\UART_FSKTx.a(CySpc.o)
                                0x32a (size before relaxing)

.debug_loc      0x00000000     0x262a
 *(.debug_loc)
 .debug_loc     0x00000000      0x22a .\CortexM3\ARM_GCC_541\Debug\main.o
 .debug_loc     0x0000022a       0x87 .\CortexM3\ARM_GCC_541\Debug\debug.o
 .debug_loc     0x000002b1      0x259 .\CortexM3\ARM_GCC_541\Debug\cyfitter_cfg.o
 .debug_loc     0x0000050a      0x144 .\CortexM3\ARM_GCC_541\Debug\Cm3Start.o
 .debug_loc     0x0000064e      0x258 .\CortexM3\ARM_GCC_541\Debug\UART_FSKTx.a(UART.o)
 .debug_loc     0x000008a6       0x26 .\CortexM3\ARM_GCC_541\Debug\UART_FSKTx.a(PWM_Modulator.o)
 .debug_loc     0x000008cc      0x3c6 .\CortexM3\ARM_GCC_541\Debug\UART_FSKTx.a(LCD.o)
 .debug_loc     0x00000c92       0x13 .\CortexM3\ARM_GCC_541\Debug\UART_FSKTx.a(PWM_Switch_Timer.o)
 .debug_loc     0x00000ca5       0x56 .\CortexM3\ARM_GCC_541\Debug\UART_FSKTx.a(isr_rx.o)
 .debug_loc     0x00000cfb       0x56 .\CortexM3\ARM_GCC_541\Debug\UART_FSKTx.a(isr_sec.o)
 .debug_loc     0x00000d51       0x42 .\CortexM3\ARM_GCC_541\Debug\UART_FSKTx.a(HighVoltage.o)
 .debug_loc     0x00000d93       0x26 .\CortexM3\ARM_GCC_541\Debug\UART_FSKTx.a(PWM_1.o)
 .debug_loc     0x00000db9       0x26 .\CortexM3\ARM_GCC_541\Debug\UART_FSKTx.a(PWM_2.o)
 .debug_loc     0x00000ddf       0x26 .\CortexM3\ARM_GCC_541\Debug\UART_FSKTx.a(PWM_3.o)
 .debug_loc     0x00000e05       0x42 .\CortexM3\ARM_GCC_541\Debug\UART_FSKTx.a(SignalBase.o)
 .debug_loc     0x00000e47      0x128 .\CortexM3\ARM_GCC_541\Debug\UART_FSKTx.a(UART_IntClock.o)
 .debug_loc     0x00000f6f      0xa4b .\CortexM3\ARM_GCC_541\Debug\UART_FSKTx.a(CyLib.o)
 .debug_loc     0x000019ba      0x1e4 .\CortexM3\ARM_GCC_541\Debug\UART_FSKTx.a(cyPm.o)
 .debug_loc     0x00001b9e      0x14d .\CortexM3\ARM_GCC_541\Debug\UART_FSKTx.a(CyScBoostClk.o)
 .debug_loc     0x00001ceb      0x2f2 .\CortexM3\ARM_GCC_541\Debug\UART_FSKTx.a(CyFlash.o)
 .debug_loc     0x00001fdd      0x64d .\CortexM3\ARM_GCC_541\Debug\UART_FSKTx.a(CySpc.o)

.debug_macinfo
 *(.debug_macinfo)

.debug_ranges   0x00000000      0xac8
 *(.debug_ranges)
 .debug_ranges  0x00000000       0x38 .\CortexM3\ARM_GCC_541\Debug\main.o
 .debug_ranges  0x00000038       0x10 .\CortexM3\ARM_GCC_541\Debug\debug.o
 .debug_ranges  0x00000048       0x48 .\CortexM3\ARM_GCC_541\Debug\cyfitter_cfg.o
 .debug_ranges  0x00000090       0x38 .\CortexM3\ARM_GCC_541\Debug\Cm3Start.o
 .debug_ranges  0x000000c8       0xe0 .\CortexM3\ARM_GCC_541\Debug\UART_FSKTx.a(UART.o)
 .debug_ranges  0x000001a8       0x88 .\CortexM3\ARM_GCC_541\Debug\UART_FSKTx.a(PWM_Modulator.o)
 .debug_ranges  0x00000230       0x88 .\CortexM3\ARM_GCC_541\Debug\UART_FSKTx.a(LCD.o)
 .debug_ranges  0x000002b8       0x80 .\CortexM3\ARM_GCC_541\Debug\UART_FSKTx.a(PWM_Switch_Timer.o)
 .debug_ranges  0x00000338       0x70 .\CortexM3\ARM_GCC_541\Debug\UART_FSKTx.a(isr_rx.o)
 .debug_ranges  0x000003a8       0x70 .\CortexM3\ARM_GCC_541\Debug\UART_FSKTx.a(isr_sec.o)
 .debug_ranges  0x00000418       0x28 .\CortexM3\ARM_GCC_541\Debug\UART_FSKTx.a(HighVoltage.o)
 .debug_ranges  0x00000440       0x88 .\CortexM3\ARM_GCC_541\Debug\UART_FSKTx.a(PWM_1.o)
 .debug_ranges  0x000004c8       0x88 .\CortexM3\ARM_GCC_541\Debug\UART_FSKTx.a(PWM_2.o)
 .debug_ranges  0x00000550       0x88 .\CortexM3\ARM_GCC_541\Debug\UART_FSKTx.a(PWM_3.o)
 .debug_ranges  0x000005d8       0x28 .\CortexM3\ARM_GCC_541\Debug\UART_FSKTx.a(SignalBase.o)
 .debug_ranges  0x00000600       0x60 .\CortexM3\ARM_GCC_541\Debug\UART_FSKTx.a(UART_IntClock.o)
 .debug_ranges  0x00000660      0x298 .\CortexM3\ARM_GCC_541\Debug\UART_FSKTx.a(CyLib.o)
 .debug_ranges  0x000008f8       0x88 .\CortexM3\ARM_GCC_541\Debug\UART_FSKTx.a(cyPm.o)
 .debug_ranges  0x00000980       0x70 .\CortexM3\ARM_GCC_541\Debug\UART_FSKTx.a(CyScBoostClk.o)
 .debug_ranges  0x000009f0       0x70 .\CortexM3\ARM_GCC_541\Debug\UART_FSKTx.a(CyFlash.o)
 .debug_ranges  0x00000a60       0x68 .\CortexM3\ARM_GCC_541\Debug\UART_FSKTx.a(CySpc.o)

.comment        0x00000000       0x6e
 .comment       0x00000000       0x6e .\CortexM3\ARM_GCC_541\Debug\main.o
                                 0x6f (size before relaxing)
 .comment       0x0000006e       0x6f .\CortexM3\ARM_GCC_541\Debug\debug.o
 .comment       0x0000006e       0x6f .\CortexM3\ARM_GCC_541\Debug\cyfitter_cfg.o
 .comment       0x0000006e       0x6f .\CortexM3\ARM_GCC_541\Debug\cymetadata.o
 .comment       0x0000006e       0x6f .\CortexM3\ARM_GCC_541\Debug\Cm3Start.o
 .comment       0x0000006e       0x6f .\CortexM3\ARM_GCC_541\Debug\UART_FSKTx.a(UART.o)
 .comment       0x0000006e       0x6f .\CortexM3\ARM_GCC_541\Debug\UART_FSKTx.a(PWM_Modulator.o)
 .comment       0x0000006e       0x6f .\CortexM3\ARM_GCC_541\Debug\UART_FSKTx.a(LCD.o)
 .comment       0x0000006e       0x6f .\CortexM3\ARM_GCC_541\Debug\UART_FSKTx.a(PWM_Switch_Timer.o)
 .comment       0x0000006e       0x6f .\CortexM3\ARM_GCC_541\Debug\UART_FSKTx.a(isr_rx.o)
 .comment       0x0000006e       0x6f .\CortexM3\ARM_GCC_541\Debug\UART_FSKTx.a(isr_sec.o)
 .comment       0x0000006e       0x6f .\CortexM3\ARM_GCC_541\Debug\UART_FSKTx.a(HighVoltage.o)
 .comment       0x0000006e       0x6f .\CortexM3\ARM_GCC_541\Debug\UART_FSKTx.a(PWM_1.o)
 .comment       0x0000006e       0x6f .\CortexM3\ARM_GCC_541\Debug\UART_FSKTx.a(PWM_2.o)
 .comment       0x0000006e       0x6f .\CortexM3\ARM_GCC_541\Debug\UART_FSKTx.a(PWM_3.o)
 .comment       0x0000006e       0x6f .\CortexM3\ARM_GCC_541\Debug\UART_FSKTx.a(SignalBase.o)
 .comment       0x0000006e       0x6f .\CortexM3\ARM_GCC_541\Debug\UART_FSKTx.a(UART_IntClock.o)
 .comment       0x0000006e       0x6f .\CortexM3\ARM_GCC_541\Debug\UART_FSKTx.a(CyLib.o)
 .comment       0x0000006e       0x6f .\CortexM3\ARM_GCC_541\Debug\UART_FSKTx.a(cyPm.o)
 .comment       0x0000006e       0x6f .\CortexM3\ARM_GCC_541\Debug\UART_FSKTx.a(CyScBoostClk.o)
 .comment       0x0000006e       0x6f .\CortexM3\ARM_GCC_541\Debug\UART_FSKTx.a(CyFlash.o)
 .comment       0x0000006e       0x6f .\CortexM3\ARM_GCC_541\Debug\UART_FSKTx.a(CySpc.o)

.debug_weaknames
 *(.debug_weaknames)

.debug_funcnames
 *(.debug_funcnames)

.debug_typenames
 *(.debug_typenames)

.debug_varnames
 *(.debug_varnames)

.note.gnu.arm.ident
 *(.note.gnu.arm.ident)

.ARM.attributes
                0x00000000       0x29
 *(.ARM.attributes)
 .ARM.attributes
                0x00000000       0x1d c:/program files (x86)/cypress/psoc creator/4.1/psoc creator/import/gnu/arm/5.4.1/bin/../lib/gcc/arm-none-eabi/5.4.1/armv7-m/crti.o
 .ARM.attributes
                0x0000001d       0x2d c:/program files (x86)/cypress/psoc creator/4.1/psoc creator/import/gnu/arm/5.4.1/bin/../lib/gcc/arm-none-eabi/5.4.1/armv7-m/crtbegin.o
 .ARM.attributes
                0x0000004a       0x1b c:/program files (x86)/cypress/psoc creator/4.1/psoc creator/import/gnu/arm/5.4.1/bin/../lib/gcc/arm-none-eabi/5.4.1/../../../../arm-none-eabi/lib/armv7-m/crt0.o
 .ARM.attributes
                0x00000065       0x33 .\CortexM3\ARM_GCC_541\Debug\main.o
 .ARM.attributes
                0x00000098       0x33 .\CortexM3\ARM_GCC_541\Debug\debug.o
 .ARM.attributes
                0x000000cb       0x33 .\CortexM3\ARM_GCC_541\Debug\cyfitter_cfg.o
 .ARM.attributes
                0x000000fe       0x33 .\CortexM3\ARM_GCC_541\Debug\cymetadata.o
 .ARM.attributes
                0x00000131       0x33 .\CortexM3\ARM_GCC_541\Debug\Cm3Start.o
 .ARM.attributes
                0x00000164       0x33 .\CortexM3\ARM_GCC_541\Debug\UART_FSKTx.a(UART.o)
 .ARM.attributes
                0x00000197       0x33 .\CortexM3\ARM_GCC_541\Debug\UART_FSKTx.a(PWM_Modulator.o)
 .ARM.attributes
                0x000001ca       0x33 .\CortexM3\ARM_GCC_541\Debug\UART_FSKTx.a(LCD.o)
 .ARM.attributes
                0x000001fd       0x33 .\CortexM3\ARM_GCC_541\Debug\UART_FSKTx.a(PWM_Switch_Timer.o)
 .ARM.attributes
                0x00000230       0x33 .\CortexM3\ARM_GCC_541\Debug\UART_FSKTx.a(isr_rx.o)
 .ARM.attributes
                0x00000263       0x33 .\CortexM3\ARM_GCC_541\Debug\UART_FSKTx.a(isr_sec.o)
 .ARM.attributes
                0x00000296       0x33 .\CortexM3\ARM_GCC_541\Debug\UART_FSKTx.a(HighVoltage.o)
 .ARM.attributes
                0x000002c9       0x33 .\CortexM3\ARM_GCC_541\Debug\UART_FSKTx.a(PWM_1.o)
 .ARM.attributes
                0x000002fc       0x33 .\CortexM3\ARM_GCC_541\Debug\UART_FSKTx.a(PWM_2.o)
 .ARM.attributes
                0x0000032f       0x33 .\CortexM3\ARM_GCC_541\Debug\UART_FSKTx.a(PWM_3.o)
 .ARM.attributes
                0x00000362       0x33 .\CortexM3\ARM_GCC_541\Debug\UART_FSKTx.a(SignalBase.o)
 .ARM.attributes
                0x00000395       0x33 .\CortexM3\ARM_GCC_541\Debug\UART_FSKTx.a(UART_IntClock.o)
 .ARM.attributes
                0x000003c8       0x33 .\CortexM3\ARM_GCC_541\Debug\UART_FSKTx.a(CyLib.o)
 .ARM.attributes
                0x000003fb       0x33 .\CortexM3\ARM_GCC_541\Debug\UART_FSKTx.a(cyPm.o)
 .ARM.attributes
                0x0000042e       0x21 .\CortexM3\ARM_GCC_541\Debug\UART_FSKTx.a(CyBootAsmGnu.o)
 .ARM.attributes
                0x0000044f       0x33 .\CortexM3\ARM_GCC_541\Debug\UART_FSKTx.a(CyScBoostClk.o)
 .ARM.attributes
                0x00000482       0x33 .\CortexM3\ARM_GCC_541\Debug\UART_FSKTx.a(CyFlash.o)
 .ARM.attributes
                0x000004b5       0x33 .\CortexM3\ARM_GCC_541\Debug\UART_FSKTx.a(CySpc.o)
 .ARM.attributes
                0x000004e8       0x2d c:/program files (x86)/cypress/psoc creator/4.1/psoc creator/import/gnu/arm/5.4.1/bin/../lib/gcc/arm-none-eabi/5.4.1/../../../../arm-none-eabi/lib/armv7-m\libg_nano.a(lib_a-errno.o)
 .ARM.attributes
                0x00000515       0x2d c:/program files (x86)/cypress/psoc creator/4.1/psoc creator/import/gnu/arm/5.4.1/bin/../lib/gcc/arm-none-eabi/5.4.1/../../../../arm-none-eabi/lib/armv7-m\libg_nano.a(lib_a-exit.o)
 .ARM.attributes
                0x00000542       0x2d c:/program files (x86)/cypress/psoc creator/4.1/psoc creator/import/gnu/arm/5.4.1/bin/../lib/gcc/arm-none-eabi/5.4.1/../../../../arm-none-eabi/lib/armv7-m\libg_nano.a(lib_a-impure.o)
 .ARM.attributes
                0x0000056f       0x2d c:/program files (x86)/cypress/psoc creator/4.1/psoc creator/import/gnu/arm/5.4.1/bin/../lib/gcc/arm-none-eabi/5.4.1/../../../../arm-none-eabi/lib/armv7-m\libg_nano.a(lib_a-init.o)
 .ARM.attributes
                0x0000059c       0x2d c:/program files (x86)/cypress/psoc creator/4.1/psoc creator/import/gnu/arm/5.4.1/bin/../lib/gcc/arm-none-eabi/5.4.1/../../../../arm-none-eabi/lib/armv7-m\libg_nano.a(lib_a-memcpy-stub.o)
 .ARM.attributes
                0x000005c9       0x2d c:/program files (x86)/cypress/psoc creator/4.1/psoc creator/import/gnu/arm/5.4.1/bin/../lib/gcc/arm-none-eabi/5.4.1/../../../../arm-none-eabi/lib/armv7-m\libg_nano.a(lib_a-memset.o)
 .ARM.attributes
                0x000005f6       0x2d c:/program files (x86)/cypress/psoc creator/4.1/psoc creator/import/gnu/arm/5.4.1/bin/../lib/gcc/arm-none-eabi/5.4.1/../../../../arm-none-eabi/lib/armv7-m\libg_nano.a(lib_a-sprintf.o)
 .ARM.attributes
                0x00000623       0x2d c:/program files (x86)/cypress/psoc creator/4.1/psoc creator/import/gnu/arm/5.4.1/bin/../lib/gcc/arm-none-eabi/5.4.1/../../../../arm-none-eabi/lib/armv7-m\libg_nano.a(lib_a-nano-svfprintf.o)
 .ARM.attributes
                0x00000650       0x2d c:/program files (x86)/cypress/psoc creator/4.1/psoc creator/import/gnu/arm/5.4.1/bin/../lib/gcc/arm-none-eabi/5.4.1/../../../../arm-none-eabi/lib/armv7-m\libg_nano.a(lib_a-nano-vfprintf_i.o)
 .ARM.attributes
                0x0000067d       0x2d c:/program files (x86)/cypress/psoc creator/4.1/psoc creator/import/gnu/arm/5.4.1/bin/../lib/gcc/arm-none-eabi/5.4.1/../../../../arm-none-eabi/lib/armv7-m\libg_nano.a(lib_a-memchr-stub.o)
 .ARM.attributes
                0x000006aa       0x2d c:/program files (x86)/cypress/psoc creator/4.1/psoc creator/import/gnu/arm/5.4.1/bin/../lib/gcc/arm-none-eabi/5.4.1/../../../../arm-none-eabi/lib/armv7-m\libg_nano.a(lib_a-memmove.o)
 .ARM.attributes
                0x000006d7       0x2d c:/program files (x86)/cypress/psoc creator/4.1/psoc creator/import/gnu/arm/5.4.1/bin/../lib/gcc/arm-none-eabi/5.4.1/../../../../arm-none-eabi/lib/armv7-m\libg_nano.a(lib_a-nano-freer.o)
 .ARM.attributes
                0x00000704       0x2d c:/program files (x86)/cypress/psoc creator/4.1/psoc creator/import/gnu/arm/5.4.1/bin/../lib/gcc/arm-none-eabi/5.4.1/../../../../arm-none-eabi/lib/armv7-m\libg_nano.a(lib_a-nano-mallocr.o)
 .ARM.attributes
                0x00000731       0x2d c:/program files (x86)/cypress/psoc creator/4.1/psoc creator/import/gnu/arm/5.4.1/bin/../lib/gcc/arm-none-eabi/5.4.1/../../../../arm-none-eabi/lib/armv7-m\libg_nano.a(lib_a-nano-reallocr.o)
 .ARM.attributes
                0x0000075e       0x2d c:/program files (x86)/cypress/psoc creator/4.1/psoc creator/import/gnu/arm/5.4.1/bin/../lib/gcc/arm-none-eabi/5.4.1/../../../../arm-none-eabi/lib/armv7-m\libg_nano.a(lib_a-sbrkr.o)
 .ARM.attributes
                0x0000078b       0x2d c:/program files (x86)/cypress/psoc creator/4.1/psoc creator/import/gnu/arm/5.4.1/bin/../lib/gcc/arm-none-eabi/5.4.1/../../../../arm-none-eabi/lib/armv7-m\libg_nano.a(lib_a-mlock.o)
 .ARM.attributes
                0x000007b8       0x2d c:/program files (x86)/cypress/psoc creator/4.1/psoc creator/import/gnu/arm/5.4.1/bin/../lib/gcc/arm-none-eabi/5.4.1/../../../../arm-none-eabi/lib/armv7-m\libg_nano.a(lib_a-nano-msizer.o)
 .ARM.attributes
                0x000007e5       0x2d c:/program files (x86)/cypress/psoc creator/4.1/psoc creator/import/gnu/arm/5.4.1/bin/../lib/gcc/arm-none-eabi/5.4.1/../../../../arm-none-eabi/lib/armv7-m\libg_nano.a(lib_a-reent.o)
 .ARM.attributes
                0x00000812       0x2d c:/program files (x86)/cypress/psoc creator/4.1/psoc creator/import/gnu/arm/5.4.1/bin/../lib/gcc/arm-none-eabi/5.4.1/armv7-m/crtend.o
 .ARM.attributes
                0x0000083f       0x1d c:/program files (x86)/cypress/psoc creator/4.1/psoc creator/import/gnu/arm/5.4.1/bin/../lib/gcc/arm-none-eabi/5.4.1/armv7-m/crtn.o

/DISCARD/
 *(.note.GNU-stack)
OUTPUT(C:\Users\sdysart\Documents\UACS\UACS\HighFreqFSK\UART_FSKTx.cydsn\CortexM3\ARM_GCC_541\Debug\UART_FSKTx.elf elf32-littlearm)
