Archive member included to satisfy reference by file (symbol)

.\CortexM3\ARM_GCC_541\Debug\UART_FSKTx.a(UART.o)
                              .\CortexM3\ARM_GCC_541\Debug\main.o (UART_Start)
.\CortexM3\ARM_GCC_541\Debug\UART_FSKTx.a(UART_PM.o)
                              .\CortexM3\ARM_GCC_541\Debug\main.o (UART_Sleep)
.\CortexM3\ARM_GCC_541\Debug\UART_FSKTx.a(PWM_Modulator.o)
                              .\CortexM3\ARM_GCC_541\Debug\main.o (PWM_Modulator_Stop)
.\CortexM3\ARM_GCC_541\Debug\UART_FSKTx.a(PWM_Modulator_PM.o)
                              .\CortexM3\ARM_GCC_541\Debug\main.o (PWM_Modulator_Sleep)
.\CortexM3\ARM_GCC_541\Debug\UART_FSKTx.a(LCD.o)
                              .\CortexM3\ARM_GCC_541\Debug\main.o (LCD_PrintString)
.\CortexM3\ARM_GCC_541\Debug\UART_FSKTx.a(LCD_PM.o)
                              .\CortexM3\ARM_GCC_541\Debug\main.o (LCD_Sleep)
.\CortexM3\ARM_GCC_541\Debug\UART_FSKTx.a(PWM_Switch_Timer.o)
                              .\CortexM3\ARM_GCC_541\Debug\main.o (PWM_Switch_Timer_Stop)
.\CortexM3\ARM_GCC_541\Debug\UART_FSKTx.a(PWM_Switch_Timer_PM.o)
                              .\CortexM3\ARM_GCC_541\Debug\main.o (PWM_Switch_Timer_Sleep)
.\CortexM3\ARM_GCC_541\Debug\UART_FSKTx.a(isr_rx.o)
                              .\CortexM3\ARM_GCC_541\Debug\main.o (isr_rx_StartEx)
.\CortexM3\ARM_GCC_541\Debug\UART_FSKTx.a(isr_sec.o)
                              .\CortexM3\ARM_GCC_541\Debug\main.o (isr_sec_StartEx)
.\CortexM3\ARM_GCC_541\Debug\UART_FSKTx.a(HighVoltage.o)
                              .\CortexM3\ARM_GCC_541\Debug\main.o (HighVoltage_Write)
.\CortexM3\ARM_GCC_541\Debug\UART_FSKTx.a(SignalBase.o)
                              .\CortexM3\ARM_GCC_541\Debug\main.o (SignalBase_Write)
.\CortexM3\ARM_GCC_541\Debug\UART_FSKTx.a(UART_IntClock.o)
                              .\CortexM3\ARM_GCC_541\Debug\UART_FSKTx.a(UART.o) (UART_IntClock_Start)
.\CortexM3\ARM_GCC_541\Debug\UART_FSKTx.a(CyLib.o)
                              .\CortexM3\ARM_GCC_541\Debug\Cm3Start.o (CyHalt)
.\CortexM3\ARM_GCC_541\Debug\UART_FSKTx.a(cyPm.o)
                              .\CortexM3\ARM_GCC_541\Debug\main.o (CyPmSaveClocks)
.\CortexM3\ARM_GCC_541\Debug\UART_FSKTx.a(checkWatchDogTimer.o)
                              .\CortexM3\ARM_GCC_541\Debug\main.o (checkWatchDogTimer_Start)
.\CortexM3\ARM_GCC_541\Debug\UART_FSKTx.a(checkWatchDogTimer_PM.o)
                              .\CortexM3\ARM_GCC_541\Debug\main.o (checkWatchDogTimer_Sleep)
.\CortexM3\ARM_GCC_541\Debug\UART_FSKTx.a(watchDogCheck.o)
                              .\CortexM3\ARM_GCC_541\Debug\main.o (watchDogCheck_StartEx)
.\CortexM3\ARM_GCC_541\Debug\UART_FSKTx.a(SleepTimer.o)
                              .\CortexM3\ARM_GCC_541\Debug\main.o (SleepTimer_Stop)
.\CortexM3\ARM_GCC_541\Debug\UART_FSKTx.a(Sleep_ISR.o)
                              .\CortexM3\ARM_GCC_541\Debug\main.o (Sleep_ISR_StartEx)
.\CortexM3\ARM_GCC_541\Debug\UART_FSKTx.a(sleepToggle.o)
                              .\CortexM3\ARM_GCC_541\Debug\main.o (sleepToggle_Write)
.\CortexM3\ARM_GCC_541\Debug\UART_FSKTx.a(RxWakeUp.o)
                              .\CortexM3\ARM_GCC_541\Debug\main.o (RxWakeUp_Disable)
.\CortexM3\ARM_GCC_541\Debug\UART_FSKTx.a(CyBootAsmGnu.o)
                              .\CortexM3\ARM_GCC_541\Debug\cyfitter_cfg.o (CyDelayCycles)
.\CortexM3\ARM_GCC_541\Debug\UART_FSKTx.a(CyScBoostClk.o)
                              .\CortexM3\ARM_GCC_541\Debug\UART_FSKTx.a(CyLib.o) (CyScBoostClk_Start)
.\CortexM3\ARM_GCC_541\Debug\UART_FSKTx.a(CyFlash.o)
                              .\CortexM3\ARM_GCC_541\Debug\UART_FSKTx.a(cyPm.o) (CyFlash_SetWaitCycles)
.\CortexM3\ARM_GCC_541\Debug\UART_FSKTx.a(CySpc.o)
                              .\CortexM3\ARM_GCC_541\Debug\UART_FSKTx.a(CyFlash.o) (CySpcStart)
c:/program files (x86)/cypress/psoc creator/4.1/psoc creator/import/gnu/arm/5.4.1/bin/../lib/gcc/arm-none-eabi/5.4.1/../../../../arm-none-eabi/lib/armv7-m\libg_nano.a(lib_a-errno.o)
                              .\CortexM3\ARM_GCC_541\Debug\Cm3Start.o (__errno)
c:/program files (x86)/cypress/psoc creator/4.1/psoc creator/import/gnu/arm/5.4.1/bin/../lib/gcc/arm-none-eabi/5.4.1/../../../../arm-none-eabi/lib/armv7-m\libg_nano.a(lib_a-exit.o)
                              c:/program files (x86)/cypress/psoc creator/4.1/psoc creator/import/gnu/arm/5.4.1/bin/../lib/gcc/arm-none-eabi/5.4.1/../../../../arm-none-eabi/lib/armv7-m/crt0.o (exit)
c:/program files (x86)/cypress/psoc creator/4.1/psoc creator/import/gnu/arm/5.4.1/bin/../lib/gcc/arm-none-eabi/5.4.1/../../../../arm-none-eabi/lib/armv7-m\libg_nano.a(lib_a-impure.o)
                              c:/program files (x86)/cypress/psoc creator/4.1/psoc creator/import/gnu/arm/5.4.1/bin/../lib/gcc/arm-none-eabi/5.4.1/../../../../arm-none-eabi/lib/armv7-m\libg_nano.a(lib_a-exit.o) (_global_impure_ptr)
[...]
Memory Configuration

Name             Origin             Length             Attributes
rom              0x00000000         0x00040000         xr
ram              0x1fff8000         0x00010000         xrw
*default*        0x00000000         0xffffffff

Linker script and memory map

LOAD c:/program files (x86)/cypress/psoc creator/4.1/psoc creator/import/gnu/arm/5.4.1/bin/../lib/gcc/arm-none-eabi/5.4.1/armv7-m/crti.o
LOAD c:/program files (x86)/cypress/psoc creator/4.1/psoc creator/import/gnu/arm/5.4.1/bin/../lib/gcc/arm-none-eabi/5.4.1/armv7-m/crtbegin.o
LOAD c:/program files (x86)/cypress/psoc creator/4.1/psoc creator/import/gnu/arm/5.4.1/bin/../lib/gcc/arm-none-eabi/5.4.1/../../../../arm-none-eabi/lib/armv7-m/crt0.o
START GROUP
LOAD .\CortexM3\ARM_GCC_541\Debug\main.o
LOAD .\CortexM3\ARM_GCC_541\Debug\cyfitter_cfg.o
LOAD .\CortexM3\ARM_GCC_541\Debug\cymetadata.o
LOAD .\CortexM3\ARM_GCC_541\Debug\Cm3Start.o
LOAD .\CortexM3\ARM_GCC_541\Debug\UART_FSKTx.a
LOAD C:\Program Files (x86)\Cypress\PSoC Creator\4.1\PSoC Creator\psoc\content\cycomponentlibrary\CyComponentLibrary.cylib\CortexM3\ARM_GCC_541\Debug\CyComponentLibrary.a
END GROUP
START GROUP
LOAD c:/program files (x86)/cypress/psoc creator/4.1/psoc creator/import/gnu/arm/5.4.1/bin/../lib/gcc/arm-none-eabi/5.4.1/armv7-m\libgcc.a
LOAD c:/program files (x86)/cypress/psoc creator/4.1/psoc creator/import/gnu/arm/5.4.1/bin/../lib/gcc/arm-none-eabi/5.4.1/../../../../arm-none-eabi/lib/armv7-m\libg_nano.a
LOAD c:/program files (x86)/cypress/psoc creator/4.1/psoc creator/import/gnu/arm/5.4.1/bin/../lib/gcc/arm-none-eabi/5.4.1/../../../../arm-none-eabi/lib/armv7-m\libc_nano.a
END GROUP
START GROUP
LOAD c:/program files (x86)/cypress/psoc creator/4.1/psoc creator/import/gnu/arm/5.4.1/bin/../lib/gcc/arm-none-eabi/5.4.1/armv7-m\libgcc.a
LOAD c:/program files (x86)/cypress/psoc creator/4.1/psoc creator/import/gnu/arm/5.4.1/bin/../lib/gcc/arm-none-eabi/5.4.1/../../../../arm-none-eabi/lib/armv7-m\libc_nano.a
END GROUP
LOAD c:/program files (x86)/cypress/psoc creator/4.1/psoc creator/import/gnu/arm/5.4.1/bin/../lib/gcc/arm-none-eabi/5.4.1/armv7-m/crtend.o
LOAD c:/program files (x86)/cypress/psoc creator/4.1/psoc creator/import/gnu/arm/5.4.1/bin/../lib/gcc/arm-none-eabi/5.4.1/armv7-m/crtn.o
START GROUP
LOAD c:/program files (x86)/cypress/psoc creator/4.1/psoc creator/import/gnu/arm/5.4.1/bin/../lib/gcc/arm-none-eabi/5.4.1/armv7-m\libgcc.a
LOAD c:/program files (x86)/cypress/psoc creator/4.1/psoc creator/import/gnu/arm/5.4.1/bin/../lib/gcc/arm-none-eabi/5.4.1/../../../../arm-none-eabi/lib/armv7-m\libc.a
LOAD c:/program files (x86)/cypress/psoc creator/4.1/psoc creator/import/gnu/arm/5.4.1/bin/../lib/gcc/arm-none-eabi/5.4.1/../../../../arm-none-eabi/lib/armv7-m\libnosys.a
END GROUP
                0x00000000                CY_APPL_ORIGIN = 0x0
                0x00000100                CY_FLASH_ROW_SIZE = 0x100
                0x00000020                CY_ECC_ROW_SIZE = 0x20
                0x00000000                CY_EE_IN_BTLDR = 0x0
                0x00000000                CY_APPL_LOADABLE = 0x0
                0x00000800                CY_EE_SIZE = 0x800
                0x00000001                CY_APPL_NUM = 0x1
                0x00000001                CY_APPL_MAX = 0x1
                0x00000040                CY_METADATA_SIZE = 0x40
                0x00000000                CY_APPL_LOADABLE = 0x0
                0x00000000                CY_CHECKSUM_EXCLUDE_SIZE = ALIGN (0x0, CY_FLASH_ROW_SIZE)
                [!provide]                PROVIDE (__cy_heap_start, _end)
                0x00000001                PROVIDE (__cy_region_num, ((__cy_regions_end - __cy_regions) / 0x10))
                0x20008000                PROVIDE (__cy_stack, (ORIGIN (ram) + LENGTH (ram)))
                [!provide]                PROVIDE (__cy_heap_end, (__cy_stack - 0x800))

.cybootloader   0x00000000        0x0
 *(.cybootloader)
                0x00000000                appl1_start = CY_APPL_ORIGIN?CY_APPL_ORIGIN:ALIGN (CY_FLASH_ROW_SIZE)
                0x0001ff00                appl2_start = (appl1_start + ALIGN ((((LENGTH (rom) - appl1_start) - (0x2 * CY_FLASH_ROW_SIZE)) / 0x2), CY_FLASH_ROW_SIZE))
                0x00000000                appl_start = (CY_APPL_NUM == 0x1)?appl1_start:appl2_start
                0x00000000                ecc_offset = ((appl_start / CY_FLASH_ROW_SIZE) * CY_ECC_ROW_SIZE)
                0x00000000                ee_offset = (CY_APPL_LOADABLE && ! (CY_EE_IN_BTLDR))?((CY_EE_SIZE / CY_APPL_MAX) * (CY_APPL_NUM - 0x1)):0x0
                0x00000800                ee_size = (CY_APPL_LOADABLE && ! (CY_EE_IN_BTLDR))?(CY_EE_SIZE / CY_APPL_MAX):CY_EE_SIZE
                [!provide]                PROVIDE (CY_ECC_OFFSET, ecc_offset)

.text           0x00000000     0x2944
 CREATE_OBJECT_SYMBOLS
                0x00000000                PROVIDE (__cy_interrupt_vector, RomVectors)
 *(.romvectors)
 .romvectors    0x00000000       0x10 .\CortexM3\ARM_GCC_541\Debug\Cm3Start.o
                0x00000000                RomVectors
                0x00000001                ASSERT ((. != __cy_interrupt_vector), No interrupt vector)
                0x00000001                ASSERT (CY_APPL_ORIGIN?(SIZEOF (.cybootloader) <= CY_APPL_ORIGIN):0x1, Wrong image location)
                0x00000010                PROVIDE (__cy_reset, Reset)
 *(.text.Reset)
 .text.Reset    0x00000010       0x18 .\CortexM3\ARM_GCC_541\Debug\Cm3Start.o
                0x00000010                Reset
                0x00000001                ASSERT ((. != __cy_reset), No reset code)
 *(.dma_init)
                0x00000001                ASSERT ((((appl_start + .) <= 0x10000) || 0x1), DMA Init must be within the first 64k of flash)
 *(.text .text.* .gnu.linkonce.t.*)
 .text          0x00000028       0x5c c:/program files (x86)/cypress/psoc creator/4.1/psoc creator/import/gnu/arm/5.4.1/bin/../lib/gcc/arm-none-eabi/5.4.1/armv7-m/crtbegin.o
 .text.isr_sec  0x00000084       0x38 .\CortexM3\ARM_GCC_541\Debug\main.o
                0x00000084                isr_sec
 .text.watchDogCheck
                0x000000bc        0x8 .\CortexM3\ARM_GCC_541\Debug\main.o
                0x000000bc                watchDogCheck
 .text.wakeUpIsr
                0x000000c4       0x28 .\CortexM3\ARM_GCC_541\Debug\main.o
                0x000000c4                wakeUpIsr
 .text.Byte     0x000000ec       0x44 .\CortexM3\ARM_GCC_541\Debug\main.o
                0x000000ec                Byte
 .text.FindParity
                0x00000130       0x20 .\CortexM3\ARM_GCC_541\Debug\main.o
                0x00000130                FindParity
 .text.wakeUp   0x00000150       0x1c .\CortexM3\ARM_GCC_541\Debug\main.o
                0x00000150                wakeUp
 .text.goToSleep
                0x0000016c       0x28 .\CortexM3\ARM_GCC_541\Debug\main.o
                0x0000016c                goToSleep
 .text.main     0x00000194      0x1f4 .\CortexM3\ARM_GCC_541\Debug\main.o
                0x00000194                main
 .text.CyClockStartupError
                0x00000388        0x4 .\CortexM3\ARM_GCC_541\Debug\cyfitter_cfg.o
 .text.cfg_write_bytes32
                0x0000038c       0x34 .\CortexM3\ARM_GCC_541\Debug\cyfitter_cfg.o
 .text.AnalogSetDefault
                0x000003c0       0x28 .\CortexM3\ARM_GCC_541\Debug\cyfitter_cfg.o
 .text.CYMEMZERO
                0x000003e8        0xc .\CortexM3\ARM_GCC_541\Debug\cyfitter_cfg.o
 .text.CYCONFIGCPY
                0x000003f4        0x8 .\CortexM3\ARM_GCC_541\Debug\cyfitter_cfg.o
 .text.ClockSetup
                0x000003fc      0x104 .\CortexM3\ARM_GCC_541\Debug\cyfitter_cfg.o
 .text.cyfitter_cfg
                0x00000500       0xf4 .\CortexM3\ARM_GCC_541\Debug\cyfitter_cfg.o
                0x00000500                cyfitter_cfg
 .text.IntDefaultHandler
                0x000005f4       0x10 .\CortexM3\ARM_GCC_541\Debug\Cm3Start.o
                0x000005f4                IntDefaultHandler
 .text._sbrk    0x00000604       0x30 .\CortexM3\ARM_GCC_541\Debug\Cm3Start.o
                0x00000604                _sbrk
 .text.Start_c  0x00000634       0x4c .\CortexM3\ARM_GCC_541\Debug\Cm3Start.o
                0x00000634                Start_c
 .text.initialize_psoc
                0x00000680       0x68 .\CortexM3\ARM_GCC_541\Debug\Cm3Start.o
                0x00000680                initialize_psoc
 .text.UART_Init
                0x000006e8       0x28 .\CortexM3\ARM_GCC_541\Debug\UART_FSKTx.a(UART.o)
                0x000006e8                UART_Init
 .text.UART_Enable
                0x00000710       0x38 .\CortexM3\ARM_GCC_541\Debug\UART_FSKTx.a(UART.o)
                0x00000710                UART_Enable
 .text.UART_Start
                0x00000748       0x1c .\CortexM3\ARM_GCC_541\Debug\UART_FSKTx.a(UART.o)
                0x00000748                UART_Start
 .text.UART_Stop
                0x00000764       0x3c .\CortexM3\ARM_GCC_541\Debug\UART_FSKTx.a(UART.o)
                0x00000764                UART_Stop
 .text.UART_Sleep
                0x000007a0       0x28 .\CortexM3\ARM_GCC_541\Debug\UART_FSKTx.a(UART_PM.o)
                0x000007a0                UART_Sleep
 .text.PWM_Modulator_Enable
                0x000007c8       0x10 .\CortexM3\ARM_GCC_541\Debug\UART_FSKTx.a(PWM_Modulator.o)
                0x000007c8                PWM_Modulator_Enable
 .text.PWM_Modulator_Stop
                0x000007d8       0x10 .\CortexM3\ARM_GCC_541\Debug\UART_FSKTx.a(PWM_Modulator.o)
                0x000007d8                PWM_Modulator_Stop
 .text.PWM_Modulator_WriteCounter
                0x000007e8        0xc .\CortexM3\ARM_GCC_541\Debug\UART_FSKTx.a(PWM_Modulator.o)
                0x000007e8                PWM_Modulator_WriteCounter
 .text.PWM_Modulator_ReadCounter
                0x000007f4       0x14 .\CortexM3\ARM_GCC_541\Debug\UART_FSKTx.a(PWM_Modulator.o)
                0x000007f4                PWM_Modulator_ReadCounter
 .text.PWM_Modulator_WritePeriod
                0x00000808        0xc .\CortexM3\ARM_GCC_541\Debug\UART_FSKTx.a(PWM_Modulator.o)
                0x00000808                PWM_Modulator_WritePeriod
 .text.PWM_Modulator_WriteCompare
                0x00000814        0xc .\CortexM3\ARM_GCC_541\Debug\UART_FSKTx.a(PWM_Modulator.o)
                0x00000814                PWM_Modulator_WriteCompare
 .text.PWM_Modulator_SetInterruptMode
                0x00000820        0xc .\CortexM3\ARM_GCC_541\Debug\UART_FSKTx.a(PWM_Modulator.o)
                0x00000820                PWM_Modulator_SetInterruptMode
 .text.PWM_Modulator_ReadStatusRegister
                0x0000082c        0xc .\CortexM3\ARM_GCC_541\Debug\UART_FSKTx.a(PWM_Modulator.o)
                0x0000082c                PWM_Modulator_ReadStatusRegister
 .text.PWM_Modulator_ReadControlRegister
                0x00000838        0xc .\CortexM3\ARM_GCC_541\Debug\UART_FSKTx.a(PWM_Modulator.o)
                0x00000838                PWM_Modulator_ReadControlRegister
 .text.PWM_Modulator_WriteControlRegister
                0x00000844        0xc .\CortexM3\ARM_GCC_541\Debug\UART_FSKTx.a(PWM_Modulator.o)
                0x00000844                PWM_Modulator_WriteControlRegister
 .text.PWM_Modulator_ReadCapture
                0x00000850        0xc .\CortexM3\ARM_GCC_541\Debug\UART_FSKTx.a(PWM_Modulator.o)
                0x00000850                PWM_Modulator_ReadCapture
 .text.PWM_Modulator_ClearFIFO
                0x0000085c       0x14 .\CortexM3\ARM_GCC_541\Debug\UART_FSKTx.a(PWM_Modulator.o)
                0x0000085c                PWM_Modulator_ClearFIFO
 .text.PWM_Modulator_Init
                0x00000870       0x50 .\CortexM3\ARM_GCC_541\Debug\UART_FSKTx.a(PWM_Modulator.o)
                0x00000870                PWM_Modulator_Init
 .text.PWM_Modulator_Start
                0x000008c0       0x1c .\CortexM3\ARM_GCC_541\Debug\UART_FSKTx.a(PWM_Modulator.o)
                0x000008c0                PWM_Modulator_Start
 .text.PWM_Modulator_ReadPeriod
                0x000008dc        0xc .\CortexM3\ARM_GCC_541\Debug\UART_FSKTx.a(PWM_Modulator.o)
                0x000008dc                PWM_Modulator_ReadPeriod
 .text.PWM_Modulator_SaveConfig
                0x000008e8       0x28 .\CortexM3\ARM_GCC_541\Debug\UART_FSKTx.a(PWM_Modulator_PM.o)
                0x000008e8                PWM_Modulator_SaveConfig
 .text.PWM_Modulator_RestoreConfig
                0x00000910       0x28 .\CortexM3\ARM_GCC_541\Debug\UART_FSKTx.a(PWM_Modulator_PM.o)
                0x00000910                PWM_Modulator_RestoreConfig
 .text.PWM_Modulator_Sleep
                0x00000938       0x2c .\CortexM3\ARM_GCC_541\Debug\UART_FSKTx.a(PWM_Modulator_PM.o)
                0x00000938                PWM_Modulator_Sleep
 .text.PWM_Modulator_Wakeup
                0x00000964       0x18 .\CortexM3\ARM_GCC_541\Debug\UART_FSKTx.a(PWM_Modulator_PM.o)
                0x00000964                PWM_Modulator_Wakeup
 .text.LCD_WrCntrlNib
                0x0000097c       0x34 .\CortexM3\ARM_GCC_541\Debug\UART_FSKTx.a(LCD.o)
 .text.LCD_WrDatNib
                0x000009b0       0x44 .\CortexM3\ARM_GCC_541\Debug\UART_FSKTx.a(LCD.o)
 .text.LCD_IsReady
                0x000009f4       0xe4 .\CortexM3\ARM_GCC_541\Debug\UART_FSKTx.a(LCD.o)
                0x000009f4                LCD_IsReady
 .text.LCD_WriteData
                0x00000ad8       0x18 .\CortexM3\ARM_GCC_541\Debug\UART_FSKTx.a(LCD.o)
                0x00000ad8                LCD_WriteData
 .text.LCD_PrintString
                0x00000af0       0x1c .\CortexM3\ARM_GCC_541\Debug\UART_FSKTx.a(LCD.o)
                0x00000af0                LCD_PrintString
 .text.LCD_WriteControl
                0x00000b0c       0x18 .\CortexM3\ARM_GCC_541\Debug\UART_FSKTx.a(LCD.o)
                0x00000b0c                LCD_WriteControl
 .text.LCD_Init
                0x00000b24       0x6c .\CortexM3\ARM_GCC_541\Debug\UART_FSKTx.a(LCD.o)
                0x00000b24                LCD_Init
 .text.LCD_Enable
                0x00000b90       0x14 .\CortexM3\ARM_GCC_541\Debug\UART_FSKTx.a(LCD.o)
                0x00000b90                LCD_Enable
 .text.LCD_Start
                0x00000ba4       0x1c .\CortexM3\ARM_GCC_541\Debug\UART_FSKTx.a(LCD.o)
                0x00000ba4                LCD_Start
 .text.LCD_Stop
                0x00000bc0       0x14 .\CortexM3\ARM_GCC_541\Debug\UART_FSKTx.a(LCD.o)
                0x00000bc0                LCD_Stop
 .text.LCD_Position
                0x00000bd4       0x3c .\CortexM3\ARM_GCC_541\Debug\UART_FSKTx.a(LCD.o)
                0x00000bd4                LCD_Position
 .text.LCD_Sleep
                0x00000c10       0x18 .\CortexM3\ARM_GCC_541\Debug\UART_FSKTx.a(LCD_PM.o)
                0x00000c10                LCD_Sleep
 .text.LCD_Wakeup
                0x00000c28       0x14 .\CortexM3\ARM_GCC_541\Debug\UART_FSKTx.a(LCD_PM.o)
                0x00000c28                LCD_Wakeup
 .text.PWM_Switch_Timer_Enable
                0x00000c3c       0x10 .\CortexM3\ARM_GCC_541\Debug\UART_FSKTx.a(PWM_Switch_Timer.o)
                0x00000c3c                PWM_Switch_Timer_Enable
 .text.PWM_Switch_Timer_Stop
                0x00000c4c       0x10 .\CortexM3\ARM_GCC_541\Debug\UART_FSKTx.a(PWM_Switch_Timer.o)
                0x00000c4c                PWM_Switch_Timer_Stop
 .text.PWM_Switch_Timer_SetInterruptMode
                0x00000c5c        0xc .\CortexM3\ARM_GCC_541\Debug\UART_FSKTx.a(PWM_Switch_Timer.o)
                0x00000c5c                PWM_Switch_Timer_SetInterruptMode
 .text.PWM_Switch_Timer_ReadStatusRegister
                0x00000c68        0xc .\CortexM3\ARM_GCC_541\Debug\UART_FSKTx.a(PWM_Switch_Timer.o)
                0x00000c68                PWM_Switch_Timer_ReadStatusRegister
 .text.PWM_Switch_Timer_ReadControlRegister
                0x00000c74        0xc .\CortexM3\ARM_GCC_541\Debug\UART_FSKTx.a(PWM_Switch_Timer.o)
                0x00000c74                PWM_Switch_Timer_ReadControlRegister
 .text.PWM_Switch_Timer_WriteControlRegister
                0x00000c80        0xc .\CortexM3\ARM_GCC_541\Debug\UART_FSKTx.a(PWM_Switch_Timer.o)
                0x00000c80                PWM_Switch_Timer_WriteControlRegister
 .text.PWM_Switch_Timer_WritePeriod
                0x00000c8c        0xc .\CortexM3\ARM_GCC_541\Debug\UART_FSKTx.a(PWM_Switch_Timer.o)
                0x00000c8c                PWM_Switch_Timer_WritePeriod
 .text.PWM_Switch_Timer_ReadCapture
                0x00000c98        0xc .\CortexM3\ARM_GCC_541\Debug\UART_FSKTx.a(PWM_Switch_Timer.o)
                0x00000c98                PWM_Switch_Timer_ReadCapture
 .text.PWM_Switch_Timer_WriteCounter
                0x00000ca4        0xc .\CortexM3\ARM_GCC_541\Debug\UART_FSKTx.a(PWM_Switch_Timer.o)
                0x00000ca4                PWM_Switch_Timer_WriteCounter
 .text.PWM_Switch_Timer_ReadCounter
                0x00000cb0       0x14 .\CortexM3\ARM_GCC_541\Debug\UART_FSKTx.a(PWM_Switch_Timer.o)
                0x00000cb0                PWM_Switch_Timer_ReadCounter
 .text.PWM_Switch_Timer_ClearFIFO
                0x00000cc4       0x14 .\CortexM3\ARM_GCC_541\Debug\UART_FSKTx.a(PWM_Switch_Timer.o)
                0x00000cc4                PWM_Switch_Timer_ClearFIFO
 .text.PWM_Switch_Timer_Init
                0x00000cd8       0x34 .\CortexM3\ARM_GCC_541\Debug\UART_FSKTx.a(PWM_Switch_Timer.o)
                0x00000cd8                PWM_Switch_Timer_Init
 .text.PWM_Switch_Timer_Start
                0x00000d0c       0x1c .\CortexM3\ARM_GCC_541\Debug\UART_FSKTx.a(PWM_Switch_Timer.o)
                0x00000d0c                PWM_Switch_Timer_Start
 .text.PWM_Switch_Timer_SaveConfig
                0x00000d28       0x20 .\CortexM3\ARM_GCC_541\Debug\UART_FSKTx.a(PWM_Switch_Timer_PM.o)
                0x00000d28                PWM_Switch_Timer_SaveConfig
 .text.PWM_Switch_Timer_RestoreConfig
                0x00000d48       0x20 .\CortexM3\ARM_GCC_541\Debug\UART_FSKTx.a(PWM_Switch_Timer_PM.o)
                0x00000d48                PWM_Switch_Timer_RestoreConfig
 .text.PWM_Switch_Timer_Sleep
                0x00000d68       0x2c .\CortexM3\ARM_GCC_541\Debug\UART_FSKTx.a(PWM_Switch_Timer_PM.o)
                0x00000d68                PWM_Switch_Timer_Sleep
 .text.PWM_Switch_Timer_Wakeup
                0x00000d94       0x18 .\CortexM3\ARM_GCC_541\Debug\UART_FSKTx.a(PWM_Switch_Timer_PM.o)
                0x00000d94                PWM_Switch_Timer_Wakeup
 .text.isr_rx_ClearPending
                0x00000dac        0xc .\CortexM3\ARM_GCC_541\Debug\UART_FSKTx.a(isr_rx.o)
                0x00000dac                isr_rx_ClearPending
 .text.isr_sec_SetVector
                0x00000db8        0xc .\CortexM3\ARM_GCC_541\Debug\UART_FSKTx.a(isr_sec.o)
                0x00000db8                isr_sec_SetVector
 .text.isr_sec_SetPriority
                0x00000dc4       0x10 .\CortexM3\ARM_GCC_541\Debug\UART_FSKTx.a(isr_sec.o)
                0x00000dc4                isr_sec_SetPriority
 .text.isr_sec_Enable
                0x00000dd4        0xc .\CortexM3\ARM_GCC_541\Debug\UART_FSKTx.a(isr_sec.o)
                0x00000dd4                isr_sec_Enable
 .text.isr_sec_Disable
                0x00000de0        0xc .\CortexM3\ARM_GCC_541\Debug\UART_FSKTx.a(isr_sec.o)
                0x00000de0                isr_sec_Disable
 .text.isr_sec_StartEx
                0x00000dec       0x1c .\CortexM3\ARM_GCC_541\Debug\UART_FSKTx.a(isr_sec.o)
                0x00000dec                isr_sec_StartEx
 .text.isr_sec_ClearPending
                0x00000e08        0xc .\CortexM3\ARM_GCC_541\Debug\UART_FSKTx.a(isr_sec.o)
                0x00000e08                isr_sec_ClearPending
 .text.HighVoltage_Write
                0x00000e14       0x18 .\CortexM3\ARM_GCC_541\Debug\UART_FSKTx.a(HighVoltage.o)
                0x00000e14                HighVoltage_Write
 .text.SignalBase_Write
                0x00000e2c       0x18 .\CortexM3\ARM_GCC_541\Debug\UART_FSKTx.a(SignalBase.o)
                0x00000e2c                SignalBase_Write
 .text.UART_IntClock_Start
                0x00000e44       0x1c .\CortexM3\ARM_GCC_541\Debug\UART_FSKTx.a(UART_IntClock.o)
                0x00000e44                UART_IntClock_Start
 .text.UART_IntClock_Stop
                0x00000e60       0x1c .\CortexM3\ARM_GCC_541\Debug\UART_FSKTx.a(UART_IntClock.o)
                0x00000e60                UART_IntClock_Stop
 .text.CyUSB_PowerOnCheck
                0x00000e7c       0x48 .\CortexM3\ARM_GCC_541\Debug\UART_FSKTx.a(CyLib.o)
 .text.CyBusClk_Internal_SetDivider
                0x00000ec4       0x48 .\CortexM3\ARM_GCC_541\Debug\UART_FSKTx.a(CyLib.o)
 .text.CyPLL_OUT_Stop
                0x00000f0c       0x10 .\CortexM3\ARM_GCC_541\Debug\UART_FSKTx.a(CyLib.o)
                0x00000f0c                CyPLL_OUT_Stop
 .text.CyIMO_Stop
                0x00000f1c       0x1c .\CortexM3\ARM_GCC_541\Debug\UART_FSKTx.a(CyLib.o)
                0x00000f1c                CyIMO_Stop
 .text.CyIMO_EnableDoubler
                0x00000f38       0x10 .\CortexM3\ARM_GCC_541\Debug\UART_FSKTx.a(CyLib.o)
                0x00000f38                CyIMO_EnableDoubler
 .text.CyIMO_DisableDoubler
                0x00000f48       0x10 .\CortexM3\ARM_GCC_541\Debug\UART_FSKTx.a(CyLib.o)
                0x00000f48                CyIMO_DisableDoubler
 .text.CyMasterClk_SetSource
                0x00000f58       0x18 .\CortexM3\ARM_GCC_541\Debug\UART_FSKTx.a(CyLib.o)
                0x00000f58                CyMasterClk_SetSource
 .text.CyMasterClk_SetDivider
                0x00000f70        0xc .\CortexM3\ARM_GCC_541\Debug\UART_FSKTx.a(CyLib.o)
                0x00000f70                CyMasterClk_SetDivider
 .text.CyBusClk_SetDivider
                0x00000f7c       0x70 .\CortexM3\ARM_GCC_541\Debug\UART_FSKTx.a(CyLib.o)
                0x00000f7c                CyBusClk_SetDivider
 .text.CyILO_Start100K
                0x00000fec       0x10 .\CortexM3\ARM_GCC_541\Debug\UART_FSKTx.a(CyLib.o)
                0x00000fec                CyILO_Start100K
 .text.CyILO_Stop100K
                0x00000ffc       0x10 .\CortexM3\ARM_GCC_541\Debug\UART_FSKTx.a(CyLib.o)
                0x00000ffc                CyILO_Stop100K
 .text.CyPLL_OUT_Start
                0x0000100c       0x78 .\CortexM3\ARM_GCC_541\Debug\UART_FSKTx.a(CyLib.o)
                0x0000100c                CyPLL_OUT_Start
 .text.CyIMO_Start
                0x00001084       0x60 .\CortexM3\ARM_GCC_541\Debug\UART_FSKTx.a(CyLib.o)
                0x00001084                CyIMO_Start
 .text.CyXTAL_Start
                0x000010e4       0xac .\CortexM3\ARM_GCC_541\Debug\UART_FSKTx.a(CyLib.o)
                0x000010e4                CyXTAL_Start
 .text.CyXTAL_Stop
                0x00001190       0x10 .\CortexM3\ARM_GCC_541\Debug\UART_FSKTx.a(CyLib.o)
                0x00001190                CyXTAL_Stop
 .text.CyHalt   0x000011a0        0x4 .\CortexM3\ARM_GCC_541\Debug\UART_FSKTx.a(CyLib.o)
                0x000011a0                CyHalt
 .text.CyIMO_SetTrimValue
                0x000011a4       0xcc .\CortexM3\ARM_GCC_541\Debug\UART_FSKTx.a(CyLib.o)
 .text.CyIMO_SetFreq
                0x00001270       0xf4 .\CortexM3\ARM_GCC_541\Debug\UART_FSKTx.a(CyLib.o)
                0x00001270                CyIMO_SetFreq
 .text.CyIMO_SetSource
                0x00001364       0x58 .\CortexM3\ARM_GCC_541\Debug\UART_FSKTx.a(CyLib.o)
                0x00001364                CyIMO_SetSource
 .text.CyDelay  0x000013bc       0x2c .\CortexM3\ARM_GCC_541\Debug\UART_FSKTx.a(CyLib.o)
                0x000013bc                CyDelay
 .text.CyDelayUs
                0x000013e8       0x14 .\CortexM3\ARM_GCC_541\Debug\UART_FSKTx.a(CyLib.o)
                0x000013e8                CyDelayUs
 .text.CyWdtStart
                0x000013fc       0x40 .\CortexM3\ARM_GCC_541\Debug\UART_FSKTx.a(CyLib.o)
                0x000013fc                CyWdtStart
 .text.CyWdtClear
                0x0000143c        0xc .\CortexM3\ARM_GCC_541\Debug\UART_FSKTx.a(CyLib.o)
                0x0000143c                CyWdtClear
 .text.CyPmHibSlpSaveSet
                0x00001448      0x1dc .\CortexM3\ARM_GCC_541\Debug\UART_FSKTx.a(cyPm.o)
 .text.CyPmHibSlpRestore
                0x00001624       0xd8 .\CortexM3\ARM_GCC_541\Debug\UART_FSKTx.a(cyPm.o)
 .text.CyPmSaveClocks
                0x000016fc      0x218 .\CortexM3\ARM_GCC_541\Debug\UART_FSKTx.a(cyPm.o)
                0x000016fc                CyPmSaveClocks
 .text.CyPmRestoreClocks
                0x00001914      0x24c .\CortexM3\ARM_GCC_541\Debug\UART_FSKTx.a(cyPm.o)
                0x00001914                CyPmRestoreClocks
 .text.CyPmSleep
                0x00001b60       0xf4 .\CortexM3\ARM_GCC_541\Debug\UART_FSKTx.a(cyPm.o)
                0x00001b60                CyPmSleep
 .text.CyPmReadStatus
                0x00001c54       0x30 .\CortexM3\ARM_GCC_541\Debug\UART_FSKTx.a(cyPm.o)
                0x00001c54                CyPmReadStatus
 .text.CyPmFtwSetInterval
                0x00001c84       0x5c .\CortexM3\ARM_GCC_541\Debug\UART_FSKTx.a(cyPm.o)
                0x00001c84                CyPmFtwSetInterval
 .text.checkWatchDogTimer_Enable
                0x00001ce0       0x10 .\CortexM3\ARM_GCC_541\Debug\UART_FSKTx.a(checkWatchDogTimer.o)
                0x00001ce0                checkWatchDogTimer_Enable
 .text.checkWatchDogTimer_Stop
                0x00001cf0       0x10 .\CortexM3\ARM_GCC_541\Debug\UART_FSKTx.a(checkWatchDogTimer.o)
                0x00001cf0                checkWatchDogTimer_Stop
 .text.checkWatchDogTimer_SetInterruptMode
                0x00001d00        0xc .\CortexM3\ARM_GCC_541\Debug\UART_FSKTx.a(checkWatchDogTimer.o)
                0x00001d00                checkWatchDogTimer_SetInterruptMode
 .text.checkWatchDogTimer_ReadStatusRegister
                0x00001d0c        0xc .\CortexM3\ARM_GCC_541\Debug\UART_FSKTx.a(checkWatchDogTimer.o)
                0x00001d0c                checkWatchDogTimer_ReadStatusRegister
 .text.checkWatchDogTimer_ReadControlRegister
                0x00001d18        0xc .\CortexM3\ARM_GCC_541\Debug\UART_FSKTx.a(checkWatchDogTimer.o)
                0x00001d18                checkWatchDogTimer_ReadControlRegister
 .text.checkWatchDogTimer_WriteControlRegister
                0x00001d24        0xc .\CortexM3\ARM_GCC_541\Debug\UART_FSKTx.a(checkWatchDogTimer.o)
                0x00001d24                checkWatchDogTimer_WriteControlRegister
 .text.checkWatchDogTimer_WritePeriod
                0x00001d30        0xc .\CortexM3\ARM_GCC_541\Debug\UART_FSKTx.a(checkWatchDogTimer.o)
                0x00001d30                checkWatchDogTimer_WritePeriod
 .text.checkWatchDogTimer_ReadCapture
                0x00001d3c        0xc .\CortexM3\ARM_GCC_541\Debug\UART_FSKTx.a(checkWatchDogTimer.o)
                0x00001d3c                checkWatchDogTimer_ReadCapture
 .text.checkWatchDogTimer_WriteCounter
                0x00001d48        0xc .\CortexM3\ARM_GCC_541\Debug\UART_FSKTx.a(checkWatchDogTimer.o)
                0x00001d48                checkWatchDogTimer_WriteCounter
 .text.checkWatchDogTimer_ReadCounter
                0x00001d54       0x14 .\CortexM3\ARM_GCC_541\Debug\UART_FSKTx.a(checkWatchDogTimer.o)
                0x00001d54                checkWatchDogTimer_ReadCounter
 .text.checkWatchDogTimer_ClearFIFO
                0x00001d68       0x14 .\CortexM3\ARM_GCC_541\Debug\UART_FSKTx.a(checkWatchDogTimer.o)
                0x00001d68                checkWatchDogTimer_ClearFIFO
 .text.checkWatchDogTimer_Init
                0x00001d7c       0x38 .\CortexM3\ARM_GCC_541\Debug\UART_FSKTx.a(checkWatchDogTimer.o)
                0x00001d7c                checkWatchDogTimer_Init
 .text.checkWatchDogTimer_Start
                0x00001db4       0x1c .\CortexM3\ARM_GCC_541\Debug\UART_FSKTx.a(checkWatchDogTimer.o)
                0x00001db4                checkWatchDogTimer_Start
 .text.checkWatchDogTimer_SaveConfig
                0x00001dd0       0x20 .\CortexM3\ARM_GCC_541\Debug\UART_FSKTx.a(checkWatchDogTimer_PM.o)
                0x00001dd0                checkWatchDogTimer_SaveConfig
 .text.checkWatchDogTimer_RestoreConfig
                0x00001df0       0x20 .\CortexM3\ARM_GCC_541\Debug\UART_FSKTx.a(checkWatchDogTimer_PM.o)
                0x00001df0                checkWatchDogTimer_RestoreConfig
 .text.checkWatchDogTimer_Sleep
                0x00001e10       0x2c .\CortexM3\ARM_GCC_541\Debug\UART_FSKTx.a(checkWatchDogTimer_PM.o)
                0x00001e10                checkWatchDogTimer_Sleep
 .text.checkWatchDogTimer_Wakeup
                0x00001e3c       0x18 .\CortexM3\ARM_GCC_541\Debug\UART_FSKTx.a(checkWatchDogTimer_PM.o)
                0x00001e3c                checkWatchDogTimer_Wakeup
 .text.watchDogCheck_SetVector
                0x00001e54        0xc .\CortexM3\ARM_GCC_541\Debug\UART_FSKTx.a(watchDogCheck.o)
                0x00001e54                watchDogCheck_SetVector
 .text.watchDogCheck_SetPriority
                0x00001e60       0x10 .\CortexM3\ARM_GCC_541\Debug\UART_FSKTx.a(watchDogCheck.o)
                0x00001e60                watchDogCheck_SetPriority
 .text.watchDogCheck_Enable
                0x00001e70        0xc .\CortexM3\ARM_GCC_541\Debug\UART_FSKTx.a(watchDogCheck.o)
                0x00001e70                watchDogCheck_Enable
 .text.watchDogCheck_Disable
                0x00001e7c        0xc .\CortexM3\ARM_GCC_541\Debug\UART_FSKTx.a(watchDogCheck.o)
                0x00001e7c                watchDogCheck_Disable
 .text.watchDogCheck_StartEx
                0x00001e88       0x1c .\CortexM3\ARM_GCC_541\Debug\UART_FSKTx.a(watchDogCheck.o)
                0x00001e88                watchDogCheck_StartEx
 .text.watchDogCheck_ClearPending
                0x00001ea4        0xc .\CortexM3\ARM_GCC_541\Debug\UART_FSKTx.a(watchDogCheck.o)
                0x00001ea4                watchDogCheck_ClearPending
 .text.SleepTimer_Enable
                0x00001eb0       0x48 .\CortexM3\ARM_GCC_541\Debug\UART_FSKTx.a(SleepTimer.o)
                0x00001eb0                SleepTimer_Enable
 .text.SleepTimer_Stop
                0x00001ef8       0x1c .\CortexM3\ARM_GCC_541\Debug\UART_FSKTx.a(SleepTimer.o)
                0x00001ef8                SleepTimer_Stop
 .text.SleepTimer_EnableInt
                0x00001f14       0x1c .\CortexM3\ARM_GCC_541\Debug\UART_FSKTx.a(SleepTimer.o)
                0x00001f14                SleepTimer_EnableInt
 .text.SleepTimer_SetInterval
                0x00001f30       0x24 .\CortexM3\ARM_GCC_541\Debug\UART_FSKTx.a(SleepTimer.o)
                0x00001f30                SleepTimer_SetInterval
 .text.SleepTimer_Init
                0x00001f54       0x10 .\CortexM3\ARM_GCC_541\Debug\UART_FSKTx.a(SleepTimer.o)
                0x00001f54                SleepTimer_Init
 .text.SleepTimer_Start
                0x00001f64       0x1c .\CortexM3\ARM_GCC_541\Debug\UART_FSKTx.a(SleepTimer.o)
                0x00001f64                SleepTimer_Start
 .text.SleepTimer_GetStatus
                0x00001f80        0xc .\CortexM3\ARM_GCC_541\Debug\UART_FSKTx.a(SleepTimer.o)
                0x00001f80                SleepTimer_GetStatus
 .text.Sleep_ISR_SetVector
                0x00001f8c        0xc .\CortexM3\ARM_GCC_541\Debug\UART_FSKTx.a(Sleep_ISR.o)
                0x00001f8c                Sleep_ISR_SetVector
 .text.Sleep_ISR_SetPriority
                0x00001f98       0x10 .\CortexM3\ARM_GCC_541\Debug\UART_FSKTx.a(Sleep_ISR.o)
                0x00001f98                Sleep_ISR_SetPriority
 .text.Sleep_ISR_Enable
                0x00001fa8        0xc .\CortexM3\ARM_GCC_541\Debug\UART_FSKTx.a(Sleep_ISR.o)
                0x00001fa8                Sleep_ISR_Enable
 .text.Sleep_ISR_Disable
                0x00001fb4        0xc .\CortexM3\ARM_GCC_541\Debug\UART_FSKTx.a(Sleep_ISR.o)
                0x00001fb4                Sleep_ISR_Disable
 .text.Sleep_ISR_StartEx
                0x00001fc0       0x1c .\CortexM3\ARM_GCC_541\Debug\UART_FSKTx.a(Sleep_ISR.o)
                0x00001fc0                Sleep_ISR_StartEx
 *fill*         0x00001fdc        0x4 
 .text          0x00001fe0       0x20 .\CortexM3\ARM_GCC_541\Debug\UART_FSKTx.a(CyBootAsmGnu.o)
                0x00001fe0                CyDelayCycles
                0x00001ff0                CyEnterCriticalSection
                0x00001ff8                CyExitCriticalSection
 .text.CyFlash_SetWaitCycles
                0x00002000       0x7c .\CortexM3\ARM_GCC_541\Debug\UART_FSKTx.a(CyFlash.o)
                0x00002000                CyFlash_SetWaitCycles
 .text.__errno  0x0000207c        0xc c:/program files (x86)/cypress/psoc creator/4.1/psoc creator/import/gnu/arm/5.4.1/bin/../lib/gcc/arm-none-eabi/5.4.1/../../../../arm-none-eabi/lib/armv7-m\libg_nano.a(lib_a-errno.o)
                0x0000207c                __errno
 .text.__libc_init_array
                0x00002088       0x4c c:/program files (x86)/cypress/psoc creator/4.1/psoc creator/import/gnu/arm/5.4.1/bin/../lib/gcc/arm-none-eabi/5.4.1/../../../../arm-none-eabi/lib/armv7-m\libg_nano.a(lib_a-init.o)
                0x00002088                __libc_init_array
 .text.memcpy   0x000020d4       0x16 c:/program files (x86)/cypress/psoc creator/4.1/psoc creator/import/gnu/arm/5.4.1/bin/../lib/gcc/arm-none-eabi/5.4.1/../../../../arm-none-eabi/lib/armv7-m\libg_nano.a(lib_a-memcpy-stub.o)
                0x000020d4                memcpy
 .text.memset   0x000020ea       0x10 c:/program files (x86)/cypress/psoc creator/4.1/psoc creator/import/gnu/arm/5.4.1/bin/../lib/gcc/arm-none-eabi/5.4.1/../../../../arm-none-eabi/lib/armv7-m\libg_nano.a(lib_a-memset.o)
                0x000020ea                memset
 *fill*         0x000020fa        0x2 
 .text.sprintf  0x000020fc       0x48 c:/program files (x86)/cypress/psoc creator/4.1/psoc creator/import/gnu/arm/5.4.1/bin/../lib/gcc/arm-none-eabi/5.4.1/../../../../arm-none-eabi/lib/armv7-m\libg_nano.a(lib_a-sprintf.o)
                0x000020fc                siprintf
                0x000020fc                sprintf
 .text.__ssputs_r
                0x00002144       0xb2 c:/program files (x86)/cypress/psoc creator/4.1/psoc creator/import/gnu/arm/5.4.1/bin/../lib/gcc/arm-none-eabi/5.4.1/../../../../arm-none-eabi/lib/armv7-m\libg_nano.a(lib_a-nano-svfprintf.o)
                0x00002144                __ssputs_r
 *fill*         0x000021f6        0x2 
 .text._svfprintf_r
                0x000021f8      0x1e8 c:/program files (x86)/cypress/psoc creator/4.1/psoc creator/import/gnu/arm/5.4.1/bin/../lib/gcc/arm-none-eabi/5.4.1/../../../../arm-none-eabi/lib/armv7-m\libg_nano.a(lib_a-nano-svfprintf.o)
                0x000021f8                _svfiprintf_r
                0x000021f8                _svfprintf_r
 .text._printf_common
                0x000023e0       0xec c:/program files (x86)/cypress/psoc creator/4.1/psoc creator/import/gnu/arm/5.4.1/bin/../lib/gcc/arm-none-eabi/5.4.1/../../../../arm-none-eabi/lib/armv7-m\libg_nano.a(lib_a-nano-vfprintf_i.o)
                0x000023e0                _printf_common
 .text._printf_i
                0x000024cc      0x24c c:/program files (x86)/cypress/psoc creator/4.1/psoc creator/import/gnu/arm/5.4.1/bin/../lib/gcc/arm-none-eabi/5.4.1/../../../../arm-none-eabi/lib/armv7-m\libg_nano.a(lib_a-nano-vfprintf_i.o)
                0x000024cc                _printf_i
 .text.memchr   0x00002718       0x1c c:/program files (x86)/cypress/psoc creator/4.1/psoc creator/import/gnu/arm/5.4.1/bin/../lib/gcc/arm-none-eabi/5.4.1/../../../../arm-none-eabi/lib/armv7-m\libg_nano.a(lib_a-memchr-stub.o)
                0x00002718                memchr
 .text.memmove  0x00002734       0x36 c:/program files (x86)/cypress/psoc creator/4.1/psoc creator/import/gnu/arm/5.4.1/bin/../lib/gcc/arm-none-eabi/5.4.1/../../../../arm-none-eabi/lib/armv7-m\libg_nano.a(lib_a-memmove.o)
                0x00002734                memmove
 *fill*         0x0000276a        0x2 
 .text._free_r  0x0000276c       0x98 c:/program files (x86)/cypress/psoc creator/4.1/psoc creator/import/gnu/arm/5.4.1/bin/../lib/gcc/arm-none-eabi/5.4.1/../../../../arm-none-eabi/lib/armv7-m\libg_nano.a(lib_a-nano-freer.o)
                0x0000276c                _free_r
 .text._malloc_r
                0x00002804       0xbc c:/program files (x86)/cypress/psoc creator/4.1/psoc creator/import/gnu/arm/5.4.1/bin/../lib/gcc/arm-none-eabi/5.4.1/../../../../arm-none-eabi/lib/armv7-m\libg_nano.a(lib_a-nano-mallocr.o)
                0x00002804                _malloc_r
 .text._realloc_r
                0x000028c0       0x4c c:/program files (x86)/cypress/psoc creator/4.1/psoc creator/import/gnu/arm/5.4.1/bin/../lib/gcc/arm-none-eabi/5.4.1/../../../../arm-none-eabi/lib/armv7-m\libg_nano.a(lib_a-nano-reallocr.o)
                0x000028c0                _realloc_r
 .text._sbrk_r  0x0000290c       0x20 c:/program files (x86)/cypress/psoc creator/4.1/psoc creator/import/gnu/arm/5.4.1/bin/../lib/gcc/arm-none-eabi/5.4.1/../../../../arm-none-eabi/lib/armv7-m\libg_nano.a(lib_a-sbrkr.o)
                0x0000290c                _sbrk_r
 .text.__malloc_lock
                0x0000292c        0x2 c:/program files (x86)/cypress/psoc creator/4.1/psoc creator/import/gnu/arm/5.4.1/bin/../lib/gcc/arm-none-eabi/5.4.1/../../../../arm-none-eabi/lib/armv7-m\libg_nano.a(lib_a-mlock.o)
                0x0000292c                __malloc_lock
 .text.__malloc_unlock
                0x0000292e        0x2 c:/program files (x86)/cypress/psoc creator/4.1/psoc creator/import/gnu/arm/5.4.1/bin/../lib/gcc/arm-none-eabi/5.4.1/../../../../arm-none-eabi/lib/armv7-m\libg_nano.a(lib_a-mlock.o)
                0x0000292e                __malloc_unlock
 .text._malloc_usable_size_r
                0x00002930       0x14 c:/program files (x86)/cypress/psoc creator/4.1/psoc creator/import/gnu/arm/5.4.1/bin/../lib/gcc/arm-none-eabi/5.4.1/../../../../arm-none-eabi/lib/armv7-m\libg_nano.a(lib_a-nano-msizer.o)
                0x00002930                _malloc_usable_size_r
 *(.plt)
 *(.gnu.warning)
 *(.glue_7t)
 .glue_7t       0x00002944        0x0 linker stubs
 *(.glue_7)
 .glue_7        0x00002944        0x0 linker stubs
 *(.vfp11_veneer)
 .vfp11_veneer  0x00002944        0x0 linker stubs
 *(.bootloader)
 *(.ARM.extab* .gnu.linkonce.armextab.*)
 *(.gcc_except_table)

.v4_bx          0x00002944        0x0
 .v4_bx         0x00002944        0x0 linker stubs

.iplt           0x00002944        0x0
 .iplt          0x00002944        0x0 c:/program files (x86)/cypress/psoc creator/4.1/psoc creator/import/gnu/arm/5.4.1/bin/../lib/gcc/arm-none-eabi/5.4.1/armv7-m/crtbegin.o

.eh_frame_hdr
 *(.eh_frame_hdr)

.eh_frame       0x00002944        0x4
 *(.eh_frame)
 .eh_frame      0x00002944        0x0 c:/program files (x86)/cypress/psoc creator/4.1/psoc creator/import/gnu/arm/5.4.1/bin/../lib/gcc/arm-none-eabi/5.4.1/armv7-m/crtbegin.o
 .eh_frame      0x00002944        0x4 c:/program files (x86)/cypress/psoc creator/4.1/psoc creator/import/gnu/arm/5.4.1/bin/../lib/gcc/arm-none-eabi/5.4.1/armv7-m/crtend.o
                [!provide]                PROVIDE (__exidx_start, .)

.ARM.exidx
 *(.ARM.exidx* .gnu.linkonce.armexidx.*)
                0x00002948                __exidx_end = .

.rodata         0x00002948       0xe8
 *(.rodata .rodata.* .gnu.linkonce.r.*)
 .rodata.str1.4
                0x00002948       0x40 .\CortexM3\ARM_GCC_541\Debug\main.o
                                 0x3e (size before relaxing)
 .rodata        0x00002988       0x2a .\CortexM3\ARM_GCC_541\Debug\cyfitter_cfg.o
 *fill*         0x000029b2        0x2 
 .rodata        0x000029b4        0xf .\CortexM3\ARM_GCC_541\Debug\UART_FSKTx.a(cyPm.o)
 .rodata.str1.1
                0x000029c3        0x2 c:/program files (x86)/cypress/psoc creator/4.1/psoc creator/import/gnu/arm/5.4.1/bin/../lib/gcc/arm-none-eabi/5.4.1/../../../../arm-none-eabi/lib/armv7-m\libg_nano.a(lib_a-impure.o)
 .rodata.str1.1
                0x000029c5       0x11 c:/program files (x86)/cypress/psoc creator/4.1/psoc creator/import/gnu/arm/5.4.1/bin/../lib/gcc/arm-none-eabi/5.4.1/../../../../arm-none-eabi/lib/armv7-m\libg_nano.a(lib_a-nano-svfprintf.o)
 .rodata.str1.1
                0x000029d6       0x22 c:/program files (x86)/cypress/psoc creator/4.1/psoc creator/import/gnu/arm/5.4.1/bin/../lib/gcc/arm-none-eabi/5.4.1/../../../../arm-none-eabi/lib/armv7-m\libg_nano.a(lib_a-nano-vfprintf_i.o)
                0x000029f8                . = ALIGN (0x4)
 *(.init)
 .init          0x000029f8        0x4 c:/program files (x86)/cypress/psoc creator/4.1/psoc creator/import/gnu/arm/5.4.1/bin/../lib/gcc/arm-none-eabi/5.4.1/armv7-m/crti.o
                0x000029f8                _init
 .init          0x000029fc        0x8 c:/program files (x86)/cypress/psoc creator/4.1/psoc creator/import/gnu/arm/5.4.1/bin/../lib/gcc/arm-none-eabi/5.4.1/armv7-m/crtn.o
                0x00002a04                . = ALIGN (0x4)
                0x00002a04                __preinit_array_start = .
 *(.preinit_array)
                0x00002a04                __preinit_array_end = .
                0x00002a04                . = ALIGN (0x4)
                0x00002a04                __init_array_start = .
 *(SORT(.init_array.*))
 *(.init_array)
 .init_array    0x00002a04        0x4 c:/program files (x86)/cypress/psoc creator/4.1/psoc creator/import/gnu/arm/5.4.1/bin/../lib/gcc/arm-none-eabi/5.4.1/armv7-m/crtbegin.o
 .init_array    0x00002a08        0x4 .\CortexM3\ARM_GCC_541\Debug\Cm3Start.o
                0x00002a0c                __init_array_end = .
                0x00002a0c                . = ALIGN (0x4)
 *(.fini)
 .fini          0x00002a0c        0x4 c:/program files (x86)/cypress/psoc creator/4.1/psoc creator/import/gnu/arm/5.4.1/bin/../lib/gcc/arm-none-eabi/5.4.1/armv7-m/crti.o
                0x00002a0c                _fini
 .fini          0x00002a10        0x8 c:/program files (x86)/cypress/psoc creator/4.1/psoc creator/import/gnu/arm/5.4.1/bin/../lib/gcc/arm-none-eabi/5.4.1/armv7-m/crtn.o
                0x00002a18                . = ALIGN (0x4)
                0x00002a18                __fini_array_start = .
 *(.fini_array)
 .fini_array    0x00002a18        0x4 c:/program files (x86)/cypress/psoc creator/4.1/psoc creator/import/gnu/arm/5.4.1/bin/../lib/gcc/arm-none-eabi/5.4.1/armv7-m/crtbegin.o
 *(SORT(.fini_array.*))
                0x00002a1c                __fini_array_end = .
                0x00002a1c                . = ALIGN (0x4)
 *crtbegin.o(.ctors)
 *(EXCLUDE_FILE(*crtend.o) .ctors)
 *(SORT(.ctors.*))
 *crtend.o(.ctors)
                0x00002a1c                . = ALIGN (0x4)
 *crtbegin.o(.dtors)
 *(EXCLUDE_FILE(*crtend.o) .dtors)
 *(SORT(.dtors.*))
 *crtend.o(.dtors)
                0x00002a1c                . = ALIGN (0x4)
                0x00002a1c                __cy_regions = .
                0x00002a1c        0x4 LONG 0x2a30 __cy_region_init_ram
                0x00002a20        0x4 LONG 0x1fff80c8 __cy_region_start_data
                0x00002a24        0x4 LONG 0x80 __cy_region_init_size_ram
                0x00002a28        0x4 LONG 0xe8 __cy_region_zero_size_ram
                0x00002a2c                __cy_regions_end = .
                0x00002a30                . = ALIGN (0x8)
 *fill*         0x00002a2c        0x4 
                0x00002a30                _etext = .

.cy_checksum_exclude
                0x00002a30        0x0
 *(.cy_checksum_exclude)

.ramvectors     0x1fff8000       0xc0
                0x1fff8000                __cy_region_start_ram = .
 *(.ramvectors)
 .ramvectors    0x1fff8000       0xc0 .\CortexM3\ARM_GCC_541\Debug\Cm3Start.o
                0x1fff8000                CyRamVectors

.noinit         0x1fff80c0        0x1
 *(.noinit)
 .noinit        0x1fff80c0        0x1 .\CortexM3\ARM_GCC_541\Debug\UART_FSKTx.a(CyLib.o)
                0x1fff80c0                CyResetStatus

.data           0x1fff80c8       0x80 load address 0x00002a30
                0x1fff80c8                __cy_region_start_data = .
 *(.jcr)
 .jcr           0x1fff80c8        0x0 c:/program files (x86)/cypress/psoc creator/4.1/psoc creator/import/gnu/arm/5.4.1/bin/../lib/gcc/arm-none-eabi/5.4.1/armv7-m/crtbegin.o
 .jcr           0x1fff80c8        0x4 c:/program files (x86)/cypress/psoc creator/4.1/psoc creator/import/gnu/arm/5.4.1/bin/../lib/gcc/arm-none-eabi/5.4.1/armv7-m/crtend.o
 *(.got.plt)
 *(.got)
 *(.shdata)
 *(.data .data.* .gnu.linkonce.d.*)
 .data          0x1fff80cc        0x1 .\CortexM3\ARM_GCC_541\Debug\main.o
                0x1fff80cc                crabsToSend
 *fill*         0x1fff80cd        0x3 
 .data          0x1fff80d0        0x4 .\CortexM3\ARM_GCC_541\Debug\Cm3Start.o
 .data          0x1fff80d4       0x10 .\CortexM3\ARM_GCC_541\Debug\UART_FSKTx.a(CyLib.o)
                0x1fff80d4                cydelay_32k_ms
                0x1fff80d8                cydelay_freq_khz
                0x1fff80dc                cydelay_freq_mhz
                0x1fff80e0                cydelay_freq_hz
 .data.impure_data
                0x1fff80e4       0x60 c:/program files (x86)/cypress/psoc creator/4.1/psoc creator/import/gnu/arm/5.4.1/bin/../lib/gcc/arm-none-eabi/5.4.1/../../../../arm-none-eabi/lib/armv7-m\libg_nano.a(lib_a-impure.o)
 .data._impure_ptr
                0x1fff8144        0x4 c:/program files (x86)/cypress/psoc creator/4.1/psoc creator/import/gnu/arm/5.4.1/bin/../lib/gcc/arm-none-eabi/5.4.1/../../../../arm-none-eabi/lib/armv7-m\libg_nano.a(lib_a-impure.o)
                0x1fff8144                _impure_ptr
                0x1fff8148                . = ALIGN (0x8)
 *(.ram)
                0x1fff8148                _edata = .

.igot.plt       0x1fff8148        0x0 load address 0x00002ab0
 .igot.plt      0x1fff8148        0x0 c:/program files (x86)/cypress/psoc creator/4.1/psoc creator/import/gnu/arm/5.4.1/bin/../lib/gcc/arm-none-eabi/5.4.1/armv7-m/crtbegin.o

.bss            0x1fff8148       0xe8 load address 0x00002ab0
                0x1fff8148                PROVIDE (__bss_start__, .)
 *(.shbss)
 *(.bss .bss.* .gnu.linkonce.b.*)
 .bss           0x1fff8148       0x1c c:/program files (x86)/cypress/psoc creator/4.1/psoc creator/import/gnu/arm/5.4.1/bin/../lib/gcc/arm-none-eabi/5.4.1/armv7-m/crtbegin.o
 .bss           0x1fff8164       0x20 .\CortexM3\ARM_GCC_541\Debug\main.o
                0x1fff8170                errorStatus
                0x1fff8171                newDataflag
 .bss           0x1fff8184        0x2 .\CortexM3\ARM_GCC_541\Debug\UART_FSKTx.a(UART.o)
                0x1fff8184                UART_initVar
 *fill*         0x1fff8186        0x2 
 .bss           0x1fff8188        0x1 .\CortexM3\ARM_GCC_541\Debug\UART_FSKTx.a(UART_PM.o)
 .bss           0x1fff8189        0x1 .\CortexM3\ARM_GCC_541\Debug\UART_FSKTx.a(PWM_Modulator.o)
                0x1fff8189                PWM_Modulator_initVar
 *fill*         0x1fff818a        0x2 
 .bss           0x1fff818c        0x5 .\CortexM3\ARM_GCC_541\Debug\UART_FSKTx.a(PWM_Modulator_PM.o)
 .bss           0x1fff8191        0x2 .\CortexM3\ARM_GCC_541\Debug\UART_FSKTx.a(LCD.o)
                0x1fff8191                LCD_enableState
                0x1fff8192                LCD_initVar
 *fill*         0x1fff8193        0x1 
 .bss           0x1fff8194        0x1 .\CortexM3\ARM_GCC_541\Debug\UART_FSKTx.a(LCD_PM.o)
 .bss           0x1fff8195        0x1 .\CortexM3\ARM_GCC_541\Debug\UART_FSKTx.a(PWM_Switch_Timer.o)
                0x1fff8195                PWM_Switch_Timer_initVar
 *fill*         0x1fff8196        0x2 
 .bss           0x1fff8198        0x6 .\CortexM3\ARM_GCC_541\Debug\UART_FSKTx.a(PWM_Switch_Timer_PM.o)
 *fill*         0x1fff819e        0x2 
 .bss           0x1fff81a0       0x43 .\CortexM3\ARM_GCC_541\Debug\UART_FSKTx.a(cyPm.o)
 .bss           0x1fff81e3        0x1 .\CortexM3\ARM_GCC_541\Debug\UART_FSKTx.a(checkWatchDogTimer.o)
                0x1fff81e3                checkWatchDogTimer_initVar
 .bss           0x1fff81e4        0xc .\CortexM3\ARM_GCC_541\Debug\UART_FSKTx.a(checkWatchDogTimer_PM.o)
 .bss           0x1fff81f0        0x1 .\CortexM3\ARM_GCC_541\Debug\UART_FSKTx.a(SleepTimer.o)
                0x1fff81f0                SleepTimer_initVar
 *fill*         0x1fff81f1        0x3 
 .bss.__malloc_sbrk_start
                0x1fff81f4        0x4 c:/program files (x86)/cypress/psoc creator/4.1/psoc creator/import/gnu/arm/5.4.1/bin/../lib/gcc/arm-none-eabi/5.4.1/../../../../arm-none-eabi/lib/armv7-m\libg_nano.a(lib_a-nano-mallocr.o)
                0x1fff81f4                __malloc_sbrk_start
 .bss.__malloc_free_list
                0x1fff81f8        0x4 c:/program files (x86)/cypress/psoc creator/4.1/psoc creator/import/gnu/arm/5.4.1/bin/../lib/gcc/arm-none-eabi/5.4.1/../../../../arm-none-eabi/lib/armv7-m\libg_nano.a(lib_a-nano-mallocr.o)
                0x1fff81f8                __malloc_free_list
 *(COMMON)
 COMMON         0x1fff81fc       0x2a .\CortexM3\ARM_GCC_541\Debug\main.o
                0x1fff81fc                lineStr
                0x1fff8210                data
                0x1fff8224                count
 *fill*         0x1fff8226        0x2 
 COMMON         0x1fff8228        0x4 c:/program files (x86)/cypress/psoc creator/4.1/psoc creator/import/gnu/arm/5.4.1/bin/../lib/gcc/arm-none-eabi/5.4.1/../../../../arm-none-eabi/lib/armv7-m\libg_nano.a(lib_a-reent.o)
                0x1fff8228                errno
                0x1fff8230                . = ALIGN (0x8)
 *fill*         0x1fff822c        0x4 
 *(.ram.b)
                0x1fff8230                _end = .
                0x1fff8230                __end = .
                0x1fff8230                PROVIDE (end, .)
                0x1fff8230                PROVIDE (__bss_end__, .)
                0x00002a30                __cy_region_init_ram = LOADADDR (.data)
                0x00000080                __cy_region_init_size_ram = (_edata - ADDR (.data))
                0x000000e8                __cy_region_zero_size_ram = (_end - _edata)

.heap           0x1fff8230      0x300 load address 0x00002ab0
                0x1fff8230                . = _end
                0x1fff8530                . = (. + 0x300)
 *fill*         0x1fff8230      0x300 
                0x1fff8530                __cy_heap_limit = .

.stack          0x20007800      0x800
                0x20007800                __cy_stack_limit = .
                0x20008000                . = (. + 0x800)
 *fill*         0x20007800      0x800 
                0x00000001                ASSERT ((__cy_stack_limit >= __cy_heap_limit), region RAM overflowed with stack)
                0x00000000                cy_checksum_exclude_size = (CY_APPL_LOADABLE == 0x1)?SIZEOF (.cy_checksum_exclude):0x0
                0x00000001                ASSERT ((cy_checksum_exclude_size <= CY_CHECKSUM_EXCLUDE_SIZE), CY_BOOT: Section .cy_checksum_exclude size exceedes specified limit.)

.cyloadermeta
 *(.cyloadermeta)

.cyloadablemeta
 *(.cyloadablemeta)

.cyconfigecc    0x80000000      0x94c
 *(.cyconfigecc)
 .cyconfigecc   0x80000000      0x94c .\CortexM3\ARM_GCC_541\Debug\cymetadata.o
                0x80000000                cy_meta_configecc

.cycustnvl      0x90000000        0x4
 *(.cycustnvl)
 .cycustnvl     0x90000000        0x4 .\CortexM3\ARM_GCC_541\Debug\cymetadata.o
                0x90000000                cy_meta_custnvl

.cywolatch      0x90100000        0x4
 *(.cywolatch)
 .cywolatch     0x90100000        0x4 .\CortexM3\ARM_GCC_541\Debug\cymetadata.o
                0x90100000                cy_meta_wonvl

.cyeeprom       0x90200000        0x0
 *(.cyeeprom)
                0x00000001                ASSERT ((. <= ((0x90200000 + ee_offset) + ee_size)), .cyeeprom data will not fit in EEPROM)

.cyflashprotect
                0x90400000      0x100
 *(.cyflashprotect)
 .cyflashprotect
                0x90400000      0x100 .\CortexM3\ARM_GCC_541\Debug\cymetadata.o
                0x90400000                cy_meta_flashprotect

.cymeta         0x90500000        0xc
 *(.cymeta)
 .cymeta        0x90500000        0xc .\CortexM3\ARM_GCC_541\Debug\cymetadata.o
                0x90500000                cy_metadata

.rel.dyn        0x00002ab0        0x0 load address 0x9050000c
 .rel.iplt      0x00002ab0        0x0 c:/program files (x86)/cypress/psoc creator/4.1/psoc creator/import/gnu/arm/5.4.1/bin/../lib/gcc/arm-none-eabi/5.4.1/armv7-m/crtbegin.o

.stab
 *(.stab)

.stabstr
 *(.stabstr)

.debug
 *(.debug)

.line
 *(.line)

.debug_srcinfo
 *(.debug_srcinfo)

.debug_sfnames
 *(.debug_sfnames)

.debug_aranges  0x00000000      0xe40
 *(.debug_aranges)
 .debug_aranges
                0x00000000       0x68 .\CortexM3\ARM_GCC_541\Debug\main.o
 .debug_aranges
                0x00000068       0x58 .\CortexM3\ARM_GCC_541\Debug\cyfitter_cfg.o
 .debug_aranges
                0x000000c0       0x18 .\CortexM3\ARM_GCC_541\Debug\cymetadata.o
 .debug_aranges
                0x000000d8       0x48 .\CortexM3\ARM_GCC_541\Debug\Cm3Start.o
 .debug_aranges
                0x00000120       0xf0 .\CortexM3\ARM_GCC_541\Debug\UART_FSKTx.a(UART.o)
 .debug_aranges
                0x00000210       0x38 .\CortexM3\ARM_GCC_541\Debug\UART_FSKTx.a(UART_PM.o)
 .debug_aranges
                0x00000248       0x98 .\CortexM3\ARM_GCC_541\Debug\UART_FSKTx.a(PWM_Modulator.o)
 .debug_aranges
                0x000002e0       0x38 .\CortexM3\ARM_GCC_541\Debug\UART_FSKTx.a(PWM_Modulator_PM.o)
 .debug_aranges
                0x00000318       0x98 .\CortexM3\ARM_GCC_541\Debug\UART_FSKTx.a(LCD.o)
 .debug_aranges
                0x000003b0       0x38 .\CortexM3\ARM_GCC_541\Debug\UART_FSKTx.a(LCD_PM.o)
 .debug_aranges
                0x000003e8       0x90 .\CortexM3\ARM_GCC_541\Debug\UART_FSKTx.a(PWM_Switch_Timer.o)
 .debug_aranges
                0x00000478       0x38 .\CortexM3\ARM_GCC_541\Debug\UART_FSKTx.a(PWM_Switch_Timer_PM.o)
 .debug_aranges
                0x000004b0       0x80 .\CortexM3\ARM_GCC_541\Debug\UART_FSKTx.a(isr_rx.o)
 .debug_aranges
                0x00000530       0x80 .\CortexM3\ARM_GCC_541\Debug\UART_FSKTx.a(isr_sec.o)
 .debug_aranges
                0x000005b0       0x38 .\CortexM3\ARM_GCC_541\Debug\UART_FSKTx.a(HighVoltage.o)
 .debug_aranges
                0x000005e8       0x38 .\CortexM3\ARM_GCC_541\Debug\UART_FSKTx.a(SignalBase.o)
 .debug_aranges
                0x00000620       0x70 .\CortexM3\ARM_GCC_541\Debug\UART_FSKTx.a(UART_IntClock.o)
 .debug_aranges
                0x00000690      0x2a8 .\CortexM3\ARM_GCC_541\Debug\UART_FSKTx.a(CyLib.o)
 .debug_aranges
                0x00000938       0x98 .\CortexM3\ARM_GCC_541\Debug\UART_FSKTx.a(cyPm.o)
 .debug_aranges
                0x000009d0       0x90 .\CortexM3\ARM_GCC_541\Debug\UART_FSKTx.a(checkWatchDogTimer.o)
 .debug_aranges
                0x00000a60       0x38 .\CortexM3\ARM_GCC_541\Debug\UART_FSKTx.a(checkWatchDogTimer_PM.o)
 .debug_aranges
                0x00000a98       0x80 .\CortexM3\ARM_GCC_541\Debug\UART_FSKTx.a(watchDogCheck.o)
 .debug_aranges
                0x00000b18       0x58 .\CortexM3\ARM_GCC_541\Debug\UART_FSKTx.a(SleepTimer.o)
 .debug_aranges
                0x00000b70       0x80 .\CortexM3\ARM_GCC_541\Debug\UART_FSKTx.a(Sleep_ISR.o)
 .debug_aranges
                0x00000bf0       0x38 .\CortexM3\ARM_GCC_541\Debug\UART_FSKTx.a(sleepToggle.o)
 .debug_aranges
                0x00000c28       0x80 .\CortexM3\ARM_GCC_541\Debug\UART_FSKTx.a(RxWakeUp.o)
 .debug_aranges
                0x00000ca8       0x20 .\CortexM3\ARM_GCC_541\Debug\UART_FSKTx.a(CyBootAsmGnu.o)
 .debug_aranges
                0x00000cc8       0x80 .\CortexM3\ARM_GCC_541\Debug\UART_FSKTx.a(CyScBoostClk.o)
 .debug_aranges
                0x00000d48       0x80 .\CortexM3\ARM_GCC_541\Debug\UART_FSKTx.a(CyFlash.o)
 .debug_aranges
                0x00000dc8       0x78 .\CortexM3\ARM_GCC_541\Debug\UART_FSKTx.a(CySpc.o)

.debug_pubnames
 *(.debug_pubnames)

.debug_info     0x00000000     0x75bd
 *(.debug_info .gnu.linkonce.wi.*)
 .debug_info    0x00000000      0xa6c .\CortexM3\ARM_GCC_541\Debug\main.o
 .debug_info    0x00000a6c      0x513 .\CortexM3\ARM_GCC_541\Debug\cyfitter_cfg.o
 .debug_info    0x00000f7f      0x139 .\CortexM3\ARM_GCC_541\Debug\cymetadata.o
 .debug_info    0x000010b8      0x3bb .\CortexM3\ARM_GCC_541\Debug\Cm3Start.o
 .debug_info    0x00001473      0x60c .\CortexM3\ARM_GCC_541\Debug\UART_FSKTx.a(UART.o)
 .debug_info    0x00001a7f      0x17f .\CortexM3\ARM_GCC_541\Debug\UART_FSKTx.a(UART_PM.o)
 .debug_info    0x00001bfe      0x334 .\CortexM3\ARM_GCC_541\Debug\UART_FSKTx.a(PWM_Modulator.o)
 .debug_info    0x00001f32      0x217 .\CortexM3\ARM_GCC_541\Debug\UART_FSKTx.a(PWM_Modulator_PM.o)
 .debug_info    0x00002149      0x715 .\CortexM3\ARM_GCC_541\Debug\UART_FSKTx.a(LCD.o)
 .debug_info    0x0000285e      0x13f .\CortexM3\ARM_GCC_541\Debug\UART_FSKTx.a(LCD_PM.o)
 .debug_info    0x0000299d      0x2f0 .\CortexM3\ARM_GCC_541\Debug\UART_FSKTx.a(PWM_Switch_Timer.o)
 .debug_info    0x00002c8d      0x1ef .\CortexM3\ARM_GCC_541\Debug\UART_FSKTx.a(PWM_Switch_Timer_PM.o)
 .debug_info    0x00002e7c      0x2d2 .\CortexM3\ARM_GCC_541\Debug\UART_FSKTx.a(isr_rx.o)
 .debug_info    0x0000314e      0x2d2 .\CortexM3\ARM_GCC_541\Debug\UART_FSKTx.a(isr_sec.o)
 .debug_info    0x00003420      0x11f .\CortexM3\ARM_GCC_541\Debug\UART_FSKTx.a(HighVoltage.o)
 .debug_info    0x0000353f      0x11f .\CortexM3\ARM_GCC_541\Debug\UART_FSKTx.a(SignalBase.o)
 .debug_info    0x0000365e      0x283 .\CortexM3\ARM_GCC_541\Debug\UART_FSKTx.a(UART_IntClock.o)
 .debug_info    0x000038e1     0x13d4 .\CortexM3\ARM_GCC_541\Debug\UART_FSKTx.a(CyLib.o)
 .debug_info    0x00004cb5      0xa2a .\CortexM3\ARM_GCC_541\Debug\UART_FSKTx.a(cyPm.o)
 .debug_info    0x000056df      0x2ee .\CortexM3\ARM_GCC_541\Debug\UART_FSKTx.a(checkWatchDogTimer.o)
 .debug_info    0x000059cd      0x1ef .\CortexM3\ARM_GCC_541\Debug\UART_FSKTx.a(checkWatchDogTimer_PM.o)
 .debug_info    0x00005bbc      0x2d2 .\CortexM3\ARM_GCC_541\Debug\UART_FSKTx.a(watchDogCheck.o)
 .debug_info    0x00005e8e      0x277 .\CortexM3\ARM_GCC_541\Debug\UART_FSKTx.a(SleepTimer.o)
 .debug_info    0x00006105      0x2d2 .\CortexM3\ARM_GCC_541\Debug\UART_FSKTx.a(Sleep_ISR.o)
 .debug_info    0x000063d7      0x11f .\CortexM3\ARM_GCC_541\Debug\UART_FSKTx.a(sleepToggle.o)
 .debug_info    0x000064f6      0x2d2 .\CortexM3\ARM_GCC_541\Debug\UART_FSKTx.a(RxWakeUp.o)
 .debug_info    0x000067c8       0x90 .\CortexM3\ARM_GCC_541\Debug\UART_FSKTx.a(CyBootAsmGnu.o)
 .debug_info    0x00006858      0x2c4 .\CortexM3\ARM_GCC_541\Debug\UART_FSKTx.a(CyScBoostClk.o)
 .debug_info    0x00006b1c      0x5b8 .\CortexM3\ARM_GCC_541\Debug\UART_FSKTx.a(CyFlash.o)
 .debug_info    0x000070d4      0x4e9 .\CortexM3\ARM_GCC_541\Debug\UART_FSKTx.a(CySpc.o)

.debug_abbrev   0x00000000     0x23a7
 *(.debug_abbrev)
 .debug_abbrev  0x00000000      0x1d8 .\CortexM3\ARM_GCC_541\Debug\main.o
 .debug_abbrev  0x000001d8      0x1fe .\CortexM3\ARM_GCC_541\Debug\cyfitter_cfg.o
 .debug_abbrev  0x000003d6       0x77 .\CortexM3\ARM_GCC_541\Debug\cymetadata.o
 .debug_abbrev  0x0000044d      0x1e8 .\CortexM3\ARM_GCC_541\Debug\Cm3Start.o
 .debug_abbrev  0x00000635      0x175 .\CortexM3\ARM_GCC_541\Debug\UART_FSKTx.a(UART.o)
 .debug_abbrev  0x000007aa       0xc6 .\CortexM3\ARM_GCC_541\Debug\UART_FSKTx.a(UART_PM.o)
 .debug_abbrev  0x00000870      0x133 .\CortexM3\ARM_GCC_541\Debug\UART_FSKTx.a(PWM_Modulator.o)
 .debug_abbrev  0x000009a3       0xac .\CortexM3\ARM_GCC_541\Debug\UART_FSKTx.a(PWM_Modulator_PM.o)
 .debug_abbrev  0x00000a4f      0x157 .\CortexM3\ARM_GCC_541\Debug\UART_FSKTx.a(LCD.o)
 .debug_abbrev  0x00000ba6       0xce .\CortexM3\ARM_GCC_541\Debug\UART_FSKTx.a(LCD_PM.o)
 .debug_abbrev  0x00000c74      0x12b .\CortexM3\ARM_GCC_541\Debug\UART_FSKTx.a(PWM_Switch_Timer.o)
 .debug_abbrev  0x00000d9f       0xac .\CortexM3\ARM_GCC_541\Debug\UART_FSKTx.a(PWM_Switch_Timer_PM.o)
 .debug_abbrev  0x00000e4b      0x173 .\CortexM3\ARM_GCC_541\Debug\UART_FSKTx.a(isr_rx.o)
 .debug_abbrev  0x00000fbe      0x173 .\CortexM3\ARM_GCC_541\Debug\UART_FSKTx.a(isr_sec.o)
 .debug_abbrev  0x00001131       0x90 .\CortexM3\ARM_GCC_541\Debug\UART_FSKTx.a(HighVoltage.o)
 .debug_abbrev  0x000011c1       0x90 .\CortexM3\ARM_GCC_541\Debug\UART_FSKTx.a(SignalBase.o)
 .debug_abbrev  0x00001251      0x139 .\CortexM3\ARM_GCC_541\Debug\UART_FSKTx.a(UART_IntClock.o)
 .debug_abbrev  0x0000138a      0x254 .\CortexM3\ARM_GCC_541\Debug\UART_FSKTx.a(CyLib.o)
 .debug_abbrev  0x000015de      0x1ab .\CortexM3\ARM_GCC_541\Debug\UART_FSKTx.a(cyPm.o)
 .debug_abbrev  0x00001789      0x12b .\CortexM3\ARM_GCC_541\Debug\UART_FSKTx.a(checkWatchDogTimer.o)
 .debug_abbrev  0x000018b4       0xac .\CortexM3\ARM_GCC_541\Debug\UART_FSKTx.a(checkWatchDogTimer_PM.o)
 .debug_abbrev  0x00001960      0x173 .\CortexM3\ARM_GCC_541\Debug\UART_FSKTx.a(watchDogCheck.o)
 .debug_abbrev  0x00001ad3       0xfd .\CortexM3\ARM_GCC_541\Debug\UART_FSKTx.a(SleepTimer.o)
 .debug_abbrev  0x00001bd0      0x173 .\CortexM3\ARM_GCC_541\Debug\UART_FSKTx.a(Sleep_ISR.o)
 .debug_abbrev  0x00001d43       0x90 .\CortexM3\ARM_GCC_541\Debug\UART_FSKTx.a(sleepToggle.o)
 .debug_abbrev  0x00001dd3      0x173 .\CortexM3\ARM_GCC_541\Debug\UART_FSKTx.a(RxWakeUp.o)
 .debug_abbrev  0x00001f46       0x14 .\CortexM3\ARM_GCC_541\Debug\UART_FSKTx.a(CyBootAsmGnu.o)
 .debug_abbrev  0x00001f5a      0x121 .\CortexM3\ARM_GCC_541\Debug\UART_FSKTx.a(CyScBoostClk.o)
 .debug_abbrev  0x0000207b      0x198 .\CortexM3\ARM_GCC_541\Debug\UART_FSKTx.a(CyFlash.o)
 .debug_abbrev  0x00002213      0x194 .\CortexM3\ARM_GCC_541\Debug\UART_FSKTx.a(CySpc.o)

.debug_line     0x00000000     0x3238
 *(.debug_line)
 .debug_line    0x00000000      0x418 .\CortexM3\ARM_GCC_541\Debug\main.o
 .debug_line    0x00000418      0x1e2 .\CortexM3\ARM_GCC_541\Debug\cyfitter_cfg.o
 .debug_line    0x000005fa      0x141 .\CortexM3\ARM_GCC_541\Debug\cymetadata.o
 .debug_line    0x0000073b      0x234 .\CortexM3\ARM_GCC_541\Debug\Cm3Start.o
 .debug_line    0x0000096f      0x2bc .\CortexM3\ARM_GCC_541\Debug\UART_FSKTx.a(UART.o)
 .debug_line    0x00000c2b       0xa2 .\CortexM3\ARM_GCC_541\Debug\UART_FSKTx.a(UART_PM.o)
 .debug_line    0x00000ccd      0x18d .\CortexM3\ARM_GCC_541\Debug\UART_FSKTx.a(PWM_Modulator.o)
 .debug_line    0x00000e5a       0xbd .\CortexM3\ARM_GCC_541\Debug\UART_FSKTx.a(PWM_Modulator_PM.o)
 .debug_line    0x00000f17      0x1dc .\CortexM3\ARM_GCC_541\Debug\UART_FSKTx.a(LCD.o)
 .debug_line    0x000010f3       0x99 .\CortexM3\ARM_GCC_541\Debug\UART_FSKTx.a(LCD_PM.o)
 .debug_line    0x0000118c      0x17b .\CortexM3\ARM_GCC_541\Debug\UART_FSKTx.a(PWM_Switch_Timer.o)
 .debug_line    0x00001307       0xbd .\CortexM3\ARM_GCC_541\Debug\UART_FSKTx.a(PWM_Switch_Timer_PM.o)
 .debug_line    0x000013c4      0x133 .\CortexM3\ARM_GCC_541\Debug\UART_FSKTx.a(isr_rx.o)
 .debug_line    0x000014f7      0x134 .\CortexM3\ARM_GCC_541\Debug\UART_FSKTx.a(isr_sec.o)
 .debug_line    0x0000162b       0x98 .\CortexM3\ARM_GCC_541\Debug\UART_FSKTx.a(HighVoltage.o)
 .debug_line    0x000016c3       0x97 .\CortexM3\ARM_GCC_541\Debug\UART_FSKTx.a(SignalBase.o)
 .debug_line    0x0000175a      0x17c .\CortexM3\ARM_GCC_541\Debug\UART_FSKTx.a(UART_IntClock.o)
 .debug_line    0x000018d6      0x854 .\CortexM3\ARM_GCC_541\Debug\UART_FSKTx.a(CyLib.o)
 .debug_line    0x0000212a      0x367 .\CortexM3\ARM_GCC_541\Debug\UART_FSKTx.a(cyPm.o)
 .debug_line    0x00002491      0x17d .\CortexM3\ARM_GCC_541\Debug\UART_FSKTx.a(checkWatchDogTimer.o)
 .debug_line    0x0000260e       0xc1 .\CortexM3\ARM_GCC_541\Debug\UART_FSKTx.a(checkWatchDogTimer_PM.o)
 .debug_line    0x000026cf      0x13a .\CortexM3\ARM_GCC_541\Debug\UART_FSKTx.a(watchDogCheck.o)
 .debug_line    0x00002809      0x103 .\CortexM3\ARM_GCC_541\Debug\UART_FSKTx.a(SleepTimer.o)
 .debug_line    0x0000290c      0x136 .\CortexM3\ARM_GCC_541\Debug\UART_FSKTx.a(Sleep_ISR.o)
 .debug_line    0x00002a42       0x98 .\CortexM3\ARM_GCC_541\Debug\UART_FSKTx.a(sleepToggle.o)
 .debug_line    0x00002ada      0x135 .\CortexM3\ARM_GCC_541\Debug\UART_FSKTx.a(RxWakeUp.o)
 .debug_line    0x00002c0f       0x66 .\CortexM3\ARM_GCC_541\Debug\UART_FSKTx.a(CyBootAsmGnu.o)
 .debug_line    0x00002c75      0x19e .\CortexM3\ARM_GCC_541\Debug\UART_FSKTx.a(CyScBoostClk.o)
 .debug_line    0x00002e13      0x1e9 .\CortexM3\ARM_GCC_541\Debug\UART_FSKTx.a(CyFlash.o)
 .debug_line    0x00002ffc      0x23c .\CortexM3\ARM_GCC_541\Debug\UART_FSKTx.a(CySpc.o)

.debug_frame    0x00000000     0x2580
 *(.debug_frame)
 .debug_frame   0x00000000      0x114 .\CortexM3\ARM_GCC_541\Debug\main.o
 .debug_frame   0x00000114       0xe4 .\CortexM3\ARM_GCC_541\Debug\cyfitter_cfg.o
 .debug_frame   0x000001f8       0xb8 .\CortexM3\ARM_GCC_541\Debug\Cm3Start.o
 .debug_frame   0x000002b0      0x250 .\CortexM3\ARM_GCC_541\Debug\UART_FSKTx.a(UART.o)
 .debug_frame   0x00000500       0x68 .\CortexM3\ARM_GCC_541\Debug\UART_FSKTx.a(UART_PM.o)
 .debug_frame   0x00000568      0x134 .\CortexM3\ARM_GCC_541\Debug\UART_FSKTx.a(PWM_Modulator.o)
 .debug_frame   0x0000069c       0x80 .\CortexM3\ARM_GCC_541\Debug\UART_FSKTx.a(PWM_Modulator_PM.o)
 .debug_frame   0x0000071c      0x1e8 .\CortexM3\ARM_GCC_541\Debug\UART_FSKTx.a(LCD.o)
 .debug_frame   0x00000904       0x68 .\CortexM3\ARM_GCC_541\Debug\UART_FSKTx.a(LCD_PM.o)
 .debug_frame   0x0000096c      0x124 .\CortexM3\ARM_GCC_541\Debug\UART_FSKTx.a(PWM_Switch_Timer.o)
 .debug_frame   0x00000a90       0x80 .\CortexM3\ARM_GCC_541\Debug\UART_FSKTx.a(PWM_Switch_Timer_PM.o)
 .debug_frame   0x00000b10      0x104 .\CortexM3\ARM_GCC_541\Debug\UART_FSKTx.a(isr_rx.o)
 .debug_frame   0x00000c14      0x104 .\CortexM3\ARM_GCC_541\Debug\UART_FSKTx.a(isr_sec.o)
 .debug_frame   0x00000d18       0x50 .\CortexM3\ARM_GCC_541\Debug\UART_FSKTx.a(HighVoltage.o)
 .debug_frame   0x00000d68       0x50 .\CortexM3\ARM_GCC_541\Debug\UART_FSKTx.a(SignalBase.o)
 .debug_frame   0x00000db8       0xe0 .\CortexM3\ARM_GCC_541\Debug\UART_FSKTx.a(UART_IntClock.o)
 .debug_frame   0x00000e98      0x754 .\CortexM3\ARM_GCC_541\Debug\UART_FSKTx.a(CyLib.o)
 .debug_frame   0x000015ec      0x1f8 .\CortexM3\ARM_GCC_541\Debug\UART_FSKTx.a(cyPm.o)
 .debug_frame   0x000017e4      0x124 .\CortexM3\ARM_GCC_541\Debug\UART_FSKTx.a(checkWatchDogTimer.o)
 .debug_frame   0x00001908       0x80 .\CortexM3\ARM_GCC_541\Debug\UART_FSKTx.a(checkWatchDogTimer_PM.o)
 .debug_frame   0x00001988      0x104 .\CortexM3\ARM_GCC_541\Debug\UART_FSKTx.a(watchDogCheck.o)
 .debug_frame   0x00001a8c       0xe4 .\CortexM3\ARM_GCC_541\Debug\UART_FSKTx.a(SleepTimer.o)
 .debug_frame   0x00001b70      0x104 .\CortexM3\ARM_GCC_541\Debug\UART_FSKTx.a(Sleep_ISR.o)
 .debug_frame   0x00001c74       0x50 .\CortexM3\ARM_GCC_541\Debug\UART_FSKTx.a(sleepToggle.o)
 .debug_frame   0x00001cc4      0x104 .\CortexM3\ARM_GCC_541\Debug\UART_FSKTx.a(RxWakeUp.o)
 .debug_frame   0x00001dc8      0x100 .\CortexM3\ARM_GCC_541\Debug\UART_FSKTx.a(CyScBoostClk.o)
 .debug_frame   0x00001ec8      0x174 .\CortexM3\ARM_GCC_541\Debug\UART_FSKTx.a(CyFlash.o)
 .debug_frame   0x0000203c      0x160 .\CortexM3\ARM_GCC_541\Debug\UART_FSKTx.a(CySpc.o)
 .debug_frame   0x0000219c       0x20 c:/program files (x86)/cypress/psoc creator/4.1/psoc creator/import/gnu/arm/5.4.1/bin/../lib/gcc/arm-none-eabi/5.4.1/../../../../arm-none-eabi/lib/armv7-m\libg_nano.a(lib_a-errno.o)
 .debug_frame   0x000021bc       0x28 c:/program files (x86)/cypress/psoc creator/4.1/psoc creator/import/gnu/arm/5.4.1/bin/../lib/gcc/arm-none-eabi/5.4.1/../../../../arm-none-eabi/lib/armv7-m\libg_nano.a(lib_a-exit.o)
 .debug_frame   0x000021e4       0x2c c:/program files (x86)/cypress/psoc creator/4.1/psoc creator/import/gnu/arm/5.4.1/bin/../lib/gcc/arm-none-eabi/5.4.1/../../../../arm-none-eabi/lib/armv7-m\libg_nano.a(lib_a-init.o)
 .debug_frame   0x00002210       0x28 c:/program files (x86)/cypress/psoc creator/4.1/psoc creator/import/gnu/arm/5.4.1/bin/../lib/gcc/arm-none-eabi/5.4.1/../../../../arm-none-eabi/lib/armv7-m\libg_nano.a(lib_a-memcpy-stub.o)
 .debug_frame   0x00002238       0x20 c:/program files (x86)/cypress/psoc creator/4.1/psoc creator/import/gnu/arm/5.4.1/bin/../lib/gcc/arm-none-eabi/5.4.1/../../../../arm-none-eabi/lib/armv7-m\libg_nano.a(lib_a-memset.o)
 .debug_frame   0x00002258       0x70 c:/program files (x86)/cypress/psoc creator/4.1/psoc creator/import/gnu/arm/5.4.1/bin/../lib/gcc/arm-none-eabi/5.4.1/../../../../arm-none-eabi/lib/armv7-m\libg_nano.a(lib_a-sprintf.o)
 .debug_frame   0x000022c8       0x90 c:/program files (x86)/cypress/psoc creator/4.1/psoc creator/import/gnu/arm/5.4.1/bin/../lib/gcc/arm-none-eabi/5.4.1/../../../../arm-none-eabi/lib/armv7-m\libg_nano.a(lib_a-nano-svfprintf.o)
 .debug_frame   0x00002358       0x60 c:/program files (x86)/cypress/psoc creator/4.1/psoc creator/import/gnu/arm/5.4.1/bin/../lib/gcc/arm-none-eabi/5.4.1/../../../../arm-none-eabi/lib/armv7-m\libg_nano.a(lib_a-nano-vfprintf_i.o)
 .debug_frame   0x000023b8       0x28 c:/program files (x86)/cypress/psoc creator/4.1/psoc creator/import/gnu/arm/5.4.1/bin/../lib/gcc/arm-none-eabi/5.4.1/../../../../arm-none-eabi/lib/armv7-m\libg_nano.a(lib_a-memchr-stub.o)
 .debug_frame   0x000023e0       0x28 c:/program files (x86)/cypress/psoc creator/4.1/psoc creator/import/gnu/arm/5.4.1/bin/../lib/gcc/arm-none-eabi/5.4.1/../../../../arm-none-eabi/lib/armv7-m\libg_nano.a(lib_a-memmove.o)
 .debug_frame   0x00002408       0x38 c:/program files (x86)/cypress/psoc creator/4.1/psoc creator/import/gnu/arm/5.4.1/bin/../lib/gcc/arm-none-eabi/5.4.1/../../../../arm-none-eabi/lib/armv7-m\libg_nano.a(lib_a-nano-freer.o)
 .debug_frame   0x00002440       0x2c c:/program files (x86)/cypress/psoc creator/4.1/psoc creator/import/gnu/arm/5.4.1/bin/../lib/gcc/arm-none-eabi/5.4.1/../../../../arm-none-eabi/lib/armv7-m\libg_nano.a(lib_a-nano-mallocr.o)
 .debug_frame   0x0000246c       0x3c c:/program files (x86)/cypress/psoc creator/4.1/psoc creator/import/gnu/arm/5.4.1/bin/../lib/gcc/arm-none-eabi/5.4.1/../../../../arm-none-eabi/lib/armv7-m\libg_nano.a(lib_a-nano-reallocr.o)
 .debug_frame   0x000024a8       0x2c c:/program files (x86)/cypress/psoc creator/4.1/psoc creator/import/gnu/arm/5.4.1/bin/../lib/gcc/arm-none-eabi/5.4.1/../../../../arm-none-eabi/lib/armv7-m\libg_nano.a(lib_a-sbrkr.o)
 .debug_frame   0x000024d4       0x30 c:/program files (x86)/cypress/psoc creator/4.1/psoc creator/import/gnu/arm/5.4.1/bin/../lib/gcc/arm-none-eabi/5.4.1/../../../../arm-none-eabi/lib/armv7-m\libg_nano.a(lib_a-mlock.o)
 .debug_frame   0x00002504       0x20 c:/program files (x86)/cypress/psoc creator/4.1/psoc creator/import/gnu/arm/5.4.1/bin/../lib/gcc/arm-none-eabi/5.4.1/../../../../arm-none-eabi/lib/armv7-m\libg_nano.a(lib_a-nano-msizer.o)
 .debug_frame   0x00002524       0x5c c:/program files (x86)/cypress/psoc creator/4.1/psoc creator/import/gnu/arm/5.4.1/bin/../lib/gcc/arm-none-eabi/5.4.1/../../../../arm-none-eabi/lib/armv7-m\libg_nano.a(lib_a-reent.o)

.debug_str      0x00000000     0x2d22
 *(.debug_str)
 .debug_str     0x00000000      0x5c4 .\CortexM3\ARM_GCC_541\Debug\main.o
                                0x622 (size before relaxing)
 .debug_str     0x000005c4      0x169 .\CortexM3\ARM_GCC_541\Debug\cyfitter_cfg.o
                                0x30f (size before relaxing)
 .debug_str     0x0000072d       0x7f .\CortexM3\ARM_GCC_541\Debug\cymetadata.o
                                0x1e4 (size before relaxing)
 .debug_str     0x000007ac      0x144 .\CortexM3\ARM_GCC_541\Debug\Cm3Start.o
                                0x30a (size before relaxing)
 .debug_str     0x000008f0      0x2ad .\CortexM3\ARM_GCC_541\Debug\UART_FSKTx.a(UART.o)
                                0x475 (size before relaxing)
 .debug_str     0x00000b9d       0x76 .\CortexM3\ARM_GCC_541\Debug\UART_FSKTx.a(UART_PM.o)
                                0x25b (size before relaxing)
 .debug_str     0x00000c13      0x1d2 .\CortexM3\ARM_GCC_541\Debug\UART_FSKTx.a(PWM_Modulator.o)
                                0x3e9 (size before relaxing)
 .debug_str     0x00000de5       0xd5 .\CortexM3\ARM_GCC_541\Debug\UART_FSKTx.a(PWM_Modulator_PM.o)
                                0x359 (size before relaxing)
 .debug_str     0x00000eba      0x14d .\CortexM3\ARM_GCC_541\Debug\UART_FSKTx.a(LCD.o)
                                0x32b (size before relaxing)
 .debug_str     0x00001007       0x5e .\CortexM3\ARM_GCC_541\Debug\UART_FSKTx.a(LCD_PM.o)
                                0x20f (size before relaxing)
 .debug_str     0x00001065      0x1ef .\CortexM3\ARM_GCC_541\Debug\UART_FSKTx.a(PWM_Switch_Timer.o)
                                0x401 (size before relaxing)
 .debug_str     0x00001254       0xcd .\CortexM3\ARM_GCC_541\Debug\UART_FSKTx.a(PWM_Switch_Timer_PM.o)
                                0x350 (size before relaxing)
 .debug_str     0x00001321       0xd7 .\CortexM3\ARM_GCC_541\Debug\UART_FSKTx.a(isr_rx.o)
                                0x2b4 (size before relaxing)
 .debug_str     0x000013f8       0xdd .\CortexM3\ARM_GCC_541\Debug\UART_FSKTx.a(isr_sec.o)
                                0x2c2 (size before relaxing)
 .debug_str     0x000014d5       0x77 .\CortexM3\ARM_GCC_541\Debug\UART_FSKTx.a(HighVoltage.o)
                                0x200 (size before relaxing)
 .debug_str     0x0000154c       0x63 .\CortexM3\ARM_GCC_541\Debug\UART_FSKTx.a(SignalBase.o)
                                0x1fb (size before relaxing)
 .debug_str     0x000015af      0x183 .\CortexM3\ARM_GCC_541\Debug\UART_FSKTx.a(UART_IntClock.o)
                                0x336 (size before relaxing)
 .debug_str     0x00001732      0x807 .\CortexM3\ARM_GCC_541\Debug\UART_FSKTx.a(CyLib.o)
                                0xa90 (size before relaxing)
 .debug_str     0x00001f39      0x33a .\CortexM3\ARM_GCC_541\Debug\UART_FSKTx.a(cyPm.o)
                                0x733 (size before relaxing)
 .debug_str     0x00002273      0x227 .\CortexM3\ARM_GCC_541\Debug\UART_FSKTx.a(checkWatchDogTimer.o)
                                0x425 (size before relaxing)
 .debug_str     0x0000249a       0xa8 .\CortexM3\ARM_GCC_541\Debug\UART_FSKTx.a(checkWatchDogTimer_PM.o)
                                0x36a (size before relaxing)
 .debug_str     0x00002542      0x125 .\CortexM3\ARM_GCC_541\Debug\UART_FSKTx.a(watchDogCheck.o)
                                0x316 (size before relaxing)
 .debug_str     0x00002667       0xa4 .\CortexM3\ARM_GCC_541\Debug\UART_FSKTx.a(SleepTimer.o)
                                0x2ab (size before relaxing)
 .debug_str     0x0000270b      0x10c .\CortexM3\ARM_GCC_541\Debug\UART_FSKTx.a(Sleep_ISR.o)
                                0x2de (size before relaxing)
 .debug_str     0x00002817       0x67 .\CortexM3\ARM_GCC_541\Debug\UART_FSKTx.a(sleepToggle.o)
                                0x200 (size before relaxing)
 .debug_str     0x0000287e       0xe9 .\CortexM3\ARM_GCC_541\Debug\UART_FSKTx.a(RxWakeUp.o)
                                0x2d0 (size before relaxing)
 .debug_str     0x00002967      0x173 .\CortexM3\ARM_GCC_541\Debug\UART_FSKTx.a(CyScBoostClk.o)
                                0x36f (size before relaxing)
 .debug_str     0x00002ada      0x19c .\CortexM3\ARM_GCC_541\Debug\UART_FSKTx.a(CyFlash.o)
                                0x3a1 (size before relaxing)
 .debug_str     0x00002c76       0xac .\CortexM3\ARM_GCC_541\Debug\UART_FSKTx.a(CySpc.o)
                                0x32a (size before relaxing)

.debug_loc      0x00000000     0x25b4
 *(.debug_loc)
 .debug_loc     0x00000000      0x160 .\CortexM3\ARM_GCC_541\Debug\main.o
 .debug_loc     0x00000160      0x1d7 .\CortexM3\ARM_GCC_541\Debug\cyfitter_cfg.o
 .debug_loc     0x00000337      0x144 .\CortexM3\ARM_GCC_541\Debug\Cm3Start.o
 .debug_loc     0x0000047b      0x258 .\CortexM3\ARM_GCC_541\Debug\UART_FSKTx.a(UART.o)
 .debug_loc     0x000006d3       0x26 .\CortexM3\ARM_GCC_541\Debug\UART_FSKTx.a(PWM_Modulator.o)
 .debug_loc     0x000006f9      0x3c6 .\CortexM3\ARM_GCC_541\Debug\UART_FSKTx.a(LCD.o)
 .debug_loc     0x00000abf       0x13 .\CortexM3\ARM_GCC_541\Debug\UART_FSKTx.a(PWM_Switch_Timer.o)
 .debug_loc     0x00000ad2       0x56 .\CortexM3\ARM_GCC_541\Debug\UART_FSKTx.a(isr_rx.o)
 .debug_loc     0x00000b28       0x56 .\CortexM3\ARM_GCC_541\Debug\UART_FSKTx.a(isr_sec.o)
 .debug_loc     0x00000b7e       0x42 .\CortexM3\ARM_GCC_541\Debug\UART_FSKTx.a(HighVoltage.o)
 .debug_loc     0x00000bc0       0x42 .\CortexM3\ARM_GCC_541\Debug\UART_FSKTx.a(SignalBase.o)
 .debug_loc     0x00000c02      0x128 .\CortexM3\ARM_GCC_541\Debug\UART_FSKTx.a(UART_IntClock.o)
 .debug_loc     0x00000d2a      0xa4b .\CortexM3\ARM_GCC_541\Debug\UART_FSKTx.a(CyLib.o)
 .debug_loc     0x00001775      0x1e4 .\CortexM3\ARM_GCC_541\Debug\UART_FSKTx.a(cyPm.o)
 .debug_loc     0x00001959       0x13 .\CortexM3\ARM_GCC_541\Debug\UART_FSKTx.a(checkWatchDogTimer.o)
 .debug_loc     0x0000196c       0x56 .\CortexM3\ARM_GCC_541\Debug\UART_FSKTx.a(watchDogCheck.o)
 .debug_loc     0x000019c2       0x78 .\CortexM3\ARM_GCC_541\Debug\UART_FSKTx.a(SleepTimer.o)
 .debug_loc     0x00001a3a       0x56 .\CortexM3\ARM_GCC_541\Debug\UART_FSKTx.a(Sleep_ISR.o)
 .debug_loc     0x00001a90       0x42 .\CortexM3\ARM_GCC_541\Debug\UART_FSKTx.a(sleepToggle.o)
 .debug_loc     0x00001ad2       0x56 .\CortexM3\ARM_GCC_541\Debug\UART_FSKTx.a(RxWakeUp.o)
 .debug_loc     0x00001b28      0x14d .\CortexM3\ARM_GCC_541\Debug\UART_FSKTx.a(CyScBoostClk.o)
 .debug_loc     0x00001c75      0x2f2 .\CortexM3\ARM_GCC_541\Debug\UART_FSKTx.a(CyFlash.o)
 .debug_loc     0x00001f67      0x64d .\CortexM3\ARM_GCC_541\Debug\UART_FSKTx.a(CySpc.o)

.debug_macinfo
 *(.debug_macinfo)

.debug_ranges   0x00000000      0xc48
 *(.debug_ranges)
 .debug_ranges  0x00000000       0x58 .\CortexM3\ARM_GCC_541\Debug\main.o
 .debug_ranges  0x00000058       0x48 .\CortexM3\ARM_GCC_541\Debug\cyfitter_cfg.o
 .debug_ranges  0x000000a0       0x38 .\CortexM3\ARM_GCC_541\Debug\Cm3Start.o
 .debug_ranges  0x000000d8       0xe0 .\CortexM3\ARM_GCC_541\Debug\UART_FSKTx.a(UART.o)
 .debug_ranges  0x000001b8       0x28 .\CortexM3\ARM_GCC_541\Debug\UART_FSKTx.a(UART_PM.o)
 .debug_ranges  0x000001e0       0x88 .\CortexM3\ARM_GCC_541\Debug\UART_FSKTx.a(PWM_Modulator.o)
 .debug_ranges  0x00000268       0x28 .\CortexM3\ARM_GCC_541\Debug\UART_FSKTx.a(PWM_Modulator_PM.o)
 .debug_ranges  0x00000290       0x88 .\CortexM3\ARM_GCC_541\Debug\UART_FSKTx.a(LCD.o)
 .debug_ranges  0x00000318       0x28 .\CortexM3\ARM_GCC_541\Debug\UART_FSKTx.a(LCD_PM.o)
 .debug_ranges  0x00000340       0x80 .\CortexM3\ARM_GCC_541\Debug\UART_FSKTx.a(PWM_Switch_Timer.o)
 .debug_ranges  0x000003c0       0x28 .\CortexM3\ARM_GCC_541\Debug\UART_FSKTx.a(PWM_Switch_Timer_PM.o)
 .debug_ranges  0x000003e8       0x70 .\CortexM3\ARM_GCC_541\Debug\UART_FSKTx.a(isr_rx.o)
 .debug_ranges  0x00000458       0x70 .\CortexM3\ARM_GCC_541\Debug\UART_FSKTx.a(isr_sec.o)
 .debug_ranges  0x000004c8       0x28 .\CortexM3\ARM_GCC_541\Debug\UART_FSKTx.a(HighVoltage.o)
 .debug_ranges  0x000004f0       0x28 .\CortexM3\ARM_GCC_541\Debug\UART_FSKTx.a(SignalBase.o)
 .debug_ranges  0x00000518       0x60 .\CortexM3\ARM_GCC_541\Debug\UART_FSKTx.a(UART_IntClock.o)
 .debug_ranges  0x00000578      0x298 .\CortexM3\ARM_GCC_541\Debug\UART_FSKTx.a(CyLib.o)
 .debug_ranges  0x00000810       0x88 .\CortexM3\ARM_GCC_541\Debug\UART_FSKTx.a(cyPm.o)
 .debug_ranges  0x00000898       0x80 .\CortexM3\ARM_GCC_541\Debug\UART_FSKTx.a(checkWatchDogTimer.o)
 .debug_ranges  0x00000918       0x28 .\CortexM3\ARM_GCC_541\Debug\UART_FSKTx.a(checkWatchDogTimer_PM.o)
 .debug_ranges  0x00000940       0x70 .\CortexM3\ARM_GCC_541\Debug\UART_FSKTx.a(watchDogCheck.o)
 .debug_ranges  0x000009b0       0x48 .\CortexM3\ARM_GCC_541\Debug\UART_FSKTx.a(SleepTimer.o)
 .debug_ranges  0x000009f8       0x70 .\CortexM3\ARM_GCC_541\Debug\UART_FSKTx.a(Sleep_ISR.o)
 .debug_ranges  0x00000a68       0x28 .\CortexM3\ARM_GCC_541\Debug\UART_FSKTx.a(sleepToggle.o)
 .debug_ranges  0x00000a90       0x70 .\CortexM3\ARM_GCC_541\Debug\UART_FSKTx.a(RxWakeUp.o)
 .debug_ranges  0x00000b00       0x70 .\CortexM3\ARM_GCC_541\Debug\UART_FSKTx.a(CyScBoostClk.o)
 .debug_ranges  0x00000b70       0x70 .\CortexM3\ARM_GCC_541\Debug\UART_FSKTx.a(CyFlash.o)
 .debug_ranges  0x00000be0       0x68 .\CortexM3\ARM_GCC_541\Debug\UART_FSKTx.a(CySpc.o)

.comment        0x00000000       0x6e
 .comment       0x00000000       0x6e .\CortexM3\ARM_GCC_541\Debug\main.o
                                 0x6f (size before relaxing)
 .comment       0x0000006e       0x6f .\CortexM3\ARM_GCC_541\Debug\cyfitter_cfg.o
 .comment       0x0000006e       0x6f .\CortexM3\ARM_GCC_541\Debug\cymetadata.o
 .comment       0x0000006e       0x6f .\CortexM3\ARM_GCC_541\Debug\Cm3Start.o
 .comment       0x0000006e       0x6f .\CortexM3\ARM_GCC_541\Debug\UART_FSKTx.a(UART.o)
 .comment       0x0000006e       0x6f .\CortexM3\ARM_GCC_541\Debug\UART_FSKTx.a(UART_PM.o)
 .comment       0x0000006e       0x6f .\CortexM3\ARM_GCC_541\Debug\UART_FSKTx.a(PWM_Modulator.o)
 .comment       0x0000006e       0x6f .\CortexM3\ARM_GCC_541\Debug\UART_FSKTx.a(PWM_Modulator_PM.o)
 .comment       0x0000006e       0x6f .\CortexM3\ARM_GCC_541\Debug\UART_FSKTx.a(LCD.o)
 .comment       0x0000006e       0x6f .\CortexM3\ARM_GCC_541\Debug\UART_FSKTx.a(LCD_PM.o)
 .comment       0x0000006e       0x6f .\CortexM3\ARM_GCC_541\Debug\UART_FSKTx.a(PWM_Switch_Timer.o)
 .comment       0x0000006e       0x6f .\CortexM3\ARM_GCC_541\Debug\UART_FSKTx.a(PWM_Switch_Timer_PM.o)
 .comment       0x0000006e       0x6f .\CortexM3\ARM_GCC_541\Debug\UART_FSKTx.a(isr_rx.o)
 .comment       0x0000006e       0x6f .\CortexM3\ARM_GCC_541\Debug\UART_FSKTx.a(isr_sec.o)
 .comment       0x0000006e       0x6f .\CortexM3\ARM_GCC_541\Debug\UART_FSKTx.a(HighVoltage.o)
 .comment       0x0000006e       0x6f .\CortexM3\ARM_GCC_541\Debug\UART_FSKTx.a(SignalBase.o)
 .comment       0x0000006e       0x6f .\CortexM3\ARM_GCC_541\Debug\UART_FSKTx.a(UART_IntClock.o)
 .comment       0x0000006e       0x6f .\CortexM3\ARM_GCC_541\Debug\UART_FSKTx.a(CyLib.o)
 .comment       0x0000006e       0x6f .\CortexM3\ARM_GCC_541\Debug\UART_FSKTx.a(cyPm.o)
 .comment       0x0000006e       0x6f .\CortexM3\ARM_GCC_541\Debug\UART_FSKTx.a(checkWatchDogTimer.o)
 .comment       0x0000006e       0x6f .\CortexM3\ARM_GCC_541\Debug\UART_FSKTx.a(checkWatchDogTimer_PM.o)
 .comment       0x0000006e       0x6f .\CortexM3\ARM_GCC_541\Debug\UART_FSKTx.a(watchDogCheck.o)
 .comment       0x0000006e       0x6f .\CortexM3\ARM_GCC_541\Debug\UART_FSKTx.a(SleepTimer.o)
 .comment       0x0000006e       0x6f .\CortexM3\ARM_GCC_541\Debug\UART_FSKTx.a(Sleep_ISR.o)
 .comment       0x0000006e       0x6f .\CortexM3\ARM_GCC_541\Debug\UART_FSKTx.a(sleepToggle.o)
 .comment       0x0000006e       0x6f .\CortexM3\ARM_GCC_541\Debug\UART_FSKTx.a(RxWakeUp.o)
 .comment       0x0000006e       0x6f .\CortexM3\ARM_GCC_541\Debug\UART_FSKTx.a(CyScBoostClk.o)
 .comment       0x0000006e       0x6f .\CortexM3\ARM_GCC_541\Debug\UART_FSKTx.a(CyFlash.o)
 .comment       0x0000006e       0x6f .\CortexM3\ARM_GCC_541\Debug\UART_FSKTx.a(CySpc.o)

.debug_weaknames
 *(.debug_weaknames)

.debug_funcnames
 *(.debug_funcnames)

.debug_typenames
 *(.debug_typenames)

.debug_varnames
 *(.debug_varnames)

.note.gnu.arm.ident
 *(.note.gnu.arm.ident)

.ARM.attributes
                0x00000000       0x29
 *(.ARM.attributes)
 .ARM.attributes
                0x00000000       0x1d c:/program files (x86)/cypress/psoc creator/4.1/psoc creator/import/gnu/arm/5.4.1/bin/../lib/gcc/arm-none-eabi/5.4.1/armv7-m/crti.o
 .ARM.attributes
                0x0000001d       0x2d c:/program files (x86)/cypress/psoc creator/4.1/psoc creator/import/gnu/arm/5.4.1/bin/../lib/gcc/arm-none-eabi/5.4.1/armv7-m/crtbegin.o
 .ARM.attributes
                0x0000004a       0x1b c:/program files (x86)/cypress/psoc creator/4.1/psoc creator/import/gnu/arm/5.4.1/bin/../lib/gcc/arm-none-eabi/5.4.1/../../../../arm-none-eabi/lib/armv7-m/crt0.o
 .ARM.attributes
                0x00000065       0x33 .\CortexM3\ARM_GCC_541\Debug\main.o
 .ARM.attributes
                0x00000098       0x33 .\CortexM3\ARM_GCC_541\Debug\cyfitter_cfg.o
 .ARM.attributes
                0x000000cb       0x33 .\CortexM3\ARM_GCC_541\Debug\cymetadata.o
 .ARM.attributes
                0x000000fe       0x33 .\CortexM3\ARM_GCC_541\Debug\Cm3Start.o
 .ARM.attributes
                0x00000131       0x33 .\CortexM3\ARM_GCC_541\Debug\UART_FSKTx.a(UART.o)
 .ARM.attributes
                0x00000164       0x33 .\CortexM3\ARM_GCC_541\Debug\UART_FSKTx.a(UART_PM.o)
 .ARM.attributes
                0x00000197       0x33 .\CortexM3\ARM_GCC_541\Debug\UART_FSKTx.a(PWM_Modulator.o)
 .ARM.attributes
                0x000001ca       0x33 .\CortexM3\ARM_GCC_541\Debug\UART_FSKTx.a(PWM_Modulator_PM.o)
 .ARM.attributes
                0x000001fd       0x33 .\CortexM3\ARM_GCC_541\Debug\UART_FSKTx.a(LCD.o)
 .ARM.attributes
                0x00000230       0x33 .\CortexM3\ARM_GCC_541\Debug\UART_FSKTx.a(LCD_PM.o)
 .ARM.attributes
                0x00000263       0x33 .\CortexM3\ARM_GCC_541\Debug\UART_FSKTx.a(PWM_Switch_Timer.o)
 .ARM.attributes
                0x00000296       0x33 .\CortexM3\ARM_GCC_541\Debug\UART_FSKTx.a(PWM_Switch_Timer_PM.o)
 .ARM.attributes
                0x000002c9       0x33 .\CortexM3\ARM_GCC_541\Debug\UART_FSKTx.a(isr_rx.o)
 .ARM.attributes
                0x000002fc       0x33 .\CortexM3\ARM_GCC_541\Debug\UART_FSKTx.a(isr_sec.o)
 .ARM.attributes
                0x0000032f       0x33 .\CortexM3\ARM_GCC_541\Debug\UART_FSKTx.a(HighVoltage.o)
 .ARM.attributes
                0x00000362       0x33 .\CortexM3\ARM_GCC_541\Debug\UART_FSKTx.a(SignalBase.o)
 .ARM.attributes
                0x00000395       0x33 .\CortexM3\ARM_GCC_541\Debug\UART_FSKTx.a(UART_IntClock.o)
 .ARM.attributes
                0x000003c8       0x33 .\CortexM3\ARM_GCC_541\Debug\UART_FSKTx.a(CyLib.o)
 .ARM.attributes
                0x000003fb       0x33 .\CortexM3\ARM_GCC_541\Debug\UART_FSKTx.a(cyPm.o)
 .ARM.attributes
                0x0000042e       0x33 .\CortexM3\ARM_GCC_541\Debug\UART_FSKTx.a(checkWatchDogTimer.o)
 .ARM.attributes
                0x00000461       0x33 .\CortexM3\ARM_GCC_541\Debug\UART_FSKTx.a(checkWatchDogTimer_PM.o)
 .ARM.attributes
                0x00000494       0x33 .\CortexM3\ARM_GCC_541\Debug\UART_FSKTx.a(watchDogCheck.o)
 .ARM.attributes
                0x000004c7       0x33 .\CortexM3\ARM_GCC_541\Debug\UART_FSKTx.a(SleepTimer.o)
 .ARM.attributes
                0x000004fa       0x33 .\CortexM3\ARM_GCC_541\Debug\UART_FSKTx.a(Sleep_ISR.o)
 .ARM.attributes
                0x0000052d       0x33 .\CortexM3\ARM_GCC_541\Debug\UART_FSKTx.a(sleepToggle.o)
 .ARM.attributes
                0x00000560       0x33 .\CortexM3\ARM_GCC_541\Debug\UART_FSKTx.a(RxWakeUp.o)
 .ARM.attributes
                0x00000593       0x21 .\CortexM3\ARM_GCC_541\Debug\UART_FSKTx.a(CyBootAsmGnu.o)
 .ARM.attributes
                0x000005b4       0x33 .\CortexM3\ARM_GCC_541\Debug\UART_FSKTx.a(CyScBoostClk.o)
 .ARM.attributes
                0x000005e7       0x33 .\CortexM3\ARM_GCC_541\Debug\UART_FSKTx.a(CyFlash.o)
 .ARM.attributes
                0x0000061a       0x33 .\CortexM3\ARM_GCC_541\Debug\UART_FSKTx.a(CySpc.o)
 .ARM.attributes
                0x0000064d       0x2d c:/program files (x86)/cypress/psoc creator/4.1/psoc creator/import/gnu/arm/5.4.1/bin/../lib/gcc/arm-none-eabi/5.4.1/../../../../arm-none-eabi/lib/armv7-m\libg_nano.a(lib_a-errno.o)
 .ARM.attributes
                0x0000067a       0x2d c:/program files (x86)/cypress/psoc creator/4.1/psoc creator/import/gnu/arm/5.4.1/bin/../lib/gcc/arm-none-eabi/5.4.1/../../../../arm-none-eabi/lib/armv7-m\libg_nano.a(lib_a-exit.o)
 .ARM.attributes
                0x000006a7       0x2d c:/program files (x86)/cypress/psoc creator/4.1/psoc creator/import/gnu/arm/5.4.1/bin/../lib/gcc/arm-none-eabi/5.4.1/../../../../arm-none-eabi/lib/armv7-m\libg_nano.a(lib_a-impure.o)
 .ARM.attributes
                0x000006d4       0x2d c:/program files (x86)/cypress/psoc creator/4.1/psoc creator/import/gnu/arm/5.4.1/bin/../lib/gcc/arm-none-eabi/5.4.1/../../../../arm-none-eabi/lib/armv7-m\libg_nano.a(lib_a-init.o)
 .ARM.attributes
                0x00000701       0x2d c:/program files (x86)/cypress/psoc creator/4.1/psoc creator/import/gnu/arm/5.4.1/bin/../lib/gcc/arm-none-eabi/5.4.1/../../../../arm-none-eabi/lib/armv7-m\libg_nano.a(lib_a-memcpy-stub.o)
 .ARM.attributes
                0x0000072e       0x2d c:/program files (x86)/cypress/psoc creator/4.1/psoc creator/import/gnu/arm/5.4.1/bin/../lib/gcc/arm-none-eabi/5.4.1/../../../../arm-none-eabi/lib/armv7-m\libg_nano.a(lib_a-memset.o)
 .ARM.attributes
                0x0000075b       0x2d c:/program files (x86)/cypress/psoc creator/4.1/psoc creator/import/gnu/arm/5.4.1/bin/../lib/gcc/arm-none-eabi/5.4.1/../../../../arm-none-eabi/lib/armv7-m\libg_nano.a(lib_a-sprintf.o)
 .ARM.attributes
                0x00000788       0x2d c:/program files (x86)/cypress/psoc creator/4.1/psoc creator/import/gnu/arm/5.4.1/bin/../lib/gcc/arm-none-eabi/5.4.1/../../../../arm-none-eabi/lib/armv7-m\libg_nano.a(lib_a-nano-svfprintf.o)
 .ARM.attributes
                0x000007b5       0x2d c:/program files (x86)/cypress/psoc creator/4.1/psoc creator/import/gnu/arm/5.4.1/bin/../lib/gcc/arm-none-eabi/5.4.1/../../../../arm-none-eabi/lib/armv7-m\libg_nano.a(lib_a-nano-vfprintf_i.o)
 .ARM.attributes
                0x000007e2       0x2d c:/program files (x86)/cypress/psoc creator/4.1/psoc creator/import/gnu/arm/5.4.1/bin/../lib/gcc/arm-none-eabi/5.4.1/../../../../arm-none-eabi/lib/armv7-m\libg_nano.a(lib_a-memchr-stub.o)
 .ARM.attributes
                0x0000080f       0x2d c:/program files (x86)/cypress/psoc creator/4.1/psoc creator/import/gnu/arm/5.4.1/bin/../lib/gcc/arm-none-eabi/5.4.1/../../../../arm-none-eabi/lib/armv7-m\libg_nano.a(lib_a-memmove.o)
 .ARM.attributes
                0x0000083c       0x2d c:/program files (x86)/cypress/psoc creator/4.1/psoc creator/import/gnu/arm/5.4.1/bin/../lib/gcc/arm-none-eabi/5.4.1/../../../../arm-none-eabi/lib/armv7-m\libg_nano.a(lib_a-nano-freer.o)
 .ARM.attributes
                0x00000869       0x2d c:/program files (x86)/cypress/psoc creator/4.1/psoc creator/import/gnu/arm/5.4.1/bin/../lib/gcc/arm-none-eabi/5.4.1/../../../../arm-none-eabi/lib/armv7-m\libg_nano.a(lib_a-nano-mallocr.o)
 .ARM.attributes
                0x00000896       0x2d c:/program files (x86)/cypress/psoc creator/4.1/psoc creator/import/gnu/arm/5.4.1/bin/../lib/gcc/arm-none-eabi/5.4.1/../../../../arm-none-eabi/lib/armv7-m\libg_nano.a(lib_a-nano-reallocr.o)
 .ARM.attributes
                0x000008c3       0x2d c:/program files (x86)/cypress/psoc creator/4.1/psoc creator/import/gnu/arm/5.4.1/bin/../lib/gcc/arm-none-eabi/5.4.1/../../../../arm-none-eabi/lib/armv7-m\libg_nano.a(lib_a-sbrkr.o)
 .ARM.attributes
                0x000008f0       0x2d c:/program files (x86)/cypress/psoc creator/4.1/psoc creator/import/gnu/arm/5.4.1/bin/../lib/gcc/arm-none-eabi/5.4.1/../../../../arm-none-eabi/lib/armv7-m\libg_nano.a(lib_a-mlock.o)
 .ARM.attributes
                0x0000091d       0x2d c:/program files (x86)/cypress/psoc creator/4.1/psoc creator/import/gnu/arm/5.4.1/bin/../lib/gcc/arm-none-eabi/5.4.1/../../../../arm-none-eabi/lib/armv7-m\libg_nano.a(lib_a-nano-msizer.o)
 .ARM.attributes
                0x0000094a       0x2d c:/program files (x86)/cypress/psoc creator/4.1/psoc creator/import/gnu/arm/5.4.1/bin/../lib/gcc/arm-none-eabi/5.4.1/../../../../arm-none-eabi/lib/armv7-m\libg_nano.a(lib_a-reent.o)
 .ARM.attributes
                0x00000977       0x2d c:/program files (x86)/cypress/psoc creator/4.1/psoc creator/import/gnu/arm/5.4.1/bin/../lib/gcc/arm-none-eabi/5.4.1/armv7-m/crtend.o
 .ARM.attributes
                0x000009a4       0x1d c:/program files (x86)/cypress/psoc creator/4.1/psoc creator/import/gnu/arm/5.4.1/bin/../lib/gcc/arm-none-eabi/5.4.1/armv7-m/crtn.o

/DISCARD/
 *(.note.GNU-stack)
OUTPUT(C:\Users\sdysart\Documents\UACS\UACS\HighFreqFSK\UART_FSKTx.cydsn\CortexM3\ARM_GCC_541\Debug\UART_FSKTx.elf elf32-littlearm)
