Archive member included to satisfy reference by file (symbol)

.\ARM_GCC_541\Debug\USBFS_UART.a(USBUART.o)
                              .\ARM_GCC_541\Debug\main.o (USBUART_Start)
.\ARM_GCC_541\Debug\USBFS_UART.a(USBUART_cdc.o)
                              .\ARM_GCC_541\Debug\main.o (USBUART_CDC_Init)
.\ARM_GCC_541\Debug\USBFS_UART.a(USBUART_drv.o)
                              .\ARM_GCC_541\Debug\USBFS_UART.a(USBUART.o) (USBUART_EP)
.\ARM_GCC_541\Debug\USBFS_UART.a(USBUART_episr.o)
                              .\ARM_GCC_541\Debug\USBFS_UART.a(USBUART.o) (USBUART_EP_1_ISR)
.\ARM_GCC_541\Debug\USBFS_UART.a(USBUART_hid.o)
                              .\ARM_GCC_541\Debug\USBFS_UART.a(USBUART.o) (USBUART_hidProtocol)
.\ARM_GCC_541\Debug\USBFS_UART.a(USBUART_pm.o)
                              .\ARM_GCC_541\Debug\USBFS_UART.a(USBUART.o) (USBUART_DP_ISR)
.\ARM_GCC_541\Debug\USBFS_UART.a(USBUART_std.o)
                              .\ARM_GCC_541\Debug\USBFS_UART.a(USBUART_drv.o) (USBUART_HandleStandardRqst)
.\ARM_GCC_541\Debug\USBFS_UART.a(USBUART_vnd.o)
                              .\ARM_GCC_541\Debug\USBFS_UART.a(USBUART_drv.o) (USBUART_HandleVendorRqst)
.\ARM_GCC_541\Debug\USBFS_UART.a(LCD.o)
                              .\ARM_GCC_541\Debug\main.o (LCD_Start)
.\ARM_GCC_541\Debug\USBFS_UART.a(UART.o)
                              .\ARM_GCC_541\Debug\main.o (UART_Start)
.\ARM_GCC_541\Debug\USBFS_UART.a(USBUART_Dp.o)
                              .\ARM_GCC_541\Debug\USBFS_UART.a(USBUART.o) (USBUART_Dp_ClearInterrupt)
.\ARM_GCC_541\Debug\USBFS_UART.a(UART_IntClock.o)
                              .\ARM_GCC_541\Debug\USBFS_UART.a(UART.o) (UART_IntClock_Start)
.\ARM_GCC_541\Debug\USBFS_UART.a(CyLib.o)
                              .\ARM_GCC_541\Debug\Cm3Start.o (CyResetStatus)
.\ARM_GCC_541\Debug\USBFS_UART.a(cyPm.o)
                              .\ARM_GCC_541\Debug\USBFS_UART.a(CyLib.o) (CyPmReadStatus)
.\ARM_GCC_541\Debug\USBFS_UART.a(Data_Timer.o)
                              .\ARM_GCC_541\Debug\main.o (Data_Timer_Start)
.\ARM_GCC_541\Debug\USBFS_UART.a(tx_done.o)
                              .\ARM_GCC_541\Debug\main.o (tx_done_StartEx)
.\ARM_GCC_541\Debug\USBFS_UART.a(CyBootAsmGnu.o)
                              .\ARM_GCC_541\Debug\cyfitter_cfg.o (CyDelayCycles)
.\ARM_GCC_541\Debug\USBFS_UART.a(CyScBoostClk.o)
                              .\ARM_GCC_541\Debug\USBFS_UART.a(CyLib.o) (CyScBoostClk_Start)
.\ARM_GCC_541\Debug\USBFS_UART.a(USBUART_cls.o)
                              .\ARM_GCC_541\Debug\USBFS_UART.a(USBUART_drv.o) (USBUART_DispatchClassRqst)
.\ARM_GCC_541\Debug\USBFS_UART.a(USBUART_descr.o)
                              .\ARM_GCC_541\Debug\USBFS_UART.a(USBUART_std.o) (USBUART_DEVICE0_DESCR)
.\ARM_GCC_541\Debug\USBFS_UART.a(CyFlash.o)
                              .\ARM_GCC_541\Debug\USBFS_UART.a(cyPm.o) (CyFlash_SetWaitCycles)
.\ARM_GCC_541\Debug\USBFS_UART.a(CySpc.o)
                              .\ARM_GCC_541\Debug\USBFS_UART.a(CyFlash.o) (CySpcStart)
c:/program files (x86)/cypress/psoc creator/4.1/psoc creator/import/gnu/arm/5.4.1/bin/../lib/gcc/arm-none-eabi/5.4.1/../../../../arm-none-eabi/lib/armv7-m\libg_nano.a(lib_a-atoi.o)
                              .\ARM_GCC_541\Debug\main.o (atoi)
c:/program files (x86)/cypress/psoc creator/4.1/psoc creator/import/gnu/arm/5.4.1/bin/../lib/gcc/arm-none-eabi/5.4.1/../../../../arm-none-eabi/lib/armv7-m\libg_nano.a(lib_a-errno.o)
                              .\ARM_GCC_541\Debug\Cm3Start.o (__errno)
c:/program files (x86)/cypress/psoc creator/4.1/psoc creator/import/gnu/arm/5.4.1/bin/../lib/gcc/arm-none-eabi/5.4.1/../../../../arm-none-eabi/lib/armv7-m\libg_nano.a(lib_a-exit.o)
                              c:/program files (x86)/cypress/psoc creator/4.1/psoc creator/import/gnu/arm/5.4.1/bin/../lib/gcc/arm-none-eabi/5.4.1/../../../../arm-none-eabi/lib/armv7-m/crt0.o (exit)
c:/program files (x86)/cypress/psoc creator/4.1/psoc creator/import/gnu/arm/5.4.1/bin/../lib/gcc/arm-none-eabi/5.4.1/../../../../arm-none-eabi/lib/armv7-m\libg_nano.a(lib_a-impure.o)
                              c:/program files (x86)/cypress/psoc creator/4.1/psoc creator/import/gnu/arm/5.4.1/bin/../lib/gcc/arm-none-eabi/5.4.1/../../../../arm-none-eabi/lib/armv7-m\libg_nano.a(lib_a-exit.o) (_global_impure_ptr)
c:/program files (x86)/cypress/psoc creator/4.1/psoc creator/import/gnu/arm/5.4.1/bin/../lib/gcc/arm-none-eabi/5.4.1/../../../../arm-none-eabi/lib/armv7-m\libg_nano.a(lib_a-init.o)
                              c:/program files (x86)/cypress/psoc creator/4.1/psoc creator/import/gnu/arm/5.4.1/bin/../lib/gcc/arm-none-eabi/5.4.1/../../../../arm-none-eabi/lib/armv7-m/crt0.o (__libc_init_array)
c:/program files (x86)/cypress/psoc creator/4.1/psoc creator/import/gnu/arm/5.4.1/bin/../lib/gcc/arm-none-eabi/5.4.1/../../../../arm-none-eabi/lib/armv7-m\libg_nano.a(lib_a-memcpy-stub.o)
                              .\ARM_GCC_541\Debug\cyfitter_cfg.o (memcpy)
[...]
Memory Configuration

Name             Origin             Length             Attributes
rom              0x00000000         0x00040000         xr
ram              0x1fff8000         0x00010000         xrw
*default*        0x00000000         0xffffffff

Linker script and memory map

LOAD c:/program files (x86)/cypress/psoc creator/4.1/psoc creator/import/gnu/arm/5.4.1/bin/../lib/gcc/arm-none-eabi/5.4.1/armv7-m/crti.o
LOAD c:/program files (x86)/cypress/psoc creator/4.1/psoc creator/import/gnu/arm/5.4.1/bin/../lib/gcc/arm-none-eabi/5.4.1/armv7-m/crtbegin.o
LOAD c:/program files (x86)/cypress/psoc creator/4.1/psoc creator/import/gnu/arm/5.4.1/bin/../lib/gcc/arm-none-eabi/5.4.1/../../../../arm-none-eabi/lib/armv7-m/crt0.o
START GROUP
LOAD .\ARM_GCC_541\Debug\main.o
LOAD .\ARM_GCC_541\Debug\cyfitter_cfg.o
LOAD .\ARM_GCC_541\Debug\cymetadata.o
LOAD .\ARM_GCC_541\Debug\Cm3Start.o
LOAD .\ARM_GCC_541\Debug\USBFS_UART.a
LOAD C:\Program Files (x86)\Cypress\PSoC Creator\4.1\PSoC Creator\psoc\content\cycomponentlibrary\CyComponentLibrary.cylib\CortexM3\ARM_GCC_541\Debug\CyComponentLibrary.a
END GROUP
START GROUP
LOAD c:/program files (x86)/cypress/psoc creator/4.1/psoc creator/import/gnu/arm/5.4.1/bin/../lib/gcc/arm-none-eabi/5.4.1/armv7-m\libgcc.a
LOAD c:/program files (x86)/cypress/psoc creator/4.1/psoc creator/import/gnu/arm/5.4.1/bin/../lib/gcc/arm-none-eabi/5.4.1/../../../../arm-none-eabi/lib/armv7-m\libg_nano.a
LOAD c:/program files (x86)/cypress/psoc creator/4.1/psoc creator/import/gnu/arm/5.4.1/bin/../lib/gcc/arm-none-eabi/5.4.1/../../../../arm-none-eabi/lib/armv7-m\libc_nano.a
END GROUP
START GROUP
LOAD c:/program files (x86)/cypress/psoc creator/4.1/psoc creator/import/gnu/arm/5.4.1/bin/../lib/gcc/arm-none-eabi/5.4.1/armv7-m\libgcc.a
LOAD c:/program files (x86)/cypress/psoc creator/4.1/psoc creator/import/gnu/arm/5.4.1/bin/../lib/gcc/arm-none-eabi/5.4.1/../../../../arm-none-eabi/lib/armv7-m\libc_nano.a
END GROUP
LOAD c:/program files (x86)/cypress/psoc creator/4.1/psoc creator/import/gnu/arm/5.4.1/bin/../lib/gcc/arm-none-eabi/5.4.1/armv7-m/crtend.o
LOAD c:/program files (x86)/cypress/psoc creator/4.1/psoc creator/import/gnu/arm/5.4.1/bin/../lib/gcc/arm-none-eabi/5.4.1/armv7-m/crtn.o
START GROUP
LOAD c:/program files (x86)/cypress/psoc creator/4.1/psoc creator/import/gnu/arm/5.4.1/bin/../lib/gcc/arm-none-eabi/5.4.1/armv7-m\libgcc.a
LOAD c:/program files (x86)/cypress/psoc creator/4.1/psoc creator/import/gnu/arm/5.4.1/bin/../lib/gcc/arm-none-eabi/5.4.1/../../../../arm-none-eabi/lib/armv7-m\libc.a
LOAD c:/program files (x86)/cypress/psoc creator/4.1/psoc creator/import/gnu/arm/5.4.1/bin/../lib/gcc/arm-none-eabi/5.4.1/../../../../arm-none-eabi/lib/armv7-m\libnosys.a
END GROUP
                0x00000000                CY_APPL_ORIGIN = 0x0
                0x00000100                CY_FLASH_ROW_SIZE = 0x100
                0x00000020                CY_ECC_ROW_SIZE = 0x20
                0x00000000                CY_EE_IN_BTLDR = 0x0
                0x00000000                CY_APPL_LOADABLE = 0x0
                0x00000800                CY_EE_SIZE = 0x800
                0x00000001                CY_APPL_NUM = 0x1
                0x00000001                CY_APPL_MAX = 0x1
                0x00000040                CY_METADATA_SIZE = 0x40
                0x00000000                CY_APPL_LOADABLE = 0x0
                0x00000000                CY_CHECKSUM_EXCLUDE_SIZE = ALIGN (0x0, CY_FLASH_ROW_SIZE)
                [!provide]                PROVIDE (__cy_heap_start, _end)
                0x00000001                PROVIDE (__cy_region_num, ((__cy_regions_end - __cy_regions) / 0x10))
                0x20008000                PROVIDE (__cy_stack, (ORIGIN (ram) + LENGTH (ram)))
                [!provide]                PROVIDE (__cy_heap_end, (__cy_stack - 0x800))

.cybootloader   0x00000000        0x0
 *(.cybootloader)
                0x00000000                appl1_start = CY_APPL_ORIGIN?CY_APPL_ORIGIN:ALIGN (CY_FLASH_ROW_SIZE)
                0x0001ff00                appl2_start = (appl1_start + ALIGN ((((LENGTH (rom) - appl1_start) - (0x2 * CY_FLASH_ROW_SIZE)) / 0x2), CY_FLASH_ROW_SIZE))
                0x00000000                appl_start = (CY_APPL_NUM == 0x1)?appl1_start:appl2_start
                0x00000000                ecc_offset = ((appl_start / CY_FLASH_ROW_SIZE) * CY_ECC_ROW_SIZE)
                0x00000000                ee_offset = (CY_APPL_LOADABLE && ! (CY_EE_IN_BTLDR))?((CY_EE_SIZE / CY_APPL_MAX) * (CY_APPL_NUM - 0x1)):0x0
                0x00000800                ee_size = (CY_APPL_LOADABLE && ! (CY_EE_IN_BTLDR))?(CY_EE_SIZE / CY_APPL_MAX):CY_EE_SIZE
                [!provide]                PROVIDE (CY_ECC_OFFSET, ecc_offset)

.text           0x00000000     0x446c
 CREATE_OBJECT_SYMBOLS
                0x00000000                PROVIDE (__cy_interrupt_vector, RomVectors)
 *(.romvectors)
 .romvectors    0x00000000       0x10 .\ARM_GCC_541\Debug\Cm3Start.o
                0x00000000                RomVectors
                0x00000001                ASSERT ((. != __cy_interrupt_vector), No interrupt vector)
                0x00000001                ASSERT (CY_APPL_ORIGIN?(SIZEOF (.cybootloader) <= CY_APPL_ORIGIN):0x1, Wrong image location)
                0x00000010                PROVIDE (__cy_reset, Reset)
 *(.text.Reset)
 .text.Reset    0x00000010       0x18 .\ARM_GCC_541\Debug\Cm3Start.o
                0x00000010                Reset
                0x00000001                ASSERT ((. != __cy_reset), No reset code)
 *(.dma_init)
                0x00000001                ASSERT ((((appl_start + .) <= 0x10000) || 0x1), DMA Init must be within the first 64k of flash)
 *(.text .text.* .gnu.linkonce.t.*)
 .text          0x00000028       0x5c c:/program files (x86)/cypress/psoc creator/4.1/psoc creator/import/gnu/arm/5.4.1/bin/../lib/gcc/arm-none-eabi/5.4.1/armv7-m/crtbegin.o
 .text.main     0x00000084       0xc0 .\ARM_GCC_541\Debug\main.o
                0x00000084                main
 .text.GetCrabs
                0x00000144      0x15c .\ARM_GCC_541\Debug\main.o
                0x00000144                GetCrabs
 .text.CalculateCrabs
                0x000002a0      0x174 .\ARM_GCC_541\Debug\main.o
                0x000002a0                CalculateCrabs
 .text.DisplayCrabs
                0x00000414       0x44 .\ARM_GCC_541\Debug\main.o
                0x00000414                DisplayCrabs
 .text.tx_done  0x00000458       0x74 .\ARM_GCC_541\Debug\main.o
                0x00000458                tx_done
 .text.CYMEMZERO
                0x000004cc       0x1c .\ARM_GCC_541\Debug\cyfitter_cfg.o
 .text.CYCONFIGCPY
                0x000004e8       0x20 .\ARM_GCC_541\Debug\cyfitter_cfg.o
 .text.CYCONFIGCPYCODE
                0x00000508       0x20 .\ARM_GCC_541\Debug\cyfitter_cfg.o
 .text.CyClockStartupError
                0x00000528        0xc .\ARM_GCC_541\Debug\cyfitter_cfg.o
 .text.cfg_write_bytes32
                0x00000534       0x74 .\ARM_GCC_541\Debug\cyfitter_cfg.o
 .text.ClockSetup
                0x000005a8      0x118 .\ARM_GCC_541\Debug\cyfitter_cfg.o
 .text.AnalogSetDefault
                0x000006c0       0x44 .\ARM_GCC_541\Debug\cyfitter_cfg.o
 .text.cyfitter_cfg
                0x00000704      0x188 .\ARM_GCC_541\Debug\cyfitter_cfg.o
                0x00000704                cyfitter_cfg
 .text.IntDefaultHandler
                0x0000088c       0x14 .\ARM_GCC_541\Debug\Cm3Start.o
                0x0000088c                IntDefaultHandler
 .text._sbrk    0x000008a0       0x50 .\ARM_GCC_541\Debug\Cm3Start.o
                0x000008a0                _sbrk
 .text.Start_c  0x000008f0       0x98 .\ARM_GCC_541\Debug\Cm3Start.o
                0x000008f0                Start_c
 .text.initialize_psoc
                0x00000988       0x90 .\ARM_GCC_541\Debug\Cm3Start.o
                0x00000988                initialize_psoc
 .text.USBUART_Start
                0x00000a18       0x3c .\ARM_GCC_541\Debug\USBFS_UART.a(USBUART.o)
                0x00000a18                USBUART_Start
 .text.USBUART_Init
                0x00000a54      0x1a4 .\ARM_GCC_541\Debug\USBFS_UART.a(USBUART.o)
                0x00000a54                USBUART_Init
 .text.USBUART_InitComponent
                0x00000bf8      0x120 .\ARM_GCC_541\Debug\USBFS_UART.a(USBUART.o)
                0x00000bf8                USBUART_InitComponent
 .text.USBUART_ReInitComponent
                0x00000d18       0x88 .\ARM_GCC_541\Debug\USBFS_UART.a(USBUART.o)
                0x00000d18                USBUART_ReInitComponent
 .text.USBUART_GetConfiguration
                0x00000da0       0x18 .\ARM_GCC_541\Debug\USBFS_UART.a(USBUART.o)
                0x00000da0                USBUART_GetConfiguration
 .text.USBUART_IsConfigurationChanged
                0x00000db8       0x30 .\ARM_GCC_541\Debug\USBFS_UART.a(USBUART.o)
                0x00000db8                USBUART_IsConfigurationChanged
 .text.USBUART_GetEPState
                0x00000de8       0x2c .\ARM_GCC_541\Debug\USBFS_UART.a(USBUART.o)
                0x00000de8                USBUART_GetEPState
 .text.USBUART_GetEPCount
                0x00000e14       0x60 .\ARM_GCC_541\Debug\USBFS_UART.a(USBUART.o)
                0x00000e14                USBUART_GetEPCount
 .text.USBUART_LoadInEP
                0x00000e74      0x108 .\ARM_GCC_541\Debug\USBFS_UART.a(USBUART.o)
                0x00000e74                USBUART_LoadInEP
 .text.USBUART_ReadOutEP
                0x00000f7c       0x8c .\ARM_GCC_541\Debug\USBFS_UART.a(USBUART.o)
                0x00000f7c                USBUART_ReadOutEP
 .text.USBUART_EnableOutEP
                0x00001008       0x5c .\ARM_GCC_541\Debug\USBFS_UART.a(USBUART.o)
                0x00001008                USBUART_EnableOutEP
 .text.USBUART_DispatchCDCClassRqst
                0x00001064       0xe4 .\ARM_GCC_541\Debug\USBFS_UART.a(USBUART_cdc.o)
                0x00001064                USBUART_DispatchCDCClassRqst
 .text.USBUART_GetInterfaceComPort
                0x00001148       0x60 .\ARM_GCC_541\Debug\USBFS_UART.a(USBUART_cdc.o)
                0x00001148                USBUART_GetInterfaceComPort
 .text.USBUART_CDC_Init
                0x000011a8       0xa8 .\ARM_GCC_541\Debug\USBFS_UART.a(USBUART_cdc.o)
                0x000011a8                USBUART_CDC_Init
 .text.USBUART_PutData
                0x00001250       0x6c .\ARM_GCC_541\Debug\USBFS_UART.a(USBUART_cdc.o)
                0x00001250                USBUART_PutData
 .text.USBUART_StrLen
                0x000012bc       0x2c .\ARM_GCC_541\Debug\USBFS_UART.a(USBUART_cdc.o)
 .text.USBUART_PutString
                0x000012e8       0xdc .\ARM_GCC_541\Debug\USBFS_UART.a(USBUART_cdc.o)
                0x000012e8                USBUART_PutString
 .text.USBUART_PutCRLF
                0x000013c4       0x38 .\ARM_GCC_541\Debug\USBFS_UART.a(USBUART_cdc.o)
                0x000013c4                USBUART_PutCRLF
 .text.USBUART_DataIsReady
                0x000013fc       0x24 .\ARM_GCC_541\Debug\USBFS_UART.a(USBUART_cdc.o)
                0x000013fc                USBUART_DataIsReady
 .text.USBUART_CDCIsReady
                0x00001420       0x24 .\ARM_GCC_541\Debug\USBFS_UART.a(USBUART_cdc.o)
                0x00001420                USBUART_CDCIsReady
 .text.USBUART_GetAll
                0x00001444       0x4c .\ARM_GCC_541\Debug\USBFS_UART.a(USBUART_cdc.o)
                0x00001444                USBUART_GetAll
 .text.USBUART_Cdc_EpInit
                0x00001490       0x90 .\ARM_GCC_541\Debug\USBFS_UART.a(USBUART_cdc.o)
                0x00001490                USBUART_Cdc_EpInit
 .text.USBUART_EP_0_ISR
                0x00001520       0xf8 .\ARM_GCC_541\Debug\USBFS_UART.a(USBUART_drv.o)
                0x00001520                USBUART_EP_0_ISR
 .text.USBUART_HandleSetup
                0x00001618       0x88 .\ARM_GCC_541\Debug\USBFS_UART.a(USBUART_drv.o)
                0x00001618                USBUART_HandleSetup
 .text.USBUART_HandleIN
                0x000016a0       0x4c .\ARM_GCC_541\Debug\USBFS_UART.a(USBUART_drv.o)
                0x000016a0                USBUART_HandleIN
 .text.USBUART_HandleOUT
                0x000016ec       0x58 .\ARM_GCC_541\Debug\USBFS_UART.a(USBUART_drv.o)
                0x000016ec                USBUART_HandleOUT
 .text.USBUART_LoadEP0
                0x00001744       0xd0 .\ARM_GCC_541\Debug\USBFS_UART.a(USBUART_drv.o)
                0x00001744                USBUART_LoadEP0
 .text.USBUART_InitControlRead
                0x00001814       0x70 .\ARM_GCC_541\Debug\USBFS_UART.a(USBUART_drv.o)
                0x00001814                USBUART_InitControlRead
 .text.USBUART_InitZeroLengthControlTransfer
                0x00001884       0x40 .\ARM_GCC_541\Debug\USBFS_UART.a(USBUART_drv.o)
                0x00001884                USBUART_InitZeroLengthControlTransfer
 .text.USBUART_ControlReadDataStage
                0x000018c4        0xc .\ARM_GCC_541\Debug\USBFS_UART.a(USBUART_drv.o)
                0x000018c4                USBUART_ControlReadDataStage
 .text.USBUART_ControlReadStatusStage
                0x000018d0       0x40 .\ARM_GCC_541\Debug\USBFS_UART.a(USBUART_drv.o)
                0x000018d0                USBUART_ControlReadStatusStage
 .text.USBUART_InitControlWrite
                0x00001910       0x64 .\ARM_GCC_541\Debug\USBFS_UART.a(USBUART_drv.o)
                0x00001910                USBUART_InitControlWrite
 .text.USBUART_ControlWriteDataStage
                0x00001974       0xb4 .\ARM_GCC_541\Debug\USBFS_UART.a(USBUART_drv.o)
                0x00001974                USBUART_ControlWriteDataStage
 .text.USBUART_ControlWriteStatusStage
                0x00001a28       0x24 .\ARM_GCC_541\Debug\USBFS_UART.a(USBUART_drv.o)
                0x00001a28                USBUART_ControlWriteStatusStage
 .text.USBUART_InitNoDataControlTransfer
                0x00001a4c       0x38 .\ARM_GCC_541\Debug\USBFS_UART.a(USBUART_drv.o)
                0x00001a4c                USBUART_InitNoDataControlTransfer
 .text.USBUART_NoDataControlStatusStage
                0x00001a84       0x4c .\ARM_GCC_541\Debug\USBFS_UART.a(USBUART_drv.o)
                0x00001a84                USBUART_NoDataControlStatusStage
 .text.USBUART_UpdateStatusBlock
                0x00001ad0       0x40 .\ARM_GCC_541\Debug\USBFS_UART.a(USBUART_drv.o)
                0x00001ad0                USBUART_UpdateStatusBlock
 .text.USBUART_InitializeStatusBlock
                0x00001b10       0x34 .\ARM_GCC_541\Debug\USBFS_UART.a(USBUART_drv.o)
                0x00001b10                USBUART_InitializeStatusBlock
 .text.USBUART_EP_1_ISR
                0x00001b44       0x48 .\ARM_GCC_541\Debug\USBFS_UART.a(USBUART_episr.o)
                0x00001b44                USBUART_EP_1_ISR
 .text.USBUART_EP_2_ISR
                0x00001b8c       0x4c .\ARM_GCC_541\Debug\USBFS_UART.a(USBUART_episr.o)
                0x00001b8c                USBUART_EP_2_ISR
 .text.USBUART_EP_3_ISR
                0x00001bd8       0x54 .\ARM_GCC_541\Debug\USBFS_UART.a(USBUART_episr.o)
                0x00001bd8                USBUART_EP_3_ISR
 .text.USBUART_SOF_ISR
                0x00001c2c        0xc .\ARM_GCC_541\Debug\USBFS_UART.a(USBUART_episr.o)
                0x00001c2c                USBUART_SOF_ISR
 .text.USBUART_BUS_RESET_ISR
                0x00001c38        0xc .\ARM_GCC_541\Debug\USBFS_UART.a(USBUART_episr.o)
                0x00001c38                USBUART_BUS_RESET_ISR
 .text.USBUART_DispatchHIDClassRqst
                0x00001c44      0x1e4 .\ARM_GCC_541\Debug\USBFS_UART.a(USBUART_hid.o)
                0x00001c44                USBUART_DispatchHIDClassRqst
 .text.USBUART_FindHidClassDecriptor
                0x00001e28       0x7c .\ARM_GCC_541\Debug\USBFS_UART.a(USBUART_hid.o)
                0x00001e28                USBUART_FindHidClassDecriptor
 .text.USBUART_FindReportDescriptor
                0x00001ea4       0x90 .\ARM_GCC_541\Debug\USBFS_UART.a(USBUART_hid.o)
                0x00001ea4                USBUART_FindReportDescriptor
 .text.USBUART_FindReport
                0x00001f34       0xcc .\ARM_GCC_541\Debug\USBFS_UART.a(USBUART_hid.o)
                0x00001f34                USBUART_FindReport
 .text.USBUART_DP_ISR
                0x00002000        0xc .\ARM_GCC_541\Debug\USBFS_UART.a(USBUART_pm.o)
                0x00002000                USBUART_DP_ISR
 .text.USBUART_HandleStandardRqst
                0x0000200c      0x4a4 .\ARM_GCC_541\Debug\USBFS_UART.a(USBUART_std.o)
                0x0000200c                USBUART_HandleStandardRqst
 .text.USBUART_ReadDieID
                0x000024b0       0xd8 .\ARM_GCC_541\Debug\USBFS_UART.a(USBUART_std.o)
                0x000024b0                USBUART_ReadDieID
 .text.USBUART_ConfigReg
                0x00002588      0x138 .\ARM_GCC_541\Debug\USBFS_UART.a(USBUART_std.o)
                0x00002588                USBUART_ConfigReg
 .text.USBUART_Config
                0x000026c0      0x3a4 .\ARM_GCC_541\Debug\USBFS_UART.a(USBUART_std.o)
                0x000026c0                USBUART_Config
 .text.USBUART_ConfigAltChanged
                0x00002a64      0x25c .\ARM_GCC_541\Debug\USBFS_UART.a(USBUART_std.o)
                0x00002a64                USBUART_ConfigAltChanged
 .text.USBUART_GetConfigTablePtr
                0x00002cc0       0x50 .\ARM_GCC_541\Debug\USBFS_UART.a(USBUART_std.o)
                0x00002cc0                USBUART_GetConfigTablePtr
 .text.USBUART_GetDeviceTablePtr
                0x00002d10       0x24 .\ARM_GCC_541\Debug\USBFS_UART.a(USBUART_std.o)
                0x00002d10                USBUART_GetDeviceTablePtr
 .text.USBUART_GetInterfaceClassTablePtr
                0x00002d34       0x4c .\ARM_GCC_541\Debug\USBFS_UART.a(USBUART_std.o)
                0x00002d34                USBUART_GetInterfaceClassTablePtr
 .text.USBUART_SetEndpointHalt
                0x00002d80       0xe8 .\ARM_GCC_541\Debug\USBFS_UART.a(USBUART_std.o)
                0x00002d80                USBUART_SetEndpointHalt
 .text.USBUART_ClearEndpointHalt
                0x00002e68      0x148 .\ARM_GCC_541\Debug\USBFS_UART.a(USBUART_std.o)
                0x00002e68                USBUART_ClearEndpointHalt
 .text.USBUART_ValidateAlternateSetting
                0x00002fb0       0x70 .\ARM_GCC_541\Debug\USBFS_UART.a(USBUART_std.o)
                0x00002fb0                USBUART_ValidateAlternateSetting
 .text.USBUART_HandleVendorRqst
                0x00003020       0x54 .\ARM_GCC_541\Debug\USBFS_UART.a(USBUART_vnd.o)
                0x00003020                USBUART_HandleVendorRqst
 .text.LCD_Init
                0x00003074       0x70 .\ARM_GCC_541\Debug\USBFS_UART.a(LCD.o)
                0x00003074                LCD_Init
 .text.LCD_Enable
                0x000030e4       0x18 .\ARM_GCC_541\Debug\USBFS_UART.a(LCD.o)
                0x000030e4                LCD_Enable
 .text.LCD_Start
                0x000030fc       0x24 .\ARM_GCC_541\Debug\USBFS_UART.a(LCD.o)
                0x000030fc                LCD_Start
 .text.LCD_Position
                0x00003120       0x70 .\ARM_GCC_541\Debug\USBFS_UART.a(LCD.o)
                0x00003120                LCD_Position
 .text.LCD_PrintString
                0x00003190       0x3c .\ARM_GCC_541\Debug\USBFS_UART.a(LCD.o)
                0x00003190                LCD_PrintString
 .text.LCD_WriteData
                0x000031cc       0x34 .\ARM_GCC_541\Debug\USBFS_UART.a(LCD.o)
                0x000031cc                LCD_WriteData
 .text.LCD_WriteControl
                0x00003200       0x34 .\ARM_GCC_541\Debug\USBFS_UART.a(LCD.o)
                0x00003200                LCD_WriteControl
 .text.LCD_IsReady
                0x00003234      0x178 .\ARM_GCC_541\Debug\USBFS_UART.a(LCD.o)
                0x00003234                LCD_IsReady
 .text.LCD_WrDatNib
                0x000033ac       0x78 .\ARM_GCC_541\Debug\USBFS_UART.a(LCD.o)
 .text.LCD_WrCntrlNib
                0x00003424       0x64 .\ARM_GCC_541\Debug\USBFS_UART.a(LCD.o)
 .text.UART_Start
                0x00003488       0x24 .\ARM_GCC_541\Debug\USBFS_UART.a(UART.o)
                0x00003488                UART_Start
 .text.UART_Init
                0x000034ac       0x40 .\ARM_GCC_541\Debug\USBFS_UART.a(UART.o)
                0x000034ac                UART_Init
 .text.UART_Enable
                0x000034ec       0x60 .\ARM_GCC_541\Debug\USBFS_UART.a(UART.o)
                0x000034ec                UART_Enable
 .text.UART_PutChar
                0x0000354c       0x34 .\ARM_GCC_541\Debug\USBFS_UART.a(UART.o)
                0x0000354c                UART_PutChar
 .text.USBUART_Dp_ClearInterrupt
                0x00003580       0x20 .\ARM_GCC_541\Debug\USBFS_UART.a(USBUART_Dp.o)
                0x00003580                USBUART_Dp_ClearInterrupt
 .text.UART_IntClock_Start
                0x000035a0       0x34 .\ARM_GCC_541\Debug\USBFS_UART.a(UART_IntClock.o)
                0x000035a0                UART_IntClock_Start
 .text.CyHalt   0x000035d4       0x18 .\ARM_GCC_541\Debug\USBFS_UART.a(CyLib.o)
                0x000035d4                CyHalt
 .text.CyDelay  0x000035ec       0x44 .\ARM_GCC_541\Debug\USBFS_UART.a(CyLib.o)
                0x000035ec                CyDelay
 .text.CyDelayUs
                0x00003630       0x28 .\ARM_GCC_541\Debug\USBFS_UART.a(CyLib.o)
                0x00003630                CyDelayUs
 .text.CyIntSetVector
                0x00003658       0x50 .\ARM_GCC_541\Debug\USBFS_UART.a(CyLib.o)
                0x00003658                CyIntSetVector
 .text.CyIntSetPriority
                0x000036a8       0x48 .\ARM_GCC_541\Debug\USBFS_UART.a(CyLib.o)
                0x000036a8                CyIntSetPriority
 .text.CyGetUniqueId
                0x000036f0       0xc4 .\ARM_GCC_541\Debug\USBFS_UART.a(CyLib.o)
                0x000036f0                CyGetUniqueId
 .text.Data_Timer_Init
                0x000037b4       0x4c .\ARM_GCC_541\Debug\USBFS_UART.a(Data_Timer.o)
                0x000037b4                Data_Timer_Init
 .text.Data_Timer_Enable
                0x00003800       0x20 .\ARM_GCC_541\Debug\USBFS_UART.a(Data_Timer.o)
                0x00003800                Data_Timer_Enable
 .text.Data_Timer_Start
                0x00003820       0x24 .\ARM_GCC_541\Debug\USBFS_UART.a(Data_Timer.o)
                0x00003820                Data_Timer_Start
 .text.Data_Timer_Stop
                0x00003844       0x20 .\ARM_GCC_541\Debug\USBFS_UART.a(Data_Timer.o)
                0x00003844                Data_Timer_Stop
 .text.Data_Timer_SetInterruptMode
                0x00003864       0x20 .\ARM_GCC_541\Debug\USBFS_UART.a(Data_Timer.o)
                0x00003864                Data_Timer_SetInterruptMode
 .text.Data_Timer_ReadStatusRegister
                0x00003884       0x18 .\ARM_GCC_541\Debug\USBFS_UART.a(Data_Timer.o)
                0x00003884                Data_Timer_ReadStatusRegister
 .text.Data_Timer_WritePeriod
                0x0000389c       0x1c .\ARM_GCC_541\Debug\USBFS_UART.a(Data_Timer.o)
                0x0000389c                Data_Timer_WritePeriod
 .text.Data_Timer_ReadCapture
                0x000038b8       0x14 .\ARM_GCC_541\Debug\USBFS_UART.a(Data_Timer.o)
                0x000038b8                Data_Timer_ReadCapture
 .text.Data_Timer_WriteCounter
                0x000038cc       0x1c .\ARM_GCC_541\Debug\USBFS_UART.a(Data_Timer.o)
                0x000038cc                Data_Timer_WriteCounter
 .text.Data_Timer_ClearFIFO
                0x000038e8       0x1c .\ARM_GCC_541\Debug\USBFS_UART.a(Data_Timer.o)
                0x000038e8                Data_Timer_ClearFIFO
 .text.tx_done_StartEx
                0x00003904       0x24 .\ARM_GCC_541\Debug\USBFS_UART.a(tx_done.o)
                0x00003904                tx_done_StartEx
 .text.tx_done_SetVector
                0x00003928       0x24 .\ARM_GCC_541\Debug\USBFS_UART.a(tx_done.o)
                0x00003928                tx_done_SetVector
 .text.tx_done_SetPriority
                0x0000394c       0x24 .\ARM_GCC_541\Debug\USBFS_UART.a(tx_done.o)
                0x0000394c                tx_done_SetPriority
 .text.tx_done_Enable
                0x00003970       0x18 .\ARM_GCC_541\Debug\USBFS_UART.a(tx_done.o)
                0x00003970                tx_done_Enable
 .text.tx_done_Disable
                0x00003988       0x18 .\ARM_GCC_541\Debug\USBFS_UART.a(tx_done.o)
                0x00003988                tx_done_Disable
 .text          0x000039a0       0x54 .\ARM_GCC_541\Debug\USBFS_UART.a(CyBootAsmGnu.o)
                0x000039a0                CyDelayCycles
                0x000039de                CyEnterCriticalSection
                0x000039e6                CyExitCriticalSection
 .text.USBUART_DispatchClassRqst
                0x000039f4       0x88 .\ARM_GCC_541\Debug\USBFS_UART.a(USBUART_cls.o)
                0x000039f4                USBUART_DispatchClassRqst
 .text.atoi     0x00003a7c        0x8 c:/program files (x86)/cypress/psoc creator/4.1/psoc creator/import/gnu/arm/5.4.1/bin/../lib/gcc/arm-none-eabi/5.4.1/../../../../arm-none-eabi/lib/armv7-m\libg_nano.a(lib_a-atoi.o)
                0x00003a7c                atoi
 .text.__errno  0x00003a84        0xc c:/program files (x86)/cypress/psoc creator/4.1/psoc creator/import/gnu/arm/5.4.1/bin/../lib/gcc/arm-none-eabi/5.4.1/../../../../arm-none-eabi/lib/armv7-m\libg_nano.a(lib_a-errno.o)
                0x00003a84                __errno
 .text.__libc_init_array
                0x00003a90       0x4c c:/program files (x86)/cypress/psoc creator/4.1/psoc creator/import/gnu/arm/5.4.1/bin/../lib/gcc/arm-none-eabi/5.4.1/../../../../arm-none-eabi/lib/armv7-m\libg_nano.a(lib_a-init.o)
                0x00003a90                __libc_init_array
 .text.memcpy   0x00003adc       0x16 c:/program files (x86)/cypress/psoc creator/4.1/psoc creator/import/gnu/arm/5.4.1/bin/../lib/gcc/arm-none-eabi/5.4.1/../../../../arm-none-eabi/lib/armv7-m\libg_nano.a(lib_a-memcpy-stub.o)
                0x00003adc                memcpy
 .text.memset   0x00003af2       0x10 c:/program files (x86)/cypress/psoc creator/4.1/psoc creator/import/gnu/arm/5.4.1/bin/../lib/gcc/arm-none-eabi/5.4.1/../../../../arm-none-eabi/lib/armv7-m\libg_nano.a(lib_a-memset.o)
                0x00003af2                memset
 *fill*         0x00003b02        0x2 
 .text.sprintf  0x00003b04       0x48 c:/program files (x86)/cypress/psoc creator/4.1/psoc creator/import/gnu/arm/5.4.1/bin/../lib/gcc/arm-none-eabi/5.4.1/../../../../arm-none-eabi/lib/armv7-m\libg_nano.a(lib_a-sprintf.o)
                0x00003b04                siprintf
                0x00003b04                sprintf
 .text._strtol_r
                0x00003b4c      0x10c c:/program files (x86)/cypress/psoc creator/4.1/psoc creator/import/gnu/arm/5.4.1/bin/../lib/gcc/arm-none-eabi/5.4.1/../../../../arm-none-eabi/lib/armv7-m\libg_nano.a(lib_a-strtol.o)
                0x00003b4c                _strtol_r
 .text.strtol   0x00003c58       0x14 c:/program files (x86)/cypress/psoc creator/4.1/psoc creator/import/gnu/arm/5.4.1/bin/../lib/gcc/arm-none-eabi/5.4.1/../../../../arm-none-eabi/lib/armv7-m\libg_nano.a(lib_a-strtol.o)
                0x00003c58                strtol
 .text.__ssputs_r
                0x00003c6c       0xb2 c:/program files (x86)/cypress/psoc creator/4.1/psoc creator/import/gnu/arm/5.4.1/bin/../lib/gcc/arm-none-eabi/5.4.1/../../../../arm-none-eabi/lib/armv7-m\libg_nano.a(lib_a-nano-svfprintf.o)
                0x00003c6c                __ssputs_r
 *fill*         0x00003d1e        0x2 
 .text._svfprintf_r
                0x00003d20      0x1e8 c:/program files (x86)/cypress/psoc creator/4.1/psoc creator/import/gnu/arm/5.4.1/bin/../lib/gcc/arm-none-eabi/5.4.1/../../../../arm-none-eabi/lib/armv7-m\libg_nano.a(lib_a-nano-svfprintf.o)
                0x00003d20                _svfiprintf_r
                0x00003d20                _svfprintf_r
 .text._printf_common
                0x00003f08       0xec c:/program files (x86)/cypress/psoc creator/4.1/psoc creator/import/gnu/arm/5.4.1/bin/../lib/gcc/arm-none-eabi/5.4.1/../../../../arm-none-eabi/lib/armv7-m\libg_nano.a(lib_a-nano-vfprintf_i.o)
                0x00003f08                _printf_common
 .text._printf_i
                0x00003ff4      0x24c c:/program files (x86)/cypress/psoc creator/4.1/psoc creator/import/gnu/arm/5.4.1/bin/../lib/gcc/arm-none-eabi/5.4.1/../../../../arm-none-eabi/lib/armv7-m\libg_nano.a(lib_a-nano-vfprintf_i.o)
                0x00003ff4                _printf_i
 .text.memchr   0x00004240       0x1c c:/program files (x86)/cypress/psoc creator/4.1/psoc creator/import/gnu/arm/5.4.1/bin/../lib/gcc/arm-none-eabi/5.4.1/../../../../arm-none-eabi/lib/armv7-m\libg_nano.a(lib_a-memchr-stub.o)
                0x00004240                memchr
 .text.memmove  0x0000425c       0x36 c:/program files (x86)/cypress/psoc creator/4.1/psoc creator/import/gnu/arm/5.4.1/bin/../lib/gcc/arm-none-eabi/5.4.1/../../../../arm-none-eabi/lib/armv7-m\libg_nano.a(lib_a-memmove.o)
                0x0000425c                memmove
 *fill*         0x00004292        0x2 
 .text._free_r  0x00004294       0x98 c:/program files (x86)/cypress/psoc creator/4.1/psoc creator/import/gnu/arm/5.4.1/bin/../lib/gcc/arm-none-eabi/5.4.1/../../../../arm-none-eabi/lib/armv7-m\libg_nano.a(lib_a-nano-freer.o)
                0x00004294                _free_r
 .text._malloc_r
                0x0000432c       0xbc c:/program files (x86)/cypress/psoc creator/4.1/psoc creator/import/gnu/arm/5.4.1/bin/../lib/gcc/arm-none-eabi/5.4.1/../../../../arm-none-eabi/lib/armv7-m\libg_nano.a(lib_a-nano-mallocr.o)
                0x0000432c                _malloc_r
 .text._realloc_r
                0x000043e8       0x4c c:/program files (x86)/cypress/psoc creator/4.1/psoc creator/import/gnu/arm/5.4.1/bin/../lib/gcc/arm-none-eabi/5.4.1/../../../../arm-none-eabi/lib/armv7-m\libg_nano.a(lib_a-nano-reallocr.o)
                0x000043e8                _realloc_r
 .text._sbrk_r  0x00004434       0x20 c:/program files (x86)/cypress/psoc creator/4.1/psoc creator/import/gnu/arm/5.4.1/bin/../lib/gcc/arm-none-eabi/5.4.1/../../../../arm-none-eabi/lib/armv7-m\libg_nano.a(lib_a-sbrkr.o)
                0x00004434                _sbrk_r
 .text.__malloc_lock
                0x00004454        0x2 c:/program files (x86)/cypress/psoc creator/4.1/psoc creator/import/gnu/arm/5.4.1/bin/../lib/gcc/arm-none-eabi/5.4.1/../../../../arm-none-eabi/lib/armv7-m\libg_nano.a(lib_a-mlock.o)
                0x00004454                __malloc_lock
 .text.__malloc_unlock
                0x00004456        0x2 c:/program files (x86)/cypress/psoc creator/4.1/psoc creator/import/gnu/arm/5.4.1/bin/../lib/gcc/arm-none-eabi/5.4.1/../../../../arm-none-eabi/lib/armv7-m\libg_nano.a(lib_a-mlock.o)
                0x00004456                __malloc_unlock
 .text._malloc_usable_size_r
                0x00004458       0x14 c:/program files (x86)/cypress/psoc creator/4.1/psoc creator/import/gnu/arm/5.4.1/bin/../lib/gcc/arm-none-eabi/5.4.1/../../../../arm-none-eabi/lib/armv7-m\libg_nano.a(lib_a-nano-msizer.o)
                0x00004458                _malloc_usable_size_r
 *(.plt)
 *(.gnu.warning)
 *(.glue_7t)
 .glue_7t       0x0000446c        0x0 linker stubs
 *(.glue_7)
 .glue_7        0x0000446c        0x0 linker stubs
 *(.vfp11_veneer)
 .vfp11_veneer  0x0000446c        0x0 linker stubs
 *(.bootloader)
 *(.ARM.extab* .gnu.linkonce.armextab.*)
 *(.gcc_except_table)

.v4_bx          0x0000446c        0x0
 .v4_bx         0x0000446c        0x0 linker stubs

.iplt           0x0000446c        0x0
 .iplt          0x0000446c        0x0 c:/program files (x86)/cypress/psoc creator/4.1/psoc creator/import/gnu/arm/5.4.1/bin/../lib/gcc/arm-none-eabi/5.4.1/armv7-m/crtbegin.o

.eh_frame_hdr
 *(.eh_frame_hdr)

.eh_frame       0x0000446c        0x4
 *(.eh_frame)
 .eh_frame      0x0000446c        0x0 c:/program files (x86)/cypress/psoc creator/4.1/psoc creator/import/gnu/arm/5.4.1/bin/../lib/gcc/arm-none-eabi/5.4.1/armv7-m/crtbegin.o
 .eh_frame      0x0000446c        0x4 c:/program files (x86)/cypress/psoc creator/4.1/psoc creator/import/gnu/arm/5.4.1/bin/../lib/gcc/arm-none-eabi/5.4.1/armv7-m/crtend.o
                [!provide]                PROVIDE (__exidx_start, .)

.ARM.exidx
 *(.ARM.exidx* .gnu.linkonce.armexidx.*)
                0x00004470                __exidx_end = .

.rodata         0x00004470      0x970
 *(.rodata .rodata.* .gnu.linkonce.r.*)
 .rodata        0x00004470      0x12b .\ARM_GCC_541\Debug\main.o
 *fill*         0x0000459b        0x1 
 .rodata        0x0000459c      0x4ec .\ARM_GCC_541\Debug\cyfitter_cfg.o
 .rodata        0x00004a88        0x2 .\ARM_GCC_541\Debug\USBFS_UART.a(USBUART_cdc.o)
 *fill*         0x00004a8a        0x2 
 .rodata        0x00004a8c       0x11 .\ARM_GCC_541\Debug\USBFS_UART.a(USBUART_std.o)
 *fill*         0x00004a9d        0x3 
 .rodata        0x00004aa0      0x1d4 .\ARM_GCC_541\Debug\USBFS_UART.a(USBUART_descr.o)
                0x00004aa0                USBUART_DEVICE0_DESCR
                0x00004ab4                USBUART_DEVICE0_CONFIGURATION0_DESCR
                0x00004af8                USBUART_STRING_DESCRIPTORS
                0x00004b98                USBUART_SN_STRING_DESCRIPTOR
                0x00004b9c                USBUART_HIDREPORT_DESCRIPTOR1
                0x00004bd4                USBUART_DEVICE0_CONFIGURATION0_EP_SETTINGS_TABLE
                0x00004bec                USBUART_DEVICE0_CONFIGURATION0_INTERFACE_CLASS
                0x00004bf0                USBUART_DEVICE0_CONFIGURATION0_TABLE
                0x00004c18                USBUART_DEVICE0_TABLE
                0x00004c30                USBUART_TABLE
                0x00004c38                USBUART_MSOS_DESCRIPTOR
                0x00004c4c                USBUART_MSOS_CONFIGURATION_DESCR
 .rodata.str1.1
                0x00004c74        0x2 c:/program files (x86)/cypress/psoc creator/4.1/psoc creator/import/gnu/arm/5.4.1/bin/../lib/gcc/arm-none-eabi/5.4.1/../../../../arm-none-eabi/lib/armv7-m\libg_nano.a(lib_a-impure.o)
 .rodata._ctype_
                0x00004c76      0x101 c:/program files (x86)/cypress/psoc creator/4.1/psoc creator/import/gnu/arm/5.4.1/bin/../lib/gcc/arm-none-eabi/5.4.1/../../../../arm-none-eabi/lib/armv7-m\libg_nano.a(lib_a-ctype_.o)
                0x00004c76                _ctype_
 .rodata.str1.1
                0x00004d77       0x11 c:/program files (x86)/cypress/psoc creator/4.1/psoc creator/import/gnu/arm/5.4.1/bin/../lib/gcc/arm-none-eabi/5.4.1/../../../../arm-none-eabi/lib/armv7-m\libg_nano.a(lib_a-nano-svfprintf.o)
 .rodata.str1.1
                0x00004d88       0x22 c:/program files (x86)/cypress/psoc creator/4.1/psoc creator/import/gnu/arm/5.4.1/bin/../lib/gcc/arm-none-eabi/5.4.1/../../../../arm-none-eabi/lib/armv7-m\libg_nano.a(lib_a-nano-vfprintf_i.o)
                0x00004dac                . = ALIGN (0x4)
 *fill*         0x00004daa        0x2 
 *(.init)
 .init          0x00004dac        0x4 c:/program files (x86)/cypress/psoc creator/4.1/psoc creator/import/gnu/arm/5.4.1/bin/../lib/gcc/arm-none-eabi/5.4.1/armv7-m/crti.o
                0x00004dac                _init
 .init          0x00004db0        0x8 c:/program files (x86)/cypress/psoc creator/4.1/psoc creator/import/gnu/arm/5.4.1/bin/../lib/gcc/arm-none-eabi/5.4.1/armv7-m/crtn.o
                0x00004db8                . = ALIGN (0x4)
                0x00004db8                __preinit_array_start = .
 *(.preinit_array)
                0x00004db8                __preinit_array_end = .
                0x00004db8                . = ALIGN (0x4)
                0x00004db8                __init_array_start = .
 *(SORT(.init_array.*))
 *(.init_array)
 .init_array    0x00004db8        0x4 c:/program files (x86)/cypress/psoc creator/4.1/psoc creator/import/gnu/arm/5.4.1/bin/../lib/gcc/arm-none-eabi/5.4.1/armv7-m/crtbegin.o
 .init_array    0x00004dbc        0x4 .\ARM_GCC_541\Debug\Cm3Start.o
                0x00004dc0                __init_array_end = .
                0x00004dc0                . = ALIGN (0x4)
 *(.fini)
 .fini          0x00004dc0        0x4 c:/program files (x86)/cypress/psoc creator/4.1/psoc creator/import/gnu/arm/5.4.1/bin/../lib/gcc/arm-none-eabi/5.4.1/armv7-m/crti.o
                0x00004dc0                _fini
 .fini          0x00004dc4        0x8 c:/program files (x86)/cypress/psoc creator/4.1/psoc creator/import/gnu/arm/5.4.1/bin/../lib/gcc/arm-none-eabi/5.4.1/armv7-m/crtn.o
                0x00004dcc                . = ALIGN (0x4)
                0x00004dcc                __fini_array_start = .
 *(.fini_array)
 .fini_array    0x00004dcc        0x4 c:/program files (x86)/cypress/psoc creator/4.1/psoc creator/import/gnu/arm/5.4.1/bin/../lib/gcc/arm-none-eabi/5.4.1/armv7-m/crtbegin.o
 *(SORT(.fini_array.*))
                0x00004dd0                __fini_array_end = .
                0x00004dd0                . = ALIGN (0x4)
 *crtbegin.o(.ctors)
 *(EXCLUDE_FILE(*crtend.o) .ctors)
 *(SORT(.ctors.*))
 *crtend.o(.ctors)
                0x00004dd0                . = ALIGN (0x4)
 *crtbegin.o(.dtors)
 *(EXCLUDE_FILE(*crtend.o) .dtors)
 *(SORT(.dtors.*))
 *crtend.o(.dtors)
                0x00004dd0                . = ALIGN (0x4)
                0x00004dd0                __cy_regions = .
                0x00004dd0        0x4 LONG 0x4de0 __cy_region_init_ram
                0x00004dd4        0x4 LONG 0x1fff80c8 __cy_region_start_data
                0x00004dd8        0x4 LONG 0xa8 __cy_region_init_size_ram
                0x00004ddc        0x4 LONG 0x190 __cy_region_zero_size_ram
                0x00004de0                __cy_regions_end = .
                0x00004de0                . = ALIGN (0x8)
                0x00004de0                _etext = .

.cy_checksum_exclude
                0x00004de0        0x0
 *(.cy_checksum_exclude)

.ramvectors     0x1fff8000       0xc0
                0x1fff8000                __cy_region_start_ram = .
 *(.ramvectors)
 .ramvectors    0x1fff8000       0xc0 .\ARM_GCC_541\Debug\Cm3Start.o
                0x1fff8000                CyRamVectors

.noinit         0x1fff80c0        0x5
 *(.noinit)
 .noinit        0x1fff80c0        0x4 .\ARM_GCC_541\Debug\Cm3Start.o
 .noinit        0x1fff80c4        0x1 .\ARM_GCC_541\Debug\USBFS_UART.a(CyLib.o)
                0x1fff80c4                CyResetStatus

.data           0x1fff80c8       0xa8 load address 0x00004de0
                0x1fff80c8                __cy_region_start_data = .
 *(.jcr)
 .jcr           0x1fff80c8        0x0 c:/program files (x86)/cypress/psoc creator/4.1/psoc creator/import/gnu/arm/5.4.1/bin/../lib/gcc/arm-none-eabi/5.4.1/armv7-m/crtbegin.o
 .jcr           0x1fff80c8        0x4 c:/program files (x86)/cypress/psoc creator/4.1/psoc creator/import/gnu/arm/5.4.1/bin/../lib/gcc/arm-none-eabi/5.4.1/armv7-m/crtend.o
 *(.got.plt)
 *(.got)
 *(.shdata)
 *(.data .data.* .gnu.linkonce.d.*)
 .data          0x1fff80cc        0xc .\ARM_GCC_541\Debug\main.o
                0x1fff80cc                prompt
                0x1fff80d0                i
                0x1fff80d4                dataDone
 .data          0x1fff80d8        0x4 .\ARM_GCC_541\Debug\Cm3Start.o
 .data          0x1fff80dc       0x1a .\ARM_GCC_541\Debug\USBFS_UART.a(USBUART_cdc.o)
                0x1fff80dc                USBUART_linesCoding
 *fill*         0x1fff80f6        0x2 
 .data          0x1fff80f8       0x10 .\ARM_GCC_541\Debug\USBFS_UART.a(CyLib.o)
                0x1fff80f8                cydelay_freq_hz
                0x1fff80fc                cydelay_freq_khz
                0x1fff8100                cydelay_freq_mhz
                0x1fff8104                cydelay_32k_ms
 .data.impure_data
                0x1fff8108       0x60 c:/program files (x86)/cypress/psoc creator/4.1/psoc creator/import/gnu/arm/5.4.1/bin/../lib/gcc/arm-none-eabi/5.4.1/../../../../arm-none-eabi/lib/armv7-m\libg_nano.a(lib_a-impure.o)
 .data._impure_ptr
                0x1fff8168        0x4 c:/program files (x86)/cypress/psoc creator/4.1/psoc creator/import/gnu/arm/5.4.1/bin/../lib/gcc/arm-none-eabi/5.4.1/../../../../arm-none-eabi/lib/armv7-m\libg_nano.a(lib_a-impure.o)
                0x1fff8168                _impure_ptr
 .data.__ctype_ptr__
                0x1fff816c        0x4 c:/program files (x86)/cypress/psoc creator/4.1/psoc creator/import/gnu/arm/5.4.1/bin/../lib/gcc/arm-none-eabi/5.4.1/../../../../arm-none-eabi/lib/armv7-m\libg_nano.a(lib_a-ctype_.o)
                0x1fff816c                __ctype_ptr__
                0x1fff8170                . = ALIGN (0x8)
 *(.ram)
                0x1fff8170                _edata = .

.igot.plt       0x1fff8170        0x0 load address 0x00004e88
 .igot.plt      0x1fff8170        0x0 c:/program files (x86)/cypress/psoc creator/4.1/psoc creator/import/gnu/arm/5.4.1/bin/../lib/gcc/arm-none-eabi/5.4.1/armv7-m/crtbegin.o

.bss            0x1fff8170      0x190 load address 0x00004e88
                0x1fff8170                PROVIDE (__bss_start__, .)
 *(.shbss)
 *(.bss .bss.* .gnu.linkonce.b.*)
 .bss           0x1fff8170       0x1c c:/program files (x86)/cypress/psoc creator/4.1/psoc creator/import/gnu/arm/5.4.1/bin/../lib/gcc/arm-none-eabi/5.4.1/armv7-m/crtbegin.o
 .bss           0x1fff818c       0x1b .\ARM_GCC_541\Debug\main.o
                0x1fff818c                endFlag
                0x1fff8190                oneDigit
                0x1fff8194                twoDigit
                0x1fff8198                error
                0x1fff819c                sendReady
                0x1fff81a0                countTx
                0x1fff81a4                data
 .bss           0x1fff81a7        0x1 .\ARM_GCC_541\Debug\USBFS_UART.a(USBUART.o)
                0x1fff81a7                USBUART_initVar
 .bss           0x1fff81a8        0x1 .\ARM_GCC_541\Debug\USBFS_UART.a(USBUART_cdc.o)
 *fill*         0x1fff81a9        0x3 
 .bss           0x1fff81ac        0x2 .\ARM_GCC_541\Debug\USBFS_UART.a(USBUART_std.o)
 .bss           0x1fff81ae        0x2 .\ARM_GCC_541\Debug\USBFS_UART.a(LCD.o)
                0x1fff81ae                LCD_enableState
                0x1fff81af                LCD_initVar
 .bss           0x1fff81b0        0x2 .\ARM_GCC_541\Debug\USBFS_UART.a(UART.o)
                0x1fff81b0                UART_initVar
 .bss           0x1fff81b2        0x1 .\ARM_GCC_541\Debug\USBFS_UART.a(Data_Timer.o)
                0x1fff81b2                Data_Timer_initVar
 *fill*         0x1fff81b3        0x1 
 .bss.__malloc_sbrk_start
                0x1fff81b4        0x4 c:/program files (x86)/cypress/psoc creator/4.1/psoc creator/import/gnu/arm/5.4.1/bin/../lib/gcc/arm-none-eabi/5.4.1/../../../../arm-none-eabi/lib/armv7-m\libg_nano.a(lib_a-nano-mallocr.o)
                0x1fff81b4                __malloc_sbrk_start
 .bss.__malloc_free_list
                0x1fff81b8        0x4 c:/program files (x86)/cypress/psoc creator/4.1/psoc creator/import/gnu/arm/5.4.1/bin/../lib/gcc/arm-none-eabi/5.4.1/../../../../arm-none-eabi/lib/armv7-m\libg_nano.a(lib_a-nano-mallocr.o)
                0x1fff81b8                __malloc_free_list
 *(COMMON)
 COMMON         0x1fff81bc       0x56 .\ARM_GCC_541\Debug\main.o
                0x1fff81bc                lineStr
                0x1fff81d0                buffer
                0x1fff8210                count
 *fill*         0x1fff8212        0x2 
 COMMON         0x1fff8214       0x18 .\ARM_GCC_541\Debug\USBFS_UART.a(USBUART_cdc.o)
                0x1fff8214                USBUART_linesChanged
                0x1fff8218                USBUART_cdcDataInEp
                0x1fff821c                USBUART_cdcCommInInterruptEp
                0x1fff8220                USBUART_cdcDataOutEp
                0x1fff8224                USBUART_serialStateBitmap
                0x1fff8228                USBUART_linesControlBitmap
 COMMON         0x1fff822c       0x9a .\ARM_GCC_541\Debug\USBFS_UART.a(USBUART_drv.o)
                0x1fff822c                USBUART_lastPacketSize
                0x1fff822d                USBUART_device
                0x1fff822e                USBUART_transferByteCount
                0x1fff8230                USBUART_transferState
                0x1fff8234                USBUART_interfaceSettingLast
                0x1fff8238                USBUART_currentTD
                0x1fff8244                USBUART_interfaceNumber
                0x1fff8248                USBUART_interfaceClass
                0x1fff824c                USBUART_configurationChanged
                0x1fff824d                USBUART_ep0Mode
                0x1fff824e                USBUART_deviceAddress
                0x1fff824f                USBUART_configuration
                0x1fff8250                USBUART_ep0Count
                0x1fff8251                USBUART_deviceStatus
                0x1fff8254                USBUART_EP
                0x1fff82c0                USBUART_interfaceSetting
                0x1fff82c2                USBUART_ep0Toggle
                0x1fff82c4                USBUART_interfaceStatus
 *fill*         0x1fff82c6        0x2 
 COMMON         0x1fff82c8        0xa .\ARM_GCC_541\Debug\USBFS_UART.a(USBUART_hid.o)
                0x1fff82c8                USBUART_hidProtocol
                0x1fff82cc                USBUART_hidIdleTimer
                0x1fff82d0                USBUART_hidIdleRate
 *fill*         0x1fff82d2        0x2 
 COMMON         0x1fff82d4       0x22 .\ARM_GCC_541\Debug\USBFS_UART.a(USBUART_descr.o)
                0x1fff82d4                USBUART_idSerialNumberStringDescriptor
 *fill*         0x1fff82f6        0x2 
 COMMON         0x1fff82f8        0x4 c:/program files (x86)/cypress/psoc creator/4.1/psoc creator/import/gnu/arm/5.4.1/bin/../lib/gcc/arm-none-eabi/5.4.1/../../../../arm-none-eabi/lib/armv7-m\libg_nano.a(lib_a-reent.o)
                0x1fff82f8                errno
                0x1fff8300                . = ALIGN (0x8)
 *fill*         0x1fff82fc        0x4 
 *(.ram.b)
                0x1fff8300                _end = .
                0x1fff8300                __end = .
                0x1fff8300                PROVIDE (end, .)
                0x1fff8300                PROVIDE (__bss_end__, .)
                0x00004de0                __cy_region_init_ram = LOADADDR (.data)
                0x000000a8                __cy_region_init_size_ram = (_edata - ADDR (.data))
                0x00000190                __cy_region_zero_size_ram = (_end - _edata)

.heap           0x1fff8300       0x80 load address 0x00004e88
                0x1fff8300                . = _end
                0x1fff8380                . = (. + 0x80)
 *fill*         0x1fff8300       0x80 
                0x1fff8380                __cy_heap_limit = .

.stack          0x20007800      0x800
                0x20007800                __cy_stack_limit = .
                0x20008000                . = (. + 0x800)
 *fill*         0x20007800      0x800 
                0x00000001                ASSERT ((__cy_stack_limit >= __cy_heap_limit), region RAM overflowed with stack)
                0x00000000                cy_checksum_exclude_size = (CY_APPL_LOADABLE == 0x1)?SIZEOF (.cy_checksum_exclude):0x0
                0x00000001                ASSERT ((cy_checksum_exclude_size <= CY_CHECKSUM_EXCLUDE_SIZE), CY_BOOT: Section .cy_checksum_exclude size exceedes specified limit.)

.cyloadermeta
 *(.cyloadermeta)

.cyloadablemeta
 *(.cyloadablemeta)

.cyconfigecc    0x80000000        0x1
 *(.cyconfigecc)
 .cyconfigecc   0x80000000        0x1 .\ARM_GCC_541\Debug\cymetadata.o
                0x80000000                cy_meta_configecc

.cycustnvl      0x90000000        0x4
 *(.cycustnvl)
 .cycustnvl     0x90000000        0x4 .\ARM_GCC_541\Debug\cymetadata.o
                0x90000000                cy_meta_custnvl

.cywolatch      0x90100000        0x4
 *(.cywolatch)
 .cywolatch     0x90100000        0x4 .\ARM_GCC_541\Debug\cymetadata.o
                0x90100000                cy_meta_wonvl

.cyeeprom       0x90200000        0x0
 *(.cyeeprom)
                0x00000001                ASSERT ((. <= ((0x90200000 + ee_offset) + ee_size)), .cyeeprom data will not fit in EEPROM)

.cyflashprotect
                0x90400000      0x100
 *(.cyflashprotect)
 .cyflashprotect
                0x90400000      0x100 .\ARM_GCC_541\Debug\cymetadata.o
                0x90400000                cy_meta_flashprotect

.cymeta         0x90500000        0xc
 *(.cymeta)
 .cymeta        0x90500000        0xc .\ARM_GCC_541\Debug\cymetadata.o
                0x90500000                cy_metadata

.rel.dyn        0x00004e88        0x0 load address 0x9050000c
 .rel.iplt      0x00004e88        0x0 c:/program files (x86)/cypress/psoc creator/4.1/psoc creator/import/gnu/arm/5.4.1/bin/../lib/gcc/arm-none-eabi/5.4.1/armv7-m/crtbegin.o

.stab
 *(.stab)

.stabstr
 *(.stabstr)

.debug
 *(.debug)

.line
 *(.line)

.debug_srcinfo
 *(.debug_srcinfo)

.debug_sfnames
 *(.debug_sfnames)

.debug_aranges  0x00000000      0xd18
 *(.debug_aranges)
 .debug_aranges
                0x00000000       0x40 .\ARM_GCC_541\Debug\main.o
 .debug_aranges
                0x00000040       0x60 .\ARM_GCC_541\Debug\cyfitter_cfg.o
 .debug_aranges
                0x000000a0       0x18 .\ARM_GCC_541\Debug\cymetadata.o
 .debug_aranges
                0x000000b8       0x48 .\ARM_GCC_541\Debug\Cm3Start.o
 .debug_aranges
                0x00000100       0xc8 .\ARM_GCC_541\Debug\USBFS_UART.a(USBUART.o)
 .debug_aranges
                0x000001c8       0xe8 .\ARM_GCC_541\Debug\USBFS_UART.a(USBUART_cdc.o)
 .debug_aranges
                0x000002b0       0x98 .\ARM_GCC_541\Debug\USBFS_UART.a(USBUART_drv.o)
 .debug_aranges
                0x00000348       0x40 .\ARM_GCC_541\Debug\USBFS_UART.a(USBUART_episr.o)
 .debug_aranges
                0x00000388       0x48 .\ARM_GCC_541\Debug\USBFS_UART.a(USBUART_hid.o)
 .debug_aranges
                0x000003d0       0x40 .\ARM_GCC_541\Debug\USBFS_UART.a(USBUART_pm.o)
 .debug_aranges
                0x00000410       0x80 .\ARM_GCC_541\Debug\USBFS_UART.a(USBUART_std.o)
 .debug_aranges
                0x00000490       0x20 .\ARM_GCC_541\Debug\USBFS_UART.a(USBUART_vnd.o)
 .debug_aranges
                0x000004b0       0x98 .\ARM_GCC_541\Debug\USBFS_UART.a(LCD.o)
 .debug_aranges
                0x00000548       0xf0 .\ARM_GCC_541\Debug\USBFS_UART.a(UART.o)
 .debug_aranges
                0x00000638       0x48 .\ARM_GCC_541\Debug\USBFS_UART.a(USBUART_Dp.o)
 .debug_aranges
                0x00000680       0x70 .\ARM_GCC_541\Debug\USBFS_UART.a(UART_IntClock.o)
 .debug_aranges
                0x000006f0      0x2a8 .\ARM_GCC_541\Debug\USBFS_UART.a(CyLib.o)
 .debug_aranges
                0x00000998       0x98 .\ARM_GCC_541\Debug\USBFS_UART.a(cyPm.o)
 .debug_aranges
                0x00000a30       0x90 .\ARM_GCC_541\Debug\USBFS_UART.a(Data_Timer.o)
 .debug_aranges
                0x00000ac0       0x80 .\ARM_GCC_541\Debug\USBFS_UART.a(tx_done.o)
 .debug_aranges
                0x00000b40       0x20 .\ARM_GCC_541\Debug\USBFS_UART.a(CyBootAsmGnu.o)
 .debug_aranges
                0x00000b60       0x80 .\ARM_GCC_541\Debug\USBFS_UART.a(CyScBoostClk.o)
 .debug_aranges
                0x00000be0       0x20 .\ARM_GCC_541\Debug\USBFS_UART.a(USBUART_cls.o)
 .debug_aranges
                0x00000c00       0x18 .\ARM_GCC_541\Debug\USBFS_UART.a(USBUART_descr.o)
 .debug_aranges
                0x00000c18       0x88 .\ARM_GCC_541\Debug\USBFS_UART.a(CyFlash.o)
 .debug_aranges
                0x00000ca0       0x78 .\ARM_GCC_541\Debug\USBFS_UART.a(CySpc.o)

.debug_pubnames
 *(.debug_pubnames)

.debug_info     0x00000000     0x69bf
 *(.debug_info .gnu.linkonce.wi.*)
 .debug_info    0x00000000      0x2a5 .\ARM_GCC_541\Debug\main.o
 .debug_info    0x000002a5      0x573 .\ARM_GCC_541\Debug\cyfitter_cfg.o
 .debug_info    0x00000818      0x134 .\ARM_GCC_541\Debug\cymetadata.o
 .debug_info    0x0000094c      0x32b .\ARM_GCC_541\Debug\Cm3Start.o
 .debug_info    0x00000c77      0x747 .\ARM_GCC_541\Debug\USBFS_UART.a(USBUART.o)
 .debug_info    0x000013be      0x924 .\ARM_GCC_541\Debug\USBFS_UART.a(USBUART_cdc.o)
 .debug_info    0x00001ce2      0x52d .\ARM_GCC_541\Debug\USBFS_UART.a(USBUART_drv.o)
 .debug_info    0x0000220f      0x23b .\ARM_GCC_541\Debug\USBFS_UART.a(USBUART_episr.o)
 .debug_info    0x0000244a      0x37b .\ARM_GCC_541\Debug\USBFS_UART.a(USBUART_hid.o)
 .debug_info    0x000027c5      0x18d .\ARM_GCC_541\Debug\USBFS_UART.a(USBUART_pm.o)
 .debug_info    0x00002952      0x961 .\ARM_GCC_541\Debug\USBFS_UART.a(USBUART_std.o)
 .debug_info    0x000032b3      0x1a9 .\ARM_GCC_541\Debug\USBFS_UART.a(USBUART_vnd.o)
 .debug_info    0x0000345c      0x3cf .\ARM_GCC_541\Debug\USBFS_UART.a(LCD.o)
 .debug_info    0x0000382b      0x50a .\ARM_GCC_541\Debug\USBFS_UART.a(UART.o)
 .debug_info    0x00003d35      0x171 .\ARM_GCC_541\Debug\USBFS_UART.a(USBUART_Dp.o)
 .debug_info    0x00003ea6      0x25d .\ARM_GCC_541\Debug\USBFS_UART.a(UART_IntClock.o)
 .debug_info    0x00004103      0xe88 .\ARM_GCC_541\Debug\USBFS_UART.a(CyLib.o)
 .debug_info    0x00004f8b      0x57a .\ARM_GCC_541\Debug\USBFS_UART.a(cyPm.o)
 .debug_info    0x00005505      0x25b .\ARM_GCC_541\Debug\USBFS_UART.a(Data_Timer.o)
 .debug_info    0x00005760      0x241 .\ARM_GCC_541\Debug\USBFS_UART.a(tx_done.o)
 .debug_info    0x000059a1       0x90 .\ARM_GCC_541\Debug\USBFS_UART.a(CyBootAsmGnu.o)
 .debug_info    0x00005a31      0x299 .\ARM_GCC_541\Debug\USBFS_UART.a(CyScBoostClk.o)
 .debug_info    0x00005cca      0x1c8 .\ARM_GCC_541\Debug\USBFS_UART.a(USBUART_cls.o)
 .debug_info    0x00005e92      0x30b .\ARM_GCC_541\Debug\USBFS_UART.a(USBUART_descr.o)
 .debug_info    0x0000619d      0x3c8 .\ARM_GCC_541\Debug\USBFS_UART.a(CyFlash.o)
 .debug_info    0x00006565      0x45a .\ARM_GCC_541\Debug\USBFS_UART.a(CySpc.o)

.debug_abbrev   0x00000000     0x1ff7
 *(.debug_abbrev)
 .debug_abbrev  0x00000000      0x141 .\ARM_GCC_541\Debug\main.o
 .debug_abbrev  0x00000141      0x1c2 .\ARM_GCC_541\Debug\cyfitter_cfg.o
 .debug_abbrev  0x00000303       0x5d .\ARM_GCC_541\Debug\cymetadata.o
 .debug_abbrev  0x00000360      0x1d6 .\ARM_GCC_541\Debug\Cm3Start.o
 .debug_abbrev  0x00000536      0x1f3 .\ARM_GCC_541\Debug\USBFS_UART.a(USBUART.o)
 .debug_abbrev  0x00000729      0x233 .\ARM_GCC_541\Debug\USBFS_UART.a(USBUART_cdc.o)
 .debug_abbrev  0x0000095c      0x161 .\ARM_GCC_541\Debug\USBFS_UART.a(USBUART_drv.o)
 .debug_abbrev  0x00000abd       0xfd .\ARM_GCC_541\Debug\USBFS_UART.a(USBUART_episr.o)
 .debug_abbrev  0x00000bba      0x15e .\ARM_GCC_541\Debug\USBFS_UART.a(USBUART_hid.o)
 .debug_abbrev  0x00000d18       0xd1 .\ARM_GCC_541\Debug\USBFS_UART.a(USBUART_pm.o)
 .debug_abbrev  0x00000de9      0x1c2 .\ARM_GCC_541\Debug\USBFS_UART.a(USBUART_std.o)
 .debug_abbrev  0x00000fab       0xc5 .\ARM_GCC_541\Debug\USBFS_UART.a(USBUART_vnd.o)
 .debug_abbrev  0x00001070      0x120 .\ARM_GCC_541\Debug\USBFS_UART.a(LCD.o)
 .debug_abbrev  0x00001190      0x163 .\ARM_GCC_541\Debug\USBFS_UART.a(UART.o)
 .debug_abbrev  0x000012f3       0x90 .\ARM_GCC_541\Debug\USBFS_UART.a(USBUART_Dp.o)
 .debug_abbrev  0x00001383      0x11d .\ARM_GCC_541\Debug\USBFS_UART.a(UART_IntClock.o)
 .debug_abbrev  0x000014a0      0x217 .\ARM_GCC_541\Debug\USBFS_UART.a(CyLib.o)
 .debug_abbrev  0x000016b7      0x161 .\ARM_GCC_541\Debug\USBFS_UART.a(cyPm.o)
 .debug_abbrev  0x00001818      0x11b .\ARM_GCC_541\Debug\USBFS_UART.a(Data_Timer.o)
 .debug_abbrev  0x00001933      0x172 .\ARM_GCC_541\Debug\USBFS_UART.a(tx_done.o)
 .debug_abbrev  0x00001aa5       0x14 .\ARM_GCC_541\Debug\USBFS_UART.a(CyBootAsmGnu.o)
 .debug_abbrev  0x00001ab9      0x11d .\ARM_GCC_541\Debug\USBFS_UART.a(CyScBoostClk.o)
 .debug_abbrev  0x00001bd6       0xc5 .\ARM_GCC_541\Debug\USBFS_UART.a(USBUART_cls.o)
 .debug_abbrev  0x00001c9b       0xb4 .\ARM_GCC_541\Debug\USBFS_UART.a(USBUART_descr.o)
 .debug_abbrev  0x00001d4f      0x13c .\ARM_GCC_541\Debug\USBFS_UART.a(CyFlash.o)
 .debug_abbrev  0x00001e8b      0x16c .\ARM_GCC_541\Debug\USBFS_UART.a(CySpc.o)

.debug_line     0x00000000     0x3626
 *(.debug_line)
 .debug_line    0x00000000      0x285 .\ARM_GCC_541\Debug\main.o
 .debug_line    0x00000285      0x21e .\ARM_GCC_541\Debug\cyfitter_cfg.o
 .debug_line    0x000004a3      0x141 .\ARM_GCC_541\Debug\cymetadata.o
 .debug_line    0x000005e4      0x1dc .\ARM_GCC_541\Debug\Cm3Start.o
 .debug_line    0x000007c0      0x327 .\ARM_GCC_541\Debug\USBFS_UART.a(USBUART.o)
 .debug_line    0x00000ae7      0x30c .\ARM_GCC_541\Debug\USBFS_UART.a(USBUART_cdc.o)
 .debug_line    0x00000df3      0x21f .\ARM_GCC_541\Debug\USBFS_UART.a(USBUART_drv.o)
 .debug_line    0x00001012       0xf2 .\ARM_GCC_541\Debug\USBFS_UART.a(USBUART_episr.o)
 .debug_line    0x00001104      0x179 .\ARM_GCC_541\Debug\USBFS_UART.a(USBUART_hid.o)
 .debug_line    0x0000127d       0xe6 .\ARM_GCC_541\Debug\USBFS_UART.a(USBUART_pm.o)
 .debug_line    0x00001363      0x470 .\ARM_GCC_541\Debug\USBFS_UART.a(USBUART_std.o)
 .debug_line    0x000017d3       0x8f .\ARM_GCC_541\Debug\USBFS_UART.a(USBUART_vnd.o)
 .debug_line    0x00001862      0x1e1 .\ARM_GCC_541\Debug\USBFS_UART.a(LCD.o)
 .debug_line    0x00001a43      0x2e2 .\ARM_GCC_541\Debug\USBFS_UART.a(UART.o)
 .debug_line    0x00001d25       0xbf .\ARM_GCC_541\Debug\USBFS_UART.a(USBUART_Dp.o)
 .debug_line    0x00001de4      0x1ac .\ARM_GCC_541\Debug\USBFS_UART.a(UART_IntClock.o)
 .debug_line    0x00001f90      0x8b5 .\ARM_GCC_541\Debug\USBFS_UART.a(CyLib.o)
 .debug_line    0x00002845      0x38e .\ARM_GCC_541\Debug\USBFS_UART.a(cyPm.o)
 .debug_line    0x00002bd3      0x173 .\ARM_GCC_541\Debug\USBFS_UART.a(Data_Timer.o)
 .debug_line    0x00002d46      0x152 .\ARM_GCC_541\Debug\USBFS_UART.a(tx_done.o)
 .debug_line    0x00002e98       0x7d .\ARM_GCC_541\Debug\USBFS_UART.a(CyBootAsmGnu.o)
 .debug_line    0x00002f15      0x1cf .\ARM_GCC_541\Debug\USBFS_UART.a(CyScBoostClk.o)
 .debug_line    0x000030e4       0x97 .\ARM_GCC_541\Debug\USBFS_UART.a(USBUART_cls.o)
 .debug_line    0x0000317b       0x61 .\ARM_GCC_541\Debug\USBFS_UART.a(USBUART_descr.o)
 .debug_line    0x000031dc      0x218 .\ARM_GCC_541\Debug\USBFS_UART.a(CyFlash.o)
 .debug_line    0x000033f4      0x232 .\ARM_GCC_541\Debug\USBFS_UART.a(CySpc.o)

.debug_frame    0x00000000     0x37fc
 *(.debug_frame)
 .debug_frame   0x00000000       0xc8 .\ARM_GCC_541\Debug\main.o
 .debug_frame   0x000000c8      0x16c .\ARM_GCC_541\Debug\cyfitter_cfg.o
 .debug_frame   0x00000234       0xd8 .\ARM_GCC_541\Debug\Cm3Start.o
 .debug_frame   0x0000030c      0x380 .\ARM_GCC_541\Debug\USBFS_UART.a(USBUART.o)
 .debug_frame   0x0000068c      0x3ec .\ARM_GCC_541\Debug\USBFS_UART.a(USBUART_cdc.o)
 .debug_frame   0x00000a78      0x23c .\ARM_GCC_541\Debug\USBFS_UART.a(USBUART_drv.o)
 .debug_frame   0x00000cb4       0xbc .\ARM_GCC_541\Debug\USBFS_UART.a(USBUART_episr.o)
 .debug_frame   0x00000d70      0x100 .\ARM_GCC_541\Debug\USBFS_UART.a(USBUART_hid.o)
 .debug_frame   0x00000e70       0xbc .\ARM_GCC_541\Debug\USBFS_UART.a(USBUART_pm.o)
 .debug_frame   0x00000f2c      0x224 .\ARM_GCC_541\Debug\USBFS_UART.a(USBUART_std.o)
 .debug_frame   0x00001150       0x38 .\ARM_GCC_541\Debug\USBFS_UART.a(USBUART_vnd.o)
 .debug_frame   0x00001188      0x260 .\ARM_GCC_541\Debug\USBFS_UART.a(LCD.o)
 .debug_frame   0x000013e8      0x42c .\ARM_GCC_541\Debug\USBFS_UART.a(UART.o)
 .debug_frame   0x00001814       0xf4 .\ARM_GCC_541\Debug\USBFS_UART.a(USBUART_Dp.o)
 .debug_frame   0x00001908      0x1b4 .\ARM_GCC_541\Debug\USBFS_UART.a(UART_IntClock.o)
 .debug_frame   0x00001abc      0xc34 .\ARM_GCC_541\Debug\USBFS_UART.a(CyLib.o)
 .debug_frame   0x000026f0      0x234 .\ARM_GCC_541\Debug\USBFS_UART.a(cyPm.o)
 .debug_frame   0x00002924      0x230 .\ARM_GCC_541\Debug\USBFS_UART.a(Data_Timer.o)
 .debug_frame   0x00002b54      0x1e8 .\ARM_GCC_541\Debug\USBFS_UART.a(tx_done.o)
 .debug_frame   0x00002d3c      0x200 .\ARM_GCC_541\Debug\USBFS_UART.a(CyScBoostClk.o)
 .debug_frame   0x00002f3c       0x38 .\ARM_GCC_541\Debug\USBFS_UART.a(USBUART_cls.o)
 .debug_frame   0x00002f74      0x238 .\ARM_GCC_541\Debug\USBFS_UART.a(CyFlash.o)
 .debug_frame   0x000031ac      0x1f8 .\ARM_GCC_541\Debug\USBFS_UART.a(CySpc.o)
 .debug_frame   0x000033a4       0x30 c:/program files (x86)/cypress/psoc creator/4.1/psoc creator/import/gnu/arm/5.4.1/bin/../lib/gcc/arm-none-eabi/5.4.1/../../../../arm-none-eabi/lib/armv7-m\libg_nano.a(lib_a-atoi.o)
 .debug_frame   0x000033d4       0x20 c:/program files (x86)/cypress/psoc creator/4.1/psoc creator/import/gnu/arm/5.4.1/bin/../lib/gcc/arm-none-eabi/5.4.1/../../../../arm-none-eabi/lib/armv7-m\libg_nano.a(lib_a-errno.o)
 .debug_frame   0x000033f4       0x28 c:/program files (x86)/cypress/psoc creator/4.1/psoc creator/import/gnu/arm/5.4.1/bin/../lib/gcc/arm-none-eabi/5.4.1/../../../../arm-none-eabi/lib/armv7-m\libg_nano.a(lib_a-exit.o)
 .debug_frame   0x0000341c       0x2c c:/program files (x86)/cypress/psoc creator/4.1/psoc creator/import/gnu/arm/5.4.1/bin/../lib/gcc/arm-none-eabi/5.4.1/../../../../arm-none-eabi/lib/armv7-m\libg_nano.a(lib_a-init.o)
 .debug_frame   0x00003448       0x28 c:/program files (x86)/cypress/psoc creator/4.1/psoc creator/import/gnu/arm/5.4.1/bin/../lib/gcc/arm-none-eabi/5.4.1/../../../../arm-none-eabi/lib/armv7-m\libg_nano.a(lib_a-memcpy-stub.o)
 .debug_frame   0x00003470       0x20 c:/program files (x86)/cypress/psoc creator/4.1/psoc creator/import/gnu/arm/5.4.1/bin/../lib/gcc/arm-none-eabi/5.4.1/../../../../arm-none-eabi/lib/armv7-m\libg_nano.a(lib_a-memset.o)
 .debug_frame   0x00003490       0x70 c:/program files (x86)/cypress/psoc creator/4.1/psoc creator/import/gnu/arm/5.4.1/bin/../lib/gcc/arm-none-eabi/5.4.1/../../../../arm-none-eabi/lib/armv7-m\libg_nano.a(lib_a-sprintf.o)
 .debug_frame   0x00003500       0x44 c:/program files (x86)/cypress/psoc creator/4.1/psoc creator/import/gnu/arm/5.4.1/bin/../lib/gcc/arm-none-eabi/5.4.1/../../../../arm-none-eabi/lib/armv7-m\libg_nano.a(lib_a-strtol.o)
 .debug_frame   0x00003544       0x90 c:/program files (x86)/cypress/psoc creator/4.1/psoc creator/import/gnu/arm/5.4.1/bin/../lib/gcc/arm-none-eabi/5.4.1/../../../../arm-none-eabi/lib/armv7-m\libg_nano.a(lib_a-nano-svfprintf.o)
 .debug_frame   0x000035d4       0x60 c:/program files (x86)/cypress/psoc creator/4.1/psoc creator/import/gnu/arm/5.4.1/bin/../lib/gcc/arm-none-eabi/5.4.1/../../../../arm-none-eabi/lib/armv7-m\libg_nano.a(lib_a-nano-vfprintf_i.o)
 .debug_frame   0x00003634       0x28 c:/program files (x86)/cypress/psoc creator/4.1/psoc creator/import/gnu/arm/5.4.1/bin/../lib/gcc/arm-none-eabi/5.4.1/../../../../arm-none-eabi/lib/armv7-m\libg_nano.a(lib_a-memchr-stub.o)
 .debug_frame   0x0000365c       0x28 c:/program files (x86)/cypress/psoc creator/4.1/psoc creator/import/gnu/arm/5.4.1/bin/../lib/gcc/arm-none-eabi/5.4.1/../../../../arm-none-eabi/lib/armv7-m\libg_nano.a(lib_a-memmove.o)
 .debug_frame   0x00003684       0x38 c:/program files (x86)/cypress/psoc creator/4.1/psoc creator/import/gnu/arm/5.4.1/bin/../lib/gcc/arm-none-eabi/5.4.1/../../../../arm-none-eabi/lib/armv7-m\libg_nano.a(lib_a-nano-freer.o)
 .debug_frame   0x000036bc       0x2c c:/program files (x86)/cypress/psoc creator/4.1/psoc creator/import/gnu/arm/5.4.1/bin/../lib/gcc/arm-none-eabi/5.4.1/../../../../arm-none-eabi/lib/armv7-m\libg_nano.a(lib_a-nano-mallocr.o)
 .debug_frame   0x000036e8       0x3c c:/program files (x86)/cypress/psoc creator/4.1/psoc creator/import/gnu/arm/5.4.1/bin/../lib/gcc/arm-none-eabi/5.4.1/../../../../arm-none-eabi/lib/armv7-m\libg_nano.a(lib_a-nano-reallocr.o)
 .debug_frame   0x00003724       0x2c c:/program files (x86)/cypress/psoc creator/4.1/psoc creator/import/gnu/arm/5.4.1/bin/../lib/gcc/arm-none-eabi/5.4.1/../../../../arm-none-eabi/lib/armv7-m\libg_nano.a(lib_a-sbrkr.o)
 .debug_frame   0x00003750       0x30 c:/program files (x86)/cypress/psoc creator/4.1/psoc creator/import/gnu/arm/5.4.1/bin/../lib/gcc/arm-none-eabi/5.4.1/../../../../arm-none-eabi/lib/armv7-m\libg_nano.a(lib_a-mlock.o)
 .debug_frame   0x00003780       0x20 c:/program files (x86)/cypress/psoc creator/4.1/psoc creator/import/gnu/arm/5.4.1/bin/../lib/gcc/arm-none-eabi/5.4.1/../../../../arm-none-eabi/lib/armv7-m\libg_nano.a(lib_a-nano-msizer.o)
 .debug_frame   0x000037a0       0x5c c:/program files (x86)/cypress/psoc creator/4.1/psoc creator/import/gnu/arm/5.4.1/bin/../lib/gcc/arm-none-eabi/5.4.1/../../../../arm-none-eabi/lib/armv7-m\libg_nano.a(lib_a-reent.o)

.debug_str      0x00000000     0x3023
 *(.debug_str)
 .debug_str     0x00000000      0x207 .\ARM_GCC_541\Debug\main.o
                                0x254 (size before relaxing)
 .debug_str     0x00000207      0x227 .\ARM_GCC_541\Debug\cyfitter_cfg.o
                                0x3d8 (size before relaxing)
 .debug_str     0x0000042e       0x7f .\ARM_GCC_541\Debug\cymetadata.o
                                0x1e4 (size before relaxing)
 .debug_str     0x000004ad      0x123 .\ARM_GCC_541\Debug\Cm3Start.o
                                0x2d7 (size before relaxing)
 .debug_str     0x000005d0      0x448 .\ARM_GCC_541\Debug\USBFS_UART.a(USBUART.o)
                                0x5ff (size before relaxing)
 .debug_str     0x00000a18      0x4d9 .\ARM_GCC_541\Debug\USBFS_UART.a(USBUART_cdc.o)
                                0x71a (size before relaxing)
 .debug_str     0x00000ef1      0x296 .\ARM_GCC_541\Debug\USBFS_UART.a(USBUART_drv.o)
                                0x5fa (size before relaxing)
 .debug_str     0x00001187       0x80 .\ARM_GCC_541\Debug\USBFS_UART.a(USBUART_episr.o)
                                0x2c7 (size before relaxing)
 .debug_str     0x00001207      0x120 .\ARM_GCC_541\Debug\USBFS_UART.a(USBUART_hid.o)
                                0x395 (size before relaxing)
 .debug_str     0x00001327       0xa0 .\ARM_GCC_541\Debug\USBFS_UART.a(USBUART_pm.o)
                                0x26b (size before relaxing)
 .debug_str     0x000013c7      0x29a .\ARM_GCC_541\Debug\USBFS_UART.a(USBUART_std.o)
                                0x75a (size before relaxing)
 .debug_str     0x00001661       0x5f .\ARM_GCC_541\Debug\USBFS_UART.a(USBUART_vnd.o)
                                0x277 (size before relaxing)
 .debug_str     0x000016c0      0x16a .\ARM_GCC_541\Debug\USBFS_UART.a(LCD.o)
                                0x319 (size before relaxing)
 .debug_str     0x0000182a      0x1e5 .\ARM_GCC_541\Debug\USBFS_UART.a(UART.o)
                                0x421 (size before relaxing)
 .debug_str     0x00001a0f       0xbe .\ARM_GCC_541\Debug\USBFS_UART.a(USBUART_Dp.o)
                                0x241 (size before relaxing)
 .debug_str     0x00001acd      0x1aa .\ARM_GCC_541\Debug\USBFS_UART.a(UART_IntClock.o)
                                0x336 (size before relaxing)
 .debug_str     0x00001c77      0x7fe .\ARM_GCC_541\Debug\USBFS_UART.a(CyLib.o)
                                0xa0e (size before relaxing)
 .debug_str     0x00002475      0x371 .\ARM_GCC_541\Debug\USBFS_UART.a(cyPm.o)
                                0x543 (size before relaxing)
 .debug_str     0x000027e6      0x1cd .\ARM_GCC_541\Debug\USBFS_UART.a(Data_Timer.o)
                                0x368 (size before relaxing)
 .debug_str     0x000029b3      0x102 .\ARM_GCC_541\Debug\USBFS_UART.a(tx_done.o)
                                0x2c2 (size before relaxing)
 .debug_str     0x00002ab5      0x198 .\ARM_GCC_541\Debug\USBFS_UART.a(CyScBoostClk.o)
                                0x36f (size before relaxing)
 .debug_str     0x00002c4d       0x3f .\ARM_GCC_541\Debug\USBFS_UART.a(USBUART_cls.o)
                                0x28f (size before relaxing)
 .debug_str     0x00002c8c      0x122 .\ARM_GCC_541\Debug\USBFS_UART.a(USBUART_descr.o)
                                0x3b0 (size before relaxing)
 .debug_str     0x00002dae      0x156 .\ARM_GCC_541\Debug\USBFS_UART.a(CyFlash.o)
                                0x30e (size before relaxing)
 .debug_str     0x00002f04      0x11f .\ARM_GCC_541\Debug\USBFS_UART.a(CySpc.o)
                                0x2f3 (size before relaxing)

.debug_loc
 *(.debug_loc)

.debug_macinfo
 *(.debug_macinfo)

.debug_ranges   0x00000000      0xb58
 *(.debug_ranges)
 .debug_ranges  0x00000000       0x30 .\ARM_GCC_541\Debug\main.o
 .debug_ranges  0x00000030       0x50 .\ARM_GCC_541\Debug\cyfitter_cfg.o
 .debug_ranges  0x00000080       0x38 .\ARM_GCC_541\Debug\Cm3Start.o
 .debug_ranges  0x000000b8       0xb8 .\ARM_GCC_541\Debug\USBFS_UART.a(USBUART.o)
 .debug_ranges  0x00000170       0xd8 .\ARM_GCC_541\Debug\USBFS_UART.a(USBUART_cdc.o)
 .debug_ranges  0x00000248       0x88 .\ARM_GCC_541\Debug\USBFS_UART.a(USBUART_drv.o)
 .debug_ranges  0x000002d0       0x30 .\ARM_GCC_541\Debug\USBFS_UART.a(USBUART_episr.o)
 .debug_ranges  0x00000300       0x38 .\ARM_GCC_541\Debug\USBFS_UART.a(USBUART_hid.o)
 .debug_ranges  0x00000338       0x30 .\ARM_GCC_541\Debug\USBFS_UART.a(USBUART_pm.o)
 .debug_ranges  0x00000368       0x70 .\ARM_GCC_541\Debug\USBFS_UART.a(USBUART_std.o)
 .debug_ranges  0x000003d8       0x10 .\ARM_GCC_541\Debug\USBFS_UART.a(USBUART_vnd.o)
 .debug_ranges  0x000003e8       0x88 .\ARM_GCC_541\Debug\USBFS_UART.a(LCD.o)
 .debug_ranges  0x00000470       0xe0 .\ARM_GCC_541\Debug\USBFS_UART.a(UART.o)
 .debug_ranges  0x00000550       0x38 .\ARM_GCC_541\Debug\USBFS_UART.a(USBUART_Dp.o)
 .debug_ranges  0x00000588       0x60 .\ARM_GCC_541\Debug\USBFS_UART.a(UART_IntClock.o)
 .debug_ranges  0x000005e8      0x298 .\ARM_GCC_541\Debug\USBFS_UART.a(CyLib.o)
 .debug_ranges  0x00000880       0x88 .\ARM_GCC_541\Debug\USBFS_UART.a(cyPm.o)
 .debug_ranges  0x00000908       0x80 .\ARM_GCC_541\Debug\USBFS_UART.a(Data_Timer.o)
 .debug_ranges  0x00000988       0x70 .\ARM_GCC_541\Debug\USBFS_UART.a(tx_done.o)
 .debug_ranges  0x000009f8       0x70 .\ARM_GCC_541\Debug\USBFS_UART.a(CyScBoostClk.o)
 .debug_ranges  0x00000a68       0x10 .\ARM_GCC_541\Debug\USBFS_UART.a(USBUART_cls.o)
 .debug_ranges  0x00000a78       0x78 .\ARM_GCC_541\Debug\USBFS_UART.a(CyFlash.o)
 .debug_ranges  0x00000af0       0x68 .\ARM_GCC_541\Debug\USBFS_UART.a(CySpc.o)

.comment        0x00000000       0x6e
 .comment       0x00000000       0x6e .\ARM_GCC_541\Debug\main.o
                                 0x6f (size before relaxing)
 .comment       0x0000006e       0x6f .\ARM_GCC_541\Debug\cyfitter_cfg.o
 .comment       0x0000006e       0x6f .\ARM_GCC_541\Debug\cymetadata.o
 .comment       0x0000006e       0x6f .\ARM_GCC_541\Debug\Cm3Start.o
 .comment       0x0000006e       0x6f .\ARM_GCC_541\Debug\USBFS_UART.a(USBUART.o)
 .comment       0x0000006e       0x6f .\ARM_GCC_541\Debug\USBFS_UART.a(USBUART_cdc.o)
 .comment       0x0000006e       0x6f .\ARM_GCC_541\Debug\USBFS_UART.a(USBUART_drv.o)
 .comment       0x0000006e       0x6f .\ARM_GCC_541\Debug\USBFS_UART.a(USBUART_episr.o)
 .comment       0x0000006e       0x6f .\ARM_GCC_541\Debug\USBFS_UART.a(USBUART_hid.o)
 .comment       0x0000006e       0x6f .\ARM_GCC_541\Debug\USBFS_UART.a(USBUART_pm.o)
 .comment       0x0000006e       0x6f .\ARM_GCC_541\Debug\USBFS_UART.a(USBUART_std.o)
 .comment       0x0000006e       0x6f .\ARM_GCC_541\Debug\USBFS_UART.a(USBUART_vnd.o)
 .comment       0x0000006e       0x6f .\ARM_GCC_541\Debug\USBFS_UART.a(LCD.o)
 .comment       0x0000006e       0x6f .\ARM_GCC_541\Debug\USBFS_UART.a(UART.o)
 .comment       0x0000006e       0x6f .\ARM_GCC_541\Debug\USBFS_UART.a(USBUART_Dp.o)
 .comment       0x0000006e       0x6f .\ARM_GCC_541\Debug\USBFS_UART.a(UART_IntClock.o)
 .comment       0x0000006e       0x6f .\ARM_GCC_541\Debug\USBFS_UART.a(CyLib.o)
 .comment       0x0000006e       0x6f .\ARM_GCC_541\Debug\USBFS_UART.a(cyPm.o)
 .comment       0x0000006e       0x6f .\ARM_GCC_541\Debug\USBFS_UART.a(Data_Timer.o)
 .comment       0x0000006e       0x6f .\ARM_GCC_541\Debug\USBFS_UART.a(tx_done.o)
 .comment       0x0000006e       0x6f .\ARM_GCC_541\Debug\USBFS_UART.a(CyScBoostClk.o)
 .comment       0x0000006e       0x6f .\ARM_GCC_541\Debug\USBFS_UART.a(USBUART_cls.o)
 .comment       0x0000006e       0x6f .\ARM_GCC_541\Debug\USBFS_UART.a(USBUART_descr.o)
 .comment       0x0000006e       0x6f .\ARM_GCC_541\Debug\USBFS_UART.a(CyFlash.o)
 .comment       0x0000006e       0x6f .\ARM_GCC_541\Debug\USBFS_UART.a(CySpc.o)

.debug_weaknames
 *(.debug_weaknames)

.debug_funcnames
 *(.debug_funcnames)

.debug_typenames
 *(.debug_typenames)

.debug_varnames
 *(.debug_varnames)

.note.gnu.arm.ident
 *(.note.gnu.arm.ident)

.ARM.attributes
                0x00000000       0x29
 *(.ARM.attributes)
 .ARM.attributes
                0x00000000       0x1d c:/program files (x86)/cypress/psoc creator/4.1/psoc creator/import/gnu/arm/5.4.1/bin/../lib/gcc/arm-none-eabi/5.4.1/armv7-m/crti.o
 .ARM.attributes
                0x0000001d       0x2d c:/program files (x86)/cypress/psoc creator/4.1/psoc creator/import/gnu/arm/5.4.1/bin/../lib/gcc/arm-none-eabi/5.4.1/armv7-m/crtbegin.o
 .ARM.attributes
                0x0000004a       0x1b c:/program files (x86)/cypress/psoc creator/4.1/psoc creator/import/gnu/arm/5.4.1/bin/../lib/gcc/arm-none-eabi/5.4.1/../../../../arm-none-eabi/lib/armv7-m/crt0.o
 .ARM.attributes
                0x00000065       0x33 .\ARM_GCC_541\Debug\main.o
 .ARM.attributes
                0x00000098       0x33 .\ARM_GCC_541\Debug\cyfitter_cfg.o
 .ARM.attributes
                0x000000cb       0x33 .\ARM_GCC_541\Debug\cymetadata.o
 .ARM.attributes
                0x000000fe       0x33 .\ARM_GCC_541\Debug\Cm3Start.o
 .ARM.attributes
                0x00000131       0x33 .\ARM_GCC_541\Debug\USBFS_UART.a(USBUART.o)
 .ARM.attributes
                0x00000164       0x33 .\ARM_GCC_541\Debug\USBFS_UART.a(USBUART_cdc.o)
 .ARM.attributes
                0x00000197       0x33 .\ARM_GCC_541\Debug\USBFS_UART.a(USBUART_drv.o)
 .ARM.attributes
                0x000001ca       0x33 .\ARM_GCC_541\Debug\USBFS_UART.a(USBUART_episr.o)
 .ARM.attributes
                0x000001fd       0x33 .\ARM_GCC_541\Debug\USBFS_UART.a(USBUART_hid.o)
 .ARM.attributes
                0x00000230       0x33 .\ARM_GCC_541\Debug\USBFS_UART.a(USBUART_pm.o)
 .ARM.attributes
                0x00000263       0x33 .\ARM_GCC_541\Debug\USBFS_UART.a(USBUART_std.o)
 .ARM.attributes
                0x00000296       0x33 .\ARM_GCC_541\Debug\USBFS_UART.a(USBUART_vnd.o)
 .ARM.attributes
                0x000002c9       0x33 .\ARM_GCC_541\Debug\USBFS_UART.a(LCD.o)
 .ARM.attributes
                0x000002fc       0x33 .\ARM_GCC_541\Debug\USBFS_UART.a(UART.o)
 .ARM.attributes
                0x0000032f       0x33 .\ARM_GCC_541\Debug\USBFS_UART.a(USBUART_Dp.o)
 .ARM.attributes
                0x00000362       0x33 .\ARM_GCC_541\Debug\USBFS_UART.a(UART_IntClock.o)
 .ARM.attributes
                0x00000395       0x33 .\ARM_GCC_541\Debug\USBFS_UART.a(CyLib.o)
 .ARM.attributes
                0x000003c8       0x33 .\ARM_GCC_541\Debug\USBFS_UART.a(cyPm.o)
 .ARM.attributes
                0x000003fb       0x33 .\ARM_GCC_541\Debug\USBFS_UART.a(Data_Timer.o)
 .ARM.attributes
                0x0000042e       0x33 .\ARM_GCC_541\Debug\USBFS_UART.a(tx_done.o)
 .ARM.attributes
                0x00000461       0x21 .\ARM_GCC_541\Debug\USBFS_UART.a(CyBootAsmGnu.o)
 .ARM.attributes
                0x00000482       0x33 .\ARM_GCC_541\Debug\USBFS_UART.a(CyScBoostClk.o)
 .ARM.attributes
                0x000004b5       0x33 .\ARM_GCC_541\Debug\USBFS_UART.a(USBUART_cls.o)
 .ARM.attributes
                0x000004e8       0x33 .\ARM_GCC_541\Debug\USBFS_UART.a(USBUART_descr.o)
 .ARM.attributes
                0x0000051b       0x33 .\ARM_GCC_541\Debug\USBFS_UART.a(CyFlash.o)
 .ARM.attributes
                0x0000054e       0x33 .\ARM_GCC_541\Debug\USBFS_UART.a(CySpc.o)
 .ARM.attributes
                0x00000581       0x2d c:/program files (x86)/cypress/psoc creator/4.1/psoc creator/import/gnu/arm/5.4.1/bin/../lib/gcc/arm-none-eabi/5.4.1/../../../../arm-none-eabi/lib/armv7-m\libg_nano.a(lib_a-atoi.o)
 .ARM.attributes
                0x000005ae       0x2d c:/program files (x86)/cypress/psoc creator/4.1/psoc creator/import/gnu/arm/5.4.1/bin/../lib/gcc/arm-none-eabi/5.4.1/../../../../arm-none-eabi/lib/armv7-m\libg_nano.a(lib_a-errno.o)
 .ARM.attributes
                0x000005db       0x2d c:/program files (x86)/cypress/psoc creator/4.1/psoc creator/import/gnu/arm/5.4.1/bin/../lib/gcc/arm-none-eabi/5.4.1/../../../../arm-none-eabi/lib/armv7-m\libg_nano.a(lib_a-exit.o)
 .ARM.attributes
                0x00000608       0x2d c:/program files (x86)/cypress/psoc creator/4.1/psoc creator/import/gnu/arm/5.4.1/bin/../lib/gcc/arm-none-eabi/5.4.1/../../../../arm-none-eabi/lib/armv7-m\libg_nano.a(lib_a-impure.o)
 .ARM.attributes
                0x00000635       0x2d c:/program files (x86)/cypress/psoc creator/4.1/psoc creator/import/gnu/arm/5.4.1/bin/../lib/gcc/arm-none-eabi/5.4.1/../../../../arm-none-eabi/lib/armv7-m\libg_nano.a(lib_a-init.o)
 .ARM.attributes
                0x00000662       0x2d c:/program files (x86)/cypress/psoc creator/4.1/psoc creator/import/gnu/arm/5.4.1/bin/../lib/gcc/arm-none-eabi/5.4.1/../../../../arm-none-eabi/lib/armv7-m\libg_nano.a(lib_a-memcpy-stub.o)
 .ARM.attributes
                0x0000068f       0x2d c:/program files (x86)/cypress/psoc creator/4.1/psoc creator/import/gnu/arm/5.4.1/bin/../lib/gcc/arm-none-eabi/5.4.1/../../../../arm-none-eabi/lib/armv7-m\libg_nano.a(lib_a-memset.o)
 .ARM.attributes
                0x000006bc       0x2d c:/program files (x86)/cypress/psoc creator/4.1/psoc creator/import/gnu/arm/5.4.1/bin/../lib/gcc/arm-none-eabi/5.4.1/../../../../arm-none-eabi/lib/armv7-m\libg_nano.a(lib_a-sprintf.o)
 .ARM.attributes
                0x000006e9       0x2d c:/program files (x86)/cypress/psoc creator/4.1/psoc creator/import/gnu/arm/5.4.1/bin/../lib/gcc/arm-none-eabi/5.4.1/../../../../arm-none-eabi/lib/armv7-m\libg_nano.a(lib_a-strtol.o)
 .ARM.attributes
                0x00000716       0x2d c:/program files (x86)/cypress/psoc creator/4.1/psoc creator/import/gnu/arm/5.4.1/bin/../lib/gcc/arm-none-eabi/5.4.1/../../../../arm-none-eabi/lib/armv7-m\libg_nano.a(lib_a-ctype_.o)
 .ARM.attributes
                0x00000743       0x2d c:/program files (x86)/cypress/psoc creator/4.1/psoc creator/import/gnu/arm/5.4.1/bin/../lib/gcc/arm-none-eabi/5.4.1/../../../../arm-none-eabi/lib/armv7-m\libg_nano.a(lib_a-nano-svfprintf.o)
 .ARM.attributes
                0x00000770       0x2d c:/program files (x86)/cypress/psoc creator/4.1/psoc creator/import/gnu/arm/5.4.1/bin/../lib/gcc/arm-none-eabi/5.4.1/../../../../arm-none-eabi/lib/armv7-m\libg_nano.a(lib_a-nano-vfprintf_i.o)
 .ARM.attributes
                0x0000079d       0x2d c:/program files (x86)/cypress/psoc creator/4.1/psoc creator/import/gnu/arm/5.4.1/bin/../lib/gcc/arm-none-eabi/5.4.1/../../../../arm-none-eabi/lib/armv7-m\libg_nano.a(lib_a-memchr-stub.o)
 .ARM.attributes
                0x000007ca       0x2d c:/program files (x86)/cypress/psoc creator/4.1/psoc creator/import/gnu/arm/5.4.1/bin/../lib/gcc/arm-none-eabi/5.4.1/../../../../arm-none-eabi/lib/armv7-m\libg_nano.a(lib_a-memmove.o)
 .ARM.attributes
                0x000007f7       0x2d c:/program files (x86)/cypress/psoc creator/4.1/psoc creator/import/gnu/arm/5.4.1/bin/../lib/gcc/arm-none-eabi/5.4.1/../../../../arm-none-eabi/lib/armv7-m\libg_nano.a(lib_a-nano-freer.o)
 .ARM.attributes
                0x00000824       0x2d c:/program files (x86)/cypress/psoc creator/4.1/psoc creator/import/gnu/arm/5.4.1/bin/../lib/gcc/arm-none-eabi/5.4.1/../../../../arm-none-eabi/lib/armv7-m\libg_nano.a(lib_a-nano-mallocr.o)
 .ARM.attributes
                0x00000851       0x2d c:/program files (x86)/cypress/psoc creator/4.1/psoc creator/import/gnu/arm/5.4.1/bin/../lib/gcc/arm-none-eabi/5.4.1/../../../../arm-none-eabi/lib/armv7-m\libg_nano.a(lib_a-nano-reallocr.o)
 .ARM.attributes
                0x0000087e       0x2d c:/program files (x86)/cypress/psoc creator/4.1/psoc creator/import/gnu/arm/5.4.1/bin/../lib/gcc/arm-none-eabi/5.4.1/../../../../arm-none-eabi/lib/armv7-m\libg_nano.a(lib_a-sbrkr.o)
 .ARM.attributes
                0x000008ab       0x2d c:/program files (x86)/cypress/psoc creator/4.1/psoc creator/import/gnu/arm/5.4.1/bin/../lib/gcc/arm-none-eabi/5.4.1/../../../../arm-none-eabi/lib/armv7-m\libg_nano.a(lib_a-mlock.o)
 .ARM.attributes
                0x000008d8       0x2d c:/program files (x86)/cypress/psoc creator/4.1/psoc creator/import/gnu/arm/5.4.1/bin/../lib/gcc/arm-none-eabi/5.4.1/../../../../arm-none-eabi/lib/armv7-m\libg_nano.a(lib_a-nano-msizer.o)
 .ARM.attributes
                0x00000905       0x2d c:/program files (x86)/cypress/psoc creator/4.1/psoc creator/import/gnu/arm/5.4.1/bin/../lib/gcc/arm-none-eabi/5.4.1/../../../../arm-none-eabi/lib/armv7-m\libg_nano.a(lib_a-reent.o)
 .ARM.attributes
                0x00000932       0x2d c:/program files (x86)/cypress/psoc creator/4.1/psoc creator/import/gnu/arm/5.4.1/bin/../lib/gcc/arm-none-eabi/5.4.1/armv7-m/crtend.o
 .ARM.attributes
                0x0000095f       0x1d c:/program files (x86)/cypress/psoc creator/4.1/psoc creator/import/gnu/arm/5.4.1/bin/../lib/gcc/arm-none-eabi/5.4.1/armv7-m/crtn.o

/DISCARD/
 *(.note.GNU-stack)
OUTPUT(C:\Users\sdysart\Documents\UACS\UACS\HighFreqFSK\USBFS_UART.cydsn\ARM_GCC_541\Debug\USBFS_UART.elf elf32-littlearm)
